
n=8  1895  record 1895  deficit 3
   preserving basis: rank 2
   dir h=1      boundary at 251/98304 = 0.00255 -> count 1891, unchanged subsets (1, 3, 6)
   dir h=1      boundary at 4096/98304 = 0.0417 -> count 1893, unchanged subsets (3, 4, 5, 7)
   dir h=1      boundary at 251/98304 = 0.00255 -> count 1891, unchanged subsets (1, 3, 6)
   dir h=1      boundary at 4096/98304 = 0.0417 -> count 1893, unchanged subsets (3, 4, 5, 7)
   dir h=2      boundary at 2225/98304 = 0.0226 -> count 1891, unchanged subsets (0, 5, 6)
   dir h=2      boundary at 1260/98304 = 0.0128 -> count 1891, unchanged subsets (2, 5, 7)
   dir h=2      boundary at 1260/98304 = 0.0128 -> count 1891, unchanged subsets (2, 5, 7)
   dir h=1      boundary at 4096/98304 = 0.0417 -> count 1893, unchanged subsets (3, 4, 5, 7)
   dir h=1      boundary at 4096/98304 = 0.0417 -> count 1893, unchanged subsets (3, 4, 5, 7)
   dir h=1      boundary at 251/98304 = 0.00255 -> count 1891, unchanged subsets (1, 3, 6)
   dir h=2      boundary at 126/98304 = 0.00128 -> count 1891, unchanged subsets (1, 3, 6)
   dir h=2      boundary at 2225/98304 = 0.0226 -> count 1891, unchanged subsets (0, 5, 6)
   dir h=1      boundary at 251/98304 = 0.00255 -> count 1891, unchanged subsets (1, 3, 6)
   dir h=1      boundary at 4096/98304 = 0.0417 -> count 1893, unchanged subsets (3, 4, 5, 7)
   DISTINCT BOUNDING WALLS (by unchanged-subset signature): 4
      cubes [1, 3, 6] make this wall   (5 directions hit it)
      cubes [3, 4, 5, 7] make this wall   (5 directions hit it)
      cubes [0, 5, 6] make this wall   (2 directions hit it)
      cubes [2, 5, 7] make this wall   (2 directions hit it)

n=9  2785  record 2785  deficit 4
   preserving basis: rank 3
   dir h=1      boundary at 585/229376 = 0.00255 -> count 2781, unchanged subsets (1, 3, 6)
   dir h=1      boundary at 23250/229376 = 0.101 -> count 2781, unchanged subsets (3, 6, 7)
   dir h=1      boundary at 4096/229376 = 0.0179 -> count 1895, unchanged subsets (8,)
   dir h=1      boundary at 585/229376 = 0.00255 -> count 2781, unchanged subsets (1, 3, 6)
   dir h=2      boundary at 293/229376 = 0.00128 -> count 2781, unchanged subsets (1, 3, 6)
   dir h=2      boundary at 1/229376 = 4.36e-06 -> count 2781, unchanged subsets (0, 6, 8)
   dir h=2      boundary at 4096/229376 = 0.0179 -> count 1895, unchanged subsets (8,)
   dir h=2      boundary at 2048/229376 = 0.00893 -> count 1895, unchanged subsets (8,)
   dir h=2      boundary at 1/229376 = 4.36e-06 -> count 2781, unchanged subsets (0, 6, 8)
   dir h=2      boundary at 4096/229376 = 0.0179 -> count 1895, unchanged subsets (8,)
   dir h=1      boundary at 4096/229376 = 0.0179 -> count 1895, unchanged subsets (8,)
   dir h=2      boundary at 1/229376 = 4.36e-06 -> count 2781, unchanged subsets (0, 6, 8)
   dir h=2      boundary at 293/229376 = 0.00128 -> count 2781, unchanged subsets (1, 3, 6)
   dir h=2      boundary at 1/229376 = 4.36e-06 -> count 2781, unchanged subsets (0, 6, 8)
   DISTINCT BOUNDING WALLS (by unchanged-subset signature): 4
      cubes [1, 3, 6] make this wall   (4 directions hit it)
      cubes [3, 6, 7] make this wall   (1 directions hit it)
      cubes [8] make this wall   (5 directions hit it)
      cubes [0, 6, 8] make this wall   (4 directions hit it)

n=10 3917  record 3917  deficit 6
   preserving basis: rank 5
   dir h=1      boundary at 927444/363671552 = 0.00255 -> count 3913, unchanged subsets (1, 3, 6)
   dir h=1      boundary at 24754768/363671552 = 0.0681 -> count 3921, unchanged subsets (5, 7, 9)
   dir h=1      boundary at 2548568/363671552 = 0.00701 -> count 3921, unchanged subsets (2, 8, 9)
   dir h=14     boundary at 126564/363671552 = 0.000348 -> count 3913, unchanged subsets (5, 9)
   dir h=14     boundary at 6704/363671552 = 1.84e-05 -> count 3913, unchanged subsets (0, 3, 9)
   dir h=14     boundary at 118890/363671552 = 0.000327 -> count 3913, unchanged subsets (2, 4, 9)
   dir h=28     boundary at 36768/363671552 = 0.000101 -> count 3913, unchanged subsets (2, 5, 9)
   dir h=28     boundary at 4384/363671552 = 1.21e-05 -> count 3913, unchanged subsets (0, 3, 9)
   dir h=28     boundary at 27608/363671552 = 7.59e-05 -> count 3913, unchanged subsets (2, 5, 9)
   dir h=14     boundary at 118892/363671552 = 0.000327 -> count 3913, unchanged subsets (2, 4, 9)
   dir h=28     boundary at 35840/363671552 = 9.86e-05 -> count 3913, unchanged subsets (5, 9)
   dir h=28     boundary at 27616/363671552 = 7.59e-05 -> count 3913, unchanged subsets (2, 5, 9)
   dir h=1      boundary at 98640/363671552 = 0.000271 -> count 3913, unchanged subsets (0, 6, 8)
   dir h=14     boundary at 47304/363671552 = 0.00013 -> count 3913, unchanged subsets (2, 5, 9)
   DISTINCT BOUNDING WALLS (by unchanged-subset signature): 8
      cubes [1, 3, 6] make this wall   (1 directions hit it)
      cubes [5, 7, 9] make this wall   (1 directions hit it)
      cubes [2, 8, 9] make this wall   (1 directions hit it)
      cubes [5, 9] make this wall   (2 directions hit it)
      cubes [0, 3, 9] make this wall   (2 directions hit it)
      cubes [2, 4, 9] make this wall   (2 directions hit it)
      cubes [2, 5, 9] make this wall   (4 directions hit it)
      cubes [0, 6, 8] make this wall   (1 directions hit it)
