WHAT DISTINGUISHES c_ell = 2 ?

count 112  ell=1  components [93, 93]
    pairs per component: [((0, 1), (0, 2), (0, 3), (1, 2), (1, 3), (2, 3)), ((0, 1), (0, 2), (0, 3), (1, 2), (1, 3), (2, 3))]
    axes: [None, (-38, -61, -48), (-116, 4, -21), (7, 79, 52)]   distinct: 3 of 3
    1,0,0,0;49,-38,-61,-48;32,-116,4,-21;-46,7,79,52
count 106  ell=1  components [88, 88]
    pairs per component: [((0, 1), (0, 2), (0, 3), (1, 2), (1, 3), (2, 3)), ((0, 1), (0, 2), (0, 3), (1, 2), (1, 3), (2, 3))]
    axes: [None, (-1, 1, -2), (5, 3, -111), (-49, -16, 79)]   distinct: 3 of 3
    1,0,0,0;6,-1,1,-2;-8,5,3,-111;-13,-49,-16,79
count 120  ell=1  components [90, 90]
    pairs per component: [((0, 1), (0, 2), (0, 3), (1, 2), (1, 3), (2, 3)), ((0, 1), (0, 2), (0, 3), (1, 2), (1, 3), (2, 3))]
    axes: [None, (3, 3, 1), (-2, -3, 2), (3, -2, 1)]   distinct: 3 of 3
    1,0,0,0;931,111,111,37;17,-4,-6,4;49,48,-32,16
count 108  ell=1  components [93, 93]
    pairs per component: [((0, 1), (0, 2), (0, 3), (1, 2), (1, 3), (2, 3)), ((0, 1), (0, 2), (0, 3), (1, 2), (1, 3), (2, 3))]
    axes: [None, (51, 58, 102), (-25, 99, -28), (-40, 7, -70)]   distinct: 3 of 3
    1,0,0,0;-3,51,58,102;17,-25,99,-28;-19,-40,7,-70
count 110  ell=1  components [77, 77]
    pairs per component: [((0, 1), (0, 2), (0, 3), (1, 2), (1, 3), (2, 3)), ((0, 1), (0, 2), (0, 3), (1, 2), (1, 3), (2, 3))]
    axes: [None, (-3, -1, 2), (-3, -1, 2), (-1, 1, 1)]   distinct: 2 of 3
    1,0,0,0;3,-21,-7,14;5,-18,-6,12;5,-6,6,6
count  99  ell=1  components [82, 82]
    pairs per component: [((0, 1), (0, 2), (0, 3), (1, 2), (1, 3), (2, 3)), ((0, 1), (0, 2), (0, 3), (1, 2), (1, 3), (2, 3))]
    axes: [None, (2, -3, -1), (2, -3, -1), (2, -3, -1)]   distinct: 1 of 3
    1,0,0,0;1,14,-21,-7;8,10,-15,-5;1,16,-24,-8
count  99  ell=2  components [79, 79]
    pairs per component: [((0, 1), (0, 2), (0, 3), (1, 2), (1, 3), (2, 3)), ((0, 1), (0, 2), (0, 3), (1, 2), (1, 3), (2, 3))]
    axes: [None, (2, -3, -1), (2, -3, -1), (2, -3, -1)]   distinct: 1 of 3
    1,0,0,0;1,14,-21,-7;8,10,-15,-5;1,16,-24,-8
count 108  ell=1  components [93, 93]
    pairs per component: [((0, 1), (0, 2), (0, 3), (1, 2), (1, 3), (2, 3)), ((0, 1), (0, 2), (0, 3), (1, 2), (1, 3), (2, 3))]
    axes: [None, (68, 63, -47), (-55, 82, -46), (-86, -46, 7)]   distinct: 3 of 3
    1,0,0,0;23,68,63,-47;-64,-55,82,-46;43,-86,-46,7

8 instances of c>=2 found
