depth-1 connectivity over 2811 non-degenerate configurations

c1          n mean count  max count    mean d1   mean E-V
1        2783      125.0        167       43.7       41.7
2          28      103.1        128       30.8       27.8

every c1>=2 configuration found:
   count 128  d1  41  c1 2  E 226 V 188  E-V+c+1 = 41   1,0,0,0;29,-106,-12,-9;-106,31,32,29;-6,32,-34,31
   count 126  d1  41  c1 2  E 214 V 176  E-V+c+1 = 41   1,0,0,0;-23,-90,43,22;72,-37,-17,-2;-4,4,-79,25
   count 120  d1  37  c1 2  E 206 V 172  E-V+c+1 = 37   1,0,0,0;4,78,3,-1;-23,8,76,22;93,-10,-14,-23
   count 116  d1  41  c1 2  E 184 V 146  E-V+c+1 = 41   1,0,0,0;64,-64,-1,51;22,-20,19,20;25,-89,81,7
   count 116  d1  35  c1 2  E 196 V 164  E-V+c+1 = 35   1,0,0,0;88,36,-49,66;107,-28,32,-54;-62,31,-51,53
   count 116  d1  35  c1 2  E 196 V 164  E-V+c+1 = 35   1,0,0,0;5,-12,6,-18;1,6,-4,-2;1,15,-10,-5
   count 116  d1  35  c1 2  E 196 V 164  E-V+c+1 = 35   1,0,0,0;-41,-19,67,20;64,9,-35,6;-54,-25,98,1
   count 110  d1  33  c1 2  E 174 V 144  E-V+c+1 = 33   1,0,0,0;37,81,-78,29;-73,-28,-32,73;-82,-44,-20,-45
   count 108  d1  33  c1 2  E 186 V 156  E-V+c+1 = 33   1,0,0,0;23,68,63,-47;-64,-55,82,-46;43,-86,-46,7
   count 107  d1  35  c1 2  E 164 V 132  E-V+c+1 = 35   1,0,0,0;5,14,21,14;2,15,10,-5;2,21,14,-7
   count 106  d1  33  c1 2  E 184 V 154  E-V+c+1 = 33   1,0,0,0;7,24,-8,-16;1,9,-3,-6;5,6,-2,-4
   count 106  d1  33  c1 2  E 174 V 144  E-V+c+1 = 33   1,0,0,0;4,-2,-2,-3;-71,-32,45,91;-35,-77,17,60
   count 104  d1  29  c1 2  E 166 V 140  E-V+c+1 = 29   1,0,0,0;35,-13,9,34;67,-76,-30,72;91,-45,8,63
   count 104  d1  29  c1 2  E 166 V 140  E-V+c+1 = 29   1,0,0,0;33,12,8,-38;-26,11,-16,-3;78,-14,-80,19
   count 102  d1  31  c1 2  E 166 V 138  E-V+c+1 = 31   1,0,0,0;265,78,-26,0;98,-46,23,-69;154,-15,10,-5
   count 102  d1  29  c1 2  E 154 V 128  E-V+c+1 = 29   1,0,0,0;1,0,-24,16;-70,97,3,17;-75,43,79,-34
   count 100  d1  29  c1 2  E 166 V 140  E-V+c+1 = 29   1,0,0,0;-7,-11,-1,-111;-40,-49,32,51;-65,84,9,54
   count  99  d1  29  c1 2  E 164 V 138  E-V+c+1 = 29   1,0,0,0;1,14,-21,-7;8,10,-15,-5;1,16,-24,-8
   count  98  d1  29  c1 2  E 164 V 138  E-V+c+1 = 29   1,0,0,0;8,5,10,15;5,6,12,18;1,3,6,9
   count  96  d1  27  c1 2  E 156 V 132  E-V+c+1 = 27   1,0,0,0;21,-1,3,2;665,-36,-54,-18;252,-663,-221,-442
   count  96  d1  25  c1 2  E 146 V 124  E-V+c+1 = 25   1,0,0,0;4,-21,7,14;2,3,-9,-6;1,4,-12,-8
   count  94  d1  29  c1 2  E 154 V 128  E-V+c+1 = 29   1,0,0,0;238,33,-99,66;4,-7,-21,-14;435,74,-37,0
   count  92  d1  25  c1 2  E 146 V 124  E-V+c+1 = 25   1,0,0,0;5,8,12,-4;4,-13,107,-68;71,63,-56,-65
   count  91  d1  25  c1 2  E 142 V 120  E-V+c+1 = 25   1,0,0,0;3,-5,-10,15;4,-7,-14,21;5,-2,-4,6
   count  90  d1  27  c1 2  E 154 V 130  E-V+c+1 = 27   1,0,0,0;8,6,-9,-3;5,4,-6,-2;8,14,-21,-7
   count  84  d1  23  c1 2  E 136 V 116  E-V+c+1 = 23   1,0,0,0;5,3,2,1;12,69,-17,-71;-15,-96,53,19
   count  83  d1  23  c1 2  E 134 V 114  E-V+c+1 = 23   1,0,0,0;3,-10,-15,5;8,-14,-21,7;4,-14,-21,7
   count  78  d1  21  c1 2  E 114 V  96  E-V+c+1 = 21   1,0,0,0;78,51,-78,38;-76,25,66,38;52,4,-15,99

RECORD for comparison: count 183 d1 92 c1 1 E 240 V 150 -> 240-150+1+1 = 92
