500 census configurations: 37 share a face plane between some pair (pipeline INVALID there)

c_ell on NON-degenerate configurations (pipeline valid):
   c = 1   :   1381
   c = 2   :      8

c_ell on plane-degenerate configurations (pipeline INVALID -- values meaningless):
   c = 1   :     72
   c = 2   :      2
   c = 3   :     10
   c = 4   :      3
   c = 8   :      7
   c = 10  :      3
   c = 12  :      6
   c = 14  :      1
   c = 16  :      7

c != 1 on NON-degenerate configurations -- the P245 correction stands:
   ell=1 c=2 count=94  1,0,0,0;1,5,10,15;1,2,4,6;8,7,14,21
   ell=1 c=2 count=92  1,0,0,0;-28,-38,96,65;91,27,7,-1;-53,64,79,52
   ell=1 c=2 count=120  1,0,0,0;-54,18,67,24;-48,-83,41,-61;45,76,34,36
   ell=1 c=2 count=98  1,0,0,0;7,-5,15,10;2,-7,21,14;4,-5,15,10
   ell=1 c=2 count=104  1,0,0,0;70,-68,-7,-77;-56,-62,-28,-45;-5,89,49,20
