IS  V3(ell) = W_(ell-1) + W_(ell-2)?  (a 3-body vertex spans levels s+1, s+2)

n=4 record   W_s = {0: 84, 1: 44}
   ell=1  V3=84     W_0+W_-1=84     ok   d_ell=92
   ell=2  V3=128    W_1+W_0=128    ok   d_ell=66
   ell=3  V3=44     W_2+W_1=44     ok   d_ell=24
   -> recursion holds

n=5 record   W_s = {0: 150, 1: 90, 2: 44}
   ell=1  V3=150    W_0+W_-1=150    ok   d_ell=156
   ell=2  V3=240    W_1+W_0=240    ok   d_ell=128
   ell=3  V3=140    W_2+W_1=134    DIFFERS   d_ell=78
   ell=4  V3=50     W_3+W_2=44     DIFFERS   d_ell=30
   -> recursion FAILS

n=4 haar   W_s = {0: 64, 1: 40}
   ell=1  V3=64     W_0+W_-1=64     ok   d_ell=34
   ell=2  V3=104    W_1+W_0=104    ok   d_ell=56
   ell=3  V3=40     W_2+W_1=40     ok   d_ell=22
   -> recursion holds

n=6 record   W_s = {0: 240, 1: 180, 2: 114, 3: 64}
   ell=1  V3=240    W_0+W_-1=240    ok   d_ell=214
   ell=2  V3=420    W_1+W_0=420    ok   d_ell=220
   ell=3  V3=296    W_2+W_1=294    DIFFERS   d_ell=156
   ell=4  V3=186    W_3+W_2=178    DIFFERS   d_ell=100
   ell=5  V3=66     W_4+W_3=64     DIFFERS   d_ell=36
   -> recursion FAILS

