DO COINCIDENT (record) CONFIGURATIONS EXCEED THE GENERIC V3?

the conjecture needs V3 <= formula for ALL configurations; generic position ATTAINS it
at l=1,2, so any violation must come from a coincident configuration.

n=4 record 183
   ell   l       generic     record record - generic
   1     3           204         84     -120 
   2     2           128        128       +0 
   3     1            44         44       +0 

n=5 record 393
   ell   l       generic     record record - generic
   1     4           356        150     -206 
   2     3           264        240      -24 
   3     2           164        140      -24 
   4     1            56         50       -6 

n=6 record 723
   ell   l       generic     record record - generic
   1     5           548        230     -318 
   2     4           440        410      -30 
   3     3           324        312      -12 
   4     2           200        182      -18 
   5     1            68         62       -6 

n=6 record 727
   ell   l       generic     record record - generic
   1     5           548        240     -308 
   2     4           440        420      -20 
   3     3           324        296      -28 
   4     2           200        186      -14 
   5     1            68         66       -2 

n=7 record 1217
   ell   l       generic     record record - generic
   1     6           780        340     -440 
   2     5           656        628      -28 
   3     4           524        506      -18 
   4     3           384        366      -18 
   5     2           236        226      -10 
   6     1            80         78       -2 

records exceeding the generic V3 at any level: 0

if 0: coincidence only REDUCES V3, so the conjecture is binding only in general
position -- where it is an exact computation, not an inequality.
