two-body weight decomposed: deg4 = edge-edge coincidence (wt 1),
                            deg6 = corner contact      (wt 2)

case                total  per pair: (deg2, deg4, deg6) -> weight
record 183            183  (0,6,2)=10  (0,6,2)=10  (0,6,2)=10  (8,6,0)=6  (8,6,0)=6  (8,6,0)=6
edge-axis w10         155  (12,2,0)=2  (0,6,2)=10  (18,0,0)=0  (14,2,0)=2  (20,0,0)=0  (0,6,2)=10
(2,2,1)-axis w10      135  (14,2,0)=2  (0,10,0)=10  (14,0,0)=0  (18,0,0)=0  (16,0,0)=0  (20,0,0)=0
61.15 family          147  (18,0,0)=0  (8,6,0)=6  (0,10,0)=10  (20,0,0)=0  (18,0,0)=0  (20,0,0)=0
17.9deg outlier       149  (18,0,0)=0  (6,6,0)=6  (0,4,2)=8  (14,0,0)=0  (0,6,2)=10  (10,2,0)=2

weight 10 = how many simultaneous walls?  read off the deg4/deg6 columns:
that count is what a multiwall SOLVE must be asked for, per pair.
original seed (5, 2, 2, 1), abs-multiset [1, 2, 2, 5]

  (-2, 5, -3, 3)     abs [2, 3, 3, 5]     signature (8, 6, 0) weight   6   equivalent to seed: False
  (4, 7, -7, -18)    abs [4, 7, 7, 18]    signature (0, 10, 0) weight  10   equivalent to seed: False
  (0, 5, -4, -4)     abs [0, 4, 4, 5]     signature (0, 10, 0) weight  10   equivalent to seed: False

usable independent (0,10,0) seeds: [(4, 7, -7, -18), (0, 5, -4, -4)]

seed (4, 7, -7, -18): +-3 box, 2401 points
  (0,10,0) neighbours: 28   [P279]'s seed gave 77]
     (1, 7, -7, -15)
     (1, 8, -8, -17)
     (1, 9, -9, -19)
     (1, 10, -10, -21)
     (2, 7, -7, -16)
     (2, 8, -8, -18)
     (2, 9, -9, -20)
     (3, 6, -6, -15)
  most common (weight, signature): [((0, (20, 0, 0)), 1524), ((6, (8, 6, 0)), 492), ((2, (14, 2, 0)), 292), ((6, (6, 6, 0)), 37), ((10, (0, 10, 0)), 28)]

  DIFFERENT counts from 77 => genuinely independent measurement.
  IDENTICAL again => still the same pair, and the check above is wrong.
