n=4  record is 183 ; best basin climb so far 141 (n=4)

start 0: total 121, profile {'0': 1, '1': 38, '2': 58, '3': 24, '4': 1}
   [total,no-anneal] iter 1: no improving move and anneal budget spent; stop
   -> total-objective, no anneal : best total 121
   [total,anneal] iter  1: objective 119 (total 119) DOWN (anneal 1/6)  height 806  [0 unevaluable]
   [total,anneal] iter  2: objective 123 (total 123) UP  height 776  [0 unevaluable]
   [total,anneal] iter  3: objective 127 (total 127) UP  height 801  [0 unevaluable]
   [total,anneal] iter  4: objective 131 (total 131) UP  height 25  [0 unevaluable]
   [total,anneal] iter  5: objective 135 (total 135) UP  height 801  [0 unevaluable]
   [total,anneal] iter  6: objective 131 (total 131) DOWN (anneal 1/6)  height 798  [0 unevaluable]
   [total,anneal] iter  7: objective 135 (total 135) UP  height 100  [0 unevaluable]
   [total,anneal] iter  8: objective 131 (total 131) DOWN (anneal 1/6)  height 3209  [0 unevaluable]
   [total,anneal] iter  9: objective 135 (total 135) UP  height 50  [0 unevaluable]
   [total,anneal] iter 10: objective 131 (total 131) DOWN (anneal 1/6)  height 1600  [0 unevaluable]
   [total,anneal] iter 11: objective 135 (total 135) UP  height 50  [0 unevaluable]
   [total,anneal] iter 12: objective 131 (total 131) DOWN (anneal 1/6)  height 196608  [0 unevaluable]
   [total,anneal] iter 13: objective 135 (total 135) UP  height 177  [0 unevaluable]
   [total,anneal] iter 14: objective 131 (total 131) DOWN (anneal 1/6)  height 354  [0 unevaluable]
   [total,anneal] iter 15: objective 135 (total 135) UP  height 177  [0 unevaluable]
   [total,anneal] iter 16: objective 131 (total 131) DOWN (anneal 1/6)  height 709  [0 unevaluable]
   [total,anneal] iter 17: objective 135 (total 135) UP  height 354  [0 unevaluable]
   [total,anneal] iter 18: objective 131 (total 131) DOWN (anneal 1/6)  height 398  [0 unevaluable]
   [total,anneal] iter 19: objective 135 (total 135) UP  height 353  [0 unevaluable]
   [total,anneal] iter 20: objective 131 (total 131) DOWN (anneal 1/6)  height 799  [0 unevaluable]
   [total,anneal] iter 21: objective 135 (total 135) UP  height 354  [0 unevaluable]
   [total,anneal] iter 22: objective 131 (total 131) DOWN (anneal 1/6)  height 177  [0 unevaluable]
   [total,anneal] iter 23: objective 135 (total 135) UP  height 11264  [0 unevaluable]
   [total,anneal] iter 24: objective 131 (total 131) DOWN (anneal 1/6)  height 176  [0 unevaluable]
   [total,anneal] iter 25: objective 135 (total 135) UP  height 703  [0 unevaluable]
   -> total-objective, anneal 6  : best total 135
   [layer1] iter  1: objective 36 (total 119) DOWN (anneal 1/6)  height 806  [0 unevaluable]
   [layer1] iter  2: objective 38 (total 123) UP  height 776  [0 unevaluable]
   [layer1] iter  3: objective 40 (total 127) UP  height 801  [0 unevaluable]
   [layer1] iter  4: objective 42 (total 131) UP  height 25  [0 unevaluable]
   [layer1] iter  5: objective 44 (total 135) UP  height 801  [0 unevaluable]
   [layer1] iter  6: objective 42 (total 131) DOWN (anneal 1/6)  height 798  [0 unevaluable]
   [layer1] iter  7: objective 44 (total 135) UP  height 100  [0 unevaluable]
   [layer1] iter  8: objective 42 (total 131) DOWN (anneal 1/6)  height 3209  [0 unevaluable]
   [layer1] iter  9: objective 44 (total 135) UP  height 50  [0 unevaluable]
   [layer1] iter 10: objective 42 (total 131) DOWN (anneal 1/6)  height 1600  [0 unevaluable]
   [layer1] iter 11: objective 44 (total 135) UP  height 50  [0 unevaluable]
   [layer1] iter 12: objective 42 (total 131) DOWN (anneal 1/6)  height 196608  [0 unevaluable]
   [layer1] iter 13: objective 44 (total 135) UP  height 177  [0 unevaluable]
   [layer1] iter 14: objective 42 (total 131) DOWN (anneal 1/6)  height 354  [0 unevaluable]
   [layer1] iter 15: objective 44 (total 135) UP  height 177  [0 unevaluable]
   [layer1] iter 16: objective 42 (total 131) DOWN (anneal 1/6)  height 709  [0 unevaluable]
   [layer1] iter 17: objective 44 (total 135) UP  height 354  [0 unevaluable]
   [layer1] iter 18: objective 42 (total 131) DOWN (anneal 1/6)  height 398  [0 unevaluable]
   [layer1] iter 19: objective 44 (total 135) UP  height 353  [0 unevaluable]
   [layer1] iter 20: objective 42 (total 131) DOWN (anneal 1/6)  height 799  [0 unevaluable]
   [layer1] iter 21: objective 44 (total 135) UP  height 354  [0 unevaluable]
   [layer1] iter 22: objective 42 (total 131) DOWN (anneal 1/6)  height 177  [0 unevaluable]
   [layer1] iter 23: objective 44 (total 135) UP  height 11264  [0 unevaluable]
   [layer1] iter 24: objective 42 (total 131) DOWN (anneal 1/6)  height 176  [0 unevaluable]
   [layer1] iter 25: objective 44 (total 135) UP  height 703  [0 unevaluable]
   -> LAYER-1 objective          : best depth-1 44, its total 135
   [layer1-then-total] iter  1: objective 131 (total 131) DOWN (anneal 1/6)  height 101  [0 unevaluable]
   [layer1-then-total] iter  2: objective 137 (total 137) UP  height 100  [0 unevaluable]
   [layer1-then-total] iter  3: objective 131 (total 131) DOWN (anneal 1/6)  height 170  [0 unevaluable]
   [layer1-then-total] iter  4: objective 135 (total 135) UP  height 2432  [0 unevaluable]
   [layer1-then-total] iter  5: objective 131 (total 131) DOWN (anneal 1/6)  height 608  [0 unevaluable]
   [layer1-then-total] iter  6: objective 135 (total 135) UP  height 1536  [0 unevaluable]
   [layer1-then-total] iter  7: objective 131 (total 131) DOWN (anneal 1/6)  height 576  [0 unevaluable]
   [layer1-then-total] iter  8: objective 137 (total 137) UP  height 287  [0 unevaluable]
   [layer1-then-total] iter  9: objective 127 (total 127) DOWN (anneal 1/6)  height 65536  [0 unevaluable]
   [layer1-then-total] iter 10: objective 131 (total 131) UP  height 2879  [0 unevaluable]
   [layer1-then-total] iter 11: objective 127 (total 127) DOWN (anneal 1/6)  height 720  [0 unevaluable]
   [layer1-then-total] iter 12: objective 131 (total 131) UP  height 2880  [0 unevaluable]
   [layer1-then-total] iter 13: objective 127 (total 127) DOWN (anneal 1/6)  height 2877  [0 unevaluable]
   [layer1-then-total] iter 14: objective 131 (total 131) UP  height 12288  [0 unevaluable]
   [layer1-then-total] iter 15: objective 127 (total 127) DOWN (anneal 1/6)  height 102  [0 unevaluable]
   [layer1-then-total] iter 16: objective 131 (total 131) UP  height 3007  [0 unevaluable]
   [layer1-then-total] iter 17: objective 127 (total 127) DOWN (anneal 1/6)  height 1503  [0 unevaluable]
   [layer1-then-total] iter 18: objective 131 (total 131) UP  height 1503  [0 unevaluable]
   [layer1-then-total] iter 19: objective 127 (total 127) DOWN (anneal 1/6)  height 114  [0 unevaluable]
   [layer1-then-total] iter 20: objective 131 (total 131) UP  height 1694  [0 unevaluable]
   [layer1-then-total] iter 21: objective 127 (total 127) DOWN (anneal 1/6)  height 12095  [0 unevaluable]
   [layer1-then-total] iter 22: objective 123 (total 123) DOWN (anneal 2/6)  height 76  [0 unevaluable]
   [layer1-then-total] iter 23: objective 119 (total 119) DOWN (anneal 3/6)  height 832  [0 unevaluable]
   [layer1-then-total] iter 24: objective 123 (total 123) UP  height 2877  [0 unevaluable]
   [layer1-then-total] iter 25: objective 119 (total 119) DOWN (anneal 1/6)  height 1438  [0 unevaluable]
   -> then total from there      : best total 137
   [capped(depth1 first)] iter  1: objective 36082 (total 119) DOWN (anneal 1/6)  height 806  [0 unevaluable]
   [capped(depth1 first)] iter  2: objective 38084 (total 123) UP  height 776  [0 unevaluable]
   [capped(depth1 first)] iter  3: objective 40086 (total 127) UP  height 801  [0 unevaluable]
   [capped(depth1 first)] iter  4: objective 42088 (total 131) UP  height 25  [0 unevaluable]
   [capped(depth1 first)] iter  5: objective 44090 (total 135) UP  height 801  [0 unevaluable]
   [capped(depth1 first)] iter  6: objective 42088 (total 131) DOWN (anneal 1/6)  height 798  [0 unevaluable]
   [capped(depth1 first)] iter  7: objective 44090 (total 135) UP  height 100  [0 unevaluable]
   [capped(depth1 first)] iter  8: objective 42088 (total 131) DOWN (anneal 1/6)  height 3209  [0 unevaluable]
   [capped(depth1 first)] iter  9: objective 44090 (total 135) UP  height 50  [0 unevaluable]
   [capped(depth1 first)] iter 10: objective 42088 (total 131) DOWN (anneal 1/6)  height 1600  [0 unevaluable]
   [capped(depth1 first)] iter 11: objective 44090 (total 135) UP  height 50  [0 unevaluable]
   [capped(depth1 first)] iter 12: objective 42088 (total 131) DOWN (anneal 1/6)  height 196608  [0 unevaluable]
   [capped(depth1 first)] iter 13: objective 44090 (total 135) UP  height 177  [0 unevaluable]
   [capped(depth1 first)] iter 14: objective 42088 (total 131) DOWN (anneal 1/6)  height 354  [0 unevaluable]
   [capped(depth1 first)] iter 15: objective 44090 (total 135) UP  height 177  [0 unevaluable]
   [capped(depth1 first)] iter 16: objective 42088 (total 131) DOWN (anneal 1/6)  height 709  [0 unevaluable]
   [capped(depth1 first)] iter 17: objective 44090 (total 135) UP  height 354  [0 unevaluable]
   [capped(depth1 first)] iter 18: objective 42088 (total 131) DOWN (anneal 1/6)  height 398  [0 unevaluable]
   [capped(depth1 first)] iter 19: objective 44090 (total 135) UP  height 353  [0 unevaluable]
   [capped(depth1 first)] iter 20: objective 42088 (total 131) DOWN (anneal 1/6)  height 799  [0 unevaluable]
   [capped(depth1 first)] iter 21: objective 44090 (total 135) UP  height 354  [0 unevaluable]
   [capped(depth1 first)] iter 22: objective 42088 (total 131) DOWN (anneal 1/6)  height 177  [0 unevaluable]
   [capped(depth1 first)] iter 23: objective 44090 (total 135) UP  height 11264  [0 unevaluable]
   [capped(depth1 first)] iter 24: objective 42088 (total 131) DOWN (anneal 1/6)  height 176  [0 unevaluable]
   [capped(depth1 first)] iter 25: objective 44090 (total 135) UP  height 703  [0 unevaluable]
   -> CAPPED objective           : best total 135 (depth-1 44)
   [headroom-weighted] iter  1: objective 2840 (total 119) DOWN (anneal 1/6)  height 806  [0 unevaluable]
   [headroom-weighted] iter  2: objective 3064 (total 123) UP  height 776  [0 unevaluable]
   [headroom-weighted] iter  3: objective 3012 (total 127) UP  height 801  [0 unevaluable]
   [headroom-weighted] iter  4: objective 2944 (total 131) UP  height 25  [0 unevaluable]
   [headroom-weighted] iter  5: objective 2904 (total 135) UP  height 801  [0 unevaluable]
   [headroom-weighted] iter  6: objective 2520 (total 131) DOWN (anneal 1/6)  height 798  [0 unevaluable]
   [headroom-weighted] iter  7: objective 2860 (total 135) UP  height 100  [0 unevaluable]
   [headroom-weighted] iter  8: objective 2520 (total 131) DOWN (anneal 1/6)  height 3209  [0 unevaluable]
   [headroom-weighted] iter  9: objective 2860 (total 135) UP  height 50  [0 unevaluable]
   [headroom-weighted] iter 10: objective 2564 (total 131) DOWN (anneal 1/6)  height 1600  [0 unevaluable]
   [headroom-weighted] iter 11: objective 2860 (total 135) UP  height 50  [0 unevaluable]
   [headroom-weighted] iter 12: objective 2564 (total 131) DOWN (anneal 1/6)  height 196608  [0 unevaluable]
   [headroom-weighted] iter 13: objective 2860 (total 135) UP  height 177  [0 unevaluable]
   [headroom-weighted] iter 14: objective 2520 (total 131) DOWN (anneal 1/6)  height 354  [0 unevaluable]
   [headroom-weighted] iter 15: objective 2860 (total 135) UP  height 177  [0 unevaluable]
   [headroom-weighted] iter 16: objective 2520 (total 131) DOWN (anneal 1/6)  height 709  [0 unevaluable]
   [headroom-weighted] iter 17: objective 2860 (total 135) UP  height 354  [0 unevaluable]
   [headroom-weighted] iter 18: objective 2520 (total 131) DOWN (anneal 1/6)  height 398  [0 unevaluable]
   [headroom-weighted] iter 19: objective 2860 (total 135) UP  height 353  [0 unevaluable]
   [headroom-weighted] iter 20: objective 2520 (total 131) DOWN (anneal 1/6)  height 799  [0 unevaluable]
   [headroom-weighted] iter 21: objective 2860 (total 135) UP  height 354  [0 unevaluable]
   [headroom-weighted] iter 22: objective 2520 (total 131) DOWN (anneal 1/6)  height 177  [0 unevaluable]
   [headroom-weighted] iter 23: objective 2860 (total 135) UP  height 11264  [0 unevaluable]
   [headroom-weighted] iter 24: objective 2520 (total 131) DOWN (anneal 1/6)  height 176  [0 unevaluable]
   [headroom-weighted] iter 25: objective 2860 (total 135) UP  height 703  [0 unevaluable]
   -> HEADROOM-weighted          : best total 123

start 1: total 127, profile {'0': 1, '1': 40, '2': 62, '3': 24, '4': 1}
   [total,no-anneal] iter  1: objective 131 (total 131) UP  height 143  [0 unevaluable]
   [total,no-anneal] iter 2: no improving move and anneal budget spent; stop
   -> total-objective, no anneal : best total 131
   [total,anneal] iter  1: objective 131 (total 131) UP  height 143  [0 unevaluable]
   [total,anneal] iter  2: objective 127 (total 127) DOWN (anneal 1/6)  height 71  [0 unevaluable]
   [total,anneal] iter  3: objective 131 (total 131) UP  height 144  [0 unevaluable]
   [total,anneal] iter  4: objective 135 (total 135) UP  height 148  [0 unevaluable]
   [total,anneal] iter  5: objective 131 (total 131) DOWN (anneal 1/6)  height 2356  [0 unevaluable]
   [total,anneal] iter  6: objective 135 (total 135) UP  height 37  [0 unevaluable]
   [total,anneal] iter  7: objective 131 (total 131) DOWN (anneal 1/6)  height 36  [0 unevaluable]
   [total,anneal] iter  8: objective 135 (total 135) UP  height 65  [0 unevaluable]
   [total,anneal] iter  9: objective 131 (total 131) DOWN (anneal 1/6)  height 32  [0 unevaluable]
   [total,anneal] iter 10: objective 135 (total 135) UP  height 49  [0 unevaluable]
   [total,anneal] iter 11: objective 131 (total 131) DOWN (anneal 1/6)  height 65  [0 unevaluable]
   [total,anneal] iter 12: objective 135 (total 135) UP  height 125  [0 unevaluable]
   [total,anneal] iter 13: objective 131 (total 131) DOWN (anneal 1/6)  height 125  [0 unevaluable]
   [total,anneal] iter 14: objective 135 (total 135) UP  height 31  [0 unevaluable]
   [total,anneal] iter 15: objective 131 (total 131) DOWN (anneal 1/6)  height 31  [0 unevaluable]
   [total,anneal] iter 16: objective 137 (total 137) UP  height 122  [0 unevaluable]
   [total,anneal] iter 17: objective 131 (total 131) DOWN (anneal 1/6)  height 1953  [0 unevaluable]
   [total,anneal] iter 18: objective 135 (total 135) UP  height 59  [0 unevaluable]
   [total,anneal] iter 19: objective 131 (total 131) DOWN (anneal 1/6)  height 118  [0 unevaluable]
   [total,anneal] iter 20: objective 135 (total 135) UP  height 472  [0 unevaluable]
   [total,anneal] iter 21: objective 131 (total 131) DOWN (anneal 1/6)  height 866  [0 unevaluable]
   [total,anneal] iter 22: objective 135 (total 135) UP  height 1741  [0 unevaluable]
   [total,anneal] iter 23: objective 131 (total 131) DOWN (anneal 1/6)  height 94  [0 unevaluable]
   [total,anneal] iter 24: objective 135 (total 135) UP  height 55  [0 unevaluable]
   [total,anneal] iter 25: objective 131 (total 131) DOWN (anneal 1/6)  height 439  [0 unevaluable]
   -> total-objective, anneal 6  : best total 137
   [layer1] iter  1: objective 42 (total 131) UP  height 143  [0 unevaluable]
   [layer1] iter  2: objective 40 (total 127) DOWN (anneal 1/6)  height 71  [0 unevaluable]
   [layer1] iter  3: objective 42 (total 131) UP  height 144  [0 unevaluable]
   [layer1] iter  4: objective 44 (total 135) UP  height 148  [0 unevaluable]
   [layer1] iter  5: objective 42 (total 131) DOWN (anneal 1/6)  height 2356  [0 unevaluable]
   [layer1] iter  6: objective 44 (total 135) UP  height 37  [0 unevaluable]
   [layer1] iter  7: objective 42 (total 131) DOWN (anneal 1/6)  height 36  [0 unevaluable]
   [layer1] iter  8: objective 44 (total 135) UP  height 65  [0 unevaluable]
   [layer1] iter  9: objective 42 (total 131) DOWN (anneal 1/6)  height 32  [0 unevaluable]
   [layer1] iter 10: objective 44 (total 135) UP  height 49  [0 unevaluable]
   [layer1] iter 11: objective 42 (total 131) DOWN (anneal 1/6)  height 65  [0 unevaluable]
   [layer1] iter 12: objective 44 (total 135) UP  height 125  [0 unevaluable]
   [layer1] iter 13: objective 42 (total 131) DOWN (anneal 1/6)  height 125  [0 unevaluable]
   [layer1] iter 14: objective 44 (total 135) UP  height 31  [0 unevaluable]
   [layer1] iter 15: objective 42 (total 131) DOWN (anneal 1/6)  height 31  [0 unevaluable]
   [layer1] iter 16: objective 48 (total 137) UP  height 122  [0 unevaluable]
   [layer1] iter 17: objective 42 (total 131) DOWN (anneal 1/6)  height 1953  [0 unevaluable]
   [layer1] iter 18: objective 44 (total 135) UP  height 59  [0 unevaluable]
   [layer1] iter 19: objective 42 (total 131) DOWN (anneal 1/6)  height 118  [0 unevaluable]
   [layer1] iter 20: objective 44 (total 135) UP  height 472  [0 unevaluable]
   [layer1] iter 21: objective 42 (total 131) DOWN (anneal 1/6)  height 866  [0 unevaluable]
   [layer1] iter 22: objective 44 (total 135) UP  height 1741  [0 unevaluable]
   [layer1] iter 23: objective 42 (total 131) DOWN (anneal 1/6)  height 94  [0 unevaluable]
   [layer1] iter 24: objective 44 (total 135) UP  height 55  [0 unevaluable]
   [layer1] iter 25: objective 42 (total 131) DOWN (anneal 1/6)  height 439  [0 unevaluable]
   -> LAYER-1 objective          : best depth-1 48, its total 137
   [layer1-then-total] iter  1: objective 131 (total 131) DOWN (anneal 1/6)  height 7809  [0 unevaluable]
   [layer1-then-total] iter  2: objective 135 (total 135) UP  height 482  [0 unevaluable]
   [layer1-then-total] iter  3: objective 131 (total 131) DOWN (anneal 1/6)  height 241  [0 unevaluable]
   [layer1-then-total] iter  4: objective 135 (total 135) UP  height 3863  [0 unevaluable]
   [layer1-then-total] iter  5: objective 131 (total 131) DOWN (anneal 1/6)  height 402  [0 unevaluable]
   [layer1-then-total] iter  6: objective 135 (total 135) UP  height 488  [0 unevaluable]
   [layer1-then-total] iter  7: objective 131 (total 131) DOWN (anneal 1/6)  height 3905  [0 unevaluable]
   [layer1-then-total] iter  8: objective 135 (total 135) UP  height 244  [0 unevaluable]
   [layer1-then-total] iter  9: objective 131 (total 131) DOWN (anneal 1/6)  height 30  [0 unevaluable]
   [layer1-then-total] iter 10: objective 135 (total 135) UP  height 1921  [0 unevaluable]
   [layer1-then-total] iter 11: objective 131 (total 131) DOWN (anneal 1/6)  height 63  [0 unevaluable]
   [layer1-then-total] iter 12: objective 135 (total 135) UP  height 63  [0 unevaluable]
   [layer1-then-total] iter 13: objective 131 (total 131) DOWN (anneal 1/6)  height 251  [0 unevaluable]
   [layer1-then-total] iter 14: objective 135 (total 135) UP  height 62  [0 unevaluable]
   [layer1-then-total] iter 15: objective 131 (total 131) DOWN (anneal 1/6)  height 62  [0 unevaluable]
   [layer1-then-total] iter 16: objective 135 (total 135) UP  height 60  [0 unevaluable]
   [layer1-then-total] iter 17: objective 131 (total 131) DOWN (anneal 1/6)  height 240  [0 unevaluable]
   [layer1-then-total] iter 18: objective 135 (total 135) UP  height 60  [0 unevaluable]
   [layer1-then-total] iter 19: objective 131 (total 131) DOWN (anneal 1/6)  height 232  [0 unevaluable]
   [layer1-then-total] iter 20: objective 135 (total 135) UP  height 60  [0 unevaluable]
   [layer1-then-total] iter 21: objective 131 (total 131) DOWN (anneal 1/6)  height 30  [0 unevaluable]
   [layer1-then-total] iter 22: objective 135 (total 135) UP  height 240  [0 unevaluable]
   [layer1-then-total] iter 23: objective 131 (total 131) DOWN (anneal 1/6)  height 117  [0 unevaluable]
   [layer1-then-total] iter 24: objective 135 (total 135) UP  height 58  [0 unevaluable]
   [layer1-then-total] iter 25: objective 131 (total 131) DOWN (anneal 1/6)  height 1853  [0 unevaluable]
   -> then total from there      : best total 137
   [capped(depth1 first)] iter  1: objective 42088 (total 131) UP  height 143  [0 unevaluable]
   [capped(depth1 first)] iter  2: objective 40086 (total 127) DOWN (anneal 1/6)  height 71  [0 unevaluable]
   [capped(depth1 first)] iter  3: objective 42088 (total 131) UP  height 144  [0 unevaluable]
   [capped(depth1 first)] iter  4: objective 44090 (total 135) UP  height 148  [0 unevaluable]
   [capped(depth1 first)] iter  5: objective 42088 (total 131) DOWN (anneal 1/6)  height 2356  [0 unevaluable]
   [capped(depth1 first)] iter  6: objective 44090 (total 135) UP  height 37  [0 unevaluable]
   [capped(depth1 first)] iter  7: objective 42088 (total 131) DOWN (anneal 1/6)  height 36  [0 unevaluable]
   [capped(depth1 first)] iter  8: objective 44090 (total 135) UP  height 65  [0 unevaluable]
   [capped(depth1 first)] iter  9: objective 42088 (total 131) DOWN (anneal 1/6)  height 32  [0 unevaluable]
   [capped(depth1 first)] iter 10: objective 44090 (total 135) UP  height 49  [0 unevaluable]
   [capped(depth1 first)] iter 11: objective 42088 (total 131) DOWN (anneal 1/6)  height 65  [0 unevaluable]
   [capped(depth1 first)] iter 12: objective 44090 (total 135) UP  height 125  [0 unevaluable]
   [capped(depth1 first)] iter 13: objective 42088 (total 131) DOWN (anneal 1/6)  height 125  [0 unevaluable]
   [capped(depth1 first)] iter 14: objective 44090 (total 135) UP  height 31  [0 unevaluable]
   [capped(depth1 first)] iter 15: objective 42088 (total 131) DOWN (anneal 1/6)  height 31  [0 unevaluable]
   [capped(depth1 first)] iter 16: objective 48088 (total 137) UP  height 122  [0 unevaluable]
   [capped(depth1 first)] iter 17: objective 42088 (total 131) DOWN (anneal 1/6)  height 1953  [0 unevaluable]
   [capped(depth1 first)] iter 18: objective 44090 (total 135) UP  height 59  [0 unevaluable]
   [capped(depth1 first)] iter 19: objective 42088 (total 131) DOWN (anneal 1/6)  height 118  [0 unevaluable]
   [capped(depth1 first)] iter 20: objective 44090 (total 135) UP  height 472  [0 unevaluable]
   [capped(depth1 first)] iter 21: objective 42088 (total 131) DOWN (anneal 1/6)  height 866  [0 unevaluable]
   [capped(depth1 first)] iter 22: objective 44090 (total 135) UP  height 1741  [0 unevaluable]
   [capped(depth1 first)] iter 23: objective 42088 (total 131) DOWN (anneal 1/6)  height 94  [0 unevaluable]
   [capped(depth1 first)] iter 24: objective 44090 (total 135) UP  height 55  [0 unevaluable]
   [capped(depth1 first)] iter 25: objective 42088 (total 131) DOWN (anneal 1/6)  height 439  [0 unevaluable]
   -> CAPPED objective           : best total 137 (depth-1 48)
   [headroom-weighted] iter  1: objective 2944 (total 131) UP  height 143  [0 unevaluable]
   [headroom-weighted] iter  2: objective 2604 (total 127) DOWN (anneal 1/6)  height 71  [0 unevaluable]
   [headroom-weighted] iter  3: objective 2944 (total 131) UP  height 144  [0 unevaluable]
   [headroom-weighted] iter  4: objective 2860 (total 135) UP  height 148  [0 unevaluable]
   [headroom-weighted] iter  5: objective 2520 (total 131) DOWN (anneal 1/6)  height 2356  [0 unevaluable]
   [headroom-weighted] iter  6: objective 2860 (total 135) UP  height 37  [0 unevaluable]
   [headroom-weighted] iter  7: objective 2564 (total 131) DOWN (anneal 1/6)  height 36  [0 unevaluable]
   [headroom-weighted] iter  8: objective 2860 (total 135) UP  height 65  [0 unevaluable]
   [headroom-weighted] iter  9: objective 2520 (total 131) DOWN (anneal 1/6)  height 32  [0 unevaluable]
   [headroom-weighted] iter 10: objective 2860 (total 135) UP  height 49  [0 unevaluable]
   [headroom-weighted] iter 11: objective 2520 (total 131) DOWN (anneal 1/6)  height 65  [0 unevaluable]
   [headroom-weighted] iter 12: objective 2860 (total 135) UP  height 125  [0 unevaluable]
   [headroom-weighted] iter 13: objective 2520 (total 131) DOWN (anneal 1/6)  height 125  [0 unevaluable]
   [headroom-weighted] iter 14: objective 2860 (total 135) UP  height 31  [0 unevaluable]
   [headroom-weighted] iter 15: objective 2520 (total 131) DOWN (anneal 1/6)  height 31  [0 unevaluable]
   [headroom-weighted] iter 16: objective 3104 (total 137) UP  height 122  [0 unevaluable]
   [headroom-weighted] iter 17: objective 2480 (total 131) DOWN (anneal 1/6)  height 1953  [0 unevaluable]
   [headroom-weighted] iter 18: objective 2860 (total 135) UP  height 59  [0 unevaluable]
   [headroom-weighted] iter 19: objective 2520 (total 131) DOWN (anneal 1/6)  height 118  [0 unevaluable]
   [headroom-weighted] iter 20: objective 2860 (total 135) UP  height 472  [0 unevaluable]
   [headroom-weighted] iter 21: objective 2520 (total 131) DOWN (anneal 1/6)  height 866  [0 unevaluable]
   [headroom-weighted] iter 22: objective 2860 (total 135) UP  height 1741  [0 unevaluable]
   [headroom-weighted] iter 23: objective 2520 (total 131) DOWN (anneal 1/6)  height 94  [0 unevaluable]
   [headroom-weighted] iter 24: objective 2860 (total 135) UP  height 55  [0 unevaluable]
   [headroom-weighted] iter 25: objective 2520 (total 131) DOWN (anneal 1/6)  height 439  [0 unevaluable]
   -> HEADROOM-weighted          : best total 137

start 2: total 119, profile {'0': 1, '1': 36, '2': 58, '3': 24, '4': 1}
   [total,no-anneal] iter  1: objective 123 (total 123) UP  height 168  [0 unevaluable]
   [total,no-anneal] iter  2: objective 127 (total 127) UP  height 1136  [0 unevaluable]
   [total,no-anneal] iter  3: objective 131 (total 131) UP  height 2137  [0 unevaluable]
   [total,no-anneal] iter  4: objective 135 (total 135) UP  height 159  [0 unevaluable]
   [total,no-anneal] iter 5: no improving move and anneal budget spent; stop
   -> total-objective, no anneal : best total 135
   [total,anneal] iter  1: objective 123 (total 123) UP  height 168  [0 unevaluable]
   [total,anneal] iter  2: objective 127 (total 127) UP  height 1136  [0 unevaluable]
   [total,anneal] iter  3: objective 131 (total 131) UP  height 2137  [0 unevaluable]
   [total,anneal] iter  4: objective 135 (total 135) UP  height 159  [0 unevaluable]
   [total,anneal] iter  5: objective 131 (total 131) DOWN (anneal 1/6)  height 40  [0 unevaluable]
   [total,anneal] iter  6: objective 135 (total 135) UP  height 41  [0 unevaluable]
   [total,anneal] iter  7: objective 131 (total 131) DOWN (anneal 1/6)  height 159  [0 unevaluable]
   [total,anneal] iter  8: objective 135 (total 135) UP  height 79  [0 unevaluable]
   [total,anneal] iter  9: objective 131 (total 131) DOWN (anneal 1/6)  height 157  [0 unevaluable]
   [total,anneal] iter 10: objective 135 (total 135) UP  height 20  [0 unevaluable]
   [total,anneal] iter 11: objective 127 (total 127) DOWN (anneal 1/6)  height 4096  [0 unevaluable]
   [total,anneal] iter 12: objective 131 (total 131) UP  height 8192  [0 unevaluable]
   [total,anneal] iter 13: objective 135 (total 135) UP  height 2054  [0 unevaluable]
   [total,anneal] iter 14: objective 131 (total 131) DOWN (anneal 1/6)  height 257  [0 unevaluable]
   [total,anneal] iter 15: objective 135 (total 135) UP  height 511  [0 unevaluable]
   [total,anneal] iter 16: objective 131 (total 131) DOWN (anneal 1/6)  height 257  [0 unevaluable]
   [total,anneal] iter 17: objective 135 (total 135) UP  height 4089  [0 unevaluable]
   [total,anneal] iter 18: objective 131 (total 131) DOWN (anneal 1/6)  height 511  [0 unevaluable]
   [total,anneal] iter 19: objective 127 (total 127) DOWN (anneal 2/6)  height 513  [0 unevaluable]
   [total,anneal] iter 20: objective 131 (total 131) UP  height 256  [0 unevaluable]
   [total,anneal] iter 21: objective 127 (total 127) DOWN (anneal 1/6)  height 509  [0 unevaluable]
   [total,anneal] iter 22: objective 131 (total 131) UP  height 2042  [0 unevaluable]
   [total,anneal] iter 23: objective 135 (total 135) UP  height 2043  [0 unevaluable]
   [total,anneal] iter 24: objective 131 (total 131) DOWN (anneal 1/6)  height 128  [0 unevaluable]
   [total,anneal] iter 25: objective 135 (total 135) UP  height 257  [0 unevaluable]
   -> total-objective, anneal 6  : best total 135
   [layer1] iter  1: objective 38 (total 123) UP  height 168  [0 unevaluable]
   [layer1] iter  2: objective 40 (total 127) UP  height 1136  [0 unevaluable]
   [layer1] iter  3: objective 42 (total 131) UP  height 2137  [0 unevaluable]
   [layer1] iter  4: objective 44 (total 135) UP  height 159  [0 unevaluable]
   [layer1] iter  5: objective 42 (total 131) DOWN (anneal 1/6)  height 40  [0 unevaluable]
   [layer1] iter  6: objective 44 (total 135) UP  height 41  [0 unevaluable]
   [layer1] iter  7: objective 42 (total 131) DOWN (anneal 1/6)  height 159  [0 unevaluable]
   [layer1] iter  8: objective 44 (total 135) UP  height 79  [0 unevaluable]
   [layer1] iter  9: objective 42 (total 131) DOWN (anneal 1/6)  height 157  [0 unevaluable]
   [layer1] iter 10: objective 44 (total 135) UP  height 20  [0 unevaluable]
   [layer1] iter 11: objective 40 (total 127) DOWN (anneal 1/6)  height 4096  [0 unevaluable]
   [layer1] iter 12: objective 42 (total 131) UP  height 8192  [0 unevaluable]
   [layer1] iter 13: objective 44 (total 135) UP  height 2054  [0 unevaluable]
   [layer1] iter 14: objective 42 (total 131) DOWN (anneal 1/6)  height 257  [0 unevaluable]
   [layer1] iter 15: objective 44 (total 135) UP  height 511  [0 unevaluable]
   [layer1] iter 16: objective 42 (total 131) DOWN (anneal 1/6)  height 257  [0 unevaluable]
   [layer1] iter 17: objective 44 (total 135) UP  height 4089  [0 unevaluable]
   [layer1] iter 18: objective 42 (total 131) DOWN (anneal 1/6)  height 511  [0 unevaluable]
   [layer1] iter 19: objective 40 (total 127) DOWN (anneal 2/6)  height 513  [0 unevaluable]
   [layer1] iter 20: objective 42 (total 131) UP  height 256  [0 unevaluable]
   [layer1] iter 21: objective 40 (total 127) DOWN (anneal 1/6)  height 509  [0 unevaluable]
   [layer1] iter 22: objective 42 (total 131) UP  height 2042  [0 unevaluable]
   [layer1] iter 23: objective 44 (total 135) UP  height 2043  [0 unevaluable]
   [layer1] iter 24: objective 42 (total 131) DOWN (anneal 1/6)  height 128  [0 unevaluable]
   [layer1] iter 25: objective 44 (total 135) UP  height 257  [0 unevaluable]
   -> LAYER-1 objective          : best depth-1 44, its total 135
   [layer1-then-total] iter  1: objective 131 (total 131) DOWN (anneal 1/6)  height 80  [0 unevaluable]
   [layer1-then-total] iter  2: objective 135 (total 135) UP  height 30  [0 unevaluable]
   [layer1-then-total] iter  3: objective 131 (total 131) DOWN (anneal 1/6)  height 312  [0 unevaluable]
   [layer1-then-total] iter  4: objective 135 (total 135) UP  height 20  [0 unevaluable]
   [layer1-then-total] iter  5: objective 131 (total 131) DOWN (anneal 1/6)  height 41  [0 unevaluable]
   [layer1-then-total] iter  6: objective 135 (total 135) UP  height 21  [0 unevaluable]
   [layer1-then-total] iter  7: objective 131 (total 131) DOWN (anneal 1/6)  height 335  [0 unevaluable]
   [layer1-then-total] iter  8: objective 135 (total 135) UP  height 21  [0 unevaluable]
   [layer1-then-total] iter  9: objective 131 (total 131) DOWN (anneal 1/6)  height 1343  [0 unevaluable]
   [layer1-then-total] iter 10: objective 135 (total 135) UP  height 21  [0 unevaluable]
   [layer1-then-total] iter 11: objective 131 (total 131) DOWN (anneal 1/6)  height 240  [0 unevaluable]
   [layer1-then-total] iter 12: objective 135 (total 135) UP  height 21  [0 unevaluable]
   [layer1-then-total] iter 13: objective 131 (total 131) DOWN (anneal 1/6)  height 2687  [0 unevaluable]
   [layer1-then-total] iter 14: objective 135 (total 135) UP  height 21  [0 unevaluable]
   [layer1-then-total] iter 15: objective 131 (total 131) DOWN (anneal 1/6)  height 671  [0 unevaluable]
   [layer1-then-total] iter 16: objective 135 (total 135) UP  height 21  [0 unevaluable]
   [layer1-then-total] iter 17: objective 131 (total 131) DOWN (anneal 1/6)  height 1343  [0 unevaluable]
   [layer1-then-total] iter 18: objective 135 (total 135) UP  height 21  [0 unevaluable]
   [layer1-then-total] iter 19: objective 131 (total 131) DOWN (anneal 1/6)  height 671  [0 unevaluable]
   [layer1-then-total] iter 20: objective 135 (total 135) UP  height 21  [0 unevaluable]
   [layer1-then-total] iter 21: objective 131 (total 131) DOWN (anneal 1/6)  height 581  [0 unevaluable]
   [layer1-then-total] iter 22: objective 135 (total 135) UP  height 145  [0 unevaluable]
   [layer1-then-total] iter 23: objective 131 (total 131) DOWN (anneal 1/6)  height 60  [0 unevaluable]
   [layer1-then-total] iter 24: objective 135 (total 135) UP  height 32  [0 unevaluable]
   [layer1-then-total] iter 25: objective 131 (total 131) DOWN (anneal 1/6)  height 260  [0 unevaluable]
   -> then total from there      : best total 135
   [capped(depth1 first)] iter  1: objective 38084 (total 123) UP  height 168  [0 unevaluable]
   [capped(depth1 first)] iter  2: objective 40086 (total 127) UP  height 1136  [0 unevaluable]
   [capped(depth1 first)] iter  3: objective 42088 (total 131) UP  height 2137  [0 unevaluable]
   [capped(depth1 first)] iter  4: objective 44090 (total 135) UP  height 159  [0 unevaluable]
   [capped(depth1 first)] iter  5: objective 42088 (total 131) DOWN (anneal 1/6)  height 40  [0 unevaluable]
   [capped(depth1 first)] iter  6: objective 44090 (total 135) UP  height 41  [0 unevaluable]
   [capped(depth1 first)] iter  7: objective 42088 (total 131) DOWN (anneal 1/6)  height 159  [0 unevaluable]
   [capped(depth1 first)] iter  8: objective 44090 (total 135) UP  height 79  [0 unevaluable]
   [capped(depth1 first)] iter  9: objective 42088 (total 131) DOWN (anneal 1/6)  height 157  [0 unevaluable]
   [capped(depth1 first)] iter 10: objective 44090 (total 135) UP  height 20  [0 unevaluable]
   [capped(depth1 first)] iter 11: objective 40086 (total 127) DOWN (anneal 1/6)  height 4096  [0 unevaluable]
   [capped(depth1 first)] iter 12: objective 42088 (total 131) UP  height 8192  [0 unevaluable]
   [capped(depth1 first)] iter 13: objective 44090 (total 135) UP  height 2054  [0 unevaluable]
   [capped(depth1 first)] iter 14: objective 42088 (total 131) DOWN (anneal 1/6)  height 257  [0 unevaluable]
   [capped(depth1 first)] iter 15: objective 44090 (total 135) UP  height 511  [0 unevaluable]
   [capped(depth1 first)] iter 16: objective 42088 (total 131) DOWN (anneal 1/6)  height 257  [0 unevaluable]
   [capped(depth1 first)] iter 17: objective 44090 (total 135) UP  height 4089  [0 unevaluable]
   [capped(depth1 first)] iter 18: objective 42088 (total 131) DOWN (anneal 1/6)  height 511  [0 unevaluable]
   [capped(depth1 first)] iter 19: objective 40086 (total 127) DOWN (anneal 2/6)  height 513  [0 unevaluable]
   [capped(depth1 first)] iter 20: objective 42088 (total 131) UP  height 256  [0 unevaluable]
   [capped(depth1 first)] iter 21: objective 40086 (total 127) DOWN (anneal 1/6)  height 509  [0 unevaluable]
   [capped(depth1 first)] iter 22: objective 42088 (total 131) UP  height 2042  [0 unevaluable]
   [capped(depth1 first)] iter 23: objective 44090 (total 135) UP  height 2043  [0 unevaluable]
   [capped(depth1 first)] iter 24: objective 42088 (total 131) DOWN (anneal 1/6)  height 128  [0 unevaluable]
   [capped(depth1 first)] iter 25: objective 44090 (total 135) UP  height 257  [0 unevaluable]
   -> CAPPED objective           : best total 135 (depth-1 44)
   [headroom-weighted] iter  1: objective 3064 (total 123) UP  height 168  [0 unevaluable]
   [headroom-weighted] iter  2: objective 3012 (total 127) UP  height 1136  [0 unevaluable]
   [headroom-weighted] iter  3: objective 2944 (total 131) UP  height 2137  [0 unevaluable]
   [headroom-weighted] iter  4: objective 2860 (total 135) UP  height 159  [0 unevaluable]
   [headroom-weighted] iter  5: objective 2520 (total 131) DOWN (anneal 1/6)  height 40  [0 unevaluable]
   [headroom-weighted] iter  6: objective 2860 (total 135) UP  height 41  [0 unevaluable]
   [headroom-weighted] iter  7: objective 2520 (total 131) DOWN (anneal 1/6)  height 159  [0 unevaluable]
   [headroom-weighted] iter  8: objective 2860 (total 135) UP  height 79  [0 unevaluable]
   [headroom-weighted] iter  9: objective 2520 (total 131) DOWN (anneal 1/6)  height 157  [0 unevaluable]
   [headroom-weighted] iter 10: objective 2860 (total 135) UP  height 20  [0 unevaluable]
   [headroom-weighted] iter 11: objective 2488 (total 127) DOWN (anneal 1/6)  height 4096  [0 unevaluable]
   [headroom-weighted] iter 12: objective 2944 (total 131) UP  height 8192  [0 unevaluable]
   [headroom-weighted] iter 13: objective 2860 (total 135) UP  height 2054  [0 unevaluable]
   [headroom-weighted] iter 14: objective 2520 (total 131) DOWN (anneal 1/6)  height 257  [0 unevaluable]
   [headroom-weighted] iter 15: objective 2860 (total 135) UP  height 511  [0 unevaluable]
   [headroom-weighted] iter 16: objective 2520 (total 131) DOWN (anneal 1/6)  height 257  [0 unevaluable]
   [headroom-weighted] iter 17: objective 2860 (total 135) UP  height 4089  [0 unevaluable]
   [headroom-weighted] iter 18: objective 2520 (total 131) DOWN (anneal 1/6)  height 511  [0 unevaluable]
   [headroom-weighted] iter 19: objective 2604 (total 127) DOWN (anneal 2/6)  height 513  [0 unevaluable]
   [headroom-weighted] iter 20: objective 2944 (total 131) UP  height 256  [0 unevaluable]
   [headroom-weighted] iter 21: objective 2604 (total 127) DOWN (anneal 1/6)  height 509  [0 unevaluable]
   [headroom-weighted] iter 22: objective 2944 (total 131) UP  height 2042  [0 unevaluable]
   [headroom-weighted] iter 23: objective 2860 (total 135) UP  height 2043  [0 unevaluable]
   [headroom-weighted] iter 24: objective 2520 (total 131) DOWN (anneal 1/6)  height 128  [0 unevaluable]
   [headroom-weighted] iter 25: objective 2860 (total 135) UP  height 257  [0 unevaluable]
   -> HEADROOM-weighted          : best total 123

start 3: total 123, profile {'0': 1, '1': 38, '2': 60, '3': 24, '4': 1}
   [total,no-anneal] iter  1: objective 127 (total 127) UP  height 303  [0 unevaluable]
   [total,no-anneal] iter  2: objective 131 (total 131) UP  height 151  [0 unevaluable]
   [total,no-anneal] iter  3: objective 135 (total 135) UP  height 301  [0 unevaluable]
   [total,no-anneal] iter 4: no improving move and anneal budget spent; stop
   -> total-objective, no anneal : best total 135
   [total,anneal] iter  1: objective 127 (total 127) UP  height 303  [0 unevaluable]
   [total,anneal] iter  2: objective 131 (total 131) UP  height 151  [0 unevaluable]
   [total,anneal] iter  3: objective 135 (total 135) UP  height 301  [0 unevaluable]
   [total,anneal] iter  4: objective 131 (total 131) DOWN (anneal 1/6)  height 301  [0 unevaluable]
   [total,anneal] iter  5: objective 135 (total 135) UP  height 1345  [0 unevaluable]
   [total,anneal] iter  6: objective 131 (total 131) DOWN (anneal 1/6)  height 150  [0 unevaluable]
   [total,anneal] iter  7: objective 135 (total 135) UP  height 150  [0 unevaluable]
   [total,anneal] iter  8: objective 131 (total 131) DOWN (anneal 1/6)  height 161  [0 unevaluable]
   [total,anneal] iter  9: objective 135 (total 135) UP  height 150  [0 unevaluable]
   [total,anneal] iter 10: objective 131 (total 131) DOWN (anneal 1/6)  height 1201  [0 unevaluable]
   [total,anneal] iter 11: objective 135 (total 135) UP  height 150  [0 unevaluable]
   [total,anneal] iter 12: objective 131 (total 131) DOWN (anneal 1/6)  height 599  [0 unevaluable]
   [total,anneal] iter 13: objective 135 (total 135) UP  height 300  [0 unevaluable]
   [total,anneal] iter 14: objective 131 (total 131) DOWN (anneal 1/6)  height 150  [0 unevaluable]
   [total,anneal] iter 15: objective 135 (total 135) UP  height 300  [0 unevaluable]
   [total,anneal] iter 16: objective 131 (total 131) DOWN (anneal 1/6)  height 150  [0 unevaluable]
   [total,anneal] iter 17: objective 135 (total 135) UP  height 2395  [0 unevaluable]
   [total,anneal] iter 18: objective 131 (total 131) DOWN (anneal 1/6)  height 298  [0 unevaluable]
   [total,anneal] iter 19: objective 135 (total 135) UP  height 298  [0 unevaluable]
   [total,anneal] iter 20: objective 131 (total 131) DOWN (anneal 1/6)  height 149  [0 unevaluable]
   [total,anneal] iter 21: objective 135 (total 135) UP  height 165  [0 unevaluable]
   [total,anneal] iter 22: objective 131 (total 131) DOWN (anneal 1/6)  height 1240  [0 unevaluable]
   [total,anneal] iter 23: objective 135 (total 135) UP  height 155  [0 unevaluable]
   [total,anneal] iter 24: objective 131 (total 131) DOWN (anneal 1/6)  height 308  [0 unevaluable]
   [total,anneal] iter 25: objective 135 (total 135) UP  height 77  [0 unevaluable]
   -> total-objective, anneal 6  : best total 135
   [layer1] iter  1: objective 40 (total 127) UP  height 303  [0 unevaluable]
   [layer1] iter  2: objective 42 (total 131) UP  height 151  [0 unevaluable]
   [layer1] iter  3: objective 44 (total 135) UP  height 301  [0 unevaluable]
   [layer1] iter  4: objective 42 (total 131) DOWN (anneal 1/6)  height 301  [0 unevaluable]
   [layer1] iter  5: objective 44 (total 135) UP  height 1345  [0 unevaluable]
   [layer1] iter  6: objective 42 (total 131) DOWN (anneal 1/6)  height 150  [0 unevaluable]
   [layer1] iter  7: objective 44 (total 135) UP  height 150  [0 unevaluable]
   [layer1] iter  8: objective 42 (total 131) DOWN (anneal 1/6)  height 161  [0 unevaluable]
   [layer1] iter  9: objective 44 (total 135) UP  height 150  [0 unevaluable]
   [layer1] iter 10: objective 42 (total 131) DOWN (anneal 1/6)  height 1201  [0 unevaluable]
   [layer1] iter 11: objective 44 (total 135) UP  height 150  [0 unevaluable]
   [layer1] iter 12: objective 42 (total 131) DOWN (anneal 1/6)  height 599  [0 unevaluable]
   [layer1] iter 13: objective 44 (total 135) UP  height 300  [0 unevaluable]
   [layer1] iter 14: objective 42 (total 131) DOWN (anneal 1/6)  height 150  [0 unevaluable]
   [layer1] iter 15: objective 44 (total 133) UP  height 43  [0 unevaluable]
   [layer1] iter 16: objective 38 (total 123) DOWN (anneal 1/6)  height 8220  [0 unevaluable]
   [layer1] iter 17: objective 42 (total 131) UP  height 1290  [0 unevaluable]
   [layer1] iter 18: objective 44 (total 135) UP  height 322  [0 unevaluable]
   [layer1] iter 19: objective 42 (total 131) DOWN (anneal 1/6)  height 320  [0 unevaluable]
   [layer1] iter 20: objective 44 (total 135) UP  height 1281  [0 unevaluable]
   [layer1] iter 21: objective 42 (total 131) DOWN (anneal 1/6)  height 640  [0 unevaluable]
   [layer1] iter 22: objective 40 (total 127) DOWN (anneal 2/6)  height 448  [0 unevaluable]
   [layer1] iter 23: objective 42 (total 131) UP  height 896  [0 unevaluable]
   [layer1] iter 24: objective 40 (total 127) DOWN (anneal 1/6)  height 896  [0 unevaluable]
   [layer1] iter 25: objective 42 (total 131) UP  height 3579  [0 unevaluable]
   -> LAYER-1 objective          : best depth-1 44, its total 135
   [layer1-then-total] iter  1: objective 131 (total 131) DOWN (anneal 1/6)  height 1207  [0 unevaluable]
   [layer1-then-total] iter  2: objective 135 (total 135) UP  height 151  [0 unevaluable]
   [layer1-then-total] iter  3: objective 131 (total 131) DOWN (anneal 1/6)  height 225  [0 unevaluable]
   [layer1-then-total] iter  4: objective 135 (total 135) UP  height 608  [0 unevaluable]
   [layer1-then-total] iter  5: objective 131 (total 131) DOWN (anneal 1/6)  height 2430  [0 unevaluable]
   [layer1-then-total] iter  6: objective 135 (total 135) UP  height 608  [0 unevaluable]
   [layer1-then-total] iter  7: objective 131 (total 131) DOWN (anneal 1/6)  height 167  [0 unevaluable]
   [layer1-then-total] iter  8: objective 135 (total 135) UP  height 167  [0 unevaluable]
   [layer1-then-total] iter  9: objective 131 (total 131) DOWN (anneal 1/6)  height 303  [0 unevaluable]
   [layer1-then-total] iter 10: objective 135 (total 135) UP  height 302  [0 unevaluable]
   [layer1-then-total] iter 11: objective 131 (total 131) DOWN (anneal 1/6)  height 1226  [0 unevaluable]
   [layer1-then-total] iter 12: objective 135 (total 135) UP  height 307  [0 unevaluable]
   [layer1-then-total] iter 13: objective 131 (total 131) DOWN (anneal 1/6)  height 615  [0 unevaluable]
   [layer1-then-total] iter 14: objective 135 (total 135) UP  height 308  [0 unevaluable]
   [layer1-then-total] iter 15: objective 131 (total 131) DOWN (anneal 1/6)  height 308  [0 unevaluable]
   [layer1-then-total] iter 16: objective 135 (total 135) UP  height 308  [0 unevaluable]
   [layer1-then-total] iter 17: objective 131 (total 131) DOWN (anneal 1/6)  height 1232  [0 unevaluable]
   [layer1-then-total] iter 18: objective 135 (total 135) UP  height 308  [0 unevaluable]
   [layer1-then-total] iter 19: objective 131 (total 131) DOWN (anneal 1/6)  height 154  [0 unevaluable]
   [layer1-then-total] iter 20: objective 135 (total 135) UP  height 154  [0 unevaluable]
   [layer1-then-total] iter 21: objective 131 (total 131) DOWN (anneal 1/6)  height 152  [0 unevaluable]
   [layer1-then-total] iter 22: objective 135 (total 135) UP  height 608  [0 unevaluable]
   [layer1-then-total] iter 23: objective 131 (total 131) DOWN (anneal 1/6)  height 76  [0 unevaluable]
   [layer1-then-total] iter 24: objective 135 (total 135) UP  height 673  [0 unevaluable]
   [layer1-then-total] iter 25: objective 131 (total 131) DOWN (anneal 1/6)  height 76  [0 unevaluable]
   -> then total from there      : best total 135
   [capped(depth1 first)] iter  1: objective 40086 (total 127) UP  height 303  [0 unevaluable]
   [capped(depth1 first)] iter  2: objective 42088 (total 131) UP  height 151  [0 unevaluable]
   [capped(depth1 first)] iter  3: objective 44090 (total 135) UP  height 301  [0 unevaluable]
   [capped(depth1 first)] iter  4: objective 42088 (total 131) DOWN (anneal 1/6)  height 301  [0 unevaluable]
   [capped(depth1 first)] iter  5: objective 44090 (total 135) UP  height 1345  [0 unevaluable]
   [capped(depth1 first)] iter  6: objective 42088 (total 131) DOWN (anneal 1/6)  height 150  [0 unevaluable]
   [capped(depth1 first)] iter  7: objective 44090 (total 135) UP  height 150  [0 unevaluable]
   [capped(depth1 first)] iter  8: objective 42088 (total 131) DOWN (anneal 1/6)  height 161  [0 unevaluable]
   [capped(depth1 first)] iter  9: objective 44090 (total 135) UP  height 150  [0 unevaluable]
   [capped(depth1 first)] iter 10: objective 42088 (total 131) DOWN (anneal 1/6)  height 1201  [0 unevaluable]
   [capped(depth1 first)] iter 11: objective 44090 (total 135) UP  height 150  [0 unevaluable]
   [capped(depth1 first)] iter 12: objective 42088 (total 131) DOWN (anneal 1/6)  height 599  [0 unevaluable]
   [capped(depth1 first)] iter 13: objective 44090 (total 135) UP  height 300  [0 unevaluable]
   [capped(depth1 first)] iter 14: objective 42088 (total 131) DOWN (anneal 1/6)  height 150  [0 unevaluable]
   [capped(depth1 first)] iter 15: objective 44090 (total 135) UP  height 300  [0 unevaluable]
   [capped(depth1 first)] iter 16: objective 42088 (total 131) DOWN (anneal 1/6)  height 150  [0 unevaluable]
   [capped(depth1 first)] iter 17: objective 44090 (total 135) UP  height 2395  [0 unevaluable]
   [capped(depth1 first)] iter 18: objective 42088 (total 131) DOWN (anneal 1/6)  height 298  [0 unevaluable]
   [capped(depth1 first)] iter 19: objective 44090 (total 135) UP  height 298  [0 unevaluable]
   [capped(depth1 first)] iter 20: objective 42088 (total 131) DOWN (anneal 1/6)  height 149  [0 unevaluable]
   [capped(depth1 first)] iter 21: objective 44090 (total 135) UP  height 165  [0 unevaluable]
   [capped(depth1 first)] iter 22: objective 42088 (total 131) DOWN (anneal 1/6)  height 1240  [0 unevaluable]
   [capped(depth1 first)] iter 23: objective 44090 (total 135) UP  height 155  [0 unevaluable]
   [capped(depth1 first)] iter 24: objective 42088 (total 131) DOWN (anneal 1/6)  height 308  [0 unevaluable]
   [capped(depth1 first)] iter 25: objective 44090 (total 135) UP  height 77  [0 unevaluable]
   -> CAPPED objective           : best total 135 (depth-1 44)
   [headroom-weighted] iter  1: objective 3012 (total 127) UP  height 303  [0 unevaluable]
   [headroom-weighted] iter  2: objective 2944 (total 131) UP  height 151  [0 unevaluable]
   [headroom-weighted] iter  3: objective 2860 (total 135) UP  height 301  [0 unevaluable]
   [headroom-weighted] iter  4: objective 2520 (total 131) DOWN (anneal 1/6)  height 301  [0 unevaluable]
   [headroom-weighted] iter  5: objective 2860 (total 135) UP  height 1345  [0 unevaluable]
   [headroom-weighted] iter  6: objective 2520 (total 131) DOWN (anneal 1/6)  height 150  [0 unevaluable]
   [headroom-weighted] iter  7: objective 2860 (total 135) UP  height 150  [0 unevaluable]
   [headroom-weighted] iter  8: objective 2520 (total 131) DOWN (anneal 1/6)  height 161  [0 unevaluable]
   [headroom-weighted] iter  9: objective 2860 (total 135) UP  height 150  [0 unevaluable]
   [headroom-weighted] iter 10: objective 2520 (total 131) DOWN (anneal 1/6)  height 1201  [0 unevaluable]
   [headroom-weighted] iter 11: objective 2860 (total 135) UP  height 150  [0 unevaluable]
   [headroom-weighted] iter 12: objective 2520 (total 131) DOWN (anneal 1/6)  height 599  [0 unevaluable]
   [headroom-weighted] iter 13: objective 2860 (total 135) UP  height 300  [0 unevaluable]
   [headroom-weighted] iter 14: objective 2520 (total 131) DOWN (anneal 1/6)  height 150  [0 unevaluable]
   [headroom-weighted] iter 15: objective 2860 (total 135) UP  height 300  [0 unevaluable]
   [headroom-weighted] iter 16: objective 2520 (total 131) DOWN (anneal 1/6)  height 150  [0 unevaluable]
   [headroom-weighted] iter 17: objective 2860 (total 135) UP  height 2395  [0 unevaluable]
   [headroom-weighted] iter 18: objective 2520 (total 131) DOWN (anneal 1/6)  height 298  [0 unevaluable]
   [headroom-weighted] iter 19: objective 2860 (total 135) UP  height 298  [0 unevaluable]
   [headroom-weighted] iter 20: objective 2520 (total 131) DOWN (anneal 1/6)  height 149  [0 unevaluable]
   [headroom-weighted] iter 21: objective 2860 (total 135) UP  height 165  [0 unevaluable]
   [headroom-weighted] iter 22: objective 2520 (total 131) DOWN (anneal 1/6)  height 1240  [0 unevaluable]
   [headroom-weighted] iter 23: objective 2860 (total 135) UP  height 155  [0 unevaluable]
   [headroom-weighted] iter 24: objective 2520 (total 131) DOWN (anneal 1/6)  height 308  [0 unevaluable]
   [headroom-weighted] iter 25: objective 2860 (total 135) UP  height 77  [0 unevaluable]
   -> HEADROOM-weighted          : best total 127
