n=4: 23 distinct terminal counts from 150 climbs
   count    tight   nullity      rank  ambient   configs
      99        2         7         7        9
     101        1         8         8        9
     105        1         8         8        9
     111        0         9         9        9
     115        2         7         7        9
     115        2         7         7        9
     117        1         8         8        9
     117        1         8         8        9
     119        2         7         7        9
     119        2         7         7        9
     120        0         9         9        9
     120        0         9         9        9
     121        1         8         8        9
     121        1         8         8        9
     123        2         7         7        9
     123        0         9         9        9
     125        1         8         8        9
     125        1         8         8        9
     127        2         7         7        9
     127        2         7         4        9
     128        0         9         9        9
     128        0         9         9        9
     129        1         8         8        9
     129        1         8         8        9
     130        1         8         8        9
     131        0         9         9        9
     131        0         9         9        9
     132        0         9         9        9
     132        0         9         9        9
     133        1         8         8        9
     133        1         8         8        9
     135        0         9         9        9
     135        0         9         9        9
     136        0         9         9        9
     137        1         8         8        9
     137        1         8         8        9
     139        2         7         7        9
     141        1         8         8        9
     141        1         8         8        9

wrote rarity_n4.json
