3-BODY term distribution over 700 configurations:
     14.0 :     2
     20.0 :     8
     22.0 :     9
     24.0 :    25
     26.0 :    49
     28.0 :    59
     30.0 :    80
     32.0 :    96
     34.0 :   112
     36.0 :   105
     38.0 :    66
     40.0 :    24
     42.0 :    11
     43.0 :     2
   ... 44 distinct values, min 14 max 212
   mean 36.4  stdev 20.4

d1 vs (2-body + 2):  exact for 0 of 700
so d1 is NOT determined by pairs alone; the 3-body term varies

3-body        n    mean d1    mean d2 mean total
10-19         2       16.5       34.0       72.0
20-29       150       37.0       48.2      109.0
30-39       459       45.5       57.7      127.9
40-49        43       51.6       59.0      134.3
50-59        14       37.0       44.7      102.4
60-69        13       44.3       46.6      111.9
70-79         1       34.0       34.0       83.0
80-89         4       13.0       10.0       34.0
90-99         3        8.3       13.3       32.0
100-109       3       18.7       14.7       45.7
120-129       1       18.0       16.0       47.0
200-209       5       16.0       16.0       49.0
210-219       2        8.0        8.0       25.0
