D  s0=1/8       groups 2592 | tight 192 | loose-on-moving-cube 1102 | UNEVALUATED 134 (interior minimiser, no branch)
   1102 polynomials | 102 with a real root inside the extent | 3 distinct rational candidates | 10 roots IRRATIONAL (algebraic, not testable by rational evaluation)
   s=-2/19      tight 216 (baseline 192)  <== SPECIAL
   s=0          tight 216 (baseline 192)  <== SPECIAL
   s=2/9        tight 238 (baseline 192)  <== SPECIAL
Traceback (most recent call last):
  File "src/arc_special.py", line 235, in <module>
    main()
    ~~~~^^
  File "src/arc_special.py", line 230, in main
    json.dump(out, open(p, 'w'), indent=1)
    ~~~~~~~~~^^^^^^^^^^^^^^^^^^^^^^^^^^^^^
  File "/opt/homebrew/Cellar/python@3.14/3.14.2_1/Frameworks/Python.framework/Versions/3.14/lib/python3.14/json/__init__.py", line 181, in dump
    for chunk in iterable:
                 ^^^^^^^^
  File "/opt/homebrew/Cellar/python@3.14/3.14.2_1/Frameworks/Python.framework/Versions/3.14/lib/python3.14/json/encoder.py", line 444, in _iterencode
    yield from _iterencode_dict(o, _current_indent_level)
  File "/opt/homebrew/Cellar/python@3.14/3.14.2_1/Frameworks/Python.framework/Versions/3.14/lib/python3.14/json/encoder.py", line 413, in _iterencode_dict
    yield from chunks
  File "/opt/homebrew/Cellar/python@3.14/3.14.2_1/Frameworks/Python.framework/Versions/3.14/lib/python3.14/json/encoder.py", line 413, in _iterencode_dict
    yield from chunks
  File "/opt/homebrew/Cellar/python@3.14/3.14.2_1/Frameworks/Python.framework/Versions/3.14/lib/python3.14/json/encoder.py", line 413, in _iterencode_dict
    yield from chunks
  File "/opt/homebrew/Cellar/python@3.14/3.14.2_1/Frameworks/Python.framework/Versions/3.14/lib/python3.14/json/encoder.py", line 451, in _iterencode
    newobj = _default(o)
  File "/opt/homebrew/Cellar/python@3.14/3.14.2_1/Frameworks/Python.framework/Versions/3.14/lib/python3.14/json/encoder.py", line 182, in default
    raise TypeError(f'Object of type {o.__class__.__name__} '
                    f'is not JSON serializable')
TypeError: Object of type Integer is not JSON serializable
when serializing dict item 'n_irrational_roots_in_extent'
when serializing dict item 'D'
when serializing dict item 'arcs'
