=== A: swap-completion, one dropped cube at a time
drop cube 0 (5-subset 385) -> best [727, 727, 727, 727, 715, 715]
   climbed 727  subsets [393, 385, 385, 385, 383, 377]
   climbed 727  subsets [393, 385, 385, 385, 383, 377]
   climbed 727  subsets [393, 385, 385, 385, 383, 377]
drop cube 1 (5-subset 385) -> best [727, 727, 723, 723, 717, 715]
   climbed 727  subsets [393, 385, 385, 385, 383, 377]
   climbed 727  subsets [393, 385, 385, 385, 383, 377]
   climbed 723  subsets [389, 385, 383, 373, 373, 371]
drop cube 2 (5-subset 385) -> best [727, 727, 727, 727, 719, 719]
   climbed 727  subsets [393, 385, 385, 385, 383, 377]
   climbed 727  subsets [393, 385, 385, 385, 383, 377]
   climbed 727  subsets [393, 385, 385, 385, 383, 377]
drop cube 3 (5-subset 383) -> best [727, 727, 727, 727, 727, 727]
   climbed 727  subsets [393, 385, 385, 385, 383, 377]
   climbed 727  subsets [393, 385, 385, 385, 383, 377]
   climbed 727  subsets [393, 385, 385, 385, 383, 377]
drop cube 4 (5-subset 377) -> best [727, 727, 727, 727, 727, 727]
   climbed 727  subsets [393, 385, 385, 385, 383, 377]
   climbed 727  subsets [393, 385, 385, 385, 383, 377]
   climbed 727  subsets [393, 385, 385, 385, 383, 377]
drop cube 5 (5-subset 393) -> best [723, 723, 723, 723, 723, 723]
   climbed 723  subsets [393, 385, 383, 381, 381, 375]
   climbed 723  subsets [393, 385, 383, 381, 381, 375]
   climbed 723  subsets [393, 387, 381, 381, 381, 375]
=== B: balanced climb, objective (min 5-subset, total)
start 727 subsets [393, 385, 385, 385, 383, 377]
BALANCED BEST: min-subset 377, total 727
4,1,1,-1;3,3,7,3;5,-1,-5,-5;2,1,1,1;1,1,1,1;7,14,1,-5
configs above 727: []
