baseline: the documented deep-climb method, from 4 Haar-random starts
(documented chain from a STRUCTURED seed: 159 -> 171 -> 173 -> 175 -> 179 -> 183)

=== start 0: 1,0,0,0;4,-2,-1,0;-2,-2,0,1;0,-1,2,-2

=== PHASE D: deep multi-restart climb from [[1, 0, 0, 0], [4, -2, -1, 0], [-2, -2, 0, 1], [0, -1, 2, -2]] ===
  base climb: 167
  radius-4 certification of base climb: confirmed local max
  restart 0: 171  <-- NEW BEST
  restart 5: 175  <-- NEW BEST
PHASE D best: total=175 quats=[[1, 0, 0, 0], [3, -2, -1, 0], [1, 2, 0, -3], [1, 1, -1, 4]]

=== start 1: 1,0,0,0;-2,0,4,1;0,-2,-3,0;-4,-1,-2,1

=== PHASE D: deep multi-restart climb from [[1, 0, 0, 0], [-2, 0, 4, 1], [0, -2, -3, 0], [-4, -1, -2, 1]] ===
  base climb: 169
  radius-4 certification of base climb: confirmed local max
  restart 0: 179  <-- NEW BEST
PHASE D best: total=179 quats=[[1, 0, 0, 0], [1, -1, 4, 1], [2, 1, 1, 1], [4, 1, 1, -1]]

=== start 2: 1,0,0,0;-4,0,2,3;-4,-3,-2,0;-1,-2,2,-3

=== PHASE D: deep multi-restart climb from [[1, 0, 0, 0], [-4, 0, 2, 3], [-4, -3, -2, 0], [-1, -2, 2, -3]] ===
  base climb: 167
  radius-4 certification of base climb: IMPROVED
  restart 1: 175  <-- NEW BEST
  restart 10: 179  <-- NEW BEST
PHASE D best: total=179 quats=[[1, 0, 0, 0], [5, 0, -2, -3], [5, 2, 3, 0], [1, 0, -2, 3]]

=== start 3: 1,0,0,0;1,0,-2,5;2,3,3,0;1,1,-3,-1

=== PHASE D: deep multi-restart climb from [[1, 0, 0, 0], [1, 0, -2, 5], [2, 3, 3, 0], [1, 1, -3, -1]] ===
  base climb: 167
  radius-4 certification of base climb: confirmed local max
  restart 1: 173  <-- NEW BEST
  restart 2: 183  <-- NEW BEST
PHASE D best: total=183 quats=[[0, 1, 1, 0], [1, -1, -1, 4], [2, 3, 5, 0], [1, 1, -4, -1]]

total rational evaluations: 30899
