
[basin n=4 s2 #15 r1 iter 1] count 123  menu 12 dirs  height 94
   boundary crossing -> 127  (ABOVE 123)
   rays: 24 of 24 crossed, 0 found no wall within t<=8, 0 UNEVALUABLE  (after bisection: 0 back at count, 0 unevaluable)
   FACET CENSUS of this region: 9 distinct walls
      cubes [0, 2, 3]        at 1.7649e-05   count outside 119
      cubes [2]              at 4.4122e-05   count outside 119
      cubes [1, 2, 3]        at 6.1771e-05   count outside 119
      cubes [2, 3]           at 6.1771e-05   count outside 119
      cubes [0, 1, 2]        at 7.0595e-05   count outside 127
      cubes [3]              at 0.00015001   count outside 119
      cubes [0, 1, 3]        at 0.0001706   count outside 127
      cubes [0, 2]           at 0.00023826   count outside 127
      cubes []               at 0.00028532   count outside 119
   NEW RECORD 127  height 21  gate: both engines + 3 rotations agree
   1,0,0,0;16,10,8,-3;16,-2,-6,-11;16,21,8,-4

[basin n=4 s2 #15 r1 iter 2] count 127  menu 12 dirs  height 21
   boundary crossing -> 131  (ABOVE 127)
   rays: 24 of 24 crossed, 0 found no wall within t<=8, 0 UNEVALUABLE  (after bisection: 0 back at count, 0 unevaluable)
   FACET CENSUS of this region: 9 distinct walls
      cubes [1, 2, 3]        at 3.4877e-05   count outside 123
      cubes [0, 2, 3]        at 5.8129e-05   count outside 123
      cubes [2]              at 8.138e-05   count outside 123
      cubes [0, 1]           at 9.3006e-05   count outside 119
      cubes [2, 3]           at 0.00011626   count outside 123
      cubes [0, 2]           at 0.00013951   count outside 123
      cubes [0, 3]           at 0.00016276   count outside 131
      cubes []               at 0.00039528   count outside 123
      cubes [3]              at 0.00052316   count outside 123
   NEW RECORD 131  height 2952  gate: both engines + 3 rotations agree
   1,0,0,0;2048,1184,1263,-400;2048,-391,-797,-1302;2048,2952,1061,-264

[basin n=4 s2 #15 r1 iter 3] count 131  menu 12 dirs  height 2952
   boundary crossing -> 135  (ABOVE 131)
   rays: 24 of 24 crossed, 0 found no wall within t<=8, 0 UNEVALUABLE  (after bisection: 0 back at count, 0 unevaluable)
   FACET CENSUS of this region: 8 distinct walls
      cubes [0, 2, 3]        at 8.1876e-05   count outside 127
      cubes [0, 1, 3]        at 0.000186   count outside 127
      cubes [0, 3]           at 0.00020974   count outside 127
      cubes [0, 2]           at 0.00023852   count outside 127
      cubes [1, 2, 3]        at 0.00028127   count outside 127
      cubes [2, 3]           at 0.00030807   count outside 127
      cubes [0, 1, 2]        at 0.00074152   count outside 127
      cubes [1]              at 0.0014955   count outside 127
   NEW RECORD 135  height 95  gate: both engines + 3 rotations agree
   1,0,0,0;64,38,37,-17;64,-13,-25,-39;64,95,34,-7

[basin n=4 s2 #15 r1 iter 4] count 135  menu 12 dirs  height 95
   rays: 24 of 24 crossed, 0 found no wall within t<=8, 0 UNEVALUABLE  (after bisection: 0 back at count, 0 unevaluable)
   FACET CENSUS of this region: 5 distinct walls
      cubes [0, 3]           at 1.7989e-05   count outside 131
      cubes [0, 1, 3]        at 7.4527e-05   count outside 131
      cubes [0, 2, 3]        at 8.4807e-05   count outside 131
      cubes [1, 2, 3]        at 9.5086e-05   count outside 131
      cubes [2, 3]           at 0.00019017   count outside 131
   no crossing above the record; region is locally maximal OVER THE DIRECTIONS WALKED (not a proof — see facets.py for the saturation curve and vertex probes)
   solved scan: 216 chambers along 18 lines, 0 UNEVALUATED, best 135 (from 135)
=== n=4 s2 #15  123 -> 135  795s

[basin n=4 s2 #16 r1 iter 1] count 111  menu 12 dirs  height 120
   boundary crossing -> 112  (ABOVE 111)
   boundary crossing -> 115  (ABOVE 111)
   rays: 24 of 24 crossed, 0 found no wall within t<=8, 0 UNEVALUABLE  (after bisection: 0 back at count, 0 unevaluable)
   FACET CENSUS of this region: 5 distinct walls
      cubes [0, 1, 2]        at 2.1701e-05   count outside 107
      cubes [1, 2, 3]        at 7.5955e-05   count outside 115
      cubes [1, 2]           at 0.00013835   count outside 112
      cubes [0, 2, 3]        at 0.000236   count outside 115
      cubes [0]              at 0.00062391   count outside 107
   NEW RECORD 115  height 85  gate: both engines + 3 rotations agree
   1,0,0,0;16,-33,28,-37;16,-53,-5,2;16,85,-35,54

[basin n=4 s2 #16 r1 iter 2] count 115  menu 12 dirs  height 85
   boundary crossing -> 116  (ABOVE 115)
   boundary crossing -> 119  (ABOVE 115)
   rays: 24 of 24 crossed, 0 found no wall within t<=8, 0 UNEVALUABLE  (after bisection: 0 back at count, 0 unevaluable)
   FACET CENSUS of this region: 3 distinct walls
      cubes [1, 2, 3]        at 8.6167e-06   count outside 111
      cubes [0, 2, 3]        at 0.00019531   count outside 119
      cubes [0, 1, 2]        at 0.00039637   count outside 111
   NEW RECORD 119  height 85  gate: both engines + 3 rotations agree
   1,0,0,0;16,-32,28,-35;16,-53,-5,3;16,85,-34,55

[basin n=4 s2 #16 r1 iter 3] count 119  menu 12 dirs  height 85
   boundary crossing -> 120  (ABOVE 119)
   rays: 24 of 24 crossed, 0 found no wall within t<=8, 0 UNEVALUABLE  (after bisection: 0 back at count, 0 unevaluable)
   FACET CENSUS of this region: 3 distinct walls
      cubes [0, 2, 3]        at 8.3295e-05   count outside 115
      cubes [1, 2, 3]        at 0.0001034   count outside 115
      cubes [0, 1, 2]        at 0.00017808   count outside 115
   NEW RECORD 120  height 84  gate: both engines + 3 rotations agree
   1,0,0,0;16,-33,27,-36;16,-53,-5,3;16,84,-33,55

[basin n=4 s2 #16 r1 iter 4] count 120  menu 12 dirs  height 84
   rays: 24 of 24 crossed, 0 found no wall within t<=8, 0 UNEVALUABLE  (after bisection: 0 back at count, 0 unevaluable)
   FACET CENSUS of this region: 4 distinct walls
      cubes [1, 2, 3]        at 1.1626e-05   count outside 119
      cubes [0, 2, 3]        at 0.00011044   count outside 116
      cubes [0, 1, 2]        at 0.00012788   count outside 116
      cubes [1, 2]           at 0.00024414   count outside 119
   no crossing above the record; region is locally maximal OVER THE DIRECTIONS WALKED (not a proof — see facets.py for the saturation curve and vertex probes)
