starting
planes/cube [24, 24, 24, 24, 23] ; quadrics/cube [96, 96, 96, 96, 96]
squarefree classes of the irrational solutions (top 12): [(5, 13500), (17, 12930), (465, 8394), (15, 8106), (115, 7536), (6, 7104), (10, 6828), (481, 6594), (217, 5970), (145, 5508), (13, 5244), (73, 4998)]
classes with d > 100: 1328, solutions 1112028
d        solutions  min|comp|
465         16788          9
115         15072          3
481         13188          9
217         11940          6
145         11016          7
241          8916         17
177          8580         12
505          8352         14
281          8328         14
161          7692          9
433          6996         12
601          6912         57
1105         6912         13
8761         6648         36
8545         6084         91

PER-SOLUTION joint budget d*m^2 <= 26214400 (same corner as now):
  admissible: 595452 of 1377612 solutions (43.2%)
  of which d > 100 (newly reachable): 342720
