=== GATE: hardcoded reconstruction (shared_axis_search.run_gates) ===
=== GATES ===
  GATE 183 (n=4, on-axis{(0,1),(1,4)} + spoke{(0,1),(-1,1)}): total=183 (want 183) PASS
  GATE 723 (n=6, spoke{C3-locked} + on-axis{(1,2),(1,1),(2,5)}): total=723 (want 723) PASS
  BOTH GATES PASS -- the family CONTAINS both records exactly.

=== GATE: catalog membership ===
  blueprint 47 (n6_onaxis3+spoke3_ax111) is a SURVIVOR.  PASS
=== GATE: knob optimization reproduces 723 from this blueprint's own search ===
  optimizer best = 723 (want >=723)  PASS
  GATE PASSES.

[1/69] running n6_spoke6_ax111 (axis=(1,1,1)) ...
    locked=597 free=599 (record 723)  evals=946 dt=43s
[2/69] running n6_spoke6_ax001 (axis=(0,0,1)) ...
    locked=583 free=689 (record 723)  evals=951 dt=46s
[3/69] running n6_spoke6_ax110 (axis=(1,1,0)) ...
    locked=593 free=651 (record 723)  evals=826 dt=41s
[4/69] running n6_spoke5+free1_ax111 (axis=(1,1,1)) ...
    locked=609 free=617 (record 723)  evals=960 dt=47s
[5/69] running n6_spoke5+free1_ax001 (axis=(0,0,1)) ...
    locked=639 free=675 (record 723)  evals=953 dt=45s
[6/69] running n6_spoke5+free1_ax110 (axis=(1,1,0)) ...
    locked=637 free=635 (record 723)  evals=1075 dt=49s
[7/69] running n6_spoke4+spoke2_ax111 (axis=(1,1,1)) ...
    locked=603 free=637 (record 723)  evals=1006 dt=48s
[8/69] running n6_spoke4+spoke2_ax001 (axis=(0,0,1)) ...
    locked=649 free=619 (record 723)  evals=1027 dt=48s
[9/69] running n6_spoke4+spoke2_ax110 (axis=(1,1,0)) ...
    locked=635 free=637 (record 723)  evals=1158 dt=56s
[10/69] running n6_spoke4+free2_ax111 (axis=(1,1,1)) ...
    locked=625 free=625 (record 723)  evals=967 dt=47s
[11/69] running n6_spoke4+free2_ax001 (axis=(0,0,1)) ...
    locked=595 free=667 (record 723)  evals=1098 dt=55s
[12/69] running n6_spoke4+free2_ax110 (axis=(1,1,0)) ...
    locked=627 free=633 (record 723)  evals=948 dt=45s
[13/69] running n6_spoke3+spoke3_ax111 (axis=(1,1,1)) ...
    locked=637 free=627 (record 723)  evals=1239 dt=61s
[14/69] running n6_spoke3+spoke3_ax001 (axis=(0,0,1)) ...
    locked=621 free=641 (record 723)  evals=1229 dt=63s
[15/69] running n6_spoke3+spoke3_ax110 (axis=(1,1,0)) ...
    locked=599 free=649 (record 723)  evals=1239 dt=61s
[16/69] running n6_spoke3+spoke2+free1_ax111 (axis=(1,1,1)) ...
    locked=613 free=657 (record 723)  evals=1015 dt=51s
[17/69] running n6_spoke3+spoke2+free1_ax001 (axis=(0,0,1)) ...
    locked=621 free=637 (record 723)  evals=1050 dt=52s
[18/69] running n6_spoke3+spoke2+free1_ax110 (axis=(1,1,0)) ...
    locked=639 free=625 (record 723)  evals=1038 dt=52s
[19/69] running n6_spoke3+free3_ax111 (axis=(1,1,1)) ...
    locked=629 free=633 (record 723)  evals=957 dt=47s
[20/69] running n6_spoke3+free3_ax001 (axis=(0,0,1)) ...
    locked=615 free=641 (record 723)  evals=966 dt=48s
[21/69] running n6_spoke3+free3_ax110 (axis=(1,1,0)) ...
    locked=655 free=651 (record 723)  evals=1093 dt=52s
[22/69] running n6_spoke2+spoke2+spoke2_ax111 (axis=(1,1,1)) ...
    locked=627 free=631 (record 723)  evals=1192 dt=58s
[23/69] running n6_spoke2+spoke2+spoke2_ax001 (axis=(0,0,1)) ...
    locked=641 free=623 (record 723)  evals=1388 dt=66s
[24/69] running n6_spoke2+spoke2+spoke2_ax110 (axis=(1,1,0)) ...
    locked=599 free=641 (record 723)  evals=1320 dt=63s
[25/69] running n6_spoke2+spoke2+free2_ax111 (axis=(1,1,1)) ...
    locked=617 free=641 (record 723)  evals=1170 dt=55s
[26/69] running n6_spoke2+spoke2+free2_ax001 (axis=(0,0,1)) ...
    locked=633 free=637 (record 723)  evals=1223 dt=60s
[27/69] running n6_spoke2+spoke2+free2_ax110 (axis=(1,1,0)) ...
    locked=613 free=653 (record 723)  evals=1093 dt=55s
[28/69] running n6_spoke2+free4_ax111 (axis=(1,1,1)) ...
    locked=627 free=639 (record 723)  evals=1020 dt=51s
[29/69] running n6_spoke2+free4_ax001 (axis=(0,0,1)) ...
    locked=623 free=635 (record 723)  evals=1085 dt=53s
[30/69] running n6_spoke2+free4_ax110 (axis=(1,1,0)) ...
    locked=619 free=639 (record 723)  evals=1010 dt=51s
[31/69] running n6_free6 (axis=None) ...
    locked=627 free=647 (record 723)  evals=942 dt=47s
[32/69] running n6_onaxis2+spoke4_ax111 (axis=(1,1,1)) ...
    locked=607 free=661 (record 723)  evals=1032 dt=49s
[33/69] running n6_onaxis2+spoke4_ax001 (axis=(0,0,1)) ...
    locked=539 free=545 (record 723)  evals=831 dt=31s
[34/69] running n6_onaxis2+spoke4_ax110 (axis=(1,1,0)) ...
    locked=637 free=667 (record 723)  evals=899 dt=44s
[35/69] running n6_onaxis2+spoke3+free1_ax111 (axis=(1,1,1)) ...
    locked=643 free=643 (record 723)  evals=904 dt=40s
[36/69] running n6_onaxis2+spoke3+free1_ax001 (axis=(0,0,1)) ...
    locked=557 free=555 (record 723)  evals=1028 dt=40s
[37/69] running n6_onaxis2+spoke3+free1_ax110 (axis=(1,1,0)) ...
    locked=647 free=655 (record 723)  evals=904 dt=42s
[38/69] running n6_onaxis2+spoke2+spoke2_ax111 (axis=(1,1,1)) ...
    locked=625 free=651 (record 723)  evals=1095 dt=48s
[39/69] running n6_onaxis2+spoke2+spoke2_ax001 (axis=(0,0,1)) ...
    locked=547 free=539 (record 723)  evals=1232 dt=48s
[40/69] running n6_onaxis2+spoke2+spoke2_ax110 (axis=(1,1,0)) ...
    locked=627 free=661 (record 723)  evals=1122 dt=53s
[41/69] running n6_onaxis2+spoke2+free2_ax111 (axis=(1,1,1)) ...
    locked=595 free=649 (record 723)  evals=978 dt=44s
[42/69] running n6_onaxis2+spoke2+free2_ax001 (axis=(0,0,1)) ...
    locked=539 free=549 (record 723)  evals=1084 dt=41s
[43/69] running n6_onaxis2+spoke2+free2_ax110 (axis=(1,1,0)) ...
    locked=637 free=667 (record 723)  evals=597 dt=31s
[44/69] running n6_onaxis2+free4_ax111 (axis=(1,1,1)) ...
    locked=643 free=677 (record 723)  evals=885 dt=44s
[45/69] running n6_onaxis2+free4_ax001 (axis=(0,0,1)) ...
    locked=497 free=537 (record 723)  evals=798 dt=30s
[46/69] running n6_onaxis2+free4_ax110 (axis=(1,1,0)) ...
    locked=673 free=667 (record 723)  evals=883 dt=45s
[48/69] running n6_onaxis3+spoke3_ax001 (axis=(0,0,1)) ...
    locked=463 free=473 (record 723)  evals=779 dt=23s
[49/69] running n6_onaxis3+spoke3_ax110 (axis=(1,1,0)) ...
    locked=645 free=667 (record 723)  evals=1083 dt=52s
[50/69] running n6_onaxis3+spoke2+free1_ax111 (axis=(1,1,1)) ...
    locked=663 free=667 (record 723)  evals=965 dt=43s
[51/69] running n6_onaxis3+spoke2+free1_ax001 (axis=(0,0,1)) ...
    locked=463 free=459 (record 723)  evals=1090 dt=33s
[52/69] running n6_onaxis3+spoke2+free1_ax110 (axis=(1,1,0)) ...
    locked=643 free=661 (record 723)  evals=1012 dt=47s
[53/69] running n6_onaxis3+free3_ax111 (axis=(1,1,1)) ...
    locked=653 free=679 (record 723)  evals=829 dt=37s
[54/69] running n6_onaxis3+free3_ax001 (axis=(0,0,1)) ...
    locked=455 free=471 (record 723)  evals=929 dt=26s
[55/69] running n6_onaxis3+free3_ax110 (axis=(1,1,0)) ...
    locked=635 free=679 (record 723)  evals=935 dt=43s
[56/69] running n6_onaxis4+spoke2_ax111 (axis=(1,1,1)) ...
    locked=659 free=667 (record 723)  evals=927 dt=39s
[57/69] running n6_onaxis4+spoke2_ax001 (axis=(0,0,1)) ...
    locked=363 free=371 (record 723)  evals=963 dt=22s
[58/69] running n6_onaxis4+spoke2_ax110 (axis=(1,1,0)) ...
    locked=647 free=669 (record 723)  evals=890 dt=39s
[59/69] running n6_onaxis4+free2_ax111 (axis=(1,1,1)) ...
    locked=651 free=681 (record 723)  evals=936 dt=38s
[60/69] running n6_onaxis4+free2_ax001 (axis=(0,0,1)) ...
    locked=367 free=377 (record 723)  evals=826 dt=18s
[61/69] running n6_onaxis4+free2_ax110 (axis=(1,1,0)) ...
    locked=655 free=677 (record 723)  evals=722 dt=32s
[62/69] running n6_onaxis5+free1_ax111 (axis=(1,1,1)) ...
    locked=625 free=631 (record 723)  evals=934 dt=31s
[63/69] running n6_onaxis5+free1_ax001 (axis=(0,0,1)) ...
    locked=265 free=271 (record 723)  evals=894 dt=12s
[64/69] running n6_onaxis5+free1_ax110 (axis=(1,1,0)) ...
    locked=633 free=653 (record 723)  evals=866 dt=36s
[65/69] running n6_onaxis6_ax111 (axis=(1,1,1)) ...
    locked=541 free=541 (record 723)  evals=683 dt=18s
[66/69] running n6_onaxis6_ax001 (axis=(0,0,1)) ...
    locked=121 free=121 (record 723)  evals=640 dt=4s
[67/69] running n6_onaxis6_ax110 (axis=(1,1,0)) ...
    locked=613 free=613 (record 723)  evals=893 dt=33s

DONE. 67/67 blueprints. Total wall time 3298s. Report -> ~/carroll/blueprint_search_report.md
=== REFINEMENT PASS: top 12 non-gate blueprints, budget={'n_random_free': 4, 'steps_free': 14, 'restarts_wide_free': 3, 'n_random_locked': 1, 'steps_locked': 6, 'restarts_wide_locked': 1} ===
[refine 1/12] n6_spoke6_ax001 (coarse best 689) ...
    refined: locked=609 free=689 (coarse 689, record 723)  evals=3076 dt=152s
[refine 2/12] n6_onaxis4+free2_ax111 (coarse best 681) ...
    refined: locked=667 free=683 (coarse 681, record 723)  evals=3697 dt=169s
[refine 3/12] n6_onaxis3+free3_ax111 (coarse best 679) ...
    refined: locked=675 free=713 (coarse 679, record 723)  evals=3749 dt=183s
[refine 4/12] n6_onaxis3+free3_ax110 (coarse best 679) ...
    refined: locked=661 free=683 (coarse 679, record 723)  evals=3731 dt=194s
[refine 5/12] n6_onaxis2+free4_ax111 (coarse best 677) ...
    refined: locked=641 free=685 (coarse 677, record 723)  evals=3954 dt=240s
[refine 6/12] n6_onaxis4+free2_ax110 (coarse best 677) ...
    refined: locked=641 free=683 (coarse 677, record 723)  evals=3822 dt=228s
[refine 7/12] n6_spoke5+free1_ax001 (coarse best 675) ...
    refined: locked=619 free=689 (coarse 675, record 723)  evals=4699 dt=227s
[refine 8/12] n6_onaxis2+free4_ax110 (coarse best 673) ...
    refined: locked=673 free=683 (coarse 673, record 723)  evals=3461 dt=164s
[refine 9/12] n6_onaxis4+spoke2_ax110 (coarse best 669) ...
    refined: locked=659 free=679 (coarse 669, record 723)  evals=3872 dt=244s
[refine 10/12] n6_spoke4+free2_ax001 (coarse best 667) ...
    refined: locked=675 free=659 (coarse 667, record 723)  evals=4742 dt=321s
[refine 11/12] n6_onaxis2+spoke4_ax110 (coarse best 667) ...
    refined: locked=667 free=679 (coarse 667, record 723)  evals=4009 dt=275s
[refine 12/12] n6_onaxis2+spoke2+free2_ax110 (coarse best 667) ...
    refined: locked=657 free=685 (coarse 667, record 723)  evals=4885 dt=341s

REFINE DONE. 12 blueprints, 2739s. Report section appended -> ~/carroll/blueprint_search_report.md
