============================================================================
1. WHAT c=2 GOES WITH: E, V, d1 and total, split by c   (ell = 1)
============================================================================
  c=1  n= 306   mean E=  241.5  mean V=  192.9  mean d1=  50.6  max d1= 114  max total= 359
  c=2  n=   2   mean E=  243.0  mean V=  197.0  mean d1=  49.0  max d1=  49  max total= 250

============================================================================
2. DIRECTED CLIMB: how HIGH can d1 go while c stays 2?
   (the record has d1 = 92, total 183, and c = 1)
============================================================================
  from 1,0,0,0;1,5,10,15;1,2,4,6;8,7,14,2 -> best d1= 35 total= 114 c=2
       1,0,0,0;15,88,164,238;7,40,56,90;118,118,230,336
  from 1,0,0,0;-23,-90,43,22;72,-37,-17,- -> best d1= 47 total= 134 c=2
       1,0,0,0;-48,-183,88,47;146,-74,-36,-5;-5,7,-162,50
  from 1,0,0,0;1,14,-21,-7;8,10,-15,-5;1, -> best d1= 43 total= 120 c=2
       1,0,0,0;0,44,-76,-26;43,43,-68,-16;9,66,-84,-19
  from 1,0,0,0;29,-106,-12,-9;-106,31,32, -> best d1= 43 total= 132 c=2
       1,0,0,0;115,-424,-46,-34;-425,125,130,115;-23,129,-137,123

  BEST c=2 FOUND: d1 = 47, total = 134
    1,0,0,0;-48,-183,88,47;146,-74,-36,-5;-5,7,-162,50
  against the n=4 record d1 = 92, total = 183 (c = 1)
