[  149.2s] n=6 k=3 c=49    lin 3 -> empty     0 dirs: 0 confirmed, 0 unevaluable, 0 changed; wraps []
[  205.7s] n=6 k=4 c=173   lin 2 -> nonempty  2 dirs: 1 confirmed, 0 unevaluable, 1 changed; wraps [169]
[  470.4s] n=6 k=4 c=159   lin 4 -> nonempty  2 dirs: 2 confirmed, 0 unevaluable, 0 changed; wraps [159, 159]
[  911.8s] n=6 k=5 c=377   lin 3 -> empty     0 dirs: 0 confirmed, 0 unevaluable, 0 changed; wraps []
[  974.5s] n=7 k=3 c=53    lin 3 -> nonempty  16 dirs: 16 confirmed, 0 unevaluable, 0 changed; wraps ['multi-cube', 'multi-cube', 'multi-cube', 'multi-cube']
[  977.6s] n=7 k=4 c=183   lin 1 -> empty     0 dirs: 0 confirmed, 0 unevaluable, 0 changed; wraps []
[  999.0s] n=7 k=4 c=169   lin 2 -> empty     0 dirs: 0 confirmed, 0 unevaluable, 0 changed; wraps []
[ 1008.9s] n=7 k=4 c=161   lin 4 -> nonempty  15 dirs: 3 confirmed, 0 unevaluable, 12 changed; wraps [57, 'multi-cube', 53]
[ 1062.8s] n=7 k=4 c=147   lin 6 -> nonempty  15 dirs: 15 confirmed, 0 unevaluable, 0 changed; wraps [167, 131, 141, 141]
[ 1071.3s] n=7 k=5 c=383   lin 2 -> nonempty  1 dirs: 0 confirmed, 0 unevaluable, 1 changed; wraps []
[ 1488.8s] n=7 k=5 c=377   lin 3 -> empty     0 dirs: 0 confirmed, 0 unevaluable, 0 changed; wraps []
[ 1909.1s] n=7 k=5 c=363   lin 5 -> nonempty  1 dirs: 1 confirmed, 0 unevaluable, 0 changed; wraps [383]
[ 1923.8s] n=7 k=6 c=717   lin 2 -> nonempty  1 dirs: 0 confirmed, 0 unevaluable, 1 changed; wraps []
[ 2582.7s] n=7 k=6 c=709   lin 4 -> nonempty  1 dirs: 0 confirmed, 0 unevaluable, 1 changed; wraps []
[ 2658.2s] n=8 k=3 c=53    lin 3 -> nonempty  16 dirs: 16 confirmed, 0 unevaluable, 0 changed; wraps ['multi-cube', 'multi-cube', 'multi-cube', 'multi-cube']
[ 2660.0s] n=8 k=3 c=43    lin 5 -> nonempty  5 dirs: 5 confirmed, 0 unevaluable, 0 changed; wraps [57, 57, 63, 63]
[ 2702.4s] n=8 k=4 c=173   lin 2 -> nonempty  2 dirs: 1 confirmed, 0 unevaluable, 1 changed; wraps [169]
[ 2907.0s] n=8 k=4 c=165   lin 3 -> empty     0 dirs: 0 confirmed, 0 unevaluable, 0 changed; wraps []
[ 3180.2s] n=8 k=4 c=159   lin 4 -> nonempty  2 dirs: 2 confirmed, 0 unevaluable, 0 changed; wraps [159, 159]
[ 3227.2s] n=8 k=4 c=153   lin 6 -> nonempty  27 dirs: 24 confirmed, 0 unevaluable, 3 changed; wraps ['multi-cube', 141, 'multi-cube', 'multi-cube']
[ 3229.6s] n=8 k=4 c=145   lin 7 -> nonempty  7 dirs: 7 confirmed, 0 unevaluable, 0 changed; wraps [163, 163, 163, 155]
[ 3238.3s] n=8 k=5 c=385   lin 1 -> empty     0 dirs: 0 confirmed, 0 unevaluable, 0 changed; wraps []
[ 3264.4s] n=8 k=5 c=381   lin 2 -> empty     0 dirs: 0 confirmed, 0 unevaluable, 0 changed; wraps []
[ 3293.5s] n=8 k=5 c=373   lin 3 -> nonempty  1 dirs: 1 confirmed, 0 unevaluable, 0 changed; wraps [169]
[ 3324.0s] n=8 k=5 c=367   lin 3 -> empty     0 dirs: 0 confirmed, 0 unevaluable, 0 changed; wraps []
[ 3347.6s] n=8 k=5 c=359   lin 5 -> nonempty  15 dirs: 15 confirmed, 0 unevaluable, 0 changed; wraps [159, 'multi-cube', 'multi-cube', 'multi-cube']
[ 3495.1s] n=8 k=5 c=353   lin 7 -> nonempty  9 dirs: 5 confirmed, 0 unevaluable, 4 changed; wraps [369, 381, 381, 383]
[ 3508.4s] n=8 k=6 c=727   lin 1 -> empty     0 dirs: 0 confirmed, 0 unevaluable, 0 changed; wraps []
[ 3543.3s] n=8 k=6 c=717   lin 3 -> nonempty  1 dirs: 1 confirmed, 0 unevaluable, 0 changed; wraps [385]
[ 3564.3s] n=8 k=6 c=715   lin 3 -> nonempty  1 dirs: 1 confirmed, 0 unevaluable, 0 changed; wraps [383]
[ 3619.7s] n=8 k=6 c=707   lin 3 -> empty     0 dirs: 0 confirmed, 0 unevaluable, 0 changed; wraps []
[ 3680.0s] n=8 k=6 c=701   lin 5 -> nonempty  15 dirs: 2 confirmed, 0 unevaluable, 13 changed; wraps [373, 369]
[ 4143.8s] n=8 k=6 c=685   lin 8 -> nonempty  4 dirs: 4 confirmed, 0 unevaluable, 0 changed; wraps [715, 713, 713, 713]
[ 4187.4s] n=8 k=7 c=1203  lin 3 -> nonempty  1 dirs: 0 confirmed, 0 unevaluable, 1 changed; wraps []
[ 4188.8s] n=9 k=3 c=63    lin 1 -> empty     0 dirs: 0 confirmed, 0 unevaluable, 0 changed; wraps []
[ 4234.6s] n=9 k=3 c=49    lin 3 -> empty     0 dirs: 0 confirmed, 0 unevaluable, 0 changed; wraps []
[ 4236.1s] n=9 k=3 c=43    lin 5 -> nonempty  5 dirs: 5 confirmed, 0 unevaluable, 0 changed; wraps [57, 57, 63, 63]
[ 4239.4s] n=9 k=4 c=183   lin 1 -> empty     0 dirs: 0 confirmed, 0 unevaluable, 0 changed; wraps []
[ 4262.7s] n=9 k=4 c=169   lin 2 -> empty     0 dirs: 0 confirmed, 0 unevaluable, 0 changed; wraps []
[ 4273.6s] n=9 k=4 c=161   lin 4 -> nonempty  15 dirs: 3 confirmed, 0 unevaluable, 12 changed; wraps [57, 'multi-cube', 53]
[ 4402.1s] n=9 k=4 c=157   lin 4 -> nonempty  1 dirs: 1 confirmed, 0 unevaluable, 0 changed; wraps [167]
[ 4408.7s] n=9 k=4 c=151   lin 4 -> nonempty  10 dirs: 10 confirmed, 0 unevaluable, 0 changed; wraps [127, 145, 157, 149]
[ 4451.7s] n=9 k=4 c=147   lin 6 -> nonempty  15 dirs: 15 confirmed, 0 unevaluable, 0 changed; wraps [167, 131, 141, 141]
[ 4453.2s] n=9 k=4 c=138   lin 7 -> nonempty  7 dirs: 5 confirmed, 0 unevaluable, 2 changed; wraps [159, 159, 165, 159]
[ 4459.4s] n=9 k=5 c=385   lin 1 -> empty     0 dirs: 0 confirmed, 0 unevaluable, 0 changed; wraps []
[ 4524.2s] n=9 k=5 c=383   lin 2 -> empty     0 dirs: 0 confirmed, 0 unevaluable, 0 changed; wraps []
[ 4845.5s] n=9 k=5 c=377   lin 3 -> empty     0 dirs: 0 confirmed, 0 unevaluable, 0 changed; wraps []
[ 4858.8s] n=9 k=5 c=369   lin 3 -> nonempty  10 dirs: 10 confirmed, 0 unevaluable, 0 changed; wraps [361, 'multi-cube', 'multi-cube', 'multi-cube']
[ 4878.2s] n=9 k=5 c=367   lin 3 -> empty     0 dirs: 0 confirmed, 0 unevaluable, 0 changed; wraps []
[ 5185.3s] n=9 k=5 c=363   lin 5 -> nonempty  2 dirs: 2 confirmed, 0 unevaluable, 0 changed; wraps [385, 385]
[ 5205.1s] n=9 k=5 c=359   lin 5 -> nonempty  15 dirs: 15 confirmed, 0 unevaluable, 0 changed; wraps [159, 'multi-cube', 'multi-cube', 'multi-cube']
[ 5338.6s] n=9 k=5 c=357   lin 7 -> nonempty  6 dirs: 6 confirmed, 0 unevaluable, 0 changed; wraps [339, 387, 'multi-cube', 385]
[ 5358.5s] n=9 k=5 c=351   lin 5 -> nonempty  15 dirs: 15 confirmed, 0 unevaluable, 0 changed; wraps [159, 'multi-cube', 'multi-cube', 'multi-cube']
[ 5490.4s] n=9 k=5 c=347   lin 7 -> nonempty  48 dirs: 11 confirmed, 0 unevaluable, 37 changed; wraps ['multi-cube', 'multi-cube', 'multi-cube', 'multi-cube']
[ 5731.8s] n=9 k=5 c=345   lin 9 -> nonempty  80 dirs: 24 confirmed, 0 unevaluable, 56 changed; wraps [373, 'multi-cube', 373, 'multi-cube']
[ 5901.4s] n=9 k=5 c=337   lin 9 -> nonempty  62 dirs: 16 confirmed, 0 unevaluable, 46 changed; wraps [369, 'multi-cube', 'multi-cube', 369]
[ 5926.7s] n=9 k=6 c=723   lin 2 -> empty     0 dirs: 0 confirmed, 0 unevaluable, 0 changed; wraps []
[ 5953.2s] n=9 k=6 c=717   lin 3 -> nonempty  1 dirs: 1 confirmed, 0 unevaluable, 0 changed; wraps [385]
[ 5969.5s] n=9 k=6 c=715   lin 3 -> nonempty  1 dirs: 1 confirmed, 0 unevaluable, 0 changed; wraps [383]
[ 5994.2s] n=9 k=6 c=709   lin 3 -> nonempty  10 dirs: 10 confirmed, 0 unevaluable, 0 changed; wraps [687, 'multi-cube', 'multi-cube', 'multi-cube']
[ 6022.7s] n=9 k=6 c=707   lin 2 -> empty     0 dirs: 0 confirmed, 0 unevaluable, 0 changed; wraps []
[ 6068.0s] n=9 k=6 c=707   lin 3 -> empty     0 dirs: 0 confirmed, 0 unevaluable, 0 changed; wraps []
[ 6477.9s] n=9 k=6 c=703   lin 5 -> nonempty  4 dirs: 2 confirmed, 0 unevaluable, 2 changed; wraps [723, 723]
[ 6517.5s] n=9 k=6 c=701   lin 5 -> nonempty  15 dirs: 2 confirmed, 0 unevaluable, 13 changed; wraps [373, 369]
[ 6957.9s] n=9 k=6 c=697   lin 5 -> nonempty  2 dirs: 2 confirmed, 0 unevaluable, 0 changed; wraps [707, 715]
[ 6980.8s] n=9 k=6 c=693   lin 4 -> nonempty  1 dirs: 1 confirmed, 0 unevaluable, 0 changed; wraps [663]
[ 7202.8s] n=9 k=6 c=691   lin 7 -> nonempty  20 dirs: 1 confirmed, 0 unevaluable, 19 changed; wraps [717]
[ 7225.3s] n=9 k=6 c=687   lin 6 -> nonempty  20 dirs: 20 confirmed, 0 unevaluable, 0 changed; wraps [569, 'multi-cube', 'multi-cube', 'multi-cube']
[ 7538.4s] n=9 k=6 c=681   lin 8 -> nonempty  21 dirs: 8 confirmed, 0 unevaluable, 13 changed; wraps [713, 713, 713, 713]
[ 7700.7s] n=9 k=6 c=673   lin 10 -> nonempty  35 dirs: 11 confirmed, 0 unevaluable, 24 changed; wraps [693, 'multi-cube', 'multi-cube', 693]
[ 7720.2s] n=9 k=7 c=1217  lin 2 -> empty     0 dirs: 0 confirmed, 0 unevaluable, 0 changed; wraps []
[ 7747.1s] n=9 k=7 c=1205  lin 4 -> nonempty  1 dirs: 1 confirmed, 0 unevaluable, 0 changed; wraps [713]
[ 7803.7s] n=9 k=7 c=1201  lin 4 -> nonempty  1 dirs: 0 confirmed, 0 unevaluable, 1 changed; wraps []
[ 7850.3s] n=9 k=7 c=1195  lin 4 -> nonempty  10 dirs: 3 confirmed, 0 unevaluable, 7 changed; wraps [715, 'multi-cube', 'multi-cube']
[ 7880.8s] n=9 k=7 c=1193  lin 4 -> nonempty  1 dirs: 1 confirmed, 0 unevaluable, 0 changed; wraps [1137]
[ 9061.1s] n=9 k=7 c=1187  lin 6 -> nonempty  3 dirs: 2 confirmed, 0 unevaluable, 1 changed; wraps [1209, 1209]
[ 9144.5s] n=9 k=7 c=1181  lin 6 -> nonempty  20 dirs: 3 confirmed, 0 unevaluable, 17 changed; wraps [701, 689, 701]
[ 9195.7s] n=9 k=7 c=1171  lin 6 -> nonempty  3 dirs: 3 confirmed, 0 unevaluable, 0 changed; wraps [691, 991, 695]
[ 9246.2s] n=9 k=8 c=1887  lin 3 -> empty     0 dirs: 0 confirmed, 0 unevaluable, 0 changed; wraps []
[10392.4s] n=9 k=8 c=1873  lin 6 -> nonempty  15 dirs: 3 confirmed, 0 unevaluable, 12 changed; wraps [1887, 1895, 'multi-cube']
[10392.4s] done: 80 classes
