[   31.0s] n=6 k=3 count=49 idxs=(0, 1, 5)
[   31.4s] n=6 k=4 count=173 idxs=(0, 3, 4, 5)
[   32.8s] n=6 k=4 count=159 idxs=(0, 1, 2, 5)
[   34.1s] n=6 k=5 count=377 idxs=(0, 1, 2, 3, 5)
[   37.7s] n=7 k=3 count=53 idxs=(0, 2, 6)
[   38.0s] n=7 k=4 count=183 idxs=(0, 1, 2, 4)
[   38.3s] n=7 k=4 count=169 idxs=(0, 2, 4, 6)
[   38.6s] n=7 k=4 count=161 idxs=(0, 4, 5, 6)
[   39.4s] n=7 k=4 count=147 idxs=(0, 1, 5, 6)
[   40.3s] n=7 k=5 count=383 idxs=(0, 1, 3, 4, 6)
[   40.6s] n=7 k=5 count=377 idxs=(0, 1, 2, 3, 5)
[   44.3s] n=7 k=5 count=363 idxs=(0, 1, 2, 5, 6)
[   47.1s] n=7 k=6 count=717 idxs=(0, 1, 3, 4, 5, 6)
[   48.4s] n=7 k=6 count=709 idxs=(0, 1, 2, 3, 5, 6)
[   57.0s] n=8 k=3 count=53 idxs=(0, 2, 6)
[   57.4s] n=8 k=3 count=43 idxs=(0, 1, 6)
[   57.9s] n=8 k=4 count=173 idxs=(0, 3, 4, 5)
[   59.3s] n=8 k=4 count=165 idxs=(0, 1, 3, 5)
[   60.8s] n=8 k=4 count=159 idxs=(0, 1, 2, 5)
[   62.2s] n=8 k=4 count=153 idxs=(0, 1, 2, 7)
[   77.6s] n=8 k=4 count=145 idxs=(2, 5, 6, 7)
[   90.7s] n=8 k=5 count=385 idxs=(0, 1, 3, 4, 5)
[   91.8s] n=8 k=5 count=381 idxs=(0, 1, 3, 4, 7)
[  589.0s] n=8 k=5 count=373 idxs=(0, 2, 4, 6, 7)
[ 1130.1s] n=8 k=5 count=367 idxs=(2, 3, 4, 6, 7)
[ 1824.2s] n=8 k=5 count=359 idxs=(3, 4, 5, 6, 7)
[ 2033.3s] n=8 k=5 count=353 idxs=(0, 1, 3, 6, 7)
[ 2183.8s] n=8 k=6 count=727 idxs=(0, 1, 2, 3, 4, 5)
[ 2186.9s] n=8 k=6 count=717 idxs=(0, 1, 2, 4, 6, 7)
[ 3457.9s] n=8 k=6 count=715 idxs=(0, 1, 2, 4, 5, 7)
[ 4069.5s] n=8 k=6 count=707 idxs=(0, 2, 3, 4, 6, 7)
[ 5569.8s] n=8 k=6 count=701 idxs=(0, 2, 4, 5, 6, 7)
[ 6374.3s] n=8 k=6 count=685 idxs=(0, 1, 2, 5, 6, 7)
[ 6781.6s] n=8 k=7 count=1203 idxs=(0, 1, 3, 4, 5, 6, 7)
[ 8667.3s] n=9 k=3 count=63 idxs=(0, 1, 4)
[ 8667.6s] n=9 k=3 count=49 idxs=(0, 1, 5)
[ 8668.1s] n=9 k=3 count=43 idxs=(0, 1, 6)
[ 8668.9s] n=9 k=4 count=183 idxs=(0, 1, 2, 4)
[ 8669.2s] n=9 k=4 count=169 idxs=(0, 1, 4, 8)
[ 8866.2s] n=9 k=4 count=161 idxs=(0, 4, 5, 6)
[ 8867.4s] n=9 k=4 count=157 idxs=(0, 1, 5, 8)
[ 8931.4s] n=9 k=4 count=151 idxs=(1, 4, 5, 8)
[ 9023.7s] n=9 k=4 count=147 idxs=(0, 1, 5, 6)
[ 9025.0s] n=9 k=4 count=138 idxs=(3, 6, 7, 8)
[ 9040.5s] n=9 k=5 count=385 idxs=(0, 1, 3, 4, 5)
[ 9042.1s] n=9 k=5 count=383 idxs=(0, 1, 2, 4, 5)
[ 9044.5s] n=9 k=5 count=377 idxs=(0, 1, 2, 3, 5)
[ 9049.8s] n=9 k=5 count=369 idxs=(0, 3, 4, 5, 8)
[ 9233.4s] n=9 k=5 count=367 idxs=(1, 2, 4, 6, 8)
[ 9700.7s] n=9 k=5 count=363 idxs=(0, 1, 2, 6, 8)
[ 9878.3s] n=9 k=5 count=359 idxs=(3, 4, 5, 6, 7)
[ 9880.9s] n=9 k=5 count=357 idxs=(0, 1, 2, 6, 7)
[ 9885.7s] n=9 k=5 count=351 idxs=(3, 4, 5, 7, 8)
[10054.1s] n=9 k=5 count=347 idxs=(1, 3, 6, 7, 8)
[10145.5s] n=9 k=5 count=345 idxs=(0, 1, 6, 7, 8)
[10195.6s] n=9 k=5 count=337 idxs=(0, 3, 6, 7, 8)
[10264.7s] n=9 k=6 count=723 idxs=(0, 1, 2, 3, 4, 8)
[11042.7s] n=9 k=6 count=717 idxs=(0, 1, 2, 4, 6, 7)
[11045.2s] n=9 k=6 count=715 idxs=(0, 1, 2, 4, 5, 7)
[11048.1s] n=9 k=6 count=709 idxs=(0, 2, 3, 4, 5, 8)
[11552.8s] n=9 k=6 count=707 idxs=(0, 1, 3, 4, 5, 8)
[12202.9s] n=9 k=6 count=707 idxs=(0, 2, 3, 4, 6, 7)
[12204.9s] n=9 k=6 count=703 idxs=(0, 1, 2, 3, 6, 7)
[12214.2s] n=9 k=6 count=701 idxs=(0, 2, 4, 5, 6, 7)
[12218.8s] n=9 k=6 count=697 idxs=(0, 1, 3, 5, 7, 8)
[12551.3s] n=9 k=6 count=693 idxs=(1, 3, 4, 5, 7, 8)
[13131.2s] n=9 k=6 count=691 idxs=(0, 1, 3, 5, 6, 8)
[13372.5s] n=9 k=6 count=687 idxs=(1, 4, 5, 6, 7, 8)
[13600.3s] n=9 k=6 count=681 idxs=(0, 1, 3, 6, 7, 8)
[13784.9s] n=9 k=6 count=673 idxs=(0, 1, 5, 6, 7, 8)
[13903.2s] n=9 k=7 count=1217 idxs=(0, 1, 2, 3, 4, 5, 6)
[13905.6s] n=9 k=7 count=1205 idxs=(0, 1, 2, 4, 5, 6, 7)
[13910.3s] n=9 k=7 count=1201 idxs=(0, 2, 3, 4, 5, 6, 7)
[13917.6s] n=9 k=7 count=1195 idxs=(0, 2, 3, 4, 5, 6, 8)
[14831.1s] n=9 k=7 count=1193 idxs=(1, 2, 3, 4, 5, 6, 8)
[15892.3s] n=9 k=7 count=1187 idxs=(0, 1, 2, 3, 6, 7, 8)
[16446.1s] n=9 k=7 count=1181 idxs=(0, 2, 4, 5, 6, 7, 8)
[17191.7s] n=9 k=7 count=1171 idxs=(2, 3, 4, 5, 6, 7, 8)
[18024.0s] n=9 k=8 count=1887 idxs=(0, 1, 2, 3, 4, 5, 6, 8)
[19796.7s] n=9 k=8 count=1873 idxs=(0, 1, 2, 3, 5, 6, 7, 8)
[20588.8s] done: 80 classes
