[    0.6s] n=6 k=3 count=63 idxs=(0, 1, 4)
[  132.1s] n=6 k=3 count=55 idxs=(0, 1, 2)
[  191.3s] n=6 k=3 count=53 idxs=(0, 4, 5)
[  199.3s] n=6 k=3 count=49 idxs=(0, 1, 5)
[  384.9s] n=6 k=3 count=47 idxs=(2, 4, 5)
[  391.3s] n=6 k=4 count=183 idxs=(0, 1, 2, 4)
[  749.1s] n=6 k=4 count=179 idxs=(0, 1, 3, 4)
[ 1107.3s] n=6 k=4 count=173 idxs=(0, 3, 4, 5)
[ 1306.1s] n=6 k=4 count=171 idxs=(0, 1, 2, 3)
[ 1515.7s] n=6 k=4 count=167 idxs=(0, 1, 4, 5)
[ 1883.6s] n=6 k=4 count=165 idxs=(0, 1, 3, 5)
[ 2202.5s] n=6 k=4 count=159 idxs=(0, 1, 2, 5)
[ 2358.8s] n=6 k=5 count=393 idxs=(0, 1, 2, 3, 4)
[ 2916.6s] n=6 k=5 count=385 idxs=(0, 1, 3, 4, 5)
[ 3407.6s] n=6 k=5 count=383 idxs=(0, 1, 2, 4, 5)
[ 3840.4s] n=6 k=5 count=377 idxs=(0, 1, 2, 3, 5)
[ 4211.9s] n=7 k=3 count=63 idxs=(0, 1, 4)
[ 4212.1s] n=7 k=3 count=57 idxs=(0, 4, 6)
[ 4336.4s] n=7 k=3 count=55 idxs=(0, 1, 2)
[ 4337.0s] n=7 k=3 count=53 idxs=(0, 2, 6)
[ 4424.3s] n=7 k=3 count=49 idxs=(0, 1, 5)
[ 4424.5s] n=7 k=3 count=47 idxs=(2, 4, 5)
[ 4424.8s] n=7 k=3 count=43 idxs=(0, 1, 6)
[ 4427.5s] n=7 k=4 count=183 idxs=(0, 1, 2, 4)
[ 4427.7s] n=7 k=4 count=179 idxs=(0, 1, 3, 4)
[ 4427.8s] n=7 k=4 count=173 idxs=(0, 3, 4, 5)
[ 4429.0s] n=7 k=4 count=171 idxs=(0, 1, 2, 3)
[ 4430.3s] n=7 k=4 count=169 idxs=(0, 2, 4, 6)
