[   31.0s] n=6 k=3 count=55 idxs=(0, 1, 2)
[   31.6s] n=6 k=4 count=183 idxs=(0, 1, 2, 4)
[   31.8s] n=6 k=4 count=167 idxs=(0, 1, 4, 5)
[   32.6s] n=6 k=5 count=385 idxs=(0, 1, 3, 4, 5)
[   33.6s] n=7 k=3 count=57 idxs=(0, 4, 6)
[   33.7s] n=7 k=3 count=47 idxs=(2, 4, 5)
[   34.1s] n=7 k=4 count=173 idxs=(0, 3, 4, 5)
[   35.5s] n=7 k=4 count=165 idxs=(0, 1, 3, 5)
[   36.7s] n=7 k=4 count=157 idxs=(0, 2, 5, 6)
[   38.0s] n=7 k=5 count=385 idxs=(0, 1, 3, 4, 5)
[   39.0s] n=7 k=5 count=381 idxs=(0, 2, 3, 4, 6)
[   39.5s] n=7 k=5 count=371 idxs=(0, 1, 4, 5, 6)
[   40.3s] n=7 k=6 count=727 idxs=(0, 1, 2, 3, 4, 5)
[   42.4s] n=7 k=6 count=715 idxs=(1, 2, 3, 4, 5, 6)
[   45.5s] n=8 k=3 count=57 idxs=(0, 4, 6)
[   45.6s] n=8 k=3 count=47 idxs=(2, 4, 5)
[   45.9s] n=8 k=4 count=183 idxs=(0, 1, 2, 4)
[   46.1s] n=8 k=4 count=169 idxs=(0, 2, 4, 6)
[   46.6s] n=8 k=4 count=161 idxs=(0, 4, 5, 6)
[   47.4s] n=8 k=4 count=157 idxs=(0, 2, 5, 6)
[   48.9s] n=8 k=4 count=147 idxs=(0, 3, 6, 7)
[   76.3s] n=8 k=5 count=393 idxs=(0, 1, 2, 3, 4)
[   76.8s] n=8 k=5 count=383 idxs=(0, 1, 3, 4, 6)
[   77.1s] n=8 k=5 count=377 idxs=(0, 1, 2, 3, 5)
[   81.1s] n=8 k=5 count=369 idxs=(0, 3, 4, 6, 7)
[  376.7s] n=8 k=5 count=363 idxs=(0, 2, 3, 6, 7)
[  549.3s] n=8 k=5 count=357 idxs=(2, 3, 5, 6, 7)
[  658.9s] n=8 k=5 count=351 idxs=(0, 2, 5, 6, 7)
[  770.9s] n=8 k=6 count=723 idxs=(0, 1, 2, 3, 4, 7)
[ 2117.6s] n=8 k=6 count=715 idxs=(0, 2, 3, 4, 5, 6)
[ 2123.1s] n=8 k=6 count=709 idxs=(0, 1, 3, 4, 6, 7)
[ 3332.2s] n=8 k=6 count=703 idxs=(0, 1, 2, 3, 6, 7)
[ 3849.5s] n=8 k=6 count=695 idxs=(2, 3, 4, 5, 6, 7)
[ 4584.2s] n=8 k=7 count=1209 idxs=(0, 1, 2, 3, 4, 6, 7)
[ 6983.0s] n=8 k=7 count=1201 idxs=(0, 2, 3, 4, 5, 6, 7)
[ 9004.6s] n=9 k=3 count=55 idxs=(0, 1, 2)
[ 9005.3s] n=9 k=3 count=44 idxs=(3, 6, 7)
[ 9005.7s] n=9 k=3 count=38 idxs=(3, 6, 8)
[ 9006.3s] n=9 k=4 count=173 idxs=(0, 3, 4, 5)
[ 9008.5s] n=9 k=4 count=165 idxs=(0, 1, 3, 5)
[ 9010.4s] n=9 k=4 count=159 idxs=(0, 1, 2, 5)
[ 9012.4s] n=9 k=4 count=153 idxs=(0, 4, 5, 8)
[ 9047.5s] n=9 k=4 count=147 idxs=(2, 4, 5, 8)
[ 9071.5s] n=9 k=4 count=141 idxs=(2, 5, 6, 8)
[ 9087.6s] n=9 k=5 count=393 idxs=(0, 1, 2, 3, 4)
[ 9088.1s] n=9 k=5 count=383 idxs=(0, 1, 3, 4, 6)
[ 9088.5s] n=9 k=5 count=381 idxs=(0, 1, 3, 4, 7)
[ 9091.2s] n=9 k=5 count=373 idxs=(0, 1, 4, 6, 8)
[ 9422.7s] n=9 k=5 count=369 idxs=(0, 1, 3, 5, 7)
[ 9426.7s] n=9 k=5 count=365 idxs=(0, 4, 5, 6, 7)
[ 9429.4s] n=9 k=5 count=361 idxs=(0, 1, 4, 5, 8)
[ 9738.1s] n=9 k=5 count=357 idxs=(0, 4, 5, 6, 8)
[ 9829.3s] n=9 k=5 count=353 idxs=(0, 1, 3, 6, 7)
[ 9833.2s] n=9 k=5 count=351 idxs=(1, 2, 6, 7, 8)
[ 9902.0s] n=9 k=5 count=347 idxs=(0, 3, 5, 6, 8)
[ 9938.3s] n=9 k=5 count=341 idxs=(0, 2, 6, 7, 8)
[ 9983.1s] n=9 k=5 count=335 idxs=(0, 5, 6, 7, 8)
[ 9992.5s] n=9 k=6 count=723 idxs=(0, 1, 2, 3, 4, 7)
[ 9996.8s] n=9 k=6 count=715 idxs=(0, 2, 3, 4, 5, 6)
[10000.7s] n=9 k=6 count=713 idxs=(0, 1, 2, 4, 5, 6)
[10002.9s] n=9 k=6 count=709 idxs=(0, 2, 3, 4, 6, 8)
[10839.9s] n=9 k=6 count=707 idxs=(0, 1, 3, 4, 7, 8)
[11848.3s] n=9 k=6 count=705 idxs=(0, 1, 2, 4, 5, 8)
[12434.9s] n=9 k=6 count=701 idxs=(0, 3, 4, 5, 6, 8)
[12768.9s] n=9 k=6 count=699 idxs=(1, 2, 4, 6, 7, 8)
[13463.9s] n=9 k=6 count=695 idxs=(0, 2, 4, 5, 7, 8)
[13748.1s] n=9 k=6 count=691 idxs=(2, 3, 4, 6, 7, 8)
[14463.8s] n=9 k=6 count=689 idxs=(0, 4, 5, 6, 7, 8)
[14646.0s] n=9 k=6 count=685 idxs=(0, 1, 2, 6, 7, 8)
[14860.6s] n=9 k=6 count=679 idxs=(1, 2, 5, 6, 7, 8)
[14983.6s] n=9 k=6 count=671 idxs=(0, 3, 5, 6, 7, 8)
[15101.6s] n=9 k=7 count=1209 idxs=(0, 1, 2, 3, 4, 6, 8)
[16342.2s] n=9 k=7 count=1203 idxs=(0, 1, 2, 4, 6, 7, 8)
[17720.4s] n=9 k=7 count=1197 idxs=(0, 1, 2, 4, 5, 7, 8)
[18690.7s] n=9 k=7 count=1193 idxs=(0, 1, 3, 4, 5, 7, 8)
[20032.0s] n=9 k=7 count=1191 idxs=(0, 1, 2, 4, 5, 6, 8)
[21044.3s] n=9 k=7 count=1183 idxs=(0, 3, 4, 5, 6, 7, 8)
[21583.9s] n=9 k=7 count=1175 idxs=(0, 1, 3, 5, 6, 7, 8)
[21919.4s] n=9 k=8 count=1895 idxs=(0, 1, 2, 3, 4, 5, 6, 7)
[23234.0s] n=9 k=8 count=1875 idxs=(0, 1, 2, 4, 5, 6, 7, 8)
[24324.5s] n=9 k=8 count=1867 idxs=(1, 2, 3, 4, 5, 6, 7, 8)
[25507.0s] done: 81 classes
