[   31.1s] n=6 k=3 count=63 idxs=(0, 1, 4)
[   31.3s] n=6 k=3 count=47 idxs=(2, 4, 5)
[   31.6s] n=6 k=4 count=171 idxs=(0, 1, 2, 3)
[   33.3s] n=6 k=5 count=393 idxs=(0, 1, 2, 3, 4)
[   33.7s] n=7 k=3 count=63 idxs=(0, 1, 4)
[   33.8s] n=7 k=3 count=49 idxs=(0, 1, 5)
[   34.1s] n=7 k=4 count=179 idxs=(0, 1, 3, 4)
[   34.3s] n=7 k=4 count=167 idxs=(0, 1, 4, 5)
[   35.2s] n=7 k=4 count=159 idxs=(0, 1, 2, 5)
[   36.5s] n=7 k=5 count=393 idxs=(0, 1, 2, 3, 4)
[   36.8s] n=7 k=5 count=383 idxs=(0, 1, 2, 4, 5)
[   38.4s] n=7 k=5 count=375 idxs=(0, 1, 2, 3, 6)
[   42.3s] n=7 k=5 count=359 idxs=(0, 1, 3, 5, 6)
[   45.2s] n=7 k=6 count=715 idxs=(0, 2, 3, 4, 5, 6)
[   48.3s] n=8 k=3 count=63 idxs=(0, 1, 4)
[   48.5s] n=8 k=3 count=49 idxs=(0, 1, 5)
[   48.8s] n=8 k=3 count=37 idxs=(0, 6, 7)
[   49.3s] n=8 k=4 count=171 idxs=(0, 1, 2, 3)
[   51.2s] n=8 k=4 count=163 idxs=(0, 1, 2, 6)
[   52.7s] n=8 k=4 count=157 idxs=(2, 3, 6, 7)
[   91.4s] n=8 k=4 count=151 idxs=(0, 2, 6, 7)
[  108.5s] n=8 k=4 count=141 idxs=(0, 1, 6, 7)
[  111.8s] n=8 k=5 count=385 idxs=(0, 1, 2, 4, 6)
[  112.3s] n=8 k=5 count=381 idxs=(1, 2, 3, 4, 6)
[  112.9s] n=8 k=5 count=371 idxs=(0, 1, 4, 5, 6)
[  113.9s] n=8 k=5 count=365 idxs=(0, 4, 5, 6, 7)
[  192.2s] n=8 k=5 count=359 idxs=(0, 1, 3, 5, 6)
[  195.6s] n=8 k=5 count=353 idxs=(0, 1, 2, 5, 7)
[  290.3s] n=8 k=6 count=723 idxs=(0, 1, 2, 3, 4, 6)
[  291.2s] n=8 k=6 count=715 idxs=(0, 1, 3, 4, 5, 7)
[ 1374.9s] n=8 k=6 count=713 idxs=(0, 1, 2, 4, 5, 6)
[ 1378.4s] n=8 k=6 count=707 idxs=(1, 2, 3, 4, 6, 7)
[ 2896.1s] n=8 k=6 count=697 idxs=(0, 2, 3, 5, 6, 7)
[ 3395.3s] n=8 k=7 count=1217 idxs=(0, 1, 2, 3, 4, 5, 6)
[ 4962.6s] n=8 k=7 count=1201 idxs=(1, 2, 3, 4, 5, 6, 7)
[ 7174.1s] n=9 k=3 count=57 idxs=(0, 4, 6)
[ 7174.3s] n=9 k=3 count=47 idxs=(1, 6, 8)
[ 7193.0s] n=9 k=3 count=40 idxs=(4, 5, 8)
[ 7201.9s] n=9 k=4 count=179 idxs=(0, 1, 3, 4)
[ 7202.4s] n=9 k=4 count=167 idxs=(0, 1, 4, 5)
[ 7204.0s] n=9 k=4 count=159 idxs=(2, 4, 6, 8)
[ 7304.6s] n=9 k=4 count=155 idxs=(2, 4, 5, 7)
[ 7306.7s] n=9 k=4 count=151 idxs=(0, 1, 6, 8)
[ 7351.6s] n=9 k=4 count=145 idxs=(1, 6, 7, 8)
[ 7390.6s] n=9 k=4 count=135 idxs=(0, 6, 7, 8)
[ 7393.4s] n=9 k=5 count=385 idxs=(0, 1, 2, 4, 6)
[ 7394.3s] n=9 k=5 count=381 idxs=(0, 1, 3, 4, 8)
[ 8062.0s] n=9 k=5 count=375 idxs=(0, 1, 2, 3, 6)
[ 8069.3s] n=9 k=5 count=369 idxs=(0, 2, 4, 6, 8)
[ 8627.4s] n=9 k=5 count=367 idxs=(1, 4, 6, 7, 8)
[ 8848.4s] n=9 k=5 count=363 idxs=(0, 1, 2, 5, 6)
[ 8852.7s] n=9 k=5 count=359 idxs=(0, 1, 3, 5, 6)
[ 8857.2s] n=9 k=5 count=355 idxs=(1, 4, 5, 6, 8)
[ 9022.8s] n=9 k=5 count=351 idxs=(2, 4, 5, 7, 8)
[ 9107.6s] n=9 k=5 count=347 idxs=(0, 2, 5, 6, 8)
[ 9189.5s] n=9 k=5 count=343 idxs=(2, 3, 6, 7, 8)
[ 9277.1s] n=9 k=5 count=335 idxs=(2, 5, 6, 7, 8)
[ 9299.9s] n=9 k=6 count=723 idxs=(0, 1, 2, 3, 4, 6)
[ 9300.9s] n=9 k=6 count=715 idxs=(0, 1, 3, 4, 5, 7)
[ 9306.0s] n=9 k=6 count=713 idxs=(0, 1, 3, 4, 6, 8)
[10054.9s] n=9 k=6 count=709 idxs=(0, 1, 3, 4, 6, 7)
[10057.3s] n=9 k=6 count=707 idxs=(1, 2, 3, 4, 5, 8)
[10723.9s] n=9 k=6 count=707 idxs=(1, 2, 3, 4, 6, 7)
[10726.5s] n=9 k=6 count=703 idxs=(0, 1, 4, 5, 6, 7)
[10729.8s] n=9 k=6 count=699 idxs=(1, 3, 4, 5, 6, 8)
[11220.6s] n=9 k=6 count=695 idxs=(0, 3, 4, 5, 7, 8)
[11745.7s] n=9 k=6 count=693 idxs=(0, 1, 4, 5, 6, 8)
[12218.6s] n=9 k=6 count=689 idxs=(0, 2, 4, 5, 6, 8)
[12665.3s] n=9 k=6 count=687 idxs=(0, 1, 3, 5, 6, 7)
[12673.1s] n=9 k=6 count=679 idxs=(3, 4, 5, 6, 7, 8)
[12935.5s] n=9 k=6 count=671 idxs=(2, 3, 5, 6, 7, 8)
[13077.3s] n=9 k=7 count=1209 idxs=(0, 1, 2, 3, 4, 5, 8)
[14094.1s] n=9 k=7 count=1203 idxs=(0, 1, 3, 4, 5, 6, 7)
[14098.7s] n=9 k=7 count=1199 idxs=(0, 1, 3, 4, 5, 6, 8)
[15110.2s] n=9 k=7 count=1195 idxs=(0, 1, 3, 4, 6, 7, 8)
[16419.3s] n=9 k=7 count=1191 idxs=(0, 2, 3, 4, 6, 7, 8)
[17750.5s] n=9 k=7 count=1185 idxs=(0, 1, 4, 5, 6, 7, 8)
[18560.5s] n=9 k=7 count=1179 idxs=(1, 2, 4, 5, 6, 7, 8)
[19454.1s] n=9 k=7 count=1171 idxs=(0, 2, 3, 5, 6, 7, 8)
[19834.7s] n=9 k=8 count=1883 idxs=(0, 1, 2, 3, 4, 6, 7, 8)
[21476.9s] n=9 k=8 count=1869 idxs=(0, 2, 3, 4, 5, 6, 7, 8)
[22701.8s] done: 81 classes
