[  135.1s] n=6 k=3 c=55    lin 3 -> nonempty  12 dirs: 12 confirmed, 0 unevaluable, 0 changed; wraps ['multi-cube', 55, 'multi-cube', 'multi-cube']
[  140.4s] n=6 k=4 c=183   lin 1 -> empty     0 dirs: 0 confirmed, 0 unevaluable, 0 changed; wraps []
[  204.4s] n=6 k=4 c=167   lin 2 -> empty     0 dirs: 0 confirmed, 0 unevaluable, 0 changed; wraps []
[  216.7s] n=6 k=5 c=385   lin 1 -> empty     0 dirs: 0 confirmed, 0 unevaluable, 0 changed; wraps []
[  222.0s] n=7 k=3 c=57    lin 2 -> nonempty  1 dirs: 1 confirmed, 0 unevaluable, 0 changed; wraps [13]
[  222.9s] n=7 k=3 c=47    lin 4 -> nonempty  4 dirs: 4 confirmed, 0 unevaluable, 0 changed; wraps [47, 13, 13, 13]
[  278.6s] n=7 k=4 c=173   lin 2 -> nonempty  2 dirs: 1 confirmed, 0 unevaluable, 1 changed; wraps [169]
[  468.9s] n=7 k=4 c=165   lin 3 -> empty     0 dirs: 0 confirmed, 0 unevaluable, 0 changed; wraps []
[  578.6s] n=7 k=4 c=157   lin 5 -> nonempty  40 dirs: 8 confirmed, 0 unevaluable, 32 changed; wraps [169, 'multi-cube', 169, 'multi-cube']
[  587.4s] n=7 k=5 c=385   lin 1 -> empty     0 dirs: 0 confirmed, 0 unevaluable, 0 changed; wraps []
[  612.8s] n=7 k=5 c=381   lin 2 -> empty     0 dirs: 0 confirmed, 0 unevaluable, 0 changed; wraps []
[  629.1s] n=7 k=5 c=371   lin 3 -> nonempty  1 dirs: 1 confirmed, 0 unevaluable, 0 changed; wraps [167]
[  641.5s] n=7 k=6 c=727   lin 1 -> empty     0 dirs: 0 confirmed, 0 unevaluable, 0 changed; wraps []
[  678.3s] n=7 k=6 c=715   lin 3 -> nonempty  1 dirs: 1 confirmed, 0 unevaluable, 0 changed; wraps [675]
[  682.2s] n=8 k=3 c=57    lin 2 -> nonempty  1 dirs: 1 confirmed, 0 unevaluable, 0 changed; wraps [13]
[  682.9s] n=8 k=3 c=47    lin 4 -> nonempty  4 dirs: 4 confirmed, 0 unevaluable, 0 changed; wraps [47, 13, 13, 13]
[  686.5s] n=8 k=4 c=183   lin 1 -> empty     0 dirs: 0 confirmed, 0 unevaluable, 0 changed; wraps []
[  709.7s] n=8 k=4 c=169   lin 2 -> empty     0 dirs: 0 confirmed, 0 unevaluable, 0 changed; wraps []
[  720.4s] n=8 k=4 c=161   lin 4 -> nonempty  15 dirs: 3 confirmed, 0 unevaluable, 12 changed; wraps [57, 'multi-cube', 53]
[  841.6s] n=8 k=4 c=157   lin 5 -> nonempty  40 dirs: 8 confirmed, 0 unevaluable, 32 changed; wraps [169, 'multi-cube', 169, 'multi-cube']
[  972.4s] n=8 k=4 c=147   lin 6 -> nonempty  41 dirs: 25 confirmed, 0 unevaluable, 16 changed; wraps [169, 'multi-cube', 'multi-cube', 169]
[  979.3s] n=8 k=5 c=393   lin 1 -> empty     0 dirs: 0 confirmed, 0 unevaluable, 0 changed; wraps []
[  987.2s] n=8 k=5 c=383   lin 2 -> nonempty  1 dirs: 0 confirmed, 0 unevaluable, 1 changed; wraps []
[ 1393.5s] n=8 k=5 c=377   lin 3 -> empty     0 dirs: 0 confirmed, 0 unevaluable, 0 changed; wraps []
[ 1422.7s] n=8 k=5 c=369   lin 3 -> nonempty  1 dirs: 1 confirmed, 0 unevaluable, 0 changed; wraps [169]
[ 1815.8s] n=8 k=5 c=363   lin 5 -> nonempty  4 dirs: 4 confirmed, 0 unevaluable, 0 changed; wraps [381, 381, 381, 381]
[ 1970.6s] n=8 k=5 c=357   lin 6 -> nonempty  2 dirs: 2 confirmed, 0 unevaluable, 0 changed; wraps [369, 369]
[ 2156.9s] n=8 k=5 c=351   lin 8 -> nonempty  70 dirs: 11 confirmed, 0 unevaluable, 59 changed; wraps [373, 373, 'multi-cube', 371]
[ 2188.0s] n=8 k=6 c=723   lin 2 -> empty     0 dirs: 0 confirmed, 0 unevaluable, 0 changed; wraps []
[ 2222.8s] n=8 k=6 c=715   lin 3 -> nonempty  1 dirs: 0 confirmed, 0 unevaluable, 1 changed; wraps []
[ 2256.6s] n=8 k=6 c=709   lin 3 -> nonempty  1 dirs: 0 confirmed, 0 unevaluable, 1 changed; wraps []
[ 2909.2s] n=8 k=6 c=703   lin 5 -> nonempty  4 dirs: 2 confirmed, 0 unevaluable, 2 changed; wraps [723, 723]
[ 2967.0s] n=8 k=6 c=695   lin 5 -> nonempty  2 dirs: 2 confirmed, 0 unevaluable, 0 changed; wraps [367, 567]
[ 3034.4s] n=8 k=7 c=1209  lin 3 -> empty     0 dirs: 0 confirmed, 0 unevaluable, 0 changed; wraps []
[ 3110.1s] n=8 k=7 c=1201  lin 4 -> nonempty  1 dirs: 0 confirmed, 0 unevaluable, 1 changed; wraps []
[ 3147.3s] n=9 k=3 c=55    lin 3 -> nonempty  12 dirs: 12 confirmed, 0 unevaluable, 0 changed; wraps ['multi-cube', 55, 'multi-cube', 'multi-cube']
[ 3147.9s] n=9 k=3 c=44    lin 4 -> nonempty  4 dirs: 4 confirmed, 0 unevaluable, 0 changed; wraps [55, 55, 55, 57]
[ 3148.7s] n=9 k=3 c=38    lin 6 -> nonempty  6 dirs: 4 confirmed, 0 unevaluable, 2 changed; wraps [57, 57, 57, 57]
[ 3189.1s] n=9 k=4 c=173   lin 2 -> nonempty  2 dirs: 1 confirmed, 0 unevaluable, 1 changed; wraps [169]
[ 3375.0s] n=9 k=4 c=165   lin 3 -> empty     0 dirs: 0 confirmed, 0 unevaluable, 0 changed; wraps []
[ 3634.6s] n=9 k=4 c=159   lin 4 -> nonempty  2 dirs: 2 confirmed, 0 unevaluable, 0 changed; wraps [159, 159]
[ 3645.5s] n=9 k=4 c=153   lin 4 -> nonempty  15 dirs: 14 confirmed, 0 unevaluable, 1 changed; wraps [57, 'multi-cube', 'multi-cube', 'multi-cube']
[ 3658.8s] n=9 k=4 c=147   lin 5 -> nonempty  20 dirs: 20 confirmed, 0 unevaluable, 0 changed; wraps [57, 'multi-cube', 'multi-cube', 'multi-cube']
[ 3661.4s] n=9 k=4 c=141   lin 7 -> nonempty  7 dirs: 7 confirmed, 0 unevaluable, 0 changed; wraps [159, 159, 159, 147]
[ 3668.8s] n=9 k=5 c=393   lin 1 -> empty     0 dirs: 0 confirmed, 0 unevaluable, 0 changed; wraps []
[ 3677.0s] n=9 k=5 c=383   lin 2 -> nonempty  1 dirs: 0 confirmed, 0 unevaluable, 1 changed; wraps []
[ 3705.2s] n=9 k=5 c=381   lin 2 -> empty     0 dirs: 0 confirmed, 0 unevaluable, 0 changed; wraps []
[ 3736.5s] n=9 k=5 c=373   lin 3 -> nonempty  1 dirs: 1 confirmed, 0 unevaluable, 0 changed; wraps [169]
[ 4082.8s] n=9 k=5 c=369   lin 4 -> nonempty  1 dirs: 1 confirmed, 0 unevaluable, 0 changed; wraps [385]
[ 4106.8s] n=9 k=5 c=365   lin 5 -> nonempty  20 dirs: 4 confirmed, 0 unevaluable, 16 changed; wraps [165, 'multi-cube', 161, 161]
[ 4141.2s] n=9 k=5 c=361   lin 3 -> empty     0 dirs: 0 confirmed, 0 unevaluable, 0 changed; wraps []
[ 4168.9s] n=9 k=5 c=357   lin 5 -> nonempty  20 dirs: 3 confirmed, 0 unevaluable, 17 changed; wraps [165, 153, 161]
[ 4308.5s] n=9 k=5 c=353   lin 7 -> nonempty  9 dirs: 5 confirmed, 0 unevaluable, 4 changed; wraps [369, 381, 381, 383]
[ 4413.9s] n=9 k=5 c=351   lin 7 -> nonempty  48 dirs: 22 confirmed, 0 unevaluable, 26 changed; wraps ['multi-cube', 373, 'multi-cube', 'multi-cube']
[ 4473.1s] n=9 k=5 c=347   lin 9 -> nonempty  42 dirs: 5 confirmed, 0 unevaluable, 37 changed; wraps ['multi-cube', 'multi-cube', 369, 377]
[ 4583.6s] n=9 k=5 c=341   lin 9 -> nonempty  80 dirs: 38 confirmed, 0 unevaluable, 42 changed; wraps ['multi-cube', 'multi-cube', 'multi-cube', 'multi-cube']
[ 4593.6s] n=9 k=5 c=335   lin 11 -> nonempty  11 dirs: 7 confirmed, 0 unevaluable, 4 changed; wraps [369, 357, 357, 357]
[ 4639.3s] n=9 k=6 c=723   lin 2 -> empty     0 dirs: 0 confirmed, 0 unevaluable, 0 changed; wraps []
[ 4667.2s] n=9 k=6 c=715   lin 3 -> nonempty  1 dirs: 0 confirmed, 0 unevaluable, 1 changed; wraps []
[ 4693.6s] n=9 k=6 c=713   lin 3 -> empty     0 dirs: 0 confirmed, 0 unevaluable, 0 changed; wraps []
[ 4715.9s] n=9 k=6 c=709   lin 3 -> nonempty  1 dirs: 1 confirmed, 0 unevaluable, 0 changed; wraps [381]
[ 4751.5s] n=9 k=6 c=707   lin 3 -> empty     0 dirs: 0 confirmed, 0 unevaluable, 0 changed; wraps []
[ 4777.9s] n=9 k=6 c=705   lin 3 -> empty     0 dirs: 0 confirmed, 0 unevaluable, 0 changed; wraps []
[ 4803.0s] n=9 k=6 c=701   lin 4 -> nonempty  15 dirs: 5 confirmed, 0 unevaluable, 10 changed; wraps [369, 'multi-cube', 377, 'multi-cube']
[ 4829.2s] n=9 k=6 c=699   lin 4 -> nonempty  1 dirs: 1 confirmed, 0 unevaluable, 0 changed; wraps [367]
[ 4855.1s] n=9 k=6 c=695   lin 5 -> nonempty  20 dirs: 5 confirmed, 0 unevaluable, 15 changed; wraps [375, 363, 'multi-cube', 371]
[ 4880.3s] n=9 k=6 c=691   lin 4 -> nonempty  1 dirs: 1 confirmed, 0 unevaluable, 0 changed; wraps [367]
[ 4918.4s] n=9 k=6 c=689   lin 6 -> nonempty  25 dirs: 4 confirmed, 0 unevaluable, 21 changed; wraps [369, 357, 357, 365]
[ 5335.2s] n=9 k=6 c=685   lin 8 -> nonempty  14 dirs: 14 confirmed, 0 unevaluable, 0 changed; wraps [717, 717, 717, 711]
[ 5511.8s] n=9 k=6 c=679   lin 9 -> nonempty  62 dirs: 24 confirmed, 0 unevaluable, 38 changed; wraps [623, 'multi-cube', 623, 623]
[ 9111.9s] n=9 k=6 c=671   lin 10 -> nonempty  102 dirs: 19 confirmed, 33 unevaluable, 50 changed; wraps [695, 695, 695, 695]
[ 9159.4s] n=9 k=7 c=1209  lin 3 -> empty     0 dirs: 0 confirmed, 0 unevaluable, 0 changed; wraps []
[ 9211.1s] n=9 k=7 c=1203  lin 4 -> nonempty  1 dirs: 1 confirmed, 0 unevaluable, 0 changed; wraps [711]
[ 9250.4s] n=9 k=7 c=1197  lin 4 -> nonempty  1 dirs: 1 confirmed, 0 unevaluable, 0 changed; wraps [705]
[ 9299.1s] n=9 k=7 c=1193  lin 3 -> empty     0 dirs: 0 confirmed, 0 unevaluable, 0 changed; wraps []
[ 9355.9s] n=9 k=7 c=1191  lin 4 -> empty     0 dirs: 0 confirmed, 0 unevaluable, 0 changed; wraps []
[ 9429.7s] n=9 k=7 c=1183  lin 5 -> nonempty  15 dirs: 5 confirmed, 0 unevaluable, 10 changed; wraps [695, 'multi-cube', 703, 'multi-cube']
[10190.0s] n=9 k=7 c=1175  lin 8 -> nonempty  25 dirs: 3 confirmed, 0 unevaluable, 22 changed; wraps [1199, 'multi-cube', 1203]
[10237.2s] n=9 k=8 c=1895  lin 3 -> empty     0 dirs: 0 confirmed, 0 unevaluable, 0 changed; wraps []
[10295.4s] n=9 k=8 c=1875  lin 5 -> nonempty  1 dirs: 1 confirmed, 0 unevaluable, 0 changed; wraps [1191]
[10350.9s] n=9 k=8 c=1867  lin 5 -> nonempty  1 dirs: 1 confirmed, 0 unevaluable, 0 changed; wraps [1787]
[10350.9s] done: 81 classes
