[   82.2s] n=6 k=3 c=53    lin 3 -> nonempty  3 dirs: 3 confirmed, 0 unevaluable, 0 changed; wraps [53, 13, 41]
[   87.3s] n=6 k=4 c=179   lin 1 -> empty     0 dirs: 0 confirmed, 0 unevaluable, 0 changed; wraps []
[  332.4s] n=6 k=4 c=165   lin 3 -> empty     0 dirs: 0 confirmed, 0 unevaluable, 0 changed; wraps []
[  427.2s] n=6 k=5 c=383   lin 2 -> empty     0 dirs: 0 confirmed, 0 unevaluable, 0 changed; wraps []
[  461.2s] n=7 k=3 c=55    lin 3 -> nonempty  12 dirs: 12 confirmed, 0 unevaluable, 0 changed; wraps ['multi-cube', 55, 'multi-cube', 'multi-cube']
[  462.5s] n=7 k=3 c=43    lin 5 -> nonempty  5 dirs: 5 confirmed, 0 unevaluable, 0 changed; wraps [57, 57, 63, 63]
[  609.3s] n=7 k=4 c=171   lin 3 -> empty     0 dirs: 0 confirmed, 0 unevaluable, 0 changed; wraps []
[  734.2s] n=7 k=4 c=163   lin 4 -> nonempty  3 dirs: 3 confirmed, 0 unevaluable, 0 changed; wraps [157, 183, 'multi-cube']
[  805.2s] n=7 k=4 c=153   lin 6 -> nonempty  60 dirs: 42 confirmed, 0 unevaluable, 18 changed; wraps [171, 'multi-cube', 'multi-cube', 'multi-cube']
[  833.0s] n=7 k=5 c=385   lin 2 -> empty     0 dirs: 0 confirmed, 0 unevaluable, 0 changed; wraps []
[  860.8s] n=7 k=5 c=381   lin 2 -> empty     0 dirs: 0 confirmed, 0 unevaluable, 0 changed; wraps []
[ 1254.0s] n=7 k=5 c=369   lin 5 -> nonempty  4 dirs: 2 confirmed, 0 unevaluable, 2 changed; wraps [385, 385]
[ 1283.6s] n=7 k=6 c=723   lin 2 -> empty     0 dirs: 0 confirmed, 0 unevaluable, 0 changed; wraps []
[ 1320.1s] n=7 k=6 c=713   lin 3 -> empty     0 dirs: 0 confirmed, 0 unevaluable, 0 changed; wraps []
[ 1355.2s] n=8 k=3 c=55    lin 3 -> nonempty  12 dirs: 12 confirmed, 0 unevaluable, 0 changed; wraps ['multi-cube', 55, 'multi-cube', 'multi-cube']
[ 1355.8s] n=8 k=3 c=44    lin 4 -> nonempty  4 dirs: 4 confirmed, 0 unevaluable, 0 changed; wraps [55, 55, 55, 57]
[ 1359.3s] n=8 k=4 c=179   lin 1 -> empty     0 dirs: 0 confirmed, 0 unevaluable, 0 changed; wraps []
[ 1402.8s] n=8 k=4 c=167   lin 2 -> empty     0 dirs: 0 confirmed, 0 unevaluable, 0 changed; wraps []
[ 1413.1s] n=8 k=4 c=159   lin 3 -> nonempty  1 dirs: 1 confirmed, 0 unevaluable, 0 changed; wraps [55]
[ 1425.5s] n=8 k=4 c=155   lin 5 -> nonempty  20 dirs: 19 confirmed, 0 unevaluable, 1 changed; wraps [57, 'multi-cube', 'multi-cube', 'multi-cube']
[ 1482.9s] n=8 k=4 c=147   lin 6 -> nonempty  15 dirs: 15 confirmed, 0 unevaluable, 0 changed; wraps [167, 131, 141, 141]
[ 1492.8s] n=8 k=5 c=387   lin 2 -> nonempty  1 dirs: 1 confirmed, 0 unevaluable, 0 changed; wraps [183]
[ 1590.5s] n=8 k=5 c=383   lin 2 -> empty     0 dirs: 0 confirmed, 0 unevaluable, 0 changed; wraps []
[ 1913.2s] n=8 k=5 c=375   lin 4 -> nonempty  1 dirs: 0 confirmed, 0 unevaluable, 1 changed; wraps []
[ 2236.3s] n=8 k=5 c=369   lin 4 -> nonempty  1 dirs: 1 confirmed, 0 unevaluable, 0 changed; wraps [385]
[ 2687.8s] n=8 k=5 c=363   lin 5 -> nonempty  1 dirs: 1 confirmed, 0 unevaluable, 0 changed; wraps [383]
[ 2837.0s] n=8 k=5 c=357   lin 7 -> nonempty  6 dirs: 6 confirmed, 0 unevaluable, 0 changed; wraps [339, 387, 'multi-cube', 385]
[ 2916.6s] n=8 k=5 c=341   lin 9 -> nonempty  30 dirs: 30 confirmed, 0 unevaluable, 0 changed; wraps [371, 'multi-cube', 'multi-cube', 'multi-cube']
[ 2933.1s] n=8 k=6 c=717   lin 2 -> nonempty  1 dirs: 0 confirmed, 0 unevaluable, 1 changed; wraps []
[ 2977.2s] n=8 k=6 c=715   lin 3 -> nonempty  1 dirs: 1 confirmed, 0 unevaluable, 0 changed; wraps [675]
[ 3647.5s] n=8 k=6 c=709   lin 4 -> nonempty  1 dirs: 0 confirmed, 0 unevaluable, 1 changed; wraps []
[ 3680.7s] n=8 k=6 c=703   lin 4 -> nonempty  10 dirs: 10 confirmed, 0 unevaluable, 0 changed; wraps [371, 'multi-cube', 'multi-cube', 'multi-cube']
[ 4102.4s] n=8 k=6 c=687   lin 7 -> nonempty  20 dirs: 6 confirmed, 0 unevaluable, 14 changed; wraps ['multi-cube', 715, 'multi-cube', 'multi-cube']
[ 4149.5s] n=8 k=7 c=1205  lin 4 -> nonempty  1 dirs: 1 confirmed, 0 unevaluable, 0 changed; wraps [713]
[ 4844.9s] n=8 k=7 c=1197  lin 5 -> nonempty  2 dirs: 1 confirmed, 0 unevaluable, 1 changed; wraps [1217]
[ 4887.6s] n=9 k=3 c=53    lin 3 -> nonempty  16 dirs: 16 confirmed, 0 unevaluable, 0 changed; wraps ['multi-cube', 'multi-cube', 'multi-cube', 'multi-cube']
[ 4888.1s] n=9 k=3 c=43    lin 4 -> nonempty  4 dirs: 3 confirmed, 0 unevaluable, 1 changed; wraps [57, 55, 55]
[ 4888.7s] n=9 k=3 c=37    lin 6 -> nonempty  6 dirs: 6 confirmed, 0 unevaluable, 0 changed; wraps [57, 57, 57, 57]
[ 4986.6s] n=9 k=4 c=171   lin 3 -> empty     0 dirs: 0 confirmed, 0 unevaluable, 0 changed; wraps []
[ 5081.9s] n=9 k=4 c=163   lin 4 -> nonempty  3 dirs: 3 confirmed, 0 unevaluable, 0 changed; wraps [157, 183, 'multi-cube']
[ 5144.1s] n=9 k=4 c=157   lin 4 -> nonempty  27 dirs: 10 confirmed, 0 unevaluable, 17 changed; wraps ['multi-cube', 169, 'multi-cube', 'multi-cube']
[ 5183.7s] n=9 k=4 c=153   lin 6 -> nonempty  27 dirs: 24 confirmed, 0 unevaluable, 3 changed; wraps ['multi-cube', 141, 'multi-cube', 'multi-cube']
[ 5266.7s] n=9 k=4 c=147   lin 6 -> nonempty  50 dirs: 23 confirmed, 0 unevaluable, 27 changed; wraps ['multi-cube', 'multi-cube', 'multi-cube', 'multi-cube']
[ 5271.0s] n=9 k=4 c=141   lin 8 -> nonempty  8 dirs: 8 confirmed, 0 unevaluable, 0 changed; wraps [165, 165, 171, 171]
[ 5286.5s] n=9 k=5 c=387   lin 2 -> nonempty  1 dirs: 1 confirmed, 0 unevaluable, 0 changed; wraps [183]
[ 5300.9s] n=9 k=5 c=383   lin 2 -> nonempty  1 dirs: 1 confirmed, 0 unevaluable, 0 changed; wraps [179]
[ 5325.4s] n=9 k=5 c=381   lin 2 -> empty     0 dirs: 0 confirmed, 0 unevaluable, 0 changed; wraps []
[ 5339.7s] n=9 k=5 c=371   lin 3 -> nonempty  1 dirs: 1 confirmed, 0 unevaluable, 0 changed; wraps [167]
[ 5385.2s] n=9 k=5 c=367   lin 3 -> nonempty  2 dirs: 2 confirmed, 0 unevaluable, 0 changed; wraps [357, 357]
[ 5399.1s] n=9 k=5 c=363   lin 4 -> nonempty  15 dirs: 14 confirmed, 0 unevaluable, 1 changed; wraps [171, 'multi-cube', 'multi-cube', 'multi-cube']
[ 5419.3s] n=9 k=5 c=359   lin 4 -> nonempty  10 dirs: 10 confirmed, 0 unevaluable, 0 changed; wraps [159, 'multi-cube', 'multi-cube', 'multi-cube']
[ 5526.9s] n=9 k=5 c=357   lin 6 -> nonempty  41 dirs: 17 confirmed, 0 unevaluable, 24 changed; wraps [335, 'multi-cube', 335, 335]
[ 5779.9s] n=9 k=5 c=353   lin 7 -> nonempty  25 dirs: 11 confirmed, 0 unevaluable, 14 changed; wraps ['multi-cube', 'multi-cube', 'multi-cube', 383]
[ 5944.1s] n=9 k=5 c=351   lin 7 -> nonempty  20 dirs: 6 confirmed, 0 unevaluable, 14 changed; wraps [361, 'multi-cube', 'multi-cube', 'multi-cube']
[ 5964.0s] n=9 k=5 c=345   lin 6 -> nonempty  20 dirs: 20 confirmed, 0 unevaluable, 0 changed; wraps [159, 'multi-cube', 'multi-cube', 'multi-cube']
[ 6029.6s] n=9 k=5 c=341   lin 9 -> nonempty  30 dirs: 30 confirmed, 0 unevaluable, 0 changed; wraps [371, 'multi-cube', 'multi-cube', 'multi-cube']
[ 6040.5s] n=9 k=6 c=727   lin 1 -> empty     0 dirs: 0 confirmed, 0 unevaluable, 0 changed; wraps []
[ 6052.4s] n=9 k=6 c=717   lin 2 -> nonempty  1 dirs: 0 confirmed, 0 unevaluable, 1 changed; wraps []
[ 6087.6s] n=9 k=6 c=715   lin 3 -> nonempty  1 dirs: 1 confirmed, 0 unevaluable, 0 changed; wraps [675]
[ 6124.2s] n=9 k=6 c=711   lin 3 -> empty     0 dirs: 0 confirmed, 0 unevaluable, 0 changed; wraps []
[ 6545.0s] n=9 k=6 c=709   lin 4 -> nonempty  1 dirs: 0 confirmed, 0 unevaluable, 1 changed; wraps []
[ 6566.4s] n=9 k=6 c=707   lin 3 -> empty     0 dirs: 0 confirmed, 0 unevaluable, 0 changed; wraps []
[ 6599.4s] n=9 k=6 c=705   lin 4 -> nonempty  10 dirs: 9 confirmed, 0 unevaluable, 1 changed; wraps [373, 'multi-cube', 'multi-cube', 'multi-cube']
[ 6631.9s] n=9 k=6 c=701   lin 4 -> nonempty  10 dirs: 9 confirmed, 0 unevaluable, 1 changed; wraps [369, 'multi-cube', 'multi-cube', 'multi-cube']
[ 6665.5s] n=9 k=6 c=697   lin 4 -> nonempty  10 dirs: 9 confirmed, 0 unevaluable, 1 changed; wraps [369, 'multi-cube', 'multi-cube', 'multi-cube']
[ 6696.7s] n=9 k=6 c=695   lin 5 -> nonempty  2 dirs: 2 confirmed, 0 unevaluable, 0 changed; wraps [367, 567]
[ 7003.6s] n=9 k=6 c=691   lin 6 -> nonempty  2 dirs: 2 confirmed, 0 unevaluable, 0 changed; wraps [705, 713]
[ 7217.9s] n=9 k=6 c=687   lin 6 -> nonempty  6 dirs: 4 confirmed, 0 unevaluable, 2 changed; wraps [707, 707, 707, 707]
[ 7443.2s] n=9 k=6 c=685   lin 8 -> nonempty  4 dirs: 4 confirmed, 0 unevaluable, 0 changed; wraps [715, 713, 713, 713]
[ 7698.4s] n=9 k=6 c=677   lin 8 -> nonempty  20 dirs: 14 confirmed, 0 unevaluable, 6 changed; wraps [709, 709, 709, 709]
[ 7928.8s] n=9 k=6 c=669   lin 11 -> nonempty  100 dirs: 14 confirmed, 0 unevaluable, 86 changed; wraps [701, 701, 'multi-cube', 695]
[ 7970.2s] n=9 k=7 c=1209  lin 3 -> empty     0 dirs: 0 confirmed, 0 unevaluable, 0 changed; wraps []
[ 8032.7s] n=9 k=7 c=1201  lin 4 -> nonempty  1 dirs: 1 confirmed, 0 unevaluable, 0 changed; wraps [1141]
[ 9023.3s] n=9 k=7 c=1197  lin 5 -> nonempty  2 dirs: 1 confirmed, 0 unevaluable, 1 changed; wraps [1217]
[ 9067.7s] n=9 k=7 c=1193  lin 4 -> nonempty  1 dirs: 1 confirmed, 0 unevaluable, 0 changed; wraps [1141]
[ 9121.2s] n=9 k=7 c=1189  lin 4 -> empty     0 dirs: 0 confirmed, 0 unevaluable, 0 changed; wraps []
[ 9164.2s] n=9 k=7 c=1181  lin 5 -> nonempty  2 dirs: 1 confirmed, 0 unevaluable, 1 changed; wraps [1127]
[ 9617.8s] n=9 k=7 c=1173  lin 9 -> nonempty  5 dirs: 5 confirmed, 0 unevaluable, 0 changed; wraps [1197, 1191, 1191, 1191]
[ 9673.0s] n=9 k=8 c=1887  lin 3 -> empty     0 dirs: 0 confirmed, 0 unevaluable, 0 changed; wraps []
[ 9734.0s] n=9 k=8 c=1873  lin 4 -> nonempty  1 dirs: 0 confirmed, 0 unevaluable, 1 changed; wraps []
[ 9734.0s] done: 80 classes
