[   82.4s] n=6 k=3 c=63    lin 1 -> empty     0 dirs: 0 confirmed, 0 unevaluable, 0 changed; wraps []
[   83.4s] n=6 k=3 c=47    lin 4 -> nonempty  4 dirs: 4 confirmed, 0 unevaluable, 0 changed; wraps [47, 13, 13, 13]
[  288.7s] n=6 k=4 c=171   lin 3 -> empty     0 dirs: 0 confirmed, 0 unevaluable, 0 changed; wraps []
[  296.2s] n=6 k=5 c=393   lin 1 -> empty     0 dirs: 0 confirmed, 0 unevaluable, 0 changed; wraps []
[  297.0s] n=7 k=3 c=63    lin 1 -> empty     0 dirs: 0 confirmed, 0 unevaluable, 0 changed; wraps []
[  344.0s] n=7 k=3 c=49    lin 3 -> empty     0 dirs: 0 confirmed, 0 unevaluable, 0 changed; wraps []
[  347.6s] n=7 k=4 c=179   lin 1 -> empty     0 dirs: 0 confirmed, 0 unevaluable, 0 changed; wraps []
[  396.2s] n=7 k=4 c=167   lin 2 -> empty     0 dirs: 0 confirmed, 0 unevaluable, 0 changed; wraps []
[  637.1s] n=7 k=4 c=159   lin 4 -> nonempty  2 dirs: 2 confirmed, 0 unevaluable, 0 changed; wraps [159, 159]
[  644.2s] n=7 k=5 c=393   lin 1 -> empty     0 dirs: 0 confirmed, 0 unevaluable, 0 changed; wraps []
[  739.3s] n=7 k=5 c=383   lin 2 -> empty     0 dirs: 0 confirmed, 0 unevaluable, 0 changed; wraps []
[ 1072.6s] n=7 k=5 c=375   lin 4 -> nonempty  1 dirs: 0 confirmed, 0 unevaluable, 1 changed; wraps []
[ 1276.5s] n=7 k=5 c=359   lin 6 -> nonempty  15 dirs: 4 confirmed, 0 unevaluable, 11 changed; wraps [325, 385, 349, 349]
[ 1310.6s] n=7 k=6 c=715   lin 3 -> nonempty  1 dirs: 0 confirmed, 0 unevaluable, 1 changed; wraps []
[ 1311.9s] n=8 k=3 c=63    lin 1 -> empty     0 dirs: 0 confirmed, 0 unevaluable, 0 changed; wraps []
[ 1356.8s] n=8 k=3 c=49    lin 3 -> empty     0 dirs: 0 confirmed, 0 unevaluable, 0 changed; wraps []
[ 1357.6s] n=8 k=3 c=37    lin 6 -> nonempty  6 dirs: 6 confirmed, 0 unevaluable, 0 changed; wraps [57, 57, 57, 57]
[ 1506.9s] n=8 k=4 c=171   lin 3 -> empty     0 dirs: 0 confirmed, 0 unevaluable, 0 changed; wraps []
[ 1636.5s] n=8 k=4 c=163   lin 4 -> nonempty  3 dirs: 3 confirmed, 0 unevaluable, 0 changed; wraps [157, 183, 'multi-cube']
[ 1724.3s] n=8 k=4 c=157   lin 4 -> nonempty  27 dirs: 22 confirmed, 0 unevaluable, 5 changed; wraps [169, 'multi-cube', 'multi-cube', 'multi-cube']
[ 1821.2s] n=8 k=4 c=151   lin 6 -> nonempty  50 dirs: 50 confirmed, 0 unevaluable, 0 changed; wraps ['multi-cube', 'multi-cube', 'multi-cube', 'multi-cube']
[ 1824.6s] n=8 k=4 c=141   lin 8 -> nonempty  8 dirs: 8 confirmed, 0 unevaluable, 0 changed; wraps [165, 165, 171, 171]
[ 1849.4s] n=8 k=5 c=385   lin 2 -> empty     0 dirs: 0 confirmed, 0 unevaluable, 0 changed; wraps []
[ 1875.5s] n=8 k=5 c=381   lin 2 -> empty     0 dirs: 0 confirmed, 0 unevaluable, 0 changed; wraps []
[ 1893.2s] n=8 k=5 c=371   lin 3 -> nonempty  1 dirs: 1 confirmed, 0 unevaluable, 0 changed; wraps [167]
[ 1920.9s] n=8 k=5 c=365   lin 5 -> nonempty  20 dirs: 4 confirmed, 0 unevaluable, 16 changed; wraps [165, 'multi-cube', 161, 161]
[ 2133.0s] n=8 k=5 c=359   lin 6 -> nonempty  15 dirs: 4 confirmed, 0 unevaluable, 11 changed; wraps [325, 385, 349, 349]
[ 2452.9s] n=8 k=5 c=353   lin 7 -> nonempty  25 dirs: 11 confirmed, 0 unevaluable, 14 changed; wraps ['multi-cube', 'multi-cube', 'multi-cube', 383]
[ 2487.2s] n=8 k=6 c=723   lin 2 -> empty     0 dirs: 0 confirmed, 0 unevaluable, 0 changed; wraps []
[ 2522.4s] n=8 k=6 c=715   lin 2 -> empty     0 dirs: 0 confirmed, 0 unevaluable, 0 changed; wraps []
[ 2562.6s] n=8 k=6 c=713   lin 3 -> empty     0 dirs: 0 confirmed, 0 unevaluable, 0 changed; wraps []
[ 2627.9s] n=8 k=6 c=707   lin 3 -> empty     0 dirs: 0 confirmed, 0 unevaluable, 0 changed; wraps []
[ 3164.3s] n=8 k=6 c=697   lin 6 -> nonempty  6 dirs: 4 confirmed, 0 unevaluable, 2 changed; wraps [715, 715, 715, 715]
[ 3199.5s] n=8 k=7 c=1217  lin 2 -> empty     0 dirs: 0 confirmed, 0 unevaluable, 0 changed; wraps []
[ 3265.1s] n=8 k=7 c=1201  lin 4 -> nonempty  1 dirs: 1 confirmed, 0 unevaluable, 0 changed; wraps [1141]
[ 3268.8s] n=9 k=3 c=57    lin 2 -> nonempty  1 dirs: 1 confirmed, 0 unevaluable, 0 changed; wraps [13]
[ 3269.4s] n=9 k=3 c=47    lin 4 -> nonempty  4 dirs: 3 confirmed, 0 unevaluable, 1 changed; wraps [55, 55, 57]
[ 3270.1s] n=9 k=3 c=40    lin 4 -> nonempty  4 dirs: 4 confirmed, 0 unevaluable, 0 changed; wraps [13, 13, 13, 4]
[ 3273.8s] n=9 k=4 c=179   lin 1 -> empty     0 dirs: 0 confirmed, 0 unevaluable, 0 changed; wraps []
[ 3318.4s] n=9 k=4 c=167   lin 2 -> empty     0 dirs: 0 confirmed, 0 unevaluable, 0 changed; wraps []
[ 3327.3s] n=9 k=4 c=159   lin 3 -> nonempty  1 dirs: 1 confirmed, 0 unevaluable, 0 changed; wraps [55]
[ 3340.5s] n=9 k=4 c=155   lin 5 -> nonempty  20 dirs: 19 confirmed, 0 unevaluable, 1 changed; wraps [57, 'multi-cube', 'multi-cube', 'multi-cube']
[ 3489.2s] n=9 k=4 c=151   lin 6 -> nonempty  50 dirs: 16 confirmed, 0 unevaluable, 34 changed; wraps [169, 'multi-cube', 169, 'multi-cube']
[ 3491.3s] n=9 k=4 c=145   lin 7 -> nonempty  7 dirs: 6 confirmed, 0 unevaluable, 1 changed; wraps [163, 163, 163, 163]
[ 3493.8s] n=9 k=4 c=135   lin 9 -> nonempty  9 dirs: 6 confirmed, 0 unevaluable, 3 changed; wraps [165, 165, 165, 165]
[ 3519.8s] n=9 k=5 c=385   lin 2 -> empty     0 dirs: 0 confirmed, 0 unevaluable, 0 changed; wraps []
[ 3546.9s] n=9 k=5 c=381   lin 2 -> empty     0 dirs: 0 confirmed, 0 unevaluable, 0 changed; wraps []
[ 3891.0s] n=9 k=5 c=375   lin 4 -> nonempty  1 dirs: 0 confirmed, 0 unevaluable, 1 changed; wraps []
[ 3922.8s] n=9 k=5 c=369   lin 3 -> nonempty  1 dirs: 1 confirmed, 0 unevaluable, 0 changed; wraps [169]
[ 3943.9s] n=9 k=5 c=367   lin 4 -> nonempty  10 dirs: 10 confirmed, 0 unevaluable, 0 changed; wraps [163, 'multi-cube', 'multi-cube', 'multi-cube']
[ 4364.1s] n=9 k=5 c=363   lin 5 -> nonempty  1 dirs: 1 confirmed, 0 unevaluable, 0 changed; wraps [383]
[ 4522.2s] n=9 k=5 c=359   lin 6 -> nonempty  15 dirs: 4 confirmed, 0 unevaluable, 11 changed; wraps [325, 385, 349, 349]
[ 4537.2s] n=9 k=5 c=355   lin 5 -> nonempty  15 dirs: 15 confirmed, 0 unevaluable, 0 changed; wraps [297, 'multi-cube', 'multi-cube', 'multi-cube']
[ 4561.2s] n=9 k=5 c=351   lin 6 -> nonempty  25 dirs: 24 confirmed, 0 unevaluable, 1 changed; wraps [165, 'multi-cube', 'multi-cube', 'multi-cube']
[ 4723.2s] n=9 k=5 c=347   lin 8 -> nonempty  70 dirs: 10 confirmed, 0 unevaluable, 60 changed; wraps [369, 'multi-cube', 369, 'multi-cube']
[ 4816.0s] n=9 k=5 c=343   lin 7 -> nonempty  48 dirs: 28 confirmed, 0 unevaluable, 20 changed; wraps [369, 'multi-cube', 'multi-cube', 369]
[ 4820.2s] n=9 k=5 c=335   lin 10 -> nonempty  10 dirs: 10 confirmed, 0 unevaluable, 0 changed; wraps [363, 363, 363, 351]
[ 4840.4s] n=9 k=6 c=723   lin 2 -> empty     0 dirs: 0 confirmed, 0 unevaluable, 0 changed; wraps []
[ 4862.2s] n=9 k=6 c=715   lin 2 -> empty     0 dirs: 0 confirmed, 0 unevaluable, 0 changed; wraps []
[ 4884.2s] n=9 k=6 c=713   lin 3 -> nonempty  1 dirs: 0 confirmed, 0 unevaluable, 1 changed; wraps []
[ 4906.4s] n=9 k=6 c=709   lin 3 -> nonempty  1 dirs: 0 confirmed, 0 unevaluable, 1 changed; wraps []
[ 4980.7s] n=9 k=6 c=707   lin 3 -> nonempty  2 dirs: 2 confirmed, 0 unevaluable, 0 changed; wraps [675, 675]
[ 5020.4s] n=9 k=6 c=707   lin 3 -> empty     0 dirs: 0 confirmed, 0 unevaluable, 0 changed; wraps []
[ 5047.6s] n=9 k=6 c=703   lin 4 -> nonempty  10 dirs: 10 confirmed, 0 unevaluable, 0 changed; wraps [371, 'multi-cube', 'multi-cube', 'multi-cube']
[ 5069.9s] n=9 k=6 c=699   lin 4 -> nonempty  10 dirs: 2 confirmed, 0 unevaluable, 8 changed; wraps [669, 'multi-cube']
[ 5114.9s] n=9 k=6 c=695   lin 4 -> nonempty  10 dirs: 3 confirmed, 0 unevaluable, 7 changed; wraps [375, 'multi-cube', 'multi-cube']
[ 5149.2s] n=9 k=6 c=693   lin 4 -> nonempty  1 dirs: 1 confirmed, 0 unevaluable, 0 changed; wraps [361]
[ 5199.4s] n=9 k=6 c=689   lin 5 -> nonempty  15 dirs: 2 confirmed, 0 unevaluable, 13 changed; wraps [369, 369]
[ 5549.6s] n=9 k=6 c=687   lin 7 -> nonempty  20 dirs: 6 confirmed, 0 unevaluable, 14 changed; wraps ['multi-cube', 715, 'multi-cube', 'multi-cube']
[ 5590.6s] n=9 k=6 c=679   lin 6 -> nonempty  20 dirs: 20 confirmed, 0 unevaluable, 0 changed; wraps [359, 'multi-cube', 'multi-cube', 'multi-cube']
[ 5972.6s] n=9 k=6 c=671   lin 9 -> nonempty  88 dirs: 40 confirmed, 24 unevaluable, 24 changed; wraps [343, 691, 'multi-cube', 'multi-cube']
[ 6006.0s] n=9 k=7 c=1209  lin 2 -> empty     0 dirs: 0 confirmed, 0 unevaluable, 0 changed; wraps []
[ 6041.1s] n=9 k=7 c=1203  lin 3 -> nonempty  1 dirs: 0 confirmed, 0 unevaluable, 1 changed; wraps []
[ 6079.8s] n=9 k=7 c=1199  lin 3 -> nonempty  1 dirs: 0 confirmed, 0 unevaluable, 1 changed; wraps []
[ 6127.2s] n=9 k=7 c=1195  lin 4 -> nonempty  1 dirs: 0 confirmed, 0 unevaluable, 1 changed; wraps []
[ 6172.5s] n=9 k=7 c=1191  lin 4 -> nonempty  1 dirs: 1 confirmed, 0 unevaluable, 0 changed; wraps [707]
[ 6211.6s] n=9 k=7 c=1185  lin 5 -> nonempty  2 dirs: 2 confirmed, 0 unevaluable, 0 changed; wraps [693, 693]
[ 6246.7s] n=9 k=7 c=1179  lin 6 -> nonempty  3 dirs: 2 confirmed, 0 unevaluable, 1 changed; wraps [995, 687]
[ 6794.1s] n=9 k=7 c=1171  lin 9 -> nonempty  48 dirs: 20 confirmed, 0 unevaluable, 28 changed; wraps ['multi-cube', 1195, 1195, 'multi-cube']
[ 6851.0s] n=9 k=8 c=1883  lin 4 -> empty     0 dirs: 0 confirmed, 0 unevaluable, 0 changed; wraps []
[ 6906.4s] n=9 k=8 c=1869  lin 5 -> nonempty  2 dirs: 1 confirmed, 0 unevaluable, 1 changed; wraps [1201]
[ 6906.4s] done: 81 classes
