[   31.0s] n=6 k=3 count=53 idxs=(0, 4, 5)
[   31.4s] n=6 k=4 count=179 idxs=(0, 1, 3, 4)
[   31.6s] n=6 k=4 count=165 idxs=(0, 1, 3, 5)
[   32.8s] n=6 k=5 count=383 idxs=(0, 1, 2, 4, 5)
[   34.4s] n=7 k=3 count=55 idxs=(0, 1, 2)
[   35.0s] n=7 k=3 count=43 idxs=(0, 1, 6)
[   35.4s] n=7 k=4 count=171 idxs=(0, 1, 2, 3)
[   37.1s] n=7 k=4 count=163 idxs=(0, 1, 2, 6)
[   38.4s] n=7 k=4 count=153 idxs=(0, 1, 3, 6)
[   39.8s] n=7 k=5 count=385 idxs=(0, 1, 2, 4, 6)
[   40.3s] n=7 k=5 count=381 idxs=(1, 2, 3, 4, 6)
[   40.8s] n=7 k=5 count=369 idxs=(0, 2, 3, 5, 6)
[   44.6s] n=7 k=6 count=723 idxs=(0, 1, 2, 3, 4, 6)
[   45.3s] n=7 k=6 count=713 idxs=(0, 1, 2, 4, 5, 6)
[   46.8s] n=8 k=3 count=55 idxs=(0, 1, 2)
[   47.5s] n=8 k=3 count=44 idxs=(3, 6, 7)
[   58.1s] n=8 k=4 count=179 idxs=(0, 1, 3, 4)
[   58.3s] n=8 k=4 count=167 idxs=(0, 1, 4, 5)
[   59.1s] n=8 k=4 count=159 idxs=(3, 4, 6, 7)
[  136.5s] n=8 k=4 count=155 idxs=(2, 4, 5, 7)
[  156.0s] n=8 k=4 count=147 idxs=(0, 1, 5, 6)
[  157.0s] n=8 k=5 count=387 idxs=(0, 1, 2, 4, 7)
[  457.2s] n=8 k=5 count=383 idxs=(0, 1, 2, 4, 5)
[  459.5s] n=8 k=5 count=375 idxs=(0, 1, 2, 3, 6)
[  465.6s] n=8 k=5 count=369 idxs=(0, 1, 3, 5, 7)
[  710.9s] n=8 k=5 count=363 idxs=(0, 1, 2, 5, 6)
[  715.3s] n=8 k=5 count=357 idxs=(0, 1, 2, 6, 7)
[  936.1s] n=8 k=5 count=341 idxs=(0, 1, 5, 6, 7)
[ 1007.9s] n=8 k=6 count=717 idxs=(0, 1, 3, 4, 5, 6)
[ 1010.2s] n=8 k=6 count=715 idxs=(1, 2, 3, 4, 5, 6)
[ 1016.5s] n=8 k=6 count=709 idxs=(0, 1, 2, 3, 5, 6)
[ 1033.1s] n=8 k=6 count=703 idxs=(0, 1, 4, 5, 6, 7)
[ 1659.9s] n=8 k=6 count=687 idxs=(0, 1, 3, 5, 6, 7)
[ 2145.9s] n=8 k=7 count=1205 idxs=(0, 1, 2, 4, 5, 6, 7)
[ 3749.2s] n=8 k=7 count=1197 idxs=(0, 1, 2, 3, 5, 6, 7)
[ 4624.0s] n=9 k=3 count=53 idxs=(0, 1, 8)
[ 4647.6s] n=9 k=3 count=43 idxs=(2, 6, 8)
[ 4653.9s] n=9 k=3 count=37 idxs=(0, 6, 7)
[ 4654.7s] n=9 k=4 count=171 idxs=(0, 1, 2, 3)
[ 4657.9s] n=9 k=4 count=163 idxs=(0, 1, 2, 6)
[ 4660.4s] n=9 k=4 count=157 idxs=(1, 2, 6, 8)
[ 4718.4s] n=9 k=4 count=153 idxs=(0, 1, 2, 7)
[ 4721.7s] n=9 k=4 count=147 idxs=(0, 2, 6, 8)
[ 4738.0s] n=9 k=4 count=141 idxs=(0, 1, 6, 7)
[ 4740.5s] n=9 k=5 count=387 idxs=(0, 1, 2, 4, 7)
[ 4743.9s] n=9 k=5 count=383 idxs=(0, 2, 3, 4, 8)
[ 5213.3s] n=9 k=5 count=381 idxs=(1, 2, 3, 4, 6)
[ 5214.4s] n=9 k=5 count=371 idxs=(0, 1, 4, 5, 6)
[ 5216.7s] n=9 k=5 count=367 idxs=(1, 3, 4, 5, 8)
[ 5716.8s] n=9 k=5 count=363 idxs=(0, 2, 4, 5, 8)
[ 5962.4s] n=9 k=5 count=359 idxs=(3, 4, 6, 7, 8)
[ 6232.2s] n=9 k=5 count=357 idxs=(1, 2, 5, 6, 8)
[ 6374.1s] n=9 k=5 count=353 idxs=(0, 1, 2, 5, 7)
[ 6380.2s] n=9 k=5 count=351 idxs=(0, 1, 5, 6, 8)
[ 6502.7s] n=9 k=5 count=345 idxs=(2, 4, 5, 6, 8)
[ 6740.6s] n=9 k=5 count=341 idxs=(0, 1, 5, 6, 7)
[ 6745.8s] n=9 k=6 count=727 idxs=(0, 1, 2, 3, 4, 5)
[ 6749.7s] n=9 k=6 count=717 idxs=(0, 1, 3, 4, 5, 6)
[ 6752.0s] n=9 k=6 count=715 idxs=(1, 2, 3, 4, 5, 6)
[ 6758.8s] n=9 k=6 count=711 idxs=(0, 1, 2, 4, 6, 8)
[ 8272.6s] n=9 k=6 count=709 idxs=(0, 1, 2, 3, 5, 6)
[ 8288.3s] n=9 k=6 count=707 idxs=(1, 2, 3, 4, 7, 8)
[ 9484.2s] n=9 k=6 count=705 idxs=(0, 1, 4, 6, 7, 8)
[10079.7s] n=9 k=6 count=701 idxs=(0, 2, 4, 6, 7, 8)
[10824.9s] n=9 k=6 count=697 idxs=(0, 3, 4, 6, 7, 8)
[11464.5s] n=9 k=6 count=695 idxs=(2, 3, 4, 5, 6, 7)
[11469.4s] n=9 k=6 count=691 idxs=(0, 1, 2, 5, 6, 8)
[11756.5s] n=9 k=6 count=687 idxs=(1, 2, 3, 6, 7, 8)
[12018.3s] n=9 k=6 count=685 idxs=(0, 1, 2, 5, 6, 7)
[12025.3s] n=9 k=6 count=677 idxs=(0, 2, 3, 6, 7, 8)
[12263.8s] n=9 k=6 count=669 idxs=(0, 2, 5, 6, 7, 8)
[12375.1s] n=9 k=7 count=1209 idxs=(0, 1, 2, 3, 4, 6, 7)
[12378.6s] n=9 k=7 count=1201 idxs=(1, 2, 3, 4, 5, 6, 7)
[12385.4s] n=9 k=7 count=1197 idxs=(0, 1, 2, 3, 5, 6, 7)
[12398.0s] n=9 k=7 count=1193 idxs=(1, 2, 3, 4, 5, 7, 8)
[13548.3s] n=9 k=7 count=1189 idxs=(1, 2, 3, 4, 6, 7, 8)
[15024.7s] n=9 k=7 count=1181 idxs=(1, 3, 4, 5, 6, 7, 8)
[15891.3s] n=9 k=7 count=1173 idxs=(0, 1, 2, 5, 6, 7, 8)
[16298.7s] n=9 k=8 count=1887 idxs=(0, 1, 2, 3, 4, 5, 7, 8)
[18072.9s] n=9 k=8 count=1873 idxs=(0, 1, 3, 4, 5, 6, 7, 8)
[19969.2s] done: 80 classes
