n=7: 1386 REAL concurrence points
     3 planes / 1 cubes: 38
     3 planes / 2 cubes: 192
     3 planes / 3 cubes: 1050
     4 planes / 2 cubes: 84
     4 planes / 4 cubes: 12
     6 planes / 2 cubes: 6
     6 planes / 3 cubes: 2
     9 planes / 3 cubes: 2
   (1,1,1,1)-type points [>=4 planes from >=4 distinct cubes]: 12
      ['1', '-11/19', '-1/19']  cubes [0, 2, 3, 4]
      ['-1', '11/19', '1/19']  cubes [0, 2, 3, 4]
      ['0', '1', '2/3']  cubes [0, 2, 3, 4]
      ['0', '-1', '-2/3']  cubes [0, 2, 3, 4]
n=8: 2158 REAL concurrence points
     3 planes / 1 cubes: 44
     3 planes / 2 cubes: 292
     3 planes / 3 cubes: 1704
     4 planes / 2 cubes: 96
     4 planes / 4 cubes: 12
     6 planes / 2 cubes: 4
     6 planes / 3 cubes: 2
     9 planes / 3 cubes: 4
   (1,1,1,1)-type points [>=4 planes from >=4 distinct cubes]: 12
      ['1', '-11/19', '-1/19']  cubes [0, 2, 3, 4]
      ['-1', '11/19', '1/19']  cubes [0, 2, 3, 4]
      ['0', '1', '2/3']  cubes [0, 2, 3, 4]
      ['0', '-1', '-2/3']  cubes [0, 2, 3, 4]
n=9: 3162 REAL concurrence points
     3 planes / 1 cubes: 50
     3 planes / 2 cubes: 412
     3 planes / 3 cubes: 2570
     4 planes / 2 cubes: 108
     4 planes / 4 cubes: 12
     6 planes / 2 cubes: 2
     6 planes / 3 cubes: 2
     9 planes / 3 cubes: 6
   (1,1,1,1)-type points [>=4 planes from >=4 distinct cubes]: 12
      ['1', '-11/19', '-1/19']  cubes [0, 2, 3, 4]
      ['-1', '11/19', '1/19']  cubes [0, 2, 3, 4]
      ['0', '1', '2/3']  cubes [0, 2, 3, 4]
      ['0', '-1', '-2/3']  cubes [0, 2, 3, 4]
