
[n=9 AUDIT iter 1] record 2787  deficit 5  height 113786
   preserving rank 4
   rays: 4 of 36 crossed, 0 found no wall within t<=8, 32 UNEVALUABLE  (after bisection: 0 back at count, 0 unevaluable)
   FACET CENSUS of this region: 4 distinct walls
      cubes [1, 3, 6]        at 0.0025502   count outside 2783
      cubes [5, 7, 8]        at 0.0033597   count outside 2783
      cubes [3, 6, 7]        at 0.029932   count outside 2783
      cubes [0, 5, 6]        at 0.045259   count outside 2783
   UNDETERMINED: 32 of 36 rays ended UNEVALUABLE (engine refused every probe); this is NOT local maximality

[n=10 AUDIT iter 1] record 3921  deficit 6  height 113786
   preserving rank 5
   boundary crossing -> 3925  (ABOVE 3921)
   rays: 6 of 36 crossed, 0 found no wall within t<=8, 30 UNEVALUABLE  (after bisection: 0 back at count, 0 unevaluable)
   FACET CENSUS of this region: 5 distinct walls
      cubes [0, 6, 8]        at 0.001877   count outside 3917
      cubes [1, 3, 6]        at 0.0025502   count outside 3917
      cubes [5, 7, 9]        at 0.0033597   count outside 3917
      cubes [2, 8, 9]        at 0.0070079   count outside 3925
      cubes [3, 6, 7]        at 0.029932   count outside 3917
   NEW RECORD 3925  height 113786  gate: both engines + 3 rotations agree
   4,1,1,-1;3,3,7,3;5,-1,-5,-5;2,1,1,1;1,1,1,1;7,14,1,-5;4,-3,-4,-4;168,-168,168,-415;1824,1824,1849,1824;88787,-9061,74275,113786

[n=10 AUDIT iter 2] record 3925  deficit 6  height 113786
   preserving rank 5
   rays: 6 of 36 crossed, 0 found no wall within t<=8, 30 UNEVALUABLE  (after bisection: 0 back at count, 0 unevaluable)
   FACET CENSUS of this region: 5 distinct walls
      cubes [1, 3, 6]        at 0.0025502   count outside 3921
      cubes [5, 7, 9]        at 0.0033597   count outside 3921
      cubes [3, 6, 8]        at 0.0069141   count outside 3921
      cubes [2, 8, 9]        at 0.024242   count outside 3921
      cubes [3, 6, 7]        at 0.029932   count outside 3921
   UNDETERMINED: 30 of 36 rays ended UNEVALUABLE (engine refused every probe); this is NOT local maximality
