37 configurations
  peak 183: 12 walls rank 8 | crossable pairs  3 of 66 | best beyond 171 (drop 12)
  peak 183: 12 walls rank 8 | crossable pairs  3 of 66 | best beyond 171 (drop 12)
  peak 183: 12 walls rank 8 | crossable pairs  3 of 66 | best beyond 171 (drop 12)
  peak 183: 12 walls rank 8 | crossable pairs  3 of 66 | best beyond 171 (drop 12)
  peak 183: 12 walls rank 8 | crossable pairs  3 of 66 | best beyond 171 (drop 12)
  peak 183: 12 walls rank 8 | crossable pairs  3 of 66 | best beyond 171 (drop 12)
  peak 183: 12 walls rank 8 | crossable pairs  3 of 66 | best beyond 171 (drop 12)
  peak 179: 12 walls rank 8 | crossable pairs  6 of 66 | best beyond 177 (drop 2)
  peak 179: 12 walls rank 8 | crossable pairs  6 of 66 | best beyond 177 (drop 2)
  peak 179: 12 walls rank 8 | crossable pairs  6 of 66 | best beyond 177 (drop 2)
  peak 179: 12 walls rank 8 | crossable pairs  6 of 66 | best beyond 177 (drop 2)
  peak 179: 12 walls rank 8 | crossable pairs  6 of 66 | best beyond 177 (drop 2)
  peak 179: 12 walls rank 8 | crossable pairs  6 of 66 | best beyond 177 (drop 2)
  peak 179: 12 walls rank 8 | crossable pairs  6 of 66 | best beyond 177 (drop 2)
  peak 179: 12 walls rank 8 | crossable pairs  6 of 66 | best beyond 177 (drop 2)
  peak 179: 10 walls rank 8 | crossable pairs 12 of 45 | best beyond 169 (drop 10)
  peak 179: 12 walls rank 8 | crossable pairs  6 of 66 | best beyond 177 (drop 2)
  peak 179: 12 walls rank 8 | crossable pairs  6 of 66 | best beyond 177 (drop 2)
  peak 177: 10 walls rank 7 | crossable pairs  8 of 45 | best beyond 173 (drop 4)
  peak 177: 10 walls rank 7 | crossable pairs  8 of 45 | best beyond 173 (drop 4)
  peak 175: 12 walls rank 8 | crossable pairs  6 of 66 | best beyond 173 (drop 2)
  peak 175: 12 walls rank 8 | crossable pairs  6 of 66 | best beyond 173 (drop 2)
  peak 175: 12 walls rank 8 | crossable pairs  6 of 66 | best beyond 173 (drop 2)
  peak 175: 10 walls rank 8 | crossable pairs 12 of 45 | best beyond 171 (drop 4)
  peak 175:  8 walls rank 7 | crossable pairs 13 of 28 | best beyond 163 (drop 12)
  peak 175: 10 walls rank 8 | crossable pairs 11 of 45 | best beyond 167 (drop 8)
  peak 175: 12 walls rank 8 | crossable pairs  6 of 66 | best beyond 173 (drop 2)
  peak 175: 12 walls rank 8 | crossable pairs  6 of 66 | best beyond 173 (drop 2)
  peak 175: 12 walls rank 8 | crossable pairs  6 of 66 | best beyond 173 (drop 2)
  peak 175: 10 walls rank 8 | crossable pairs 12 of 45 | best beyond 169 (drop 6)
  peak 175: 12 walls rank 8 | crossable pairs  6 of 66 | best beyond 173 (drop 2)
  peak 175:  9 walls rank 8 | crossable pairs 18 of 36 | best beyond 169 (drop 6)
  peak 175:  8 walls rank 7 | crossable pairs 13 of 28 | best beyond 165 (drop 10)
  peak 175: 12 walls rank 8 | crossable pairs  6 of 66 | best beyond 173 (drop 2)
  peak 175: 12 walls rank 8 | crossable pairs  6 of 66 | best beyond 173 (drop 2)
  peak 175: 12 walls rank 8 | crossable pairs  6 of 66 | best beyond 173 (drop 2)
  peak 175: 12 walls rank 8 | crossable pairs  6 of 66 | best beyond 173 (drop 2)

peak | n | mean walls | mean crossable pairs | mean drop to best neighbour
 175 |17 |   11.00    |         8.53         |      4.00
 177 | 2 |   10.00    |         8.00         |      4.00
 179 |11 |   11.82    |         6.55         |      2.73
 183 | 7 |   12.00    |         3.00         |      12.00
