preloaded 0 memoized evals
=== deepsweep: 48 starts x 3 plain objectives + 10 strata ===
  record723:d1d2: converged it=1 total=723 by_depth={0: 1, 1: 210, 2: 216, 3: 164, 4: 96, 5: 36, 6: 1} score=426.0
  record717:d1d2: converged it=1 total=717 by_depth={0: 1, 1: 210, 2: 210, 3: 158, 4: 102, 5: 36, 6: 1} score=420.0
  groebner_aq0:d1d2: converged it=2 total=717 by_depth={0: 1, 1: 210, 2: 210, 3: 164, 4: 96, 5: 36, 6: 1} score=420.0
  groebner_aq1:d1d2: converged it=2 total=717 by_depth={0: 1, 1: 210, 2: 210, 3: 164, 4: 96, 5: 36, 6: 1} score=420.0
  groebner_aq2:d1d2: converged it=2 total=717 by_depth={0: 1, 1: 210, 2: 210, 3: 164, 4: 96, 5: 36, 6: 1} score=420.0
  groebner_aq3:d1d2: converged it=2 total=717 by_depth={0: 1, 1: 210, 2: 210, 3: 164, 4: 96, 5: 36, 6: 1} score=420.0
  groebner_aq4:d1d2: converged it=2 total=717 by_depth={0: 1, 1: 210, 2: 210, 3: 164, 4: 96, 5: 36, 6: 1} score=420.0
  groebner_aq5:d1d2: converged it=1 total=689 by_depth={0: 1, 1: 224, 2: 198, 3: 142, 4: 88, 5: 36, 6: 1} score=422.0
  groebner_aq6:d1d2: converged it=1 total=689 by_depth={0: 1, 1: 224, 2: 198, 3: 142, 4: 88, 5: 36, 6: 1} score=422.0
  groebner_aq7:d1d2: converged it=1 total=689 by_depth={0: 1, 1: 224, 2: 198, 3: 142, 4: 88, 5: 36, 6: 1} score=422.0
  groebner_aq8:d1d2: converged it=2 total=717 by_depth={0: 1, 1: 210, 2: 210, 3: 164, 4: 96, 5: 36, 6: 1} score=420.0
  groebner_aq9:d1d2: converged it=2 total=717 by_depth={0: 1, 1: 210, 2: 210, 3: 164, 4: 96, 5: 36, 6: 1} score=420.0
  groebner_aq10:d1d2: converged it=2 total=717 by_depth={0: 1, 1: 210, 2: 210, 3: 164, 4: 96, 5: 36, 6: 1} score=420.0
  groebner_aq11:d1d2: converged it=2 total=717 by_depth={0: 1, 1: 210, 2: 210, 3: 164, 4: 96, 5: 36, 6: 1} score=420.0
  groebner_aq12:d1d2: converged it=2 total=717 by_depth={0: 1, 1: 210, 2: 210, 3: 164, 4: 96, 5: 36, 6: 1} score=420.0
  groebner_aq13:d1d2: converged it=2 total=721 by_depth={0: 1, 1: 208, 2: 220, 3: 156, 4: 100, 5: 36, 6: 1} score=428.0
  groebner_aq14:d1d2: converged it=1 total=689 by_depth={0: 1, 1: 224, 2: 198, 3: 142, 4: 88, 5: 36, 6: 1} score=422.0
  groebner_aq15:d1d2: converged it=1 total=689 by_depth={0: 1, 1: 224, 2: 198, 3: 142, 4: 88, 5: 36, 6: 1} score=422.0
  groebner_aq16:d1d2: converged it=2 total=721 by_depth={0: 1, 1: 208, 2: 220, 3: 156, 4: 100, 5: 36, 6: 1} score=428.0
  groebner_aq17:d1d2: converged it=2 total=717 by_depth={0: 1, 1: 210, 2: 210, 3: 164, 4: 96, 5: 36, 6: 1} score=420.0
  groebner_aq18:d1d2: converged it=2 total=717 by_depth={0: 1, 1: 210, 2: 210, 3: 164, 4: 96, 5: 36, 6: 1} score=420.0
  groebner_aq19:d1d2: converged it=2 total=717 by_depth={0: 1, 1: 210, 2: 210, 3: 164, 4: 96, 5: 36, 6: 1} score=420.0
  groebner_aq20:d1d2: converged it=2 total=717 by_depth={0: 1, 1: 210, 2: 210, 3: 164, 4: 96, 5: 36, 6: 1} score=420.0
  groebner_aq21:d1d2: converged it=2 total=719 by_depth={0: 1, 1: 214, 2: 216, 3: 158, 4: 94, 5: 36, 6: 1} score=430.0
  groebner_aq22:d1d2: converged it=1 total=689 by_depth={0: 1, 1: 224, 2: 198, 3: 142, 4: 88, 5: 36, 6: 1} score=422.0
  groebner_aq23:d1d2: converged it=1 total=689 by_depth={0: 1, 1: 224, 2: 198, 3: 142, 4: 88, 5: 36, 6: 1} score=422.0
  groebner_aq24:d1d2: converged it=2 total=719 by_depth={0: 1, 1: 214, 2: 216, 3: 158, 4: 94, 5: 36, 6: 1} score=430.0
  groebner_aq25:d1d2: converged it=2 total=717 by_depth={0: 1, 1: 210, 2: 210, 3: 164, 4: 96, 5: 36, 6: 1} score=420.0
  random_723_s2_0:d1d2: converged it=3 total=705 by_depth={0: 1, 1: 202, 2: 216, 3: 154, 4: 96, 5: 36, 6: 1} score=418.0
  random_717_s3_1:d1d2: converged it=3 total=677 by_depth={0: 1, 1: 168, 2: 210, 3: 160, 4: 102, 5: 36, 6: 1} score=378.0
  random_723_s4_2:d1d2: converged it=4 total=717 by_depth={0: 1, 1: 210, 2: 210, 3: 164, 4: 96, 5: 36, 6: 1} score=420.0
  random_717_s5_3:d1d2: converged it=7 total=723 by_depth={0: 1, 1: 198, 2: 222, 3: 164, 4: 102, 5: 36, 6: 1} score=420.0
  random_723_s6_4:d1d2: converged it=3 total=717 by_depth={0: 1, 1: 210, 2: 210, 3: 164, 4: 96, 5: 36, 6: 1} score=420.0
  random_717_s8_5:d1d2: converged it=6 total=699 by_depth={0: 1, 1: 178, 2: 218, 3: 164, 4: 102, 5: 36, 6: 1} score=396.0
  random_723_s10_6:d1d2: converged it=7 total=699 by_depth={0: 1, 1: 198, 2: 214, 3: 152, 4: 98, 5: 36, 6: 1} score=412.0
  random_717_s12_7:d1d2: converged it=5 total=677 by_depth={0: 1, 1: 162, 2: 216, 3: 162, 4: 100, 5: 36, 6: 1} score=378.0
  random_723_s2_8:d1d2: converged it=3 total=723 by_depth={0: 1, 1: 210, 2: 216, 3: 164, 4: 96, 5: 36, 6: 1} score=426.0
  random_717_s3_9:d1d2: converged it=3 total=707 by_depth={0: 1, 1: 190, 2: 220, 3: 160, 4: 100, 5: 36, 6: 1} score=410.0
  random_723_s4_10:d1d2: converged it=7 total=713 by_depth={0: 1, 1: 198, 2: 218, 3: 158, 4: 102, 5: 36, 6: 1} score=416.0
  random_717_s5_11:d1d2: converged it=5 total=693 by_depth={0: 1, 1: 180, 2: 214, 3: 160, 4: 102, 5: 36, 6: 1} score=394.0
  random_723_s6_12:d1d2: converged it=5 total=705 by_depth={0: 1, 1: 190, 2: 216, 3: 162, 4: 100, 5: 36, 6: 1} score=406.0
  random_717_s8_13:d1d2: converged it=6 total=703 by_depth={0: 1, 1: 188, 2: 216, 3: 160, 4: 102, 5: 36, 6: 1} score=404.0
  random_723_s10_14:d1d2: converged it=8 total=709 by_depth={0: 1, 1: 206, 2: 216, 3: 154, 4: 96, 5: 36, 6: 1} score=422.0
  random_717_s12_15:d1d2: converged it=7 total=699 by_depth={0: 1, 1: 200, 2: 212, 3: 154, 4: 96, 5: 36, 6: 1} score=412.0
  random_723_s2_16:d1d2: converged it=3 total=723 by_depth={0: 1, 1: 210, 2: 216, 3: 164, 4: 96, 5: 36, 6: 1} score=426.0
  random_717_s3_17:d1d2: converged it=4 total=717 by_depth={0: 1, 1: 210, 2: 210, 3: 158, 4: 102, 5: 36, 6: 1} score=420.0
  random_723_s4_18:d1d2: converged it=7 total=723 by_depth={0: 1, 1: 210, 2: 220, 3: 156, 4: 100, 5: 36, 6: 1} score=430.0
  random_717_s5_19:d1d2: converged it=5 total=701 by_depth={0: 1, 1: 204, 2: 206, 3: 156, 4: 98, 5: 36, 6: 1} score=410.0
-- objective d1d2 champion: total=719 by_depth={0: 1, 1: 214, 2: 216, 3: 158, 4: 94, 5: 36, 6: 1}
  record723:total: converged it=1 total=723 by_depth={0: 1, 1: 210, 2: 216, 3: 164, 4: 96, 5: 36, 6: 1} score=723.0
  record717:total: converged it=1 total=717 by_depth={0: 1, 1: 210, 2: 210, 3: 158, 4: 102, 5: 36, 6: 1} score=717.0
  groebner_aq0:total: converged it=2 total=717 by_depth={0: 1, 1: 210, 2: 210, 3: 164, 4: 96, 5: 36, 6: 1} score=717.0
  groebner_aq1:total: converged it=2 total=717 by_depth={0: 1, 1: 210, 2: 210, 3: 164, 4: 96, 5: 36, 6: 1} score=717.0
  groebner_aq2:total: converged it=2 total=717 by_depth={0: 1, 1: 210, 2: 210, 3: 164, 4: 96, 5: 36, 6: 1} score=717.0
  groebner_aq3:total: converged it=2 total=717 by_depth={0: 1, 1: 210, 2: 210, 3: 164, 4: 96, 5: 36, 6: 1} score=717.0
  groebner_aq4:total: converged it=2 total=717 by_depth={0: 1, 1: 210, 2: 210, 3: 164, 4: 96, 5: 36, 6: 1} score=717.0
  groebner_aq5:total: converged it=3 total=723 by_depth={0: 1, 1: 210, 2: 218, 3: 160, 4: 98, 5: 36, 6: 1} score=723.0
  groebner_aq6:total: converged it=3 total=723 by_depth={0: 1, 1: 210, 2: 218, 3: 160, 4: 98, 5: 36, 6: 1} score=723.0
  groebner_aq7:total: converged it=2 total=713 by_depth={0: 1, 1: 206, 2: 210, 3: 162, 4: 98, 5: 36, 6: 1} score=713.0
  groebner_aq8:total: converged it=2 total=717 by_depth={0: 1, 1: 210, 2: 210, 3: 164, 4: 96, 5: 36, 6: 1} score=717.0
  groebner_aq9:total: converged it=2 total=717 by_depth={0: 1, 1: 210, 2: 210, 3: 164, 4: 96, 5: 36, 6: 1} score=717.0
  groebner_aq10:total: converged it=2 total=717 by_depth={0: 1, 1: 210, 2: 210, 3: 164, 4: 96, 5: 36, 6: 1} score=717.0
  groebner_aq11:total: converged it=2 total=717 by_depth={0: 1, 1: 210, 2: 210, 3: 164, 4: 96, 5: 36, 6: 1} score=717.0
  groebner_aq12:total: converged it=2 total=717 by_depth={0: 1, 1: 210, 2: 210, 3: 164, 4: 96, 5: 36, 6: 1} score=717.0
  groebner_aq13:total: converged it=2 total=721 by_depth={0: 1, 1: 210, 2: 214, 3: 162, 4: 98, 5: 36, 6: 1} score=721.0
  groebner_aq14:total: converged it=2 total=713 by_depth={0: 1, 1: 202, 2: 214, 3: 162, 4: 98, 5: 36, 6: 1} score=713.0
  groebner_aq15:total: converged it=2 total=713 by_depth={0: 1, 1: 202, 2: 214, 3: 162, 4: 98, 5: 36, 6: 1} score=713.0
  groebner_aq16:total: converged it=2 total=721 by_depth={0: 1, 1: 208, 2: 220, 3: 156, 4: 100, 5: 36, 6: 1} score=721.0
  groebner_aq17:total: converged it=2 total=717 by_depth={0: 1, 1: 210, 2: 210, 3: 164, 4: 96, 5: 36, 6: 1} score=717.0
  groebner_aq18:total: converged it=2 total=717 by_depth={0: 1, 1: 210, 2: 210, 3: 164, 4: 96, 5: 36, 6: 1} score=717.0
  groebner_aq19:total: converged it=2 total=717 by_depth={0: 1, 1: 210, 2: 210, 3: 164, 4: 96, 5: 36, 6: 1} score=717.0
  groebner_aq20:total: converged it=2 total=717 by_depth={0: 1, 1: 210, 2: 210, 3: 164, 4: 96, 5: 36, 6: 1} score=717.0
  groebner_aq21:total: converged it=3 total=721 by_depth={0: 1, 1: 208, 2: 218, 3: 160, 4: 98, 5: 36, 6: 1} score=721.0
  groebner_aq22:total: converged it=3 total=721 by_depth={0: 1, 1: 208, 2: 220, 3: 156, 4: 100, 5: 36, 6: 1} score=721.0
  groebner_aq23:total: converged it=3 total=721 by_depth={0: 1, 1: 208, 2: 220, 3: 156, 4: 100, 5: 36, 6: 1} score=721.0
  groebner_aq24:total: converged it=3 total=721 by_depth={0: 1, 1: 208, 2: 218, 3: 160, 4: 98, 5: 36, 6: 1} score=721.0
  groebner_aq25:total: converged it=2 total=717 by_depth={0: 1, 1: 210, 2: 210, 3: 164, 4: 96, 5: 36, 6: 1} score=717.0
  random_723_s2_0:total: converged it=3 total=705 by_depth={0: 1, 1: 202, 2: 216, 3: 154, 4: 96, 5: 36, 6: 1} score=705.0
  random_717_s3_1:total: converged it=7 total=711 by_depth={0: 1, 1: 190, 2: 218, 3: 164, 4: 102, 5: 36, 6: 1} score=711.0
  random_723_s4_2:total: converged it=3 total=715 by_depth={0: 1, 1: 192, 2: 220, 3: 164, 4: 102, 5: 36, 6: 1} score=715.0
  random_717_s5_3:total: converged it=7 total=723 by_depth={0: 1, 1: 198, 2: 222, 3: 164, 4: 102, 5: 36, 6: 1} score=723.0
  random_723_s6_4:total: converged it=3 total=717 by_depth={0: 1, 1: 210, 2: 210, 3: 164, 4: 96, 5: 36, 6: 1} score=717.0
  random_717_s8_5:total: converged it=6 total=699 by_depth={0: 1, 1: 178, 2: 218, 3: 164, 4: 102, 5: 36, 6: 1} score=699.0
  random_723_s10_6:total: converged it=5 total=689 by_depth={0: 1, 1: 170, 2: 216, 3: 164, 4: 102, 5: 36, 6: 1} score=689.0
  random_717_s12_7:total: converged it=5 total=677 by_depth={0: 1, 1: 162, 2: 216, 3: 162, 4: 100, 5: 36, 6: 1} score=677.0
  random_723_s2_8:total: converged it=3 total=723 by_depth={0: 1, 1: 210, 2: 216, 3: 164, 4: 96, 5: 36, 6: 1} score=723.0
  random_717_s3_9:total: converged it=4 total=711 by_depth={0: 1, 1: 190, 2: 218, 3: 164, 4: 102, 5: 36, 6: 1} score=711.0
  random_723_s4_10:total: converged it=3 total=679 by_depth={0: 1, 1: 164, 2: 214, 3: 164, 4: 100, 5: 36, 6: 1} score=679.0
  random_717_s5_11:total: converged it=5 total=691 by_depth={0: 1, 1: 178, 2: 210, 3: 164, 4: 102, 5: 36, 6: 1} score=691.0
  random_723_s6_12:total: converged it=5 total=705 by_depth={0: 1, 1: 190, 2: 216, 3: 162, 4: 100, 5: 36, 6: 1} score=705.0
  random_717_s8_13:total: converged it=5 total=705 by_depth={0: 1, 1: 184, 2: 218, 3: 164, 4: 102, 5: 36, 6: 1} score=705.0
  random_723_s10_14:total: converged it=4 total=691 by_depth={0: 1, 1: 172, 2: 216, 3: 164, 4: 102, 5: 36, 6: 1} score=691.0
  random_717_s12_15:total: converged it=5 total=679 by_depth={0: 1, 1: 168, 2: 214, 3: 158, 4: 102, 5: 36, 6: 1} score=679.0
  random_723_s2_16:total: converged it=3 total=723 by_depth={0: 1, 1: 210, 2: 216, 3: 164, 4: 96, 5: 36, 6: 1} score=723.0
  random_717_s3_17:total: converged it=4 total=717 by_depth={0: 1, 1: 210, 2: 210, 3: 158, 4: 102, 5: 36, 6: 1} score=717.0
  random_723_s4_18:total: converged it=6 total=723 by_depth={0: 1, 1: 210, 2: 218, 3: 160, 4: 98, 5: 36, 6: 1} score=723.0
  random_717_s5_19:total: converged it=7 total=723 by_depth={0: 1, 1: 198, 2: 222, 3: 164, 4: 102, 5: 36, 6: 1} score=723.0
-- objective total champion: total=723 by_depth={0: 1, 1: 210, 2: 216, 3: 164, 4: 96, 5: 36, 6: 1}
  record723:d1: converged it=1 total=723 by_depth={0: 1, 1: 210, 2: 216, 3: 164, 4: 96, 5: 36, 6: 1} score=210.0
  record717:d1: converged it=1 total=717 by_depth={0: 1, 1: 210, 2: 210, 3: 158, 4: 102, 5: 36, 6: 1} score=210.0
  groebner_aq0:d1: converged it=2 total=717 by_depth={0: 1, 1: 210, 2: 210, 3: 164, 4: 96, 5: 36, 6: 1} score=210.0
  groebner_aq1:d1: converged it=2 total=717 by_depth={0: 1, 1: 210, 2: 210, 3: 164, 4: 96, 5: 36, 6: 1} score=210.0
  groebner_aq2:d1: converged it=2 total=717 by_depth={0: 1, 1: 210, 2: 210, 3: 164, 4: 96, 5: 36, 6: 1} score=210.0
  groebner_aq3:d1: converged it=2 total=717 by_depth={0: 1, 1: 210, 2: 210, 3: 164, 4: 96, 5: 36, 6: 1} score=210.0
  groebner_aq4:d1: converged it=2 total=717 by_depth={0: 1, 1: 210, 2: 210, 3: 164, 4: 96, 5: 36, 6: 1} score=210.0
  groebner_aq5:d1: converged it=2 total=679 by_depth={0: 1, 1: 226, 2: 192, 3: 134, 4: 90, 5: 36, 6: 1} score=226.0
  groebner_aq6:d1: converged it=2 total=679 by_depth={0: 1, 1: 226, 2: 192, 3: 134, 4: 90, 5: 36, 6: 1} score=226.0
  groebner_aq7:d1: converged it=2 total=679 by_depth={0: 1, 1: 226, 2: 192, 3: 134, 4: 90, 5: 36, 6: 1} score=226.0
  groebner_aq8:d1: converged it=2 total=717 by_depth={0: 1, 1: 210, 2: 210, 3: 164, 4: 96, 5: 36, 6: 1} score=210.0
  groebner_aq9:d1: converged it=2 total=717 by_depth={0: 1, 1: 210, 2: 210, 3: 164, 4: 96, 5: 36, 6: 1} score=210.0
  groebner_aq10:d1: converged it=2 total=717 by_depth={0: 1, 1: 210, 2: 210, 3: 164, 4: 96, 5: 36, 6: 1} score=210.0
  groebner_aq11:d1: converged it=2 total=717 by_depth={0: 1, 1: 210, 2: 210, 3: 164, 4: 96, 5: 36, 6: 1} score=210.0
  groebner_aq12:d1: converged it=2 total=717 by_depth={0: 1, 1: 210, 2: 210, 3: 164, 4: 96, 5: 36, 6: 1} score=210.0
  groebner_aq13:d1: converged it=1 total=689 by_depth={0: 1, 1: 224, 2: 198, 3: 142, 4: 88, 5: 36, 6: 1} score=224.0
  groebner_aq14:d1: converged it=1 total=689 by_depth={0: 1, 1: 224, 2: 198, 3: 142, 4: 88, 5: 36, 6: 1} score=224.0
  groebner_aq15:d1: converged it=1 total=689 by_depth={0: 1, 1: 224, 2: 198, 3: 142, 4: 88, 5: 36, 6: 1} score=224.0
  groebner_aq16:d1: converged it=1 total=689 by_depth={0: 1, 1: 224, 2: 198, 3: 142, 4: 88, 5: 36, 6: 1} score=224.0
  groebner_aq17:d1: converged it=2 total=717 by_depth={0: 1, 1: 210, 2: 210, 3: 164, 4: 96, 5: 36, 6: 1} score=210.0
  groebner_aq18:d1: converged it=2 total=717 by_depth={0: 1, 1: 210, 2: 210, 3: 164, 4: 96, 5: 36, 6: 1} score=210.0
  groebner_aq19:d1: converged it=2 total=717 by_depth={0: 1, 1: 210, 2: 210, 3: 164, 4: 96, 5: 36, 6: 1} score=210.0
  groebner_aq20:d1: converged it=2 total=717 by_depth={0: 1, 1: 210, 2: 210, 3: 164, 4: 96, 5: 36, 6: 1} score=210.0
  groebner_aq21:d1: converged it=2 total=679 by_depth={0: 1, 1: 226, 2: 192, 3: 134, 4: 90, 5: 36, 6: 1} score=226.0
  groebner_aq22:d1: converged it=2 total=679 by_depth={0: 1, 1: 226, 2: 192, 3: 134, 4: 90, 5: 36, 6: 1} score=226.0
  groebner_aq23:d1: converged it=2 total=679 by_depth={0: 1, 1: 226, 2: 192, 3: 134, 4: 90, 5: 36, 6: 1} score=226.0
  groebner_aq24:d1: converged it=2 total=679 by_depth={0: 1, 1: 226, 2: 192, 3: 134, 4: 90, 5: 36, 6: 1} score=226.0
  groebner_aq25:d1: converged it=2 total=717 by_depth={0: 1, 1: 210, 2: 210, 3: 164, 4: 96, 5: 36, 6: 1} score=210.0
  random_723_s2_0:d1: converged it=3 total=705 by_depth={0: 1, 1: 202, 2: 216, 3: 154, 4: 96, 5: 36, 6: 1} score=202.0
  random_717_s3_1:d1: converged it=5 total=707 by_depth={0: 1, 1: 190, 2: 216, 3: 164, 4: 100, 5: 36, 6: 1} score=190.0
  random_723_s4_2:d1: converged it=4 total=717 by_depth={0: 1, 1: 210, 2: 210, 3: 164, 4: 96, 5: 36, 6: 1} score=210.0
  random_717_s5_3:d1: converged it=4 total=629 by_depth={0: 1, 1: 176, 2: 174, 3: 140, 4: 102, 5: 36, 6: 1} score=176.0
  random_723_s6_4:d1: converged it=3 total=717 by_depth={0: 1, 1: 210, 2: 210, 3: 164, 4: 96, 5: 36, 6: 1} score=210.0
  random_717_s8_5:d1: converged it=6 total=633 by_depth={0: 1, 1: 180, 2: 176, 3: 138, 4: 102, 5: 36, 6: 1} score=180.0
  random_723_s10_6:d1: converged it=6 total=677 by_depth={0: 1, 1: 178, 2: 204, 3: 160, 4: 98, 5: 36, 6: 1} score=178.0
  random_717_s12_7:d1: converged it=6 total=661 by_depth={0: 1, 1: 178, 2: 190, 3: 160, 4: 96, 5: 36, 6: 1} score=178.0
  random_723_s2_8:d1: converged it=2 total=687 by_depth={0: 1, 1: 192, 2: 196, 3: 164, 4: 98, 5: 36, 6: 1} score=192.0
  random_717_s3_9:d1: converged it=5 total=717 by_depth={0: 1, 1: 192, 2: 222, 3: 164, 4: 102, 5: 36, 6: 1} score=192.0
  random_723_s4_10:d1: converged it=5 total=723 by_depth={0: 1, 1: 210, 2: 216, 3: 164, 4: 96, 5: 36, 6: 1} score=210.0
  random_717_s5_11:d1: converged it=5 total=693 by_depth={0: 1, 1: 180, 2: 214, 3: 160, 4: 102, 5: 36, 6: 1} score=180.0
  random_723_s6_12:d1: converged it=5 total=705 by_depth={0: 1, 1: 190, 2: 216, 3: 162, 4: 100, 5: 36, 6: 1} score=190.0
  random_717_s8_13:d1: converged it=4 total=699 by_depth={0: 1, 1: 184, 2: 216, 3: 162, 4: 100, 5: 36, 6: 1} score=184.0
  random_723_s10_14:d1: converged it=5 total=691 by_depth={0: 1, 1: 176, 2: 214, 3: 164, 4: 100, 5: 36, 6: 1} score=176.0
  random_717_s12_15:d1: converged it=5 total=667 by_depth={0: 1, 1: 180, 2: 192, 3: 158, 4: 100, 5: 36, 6: 1} score=180.0
  random_723_s2_16:d1: converged it=3 total=723 by_depth={0: 1, 1: 210, 2: 216, 3: 164, 4: 96, 5: 36, 6: 1} score=210.0
  random_717_s3_17:d1: converged it=4 total=717 by_depth={0: 1, 1: 210, 2: 210, 3: 158, 4: 102, 5: 36, 6: 1} score=210.0
  random_723_s4_18:d1: converged it=6 total=723 by_depth={0: 1, 1: 210, 2: 218, 3: 160, 4: 98, 5: 36, 6: 1} score=210.0
  random_717_s5_19:d1: converged it=5 total=701 by_depth={0: 1, 1: 204, 2: 206, 3: 156, 4: 98, 5: 36, 6: 1} score=204.0
-- objective d1 champion: total=679 by_depth={0: 1, 1: 226, 2: 192, 3: 134, 4: 90, 5: 36, 6: 1}
  stratum(164, 102, 36):record723: converged it=1 total=723 by_depth={0: 1, 1: 210, 2: 216, 3: 164, 4: 96, 5: 36, 6: 1} score=426.0
  stratum(164, 102, 36):record717: converged it=1 total=717 by_depth={0: 1, 1: 210, 2: 210, 3: 158, 4: 102, 5: 36, 6: 1} score=420.0
-- stratum (164, 102, 36) best: total=723 d1+d2=426 by_depth={0: 1, 1: 210, 2: 216, 3: 164, 4: 96, 5: 36, 6: 1}
  stratum(164, 96, 36):record723: converged it=1 total=723 by_depth={0: 1, 1: 210, 2: 216, 3: 164, 4: 96, 5: 36, 6: 1} score=426.0
  stratum(164, 96, 36):record717: converged it=3 total=585 by_depth={0: 1, 1: 146, 2: 182, 3: 138, 4: 86, 5: 32, 6: 1} score=328.0
-- stratum (164, 96, 36) best: total=723 d1+d2=426 by_depth={0: 1, 1: 210, 2: 216, 3: 164, 4: 96, 5: 36, 6: 1}
  stratum(158, 102, 36):record723: converged it=2 total=711 by_depth={0: 1, 1: 204, 2: 216, 3: 152, 4: 102, 5: 36, 6: 1} score=420.0
  stratum(158, 102, 36):record717: converged it=1 total=717 by_depth={0: 1, 1: 210, 2: 210, 3: 158, 4: 102, 5: 36, 6: 1} score=420.0
-- stratum (158, 102, 36) best: total=711 d1+d2=420 by_depth={0: 1, 1: 204, 2: 216, 3: 152, 4: 102, 5: 36, 6: 1}
  stratum(158, 96, 36):record723: converged it=2 total=705 by_depth={0: 1, 1: 202, 2: 216, 3: 154, 4: 96, 5: 36, 6: 1} score=418.0
  stratum(158, 96, 36):record717: converged it=3 total=585 by_depth={0: 1, 1: 146, 2: 182, 3: 138, 4: 86, 5: 32, 6: 1} score=328.0
-- stratum (158, 96, 36) best: total=705 d1+d2=418 by_depth={0: 1, 1: 202, 2: 216, 3: 154, 4: 96, 5: 36, 6: 1}
  stratum(150, 102, 36):record723: converged it=4 total=593 by_depth={0: 1, 1: 162, 2: 180, 3: 134, 4: 84, 5: 32, 6: 1} score=342.0
  stratum(150, 102, 36):record717: converged it=3 total=585 by_depth={0: 1, 1: 146, 2: 182, 3: 138, 4: 86, 5: 32, 6: 1} score=328.0
-- stratum (150, 102, 36) best: total=593 d1+d2=342 by_depth={0: 1, 1: 162, 2: 180, 3: 134, 4: 84, 5: 32, 6: 1}
  stratum(150, 96, 36):record723: converged it=4 total=593 by_depth={0: 1, 1: 162, 2: 180, 3: 134, 4: 84, 5: 32, 6: 1} score=342.0
  stratum(150, 96, 36):record717: converged it=3 total=585 by_depth={0: 1, 1: 146, 2: 182, 3: 138, 4: 86, 5: 32, 6: 1} score=328.0
-- stratum (150, 96, 36) best: total=593 d1+d2=342 by_depth={0: 1, 1: 162, 2: 180, 3: 134, 4: 84, 5: 32, 6: 1}
  stratum(164, 90, 36):record723: converged it=4 total=593 by_depth={0: 1, 1: 162, 2: 180, 3: 134, 4: 84, 5: 32, 6: 1} score=342.0
  stratum(164, 90, 36):record717: converged it=3 total=585 by_depth={0: 1, 1: 146, 2: 182, 3: 138, 4: 86, 5: 32, 6: 1} score=328.0
-- stratum (164, 90, 36) best: total=593 d1+d2=342 by_depth={0: 1, 1: 162, 2: 180, 3: 134, 4: 84, 5: 32, 6: 1}
  stratum(140, 102, 36):record723: converged it=4 total=593 by_depth={0: 1, 1: 162, 2: 180, 3: 134, 4: 84, 5: 32, 6: 1} score=342.0
  stratum(140, 102, 36):record717: converged it=3 total=585 by_depth={0: 1, 1: 146, 2: 182, 3: 138, 4: 86, 5: 32, 6: 1} score=328.0
-- stratum (140, 102, 36) best: total=593 d1+d2=342 by_depth={0: 1, 1: 162, 2: 180, 3: 134, 4: 84, 5: 32, 6: 1}
  stratum(164, 102, 30):record723: converged it=2 total=393 by_depth={0: 1, 1: 126, 2: 108, 3: 80, 4: 54, 5: 24, 6: 1} score=234.0
  stratum(164, 102, 30):record717: converged it=3 total=387 by_depth={0: 1, 1: 102, 2: 120, 3: 86, 4: 54, 5: 24, 6: 1} score=222.0
-- stratum (164, 102, 30) best: total=393 d1+d2=234 by_depth={0: 1, 1: 126, 2: 108, 3: 80, 4: 54, 5: 24, 6: 1}
  stratum(130, 80, 36):record723: converged it=2 total=393 by_depth={0: 1, 1: 126, 2: 108, 3: 80, 4: 54, 5: 24, 6: 1} score=234.0
  stratum(130, 80, 36):record717: converged it=3 total=387 by_depth={0: 1, 1: 102, 2: 120, 3: 86, 4: 54, 5: 24, 6: 1} score=222.0
-- stratum (130, 80, 36) best: total=393 d1+d2=234 by_depth={0: 1, 1: 126, 2: 108, 3: 80, 4: 54, 5: 24, 6: 1}

=== SUMMARY (elapsed 516s, 20032 exact evals) ===
overall best total seen: 723
overall best d1+d2 seen: 430
overall best d1 seen: 226
CHAMPION d1d2: total=719 score=430.0 by_depth={0: 1, 1: 214, 2: 216, 3: 158, 4: 94, 5: 36, 6: 1} quats=[[4, 1, 1, -1], [3, 3, 7, 3], [5, -1, -5, -5], [2, 1, 1, 1], [1, 1, 1, 1], [5, 19, -11, -1]]
CHAMPION total: total=723 score=723.0 by_depth={0: 1, 1: 210, 2: 216, 3: 164, 4: 96, 5: 36, 6: 1} quats=[[4, 1, 1, -1], [3, 3, 7, 3], [5, -1, -5, -5], [2, 1, 1, 1], [1, 1, 1, 1], [5, 2, 2, 2]]
CHAMPION d1: total=679 score=226.0 by_depth={0: 1, 1: 226, 2: 192, 3: 134, 4: 90, 5: 36, 6: 1} quats=[[4, 1, 1, -1], [1, 1, 2, 1], [5, -1, -5, -5], [2, 1, 1, 1], [1, 1, 1, 1], [13, -6, 6, -5]]
CHAMPION stratum(164, 102, 36): total=723 score=426.0 by_depth={0: 1, 1: 210, 2: 216, 3: 164, 4: 96, 5: 36, 6: 1} quats=[[4, 1, 1, -1], [3, 3, 7, 3], [5, -1, -5, -5], [2, 1, 1, 1], [1, 1, 1, 1], [5, 2, 2, 2]]
CHAMPION stratum(164, 96, 36): total=723 score=426.0 by_depth={0: 1, 1: 210, 2: 216, 3: 164, 4: 96, 5: 36, 6: 1} quats=[[4, 1, 1, -1], [3, 3, 7, 3], [5, -1, -5, -5], [2, 1, 1, 1], [1, 1, 1, 1], [5, 2, 2, 2]]
CHAMPION stratum(158, 102, 36): total=711 score=420.0 by_depth={0: 1, 1: 204, 2: 216, 3: 152, 4: 102, 5: 36, 6: 1} quats=[[4, 1, 1, -1], [3, 3, 7, 3], [5, -1, -5, -5], [2, 1, 1, 1], [1, 1, 1, 1], [3, 2, 2, 2]]
CHAMPION stratum(158, 96, 36): total=705 score=418.0 by_depth={0: 1, 1: 202, 2: 216, 3: 154, 4: 96, 5: 36, 6: 1} quats=[[5, 1, 1, -1], [3, 3, 7, 3], [5, -1, -5, -5], [2, 1, 1, 1], [1, 1, 1, 1], [5, 2, 2, 2]]
CHAMPION stratum(150, 102, 36): total=593 score=342.0 by_depth={0: 1, 1: 162, 2: 180, 3: 134, 4: 84, 5: 32, 6: 1} quats=[[4, 1, 1, -1], [3, 3, 7, 3], [5, -1, -5, -5], [2, 2, -1, 1], [1, 1, 1, 1], [2, 1, 1, 1]]
CHAMPION stratum(150, 96, 36): total=593 score=342.0 by_depth={0: 1, 1: 162, 2: 180, 3: 134, 4: 84, 5: 32, 6: 1} quats=[[4, 1, 1, -1], [3, 3, 7, 3], [5, -1, -5, -5], [2, 2, -1, 1], [1, 1, 1, 1], [2, 1, 1, 1]]
CHAMPION stratum(164, 90, 36): total=593 score=342.0 by_depth={0: 1, 1: 162, 2: 180, 3: 134, 4: 84, 5: 32, 6: 1} quats=[[4, 1, 1, -1], [3, 3, 7, 3], [5, -1, -5, -5], [2, 2, -1, 1], [1, 1, 1, 1], [2, 1, 1, 1]]
CHAMPION stratum(140, 102, 36): total=593 score=342.0 by_depth={0: 1, 1: 162, 2: 180, 3: 134, 4: 84, 5: 32, 6: 1} quats=[[4, 1, 1, -1], [3, 3, 7, 3], [5, -1, -5, -5], [2, 2, -1, 1], [1, 1, 1, 1], [2, 1, 1, 1]]
CHAMPION stratum(164, 102, 30): total=393 score=234.0 by_depth={0: 1, 1: 126, 2: 108, 3: 80, 4: 54, 5: 24, 6: 1} quats=[[4, 1, 1, -1], [3, 3, 7, 3], [5, -1, -5, -5], [2, 1, 1, 1], [1, 1, 1, 1], [2, 1, 1, 1]]
CHAMPION stratum(130, 80, 36): total=393 score=234.0 by_depth={0: 1, 1: 126, 2: 108, 3: 80, 4: 54, 5: 24, 6: 1} quats=[[4, 1, 1, -1], [3, 3, 7, 3], [5, -1, -5, -5], [2, 1, 1, 1], [1, 1, 1, 1], [2, 1, 1, 1]]
DONE
