dense sweep (1, 1, -1) / (0, 1, 2) : 71 angle values, 4 splits
   total   37  depth-1  12  depth-2  14  split (1, 1, 0)
   total   41  depth-1  14  depth-2  16  split (1, 1, 0)
   total   45  depth-1  18  depth-2  16  split (1, 1, 0)
   total   49  depth-1  20  depth-2  16  split (1, 1, 0)
   total   51  depth-1  20  depth-2  18  split (1, 1, 0)
   total   55  depth-1  22  depth-2  20  split (1, 1, 0)
   total   57  depth-1  28  depth-2  16  split (1, 1, 0)
   total  127  depth-1  46  depth-2  58  split (1, 1, 0)
   total  131  depth-1  50  depth-2  58  split (1, 1, 0)
   total  135  depth-1  54  depth-2  58  split (1, 1, 0)
   total  143  depth-1  58  depth-2  60  split (1, 1, 0)
   total  149  depth-1  62  depth-2  62  split (1, 1, 0)
   total  157  depth-1  68  depth-2  64  split (1, 1, 0)
   *** cap held, depth-1  62 (total 153)
   total  165  depth-1  76  depth-2  64  split (1, 1, 0)
   *** cap held, depth-1  64 (total 155)
   *** cap held, depth-1  70 (total 161)
   *** cap held, depth-1  72 (total 163)
   *** cap held, depth-1  74 (total 165)
   total  167  depth-1  76  depth-2  66  split (1, 1, 0)
   *** cap held, depth-1  76 (total 167)
   total  169  depth-1  78  depth-2  66  split (1, 1, 0)
   *** cap held, depth-1  78 (total 169)
   total  171  depth-1  82  depth-2  64  split (1, 0, 0)
   total  175  depth-1  88  depth-2  62  split (1, 0, 0)
   *** cap held, depth-1  82 (total 173)
   *** cap held, depth-1  84 (total 175)
