two-body weight decomposed: deg4 = edge-edge coincidence (wt 1),
                            deg6 = corner contact      (wt 2)

case                total  per pair: (deg2, deg4, deg6) -> weight
record 183            183  (0,6,2)=10  (0,6,2)=10  (0,6,2)=10  (8,6,0)=6  (8,6,0)=6  (8,6,0)=6
edge-axis w10         155  (12,2,0)=2  (0,6,2)=10  (18,0,0)=0  (14,2,0)=2  (20,0,0)=0  (0,6,2)=10
(2,2,1)-axis w10      135  (14,2,0)=2  (0,10,0)=10  (14,0,0)=0  (18,0,0)=0  (16,0,0)=0  (20,0,0)=0
61.15 family          147  (18,0,0)=0  (8,6,0)=6  (0,10,0)=10  (20,0,0)=0  (18,0,0)=0  (20,0,0)=0
17.9deg outlier       149  (18,0,0)=0  (6,6,0)=6  (0,4,2)=8  (14,0,0)=0  (0,6,2)=10  (10,2,0)=2

weight 10 = how many simultaneous walls?  read off the deg4/deg6 columns:
that count is what a multiwall SOLVE must be asked for, per pair.
   T  count  pair weights (0,1)(0,2)(0,3)(1,2)(1,3)(2,3)   configuration
  32    151  [10, 2, 2, 2, 6, 10]   1,0,0,0;3,1,1,1;5,2,1,1;14,18,-22,-22
  26    153  [10, 2, 2, 2, 0, 10]   1,0,0,0;4,1,1,1;5,2,1,1;14,18,-22,-22
  30    159  [10, 2, 2, 0, 6, 10]   1,0,0,0;1,2,-2,-5;5,2,1,1;14,18,-22,-22
  24    155  [10, 2, 2, 0, 0, 10]   1,0,0,0;1,3,-3,-7;5,2,1,1;14,18,-22,-22
  28    143  [10, 2, 2, 2, 2, 10]   1,0,0,0;2,2,-2,-6;5,2,1,1;14,18,-22,-22

both-disjoint-10 configurations: 5
max T among them: 32  (count 151)
  1,0,0,0;3,1,1,1;5,2,1,1;14,18,-22,-22
assumption T <= 48 survives here iff max T <= 48.
