two-body weight decomposed: deg4 = edge-edge coincidence (wt 1),
                            deg6 = corner contact      (wt 2)

case                total  per pair: (deg2, deg4, deg6) -> weight
record 183            183  (0,6,2)=10  (0,6,2)=10  (0,6,2)=10  (8,6,0)=6  (8,6,0)=6  (8,6,0)=6
edge-axis w10         155  (12,2,0)=2  (0,6,2)=10  (18,0,0)=0  (14,2,0)=2  (20,0,0)=0  (0,6,2)=10
(2,2,1)-axis w10      135  (14,2,0)=2  (0,10,0)=10  (14,0,0)=0  (18,0,0)=0  (16,0,0)=0  (20,0,0)=0
61.15 family          147  (18,0,0)=0  (8,6,0)=6  (0,10,0)=10  (20,0,0)=0  (18,0,0)=0  (20,0,0)=0
17.9deg outlier       149  (18,0,0)=0  (6,6,0)=6  (0,4,2)=8  (14,0,0)=0  (0,6,2)=10  (10,2,0)=2

weight 10 = how many simultaneous walls?  read off the deg4/deg6 columns:
that count is what a multiwall SOLVE must be asked for, per pair.
family q = (w, a, -a, c):  axis proportional to (a,-a,c), perpendicular to (1,1,0)
  w   a    c    (deg2,deg4,deg6)  weight
  1   1   -3           (0, 6, 2)      10
  1   1   -5           (0, 6, 2)      10
  1   1   -9           (0, 6, 2)      10
  1   1  -15           (0, 6, 2)      10
  1   1    2           (0, 6, 2)      10
  1   1    4           (0, 6, 2)      10
  1   2   -5          (0, 10, 0)      10
  1   2    2           (0, 6, 2)      10
  1   3   -3           (0, 6, 2)      10
  1   5   -5           (0, 6, 2)      10
  1   7  -15          (0, 10, 0)      10
  2   2   -3           (0, 6, 2)      10
  2   2   -5           (0, 6, 2)      10
  2   2   -9           (0, 6, 2)      10
  2   2  -15           (0, 6, 2)      10
  2   2    2           (0, 0, 8)      16
  2   2    4           (0, 6, 2)      10
  2   3   -3           (0, 6, 2)      10
  2   5   -5           (0, 6, 2)      10
  3   2    2           (0, 6, 2)      10
  3   3   -3           (0, 0, 8)      16
  3   3   -5           (0, 6, 2)      10
  3   3   -9           (0, 6, 2)      10
  3   3  -15           (0, 6, 2)      10
  3   3    2           (0, 6, 2)      10
  3   3    4           (0, 6, 2)      10
  3   5   -5           (0, 6, 2)      10
  4   2    2           (0, 6, 2)      10
  4   3   -3           (0, 6, 2)      10
  4   5   -5           (0, 6, 2)      10

signature census over the whole (w,a,c) family:
   weight  2      (14, 2, 0) : 46
   weight 10       (0, 6, 2) : 26
   weight  6       (8, 6, 0) : 23
   weight  0       (0, 0, 0) : 13
   weight  6       (6, 6, 0) : 8
   weight 10      (0, 10, 0) : 2
   weight 16       (0, 0, 8) : 2

(0,10,0) in 2 of 120 family members
most of the family => codimension 1 => T=60 costs 6 of 9 => 195 PLAUSIBLE
a thin subset      => codimension 2 => T=60 costs 12 of 9 => [P279] stands
