n=4  record is 183 ; best basin climb so far 141 (n=4)

start 0: total 121, profile {'0': 1, '1': 38, '2': 58, '3': 24, '4': 1}
   [total,no-anneal] iter 1: no improving move and anneal budget spent; stop
   -> total-objective, no anneal : best total 121
   [total,anneal] iter  1: objective 119 (total 119) DOWN (anneal 1/4)  height 806  [0 unevaluable]
   [total,anneal] iter  2: objective 123 (total 123) UP  height 776  [0 unevaluable]
   [total,anneal] iter  3: objective 127 (total 127) UP  height 801  [0 unevaluable]
   [total,anneal] iter  4: objective 131 (total 131) UP  height 25  [0 unevaluable]
   [total,anneal] iter  5: objective 135 (total 135) UP  height 801  [0 unevaluable]
   [total,anneal] iter  6: objective 131 (total 131) DOWN (anneal 1/4)  height 798  [0 unevaluable]
   [total,anneal] iter  7: objective 135 (total 135) UP  height 100  [0 unevaluable]
   [total,anneal] iter  8: objective 131 (total 131) DOWN (anneal 1/4)  height 3209  [0 unevaluable]
   [total,anneal] iter  9: objective 135 (total 135) UP  height 50  [0 unevaluable]
   [total,anneal] iter 10: objective 131 (total 131) DOWN (anneal 1/4)  height 1600  [0 unevaluable]
   [total,anneal] iter 11: objective 135 (total 135) UP  height 50  [0 unevaluable]
   [total,anneal] iter 12: objective 131 (total 131) DOWN (anneal 1/4)  height 196608  [0 unevaluable]
   [total,anneal] iter 13: objective 135 (total 135) UP  height 177  [0 unevaluable]
   [total,anneal] iter 14: objective 131 (total 131) DOWN (anneal 1/4)  height 354  [0 unevaluable]
   [total,anneal] iter 15: objective 135 (total 135) UP  height 177  [0 unevaluable]
   [total,anneal] iter 16: objective 131 (total 131) DOWN (anneal 1/4)  height 709  [0 unevaluable]
   [total,anneal] iter 17: objective 135 (total 135) UP  height 354  [0 unevaluable]
   [total,anneal] iter 18: objective 131 (total 131) DOWN (anneal 1/4)  height 398  [0 unevaluable]
   [total,anneal] iter 19: objective 135 (total 135) UP  height 353  [0 unevaluable]
   [total,anneal] iter 20: objective 131 (total 131) DOWN (anneal 1/4)  height 799  [0 unevaluable]
   [total,anneal] iter 21: objective 135 (total 135) UP  height 354  [0 unevaluable]
   [total,anneal] iter 22: objective 131 (total 131) DOWN (anneal 1/4)  height 177  [0 unevaluable]
   [total,anneal] iter 23: objective 135 (total 135) UP  height 11264  [0 unevaluable]
   [total,anneal] iter 24: objective 131 (total 131) DOWN (anneal 1/4)  height 176  [0 unevaluable]
   [total,anneal] iter 25: objective 135 (total 135) UP  height 703  [0 unevaluable]
   -> total-objective, anneal 4  : best total 135
   [layer1] iter  1: objective 36 (total 119) DOWN (anneal 1/4)  height 806  [0 unevaluable]
   [layer1] iter  2: objective 38 (total 123) UP  height 776  [0 unevaluable]
   [layer1] iter  3: objective 40 (total 127) UP  height 801  [0 unevaluable]
   [layer1] iter  4: objective 42 (total 131) UP  height 25  [0 unevaluable]
   [layer1] iter  5: objective 44 (total 135) UP  height 801  [0 unevaluable]
   [layer1] iter  6: objective 42 (total 131) DOWN (anneal 1/4)  height 798  [0 unevaluable]
   [layer1] iter  7: objective 44 (total 135) UP  height 100  [0 unevaluable]
   [layer1] iter  8: objective 42 (total 131) DOWN (anneal 1/4)  height 3209  [0 unevaluable]
   [layer1] iter  9: objective 44 (total 135) UP  height 50  [0 unevaluable]
   [layer1] iter 10: objective 42 (total 131) DOWN (anneal 1/4)  height 1600  [0 unevaluable]
   [layer1] iter 11: objective 44 (total 135) UP  height 50  [0 unevaluable]
   [layer1] iter 12: objective 42 (total 131) DOWN (anneal 1/4)  height 196608  [0 unevaluable]
   [layer1] iter 13: objective 44 (total 135) UP  height 177  [0 unevaluable]
   [layer1] iter 14: objective 42 (total 131) DOWN (anneal 1/4)  height 354  [0 unevaluable]
   [layer1] iter 15: objective 44 (total 135) UP  height 177  [0 unevaluable]
   [layer1] iter 16: objective 42 (total 131) DOWN (anneal 1/4)  height 709  [0 unevaluable]
   [layer1] iter 17: objective 44 (total 135) UP  height 354  [0 unevaluable]
   [layer1] iter 18: objective 42 (total 131) DOWN (anneal 1/4)  height 398  [0 unevaluable]
   [layer1] iter 19: objective 44 (total 135) UP  height 353  [0 unevaluable]
   [layer1] iter 20: objective 42 (total 131) DOWN (anneal 1/4)  height 799  [0 unevaluable]
   [layer1] iter 21: objective 44 (total 135) UP  height 354  [0 unevaluable]
   [layer1] iter 22: objective 42 (total 131) DOWN (anneal 1/4)  height 177  [0 unevaluable]
   [layer1] iter 23: objective 44 (total 135) UP  height 11264  [0 unevaluable]
   [layer1] iter 24: objective 42 (total 131) DOWN (anneal 1/4)  height 176  [0 unevaluable]
   [layer1] iter 25: objective 44 (total 135) UP  height 703  [0 unevaluable]
   -> LAYER-1 objective          : best depth-1 44, its total 135
   [layer1-then-total] iter  1: objective 131 (total 131) DOWN (anneal 1/4)  height 101  [0 unevaluable]
   [layer1-then-total] iter  2: objective 137 (total 137) UP  height 100  [0 unevaluable]
   [layer1-then-total] iter  3: objective 131 (total 131) DOWN (anneal 1/4)  height 170  [0 unevaluable]
   [layer1-then-total] iter  4: objective 135 (total 135) UP  height 2432  [0 unevaluable]
   [layer1-then-total] iter  5: objective 131 (total 131) DOWN (anneal 1/4)  height 608  [0 unevaluable]
   [layer1-then-total] iter  6: objective 135 (total 135) UP  height 1536  [0 unevaluable]
   [layer1-then-total] iter  7: objective 131 (total 131) DOWN (anneal 1/4)  height 576  [0 unevaluable]
   [layer1-then-total] iter  8: objective 137 (total 137) UP  height 287  [0 unevaluable]
   [layer1-then-total] iter  9: objective 127 (total 127) DOWN (anneal 1/4)  height 65536  [0 unevaluable]
   [layer1-then-total] iter 10: objective 131 (total 131) UP  height 2879  [0 unevaluable]
   [layer1-then-total] iter 11: objective 127 (total 127) DOWN (anneal 1/4)  height 720  [0 unevaluable]
   [layer1-then-total] iter 12: objective 131 (total 131) UP  height 2880  [0 unevaluable]
   [layer1-then-total] iter 13: objective 127 (total 127) DOWN (anneal 1/4)  height 2877  [0 unevaluable]
   [layer1-then-total] iter 14: objective 131 (total 131) UP  height 12288  [0 unevaluable]
   [layer1-then-total] iter 15: objective 127 (total 127) DOWN (anneal 1/4)  height 102  [0 unevaluable]
   [layer1-then-total] iter 16: objective 131 (total 131) UP  height 3007  [0 unevaluable]
   [layer1-then-total] iter 17: objective 127 (total 127) DOWN (anneal 1/4)  height 1503  [0 unevaluable]
   [layer1-then-total] iter 18: objective 131 (total 131) UP  height 1503  [0 unevaluable]
   [layer1-then-total] iter 19: objective 127 (total 127) DOWN (anneal 1/4)  height 114  [0 unevaluable]
   [layer1-then-total] iter 20: objective 131 (total 131) UP  height 1694  [0 unevaluable]
   [layer1-then-total] iter 21: objective 127 (total 127) DOWN (anneal 1/4)  height 12095  [0 unevaluable]
   [layer1-then-total] iter 22: objective 123 (total 123) DOWN (anneal 2/4)  height 76  [0 unevaluable]
   [layer1-then-total] iter 23: objective 119 (total 119) DOWN (anneal 3/4)  height 832  [0 unevaluable]
   [layer1-then-total] iter 24: objective 123 (total 123) UP  height 2877  [0 unevaluable]
   [layer1-then-total] iter 25: objective 119 (total 119) DOWN (anneal 1/4)  height 1438  [0 unevaluable]
   -> then total from there      : best total 137
   [capped(depth1 first)] iter  1: objective 36082 (total 119) DOWN (anneal 1/4)  height 806  [0 unevaluable]
   [capped(depth1 first)] iter  2: objective 38084 (total 123) UP  height 776  [0 unevaluable]
   [capped(depth1 first)] iter  3: objective 40086 (total 127) UP  height 801  [0 unevaluable]
   [capped(depth1 first)] iter  4: objective 42088 (total 131) UP  height 25  [0 unevaluable]
   [capped(depth1 first)] iter  5: objective 44090 (total 135) UP  height 801  [0 unevaluable]
   [capped(depth1 first)] iter  6: objective 42088 (total 131) DOWN (anneal 1/4)  height 798  [0 unevaluable]
   [capped(depth1 first)] iter  7: objective 44090 (total 135) UP  height 100  [0 unevaluable]
   [capped(depth1 first)] iter  8: objective 42088 (total 131) DOWN (anneal 1/4)  height 3209  [0 unevaluable]
   [capped(depth1 first)] iter  9: objective 44090 (total 135) UP  height 50  [0 unevaluable]
   [capped(depth1 first)] iter 10: objective 42088 (total 131) DOWN (anneal 1/4)  height 1600  [0 unevaluable]
   [capped(depth1 first)] iter 11: objective 44090 (total 135) UP  height 50  [0 unevaluable]
   [capped(depth1 first)] iter 12: objective 42088 (total 131) DOWN (anneal 1/4)  height 196608  [0 unevaluable]
   [capped(depth1 first)] iter 13: objective 44090 (total 135) UP  height 177  [0 unevaluable]
   [capped(depth1 first)] iter 14: objective 42088 (total 131) DOWN (anneal 1/4)  height 354  [0 unevaluable]
   [capped(depth1 first)] iter 15: objective 44090 (total 135) UP  height 177  [0 unevaluable]
   [capped(depth1 first)] iter 16: objective 42088 (total 131) DOWN (anneal 1/4)  height 709  [0 unevaluable]
   [capped(depth1 first)] iter 17: objective 44090 (total 135) UP  height 354  [0 unevaluable]
   [capped(depth1 first)] iter 18: objective 42088 (total 131) DOWN (anneal 1/4)  height 398  [0 unevaluable]
   [capped(depth1 first)] iter 19: objective 44090 (total 135) UP  height 353  [0 unevaluable]
   [capped(depth1 first)] iter 20: objective 42088 (total 131) DOWN (anneal 1/4)  height 799  [0 unevaluable]
   [capped(depth1 first)] iter 21: objective 44090 (total 135) UP  height 354  [0 unevaluable]
   [capped(depth1 first)] iter 22: objective 42088 (total 131) DOWN (anneal 1/4)  height 177  [0 unevaluable]
   [capped(depth1 first)] iter 23: objective 44090 (total 135) UP  height 11264  [0 unevaluable]
   [capped(depth1 first)] iter 24: objective 42088 (total 131) DOWN (anneal 1/4)  height 176  [0 unevaluable]
   [capped(depth1 first)] iter 25: objective 44090 (total 135) UP  height 703  [0 unevaluable]
   -> CAPPED objective           : best total 135 (depth-1 44)
   [headroom-weighted] iter  1: objective 2912.0 (total 119) DOWN (anneal 1/4)  height 806  [0 unevaluable]
   [headroom-weighted] iter  2: objective 2940.0 (total 115) UP  height 3223  [0 unevaluable]
   [headroom-weighted] iter  3: objective 2912.0 (total 119) DOWN (anneal 1/4)  height 140  [0 unevaluable]
   [headroom-weighted] iter  4: objective 2940.0 (total 115) UP  height 212  [0 unevaluable]
   [headroom-weighted] iter  5: objective 2952.0 (total 111) UP  height 5120  [0 unevaluable]
   [headroom-weighted] iter  6: objective 2940.0 (total 115) DOWN (anneal 1/4)  height 448  [0 unevaluable]
   [headroom-weighted] iter  7: objective 2952.0 (total 111) UP  height 448  [0 unevaluable]
   [headroom-weighted] iter  8: objective 2940.0 (total 115) DOWN (anneal 1/4)  height 448  [0 unevaluable]
   [headroom-weighted] iter  9: objective 2952.0 (total 111) UP  height 447  [0 unevaluable]
   [headroom-weighted] iter 10: objective 2940.0 (total 115) DOWN (anneal 1/4)  height 26  [0 unevaluable]
   [headroom-weighted] iter 11: objective 2952.0 (total 111) UP  height 896  [0 unevaluable]
   [headroom-weighted] iter 12: objective 2940.0 (total 115) DOWN (anneal 1/4)  height 14  [0 unevaluable]
   [headroom-weighted] iter 13: objective 2952.0 (total 111) UP  height 1790  [0 unevaluable]
   [headroom-weighted] iter 14: objective 2948.0 (total 107) DOWN (anneal 1/4)  height 446  [0 unevaluable]
   [headroom-weighted] iter 15: objective 2952.0 (total 111) UP  height 895  [0 unevaluable]
   [headroom-weighted] iter 16: objective 2948.0 (total 107) DOWN (anneal 1/4)  height 28672  [0 unevaluable]
   [headroom-weighted] iter 17: objective 2952.0 (total 111) UP  height 895  [0 unevaluable]
   [headroom-weighted] iter 18: objective 2948.0 (total 107) DOWN (anneal 1/4)  height 895  [0 unevaluable]
   [headroom-weighted] iter 19: objective 2952.0 (total 111) UP  height 1789  [0 unevaluable]
   [headroom-weighted] iter 20: objective 2948.0 (total 107) DOWN (anneal 1/4)  height 1789  [0 unevaluable]
   [headroom-weighted] iter 21: objective 2952.0 (total 111) UP  height 895  [0 unevaluable]
   [headroom-weighted] iter 22: objective 2948.0 (total 107) DOWN (anneal 1/4)  height 7168  [0 unevaluable]
   [headroom-weighted] iter 23: objective 2952.0 (total 111) UP  height 447  [0 unevaluable]
   [headroom-weighted] iter 24: objective 2948.0 (total 107) DOWN (anneal 1/4)  height 1787  [0 unevaluable]
   [headroom-weighted] iter 25: objective 2952.0 (total 111) UP  height 446  [0 unevaluable]
   -> HEADROOM-weighted          : best total 121

start 1: total 127, profile {'0': 1, '1': 40, '2': 62, '3': 24, '4': 1}
   [total,no-anneal] iter  1: objective 131 (total 131) UP  height 143  [0 unevaluable]
   [total,no-anneal] iter 2: no improving move and anneal budget spent; stop
   -> total-objective, no anneal : best total 131
   [total,anneal] iter  1: objective 131 (total 131) UP  height 143  [0 unevaluable]
   [total,anneal] iter  2: objective 127 (total 127) DOWN (anneal 1/4)  height 71  [0 unevaluable]
   [total,anneal] iter  3: objective 131 (total 131) UP  height 144  [0 unevaluable]
   [total,anneal] iter  4: objective 135 (total 135) UP  height 148  [0 unevaluable]
   [total,anneal] iter  5: objective 131 (total 131) DOWN (anneal 1/4)  height 2356  [0 unevaluable]
   [total,anneal] iter  6: objective 135 (total 135) UP  height 37  [0 unevaluable]
   [total,anneal] iter  7: objective 131 (total 131) DOWN (anneal 1/4)  height 36  [0 unevaluable]
   [total,anneal] iter  8: objective 135 (total 135) UP  height 65  [0 unevaluable]
   [total,anneal] iter  9: objective 131 (total 131) DOWN (anneal 1/4)  height 32  [0 unevaluable]
   [total,anneal] iter 10: objective 135 (total 135) UP  height 49  [0 unevaluable]
   [total,anneal] iter 11: objective 131 (total 131) DOWN (anneal 1/4)  height 65  [0 unevaluable]
   [total,anneal] iter 12: objective 135 (total 135) UP  height 125  [0 unevaluable]
   [total,anneal] iter 13: objective 131 (total 131) DOWN (anneal 1/4)  height 125  [0 unevaluable]
   [total,anneal] iter 14: objective 135 (total 135) UP  height 31  [0 unevaluable]
   [total,anneal] iter 15: objective 131 (total 131) DOWN (anneal 1/4)  height 31  [0 unevaluable]
   [total,anneal] iter 16: objective 137 (total 137) UP  height 122  [0 unevaluable]
   [total,anneal] iter 17: objective 131 (total 131) DOWN (anneal 1/4)  height 1953  [0 unevaluable]
   [total,anneal] iter 18: objective 135 (total 135) UP  height 59  [0 unevaluable]
   [total,anneal] iter 19: objective 131 (total 131) DOWN (anneal 1/4)  height 118  [0 unevaluable]
   [total,anneal] iter 20: objective 135 (total 135) UP  height 472  [0 unevaluable]
   [total,anneal] iter 21: objective 131 (total 131) DOWN (anneal 1/4)  height 866  [0 unevaluable]
   [total,anneal] iter 22: objective 135 (total 135) UP  height 1741  [0 unevaluable]
   [total,anneal] iter 23: objective 131 (total 131) DOWN (anneal 1/4)  height 94  [0 unevaluable]
   [total,anneal] iter 24: objective 135 (total 135) UP  height 55  [0 unevaluable]
   [total,anneal] iter 25: objective 131 (total 131) DOWN (anneal 1/4)  height 439  [0 unevaluable]
   -> total-objective, anneal 4  : best total 137
   [layer1] iter  1: objective 42 (total 131) UP  height 143  [0 unevaluable]
   [layer1] iter  2: objective 40 (total 127) DOWN (anneal 1/4)  height 71  [0 unevaluable]
   [layer1] iter  3: objective 42 (total 131) UP  height 144  [0 unevaluable]
   [layer1] iter  4: objective 44 (total 135) UP  height 148  [0 unevaluable]
   [layer1] iter  5: objective 42 (total 131) DOWN (anneal 1/4)  height 2356  [0 unevaluable]
   [layer1] iter  6: objective 44 (total 135) UP  height 37  [0 unevaluable]
   [layer1] iter  7: objective 42 (total 131) DOWN (anneal 1/4)  height 36  [0 unevaluable]
   [layer1] iter  8: objective 44 (total 135) UP  height 65  [0 unevaluable]
   [layer1] iter  9: objective 42 (total 131) DOWN (anneal 1/4)  height 32  [0 unevaluable]
   [layer1] iter 10: objective 44 (total 135) UP  height 49  [0 unevaluable]
   [layer1] iter 11: objective 42 (total 131) DOWN (anneal 1/4)  height 65  [0 unevaluable]
   [layer1] iter 12: objective 44 (total 135) UP  height 125  [0 unevaluable]
   [layer1] iter 13: objective 42 (total 131) DOWN (anneal 1/4)  height 125  [0 unevaluable]
   [layer1] iter 14: objective 44 (total 135) UP  height 31  [0 unevaluable]
   [layer1] iter 15: objective 42 (total 131) DOWN (anneal 1/4)  height 31  [0 unevaluable]
   [layer1] iter 16: objective 48 (total 137) UP  height 122  [0 unevaluable]
   [layer1] iter 17: objective 42 (total 131) DOWN (anneal 1/4)  height 1953  [0 unevaluable]
   [layer1] iter 18: objective 44 (total 135) UP  height 59  [0 unevaluable]
   [layer1] iter 19: objective 42 (total 131) DOWN (anneal 1/4)  height 118  [0 unevaluable]
   [layer1] iter 20: objective 44 (total 135) UP  height 472  [0 unevaluable]
   [layer1] iter 21: objective 42 (total 131) DOWN (anneal 1/4)  height 866  [0 unevaluable]
   [layer1] iter 22: objective 44 (total 135) UP  height 1741  [0 unevaluable]
   [layer1] iter 23: objective 42 (total 131) DOWN (anneal 1/4)  height 94  [0 unevaluable]
   [layer1] iter 24: objective 44 (total 135) UP  height 55  [0 unevaluable]
   [layer1] iter 25: objective 42 (total 131) DOWN (anneal 1/4)  height 439  [0 unevaluable]
   -> LAYER-1 objective          : best depth-1 48, its total 137
   [layer1-then-total] iter  1: objective 131 (total 131) DOWN (anneal 1/4)  height 7809  [0 unevaluable]
   [layer1-then-total] iter  2: objective 135 (total 135) UP  height 482  [0 unevaluable]
   [layer1-then-total] iter  3: objective 131 (total 131) DOWN (anneal 1/4)  height 241  [0 unevaluable]
   [layer1-then-total] iter  4: objective 135 (total 135) UP  height 3863  [0 unevaluable]
   [layer1-then-total] iter  5: objective 131 (total 131) DOWN (anneal 1/4)  height 402  [0 unevaluable]
   [layer1-then-total] iter  6: objective 135 (total 135) UP  height 488  [0 unevaluable]
   [layer1-then-total] iter  7: objective 131 (total 131) DOWN (anneal 1/4)  height 3905  [0 unevaluable]
   [layer1-then-total] iter  8: objective 135 (total 135) UP  height 244  [0 unevaluable]
   [layer1-then-total] iter  9: objective 131 (total 131) DOWN (anneal 1/4)  height 30  [0 unevaluable]
   [layer1-then-total] iter 10: objective 135 (total 135) UP  height 1921  [0 unevaluable]
   [layer1-then-total] iter 11: objective 131 (total 131) DOWN (anneal 1/4)  height 63  [0 unevaluable]
   [layer1-then-total] iter 12: objective 135 (total 135) UP  height 63  [0 unevaluable]
   [layer1-then-total] iter 13: objective 131 (total 131) DOWN (anneal 1/4)  height 251  [0 unevaluable]
   [layer1-then-total] iter 14: objective 135 (total 135) UP  height 62  [0 unevaluable]
   [layer1-then-total] iter 15: objective 131 (total 131) DOWN (anneal 1/4)  height 62  [0 unevaluable]
   [layer1-then-total] iter 16: objective 135 (total 135) UP  height 60  [0 unevaluable]
   [layer1-then-total] iter 17: objective 131 (total 131) DOWN (anneal 1/4)  height 240  [0 unevaluable]
   [layer1-then-total] iter 18: objective 135 (total 135) UP  height 60  [0 unevaluable]
   [layer1-then-total] iter 19: objective 131 (total 131) DOWN (anneal 1/4)  height 232  [0 unevaluable]
   [layer1-then-total] iter 20: objective 135 (total 135) UP  height 60  [0 unevaluable]
   [layer1-then-total] iter 21: objective 131 (total 131) DOWN (anneal 1/4)  height 30  [0 unevaluable]
   [layer1-then-total] iter 22: objective 135 (total 135) UP  height 240  [0 unevaluable]
   [layer1-then-total] iter 23: objective 131 (total 131) DOWN (anneal 1/4)  height 117  [0 unevaluable]
   [layer1-then-total] iter 24: objective 135 (total 135) UP  height 58  [0 unevaluable]
   [layer1-then-total] iter 25: objective 131 (total 131) DOWN (anneal 1/4)  height 1853  [0 unevaluable]
   -> then total from there      : best total 137
   [capped(depth1 first)] iter  1: objective 42088 (total 131) UP  height 143  [0 unevaluable]
   [capped(depth1 first)] iter  2: objective 40086 (total 127) DOWN (anneal 1/4)  height 71  [0 unevaluable]
   [capped(depth1 first)] iter  3: objective 42088 (total 131) UP  height 144  [0 unevaluable]
   [capped(depth1 first)] iter  4: objective 44090 (total 135) UP  height 148  [0 unevaluable]
   [capped(depth1 first)] iter  5: objective 42088 (total 131) DOWN (anneal 1/4)  height 2356  [0 unevaluable]
   [capped(depth1 first)] iter  6: objective 44090 (total 135) UP  height 37  [0 unevaluable]
   [capped(depth1 first)] iter  7: objective 42088 (total 131) DOWN (anneal 1/4)  height 36  [0 unevaluable]
   [capped(depth1 first)] iter  8: objective 44090 (total 135) UP  height 65  [0 unevaluable]
   [capped(depth1 first)] iter  9: objective 42088 (total 131) DOWN (anneal 1/4)  height 32  [0 unevaluable]
   [capped(depth1 first)] iter 10: objective 44090 (total 135) UP  height 49  [0 unevaluable]
   [capped(depth1 first)] iter 11: objective 42088 (total 131) DOWN (anneal 1/4)  height 65  [0 unevaluable]
   [capped(depth1 first)] iter 12: objective 44090 (total 135) UP  height 125  [0 unevaluable]
   [capped(depth1 first)] iter 13: objective 42088 (total 131) DOWN (anneal 1/4)  height 125  [0 unevaluable]
   [capped(depth1 first)] iter 14: objective 44090 (total 135) UP  height 31  [0 unevaluable]
   [capped(depth1 first)] iter 15: objective 42088 (total 131) DOWN (anneal 1/4)  height 31  [0 unevaluable]
   [capped(depth1 first)] iter 16: objective 48088 (total 137) UP  height 122  [0 unevaluable]
   [capped(depth1 first)] iter 17: objective 42088 (total 131) DOWN (anneal 1/4)  height 1953  [0 unevaluable]
   [capped(depth1 first)] iter 18: objective 44090 (total 135) UP  height 59  [0 unevaluable]
   [capped(depth1 first)] iter 19: objective 42088 (total 131) DOWN (anneal 1/4)  height 118  [0 unevaluable]
   [capped(depth1 first)] iter 20: objective 44090 (total 135) UP  height 472  [0 unevaluable]
   [capped(depth1 first)] iter 21: objective 42088 (total 131) DOWN (anneal 1/4)  height 866  [0 unevaluable]
   [capped(depth1 first)] iter 22: objective 44090 (total 135) UP  height 1741  [0 unevaluable]
   [capped(depth1 first)] iter 23: objective 42088 (total 131) DOWN (anneal 1/4)  height 94  [0 unevaluable]
   [capped(depth1 first)] iter 24: objective 44090 (total 135) UP  height 55  [0 unevaluable]
   [capped(depth1 first)] iter 25: objective 42088 (total 131) DOWN (anneal 1/4)  height 439  [0 unevaluable]
   -> CAPPED objective           : best total 137 (depth-1 48)
   [headroom-weighted] iter  1: objective 2868.0 (total 123) UP  height 144  [0 unevaluable]
   [headroom-weighted] iter  2: objective 2912.0 (total 119) UP  height 88  [0 unevaluable]
   [headroom-weighted] iter  3: objective 3068.0 (total 125) UP  height 2244  [0 unevaluable]
   [headroom-weighted] iter  4: objective 2912.0 (total 119) DOWN (anneal 1/4)  height 71808  [0 unevaluable]
   [headroom-weighted] iter  5: objective 2940.0 (total 115) UP  height 140  [0 unevaluable]
   [headroom-weighted] iter  6: objective 2952.0 (total 111) UP  height 1127  [0 unevaluable]
   [headroom-weighted] iter  7: objective 2948.0 (total 107) DOWN (anneal 1/4)  height 1126  [0 unevaluable]
   [headroom-weighted] iter  8: objective 3064.0 (total 103) UP  height 70  [0 unevaluable]
   [headroom-weighted] iter  9: objective 3076.0 (total 107) UP  height 140  [0 unevaluable]
   [headroom-weighted] iter 10: objective 3064.0 (total 103) DOWN (anneal 1/4)  height 2240  [0 unevaluable]
   [headroom-weighted] iter 11: objective 3076.0 (total 107) UP  height 140  [0 unevaluable]
   [headroom-weighted] iter 12: objective 3064.0 (total 103) DOWN (anneal 1/4)  height 70  [0 unevaluable]
   [headroom-weighted] iter 13: objective 3076.0 (total 107) UP  height 91  [0 unevaluable]
   [headroom-weighted] iter 14: objective 3072.0 (total 111) DOWN (anneal 1/4)  height 148  [0 unevaluable]
   [headroom-weighted] iter 15: objective 3076.0 (total 107) UP  height 1184  [0 unevaluable]
   [headroom-weighted] iter 16: objective 3072.0 (total 111) DOWN (anneal 1/4)  height 148  [0 unevaluable]
   [headroom-weighted] iter 17: objective 3076.0 (total 107) UP  height 1440  [0 unevaluable]
   [headroom-weighted] iter 18: objective 3072.0 (total 111) DOWN (anneal 1/4)  height 148  [0 unevaluable]
   [headroom-weighted] iter 19: objective 3076.0 (total 107) UP  height 2368  [0 unevaluable]
   [headroom-weighted] iter 20: objective 3072.0 (total 111) DOWN (anneal 1/4)  height 148  [0 unevaluable]
   [headroom-weighted] iter 21: objective 3076.0 (total 107) UP  height 37  [0 unevaluable]
   [headroom-weighted] iter 22: objective 3072.0 (total 111) DOWN (anneal 1/4)  height 292  [0 unevaluable]
   [headroom-weighted] iter 23: objective 3076.0 (total 107) UP  height 73  [0 unevaluable]
   [headroom-weighted] iter 24: objective 3072.0 (total 111) DOWN (anneal 1/4)  height 584  [0 unevaluable]
   [headroom-weighted] iter 25: objective 3076.0 (total 107) UP  height 37  [0 unevaluable]
   -> HEADROOM-weighted          : best total 107

start 2: total 119, profile {'0': 1, '1': 36, '2': 58, '3': 24, '4': 1}
   [total,no-anneal] iter  1: objective 123 (total 123) UP  height 168  [0 unevaluable]
   [total,no-anneal] iter  2: objective 127 (total 127) UP  height 1136  [0 unevaluable]
   [total,no-anneal] iter  3: objective 131 (total 131) UP  height 2137  [0 unevaluable]
   [total,no-anneal] iter  4: objective 135 (total 135) UP  height 159  [0 unevaluable]
   [total,no-anneal] iter 5: no improving move and anneal budget spent; stop
   -> total-objective, no anneal : best total 135
   [total,anneal] iter  1: objective 123 (total 123) UP  height 168  [0 unevaluable]
   [total,anneal] iter  2: objective 127 (total 127) UP  height 1136  [0 unevaluable]
   [total,anneal] iter  3: objective 131 (total 131) UP  height 2137  [0 unevaluable]
   [total,anneal] iter  4: objective 135 (total 135) UP  height 159  [0 unevaluable]
   [total,anneal] iter  5: objective 131 (total 131) DOWN (anneal 1/4)  height 40  [0 unevaluable]
   [total,anneal] iter  6: objective 135 (total 135) UP  height 41  [0 unevaluable]
   [total,anneal] iter  7: objective 131 (total 131) DOWN (anneal 1/4)  height 159  [0 unevaluable]
   [total,anneal] iter  8: objective 135 (total 135) UP  height 79  [0 unevaluable]
   [total,anneal] iter  9: objective 131 (total 131) DOWN (anneal 1/4)  height 157  [0 unevaluable]
   [total,anneal] iter 10: objective 135 (total 135) UP  height 20  [0 unevaluable]
   [total,anneal] iter 11: objective 127 (total 127) DOWN (anneal 1/4)  height 4096  [0 unevaluable]
   [total,anneal] iter 12: objective 131 (total 131) UP  height 8192  [0 unevaluable]
   [total,anneal] iter 13: objective 135 (total 135) UP  height 2054  [0 unevaluable]
   [total,anneal] iter 14: objective 131 (total 131) DOWN (anneal 1/4)  height 257  [0 unevaluable]
   [total,anneal] iter 15: objective 135 (total 135) UP  height 511  [0 unevaluable]
   [total,anneal] iter 16: objective 131 (total 131) DOWN (anneal 1/4)  height 257  [0 unevaluable]
   [total,anneal] iter 17: objective 135 (total 135) UP  height 4089  [0 unevaluable]
   [total,anneal] iter 18: objective 131 (total 131) DOWN (anneal 1/4)  height 511  [0 unevaluable]
   [total,anneal] iter 19: objective 127 (total 127) DOWN (anneal 2/4)  height 513  [0 unevaluable]
   [total,anneal] iter 20: objective 131 (total 131) UP  height 256  [0 unevaluable]
   [total,anneal] iter 21: objective 127 (total 127) DOWN (anneal 1/4)  height 509  [0 unevaluable]
   [total,anneal] iter 22: objective 131 (total 131) UP  height 2042  [0 unevaluable]
   [total,anneal] iter 23: objective 135 (total 135) UP  height 2043  [0 unevaluable]
   [total,anneal] iter 24: objective 131 (total 131) DOWN (anneal 1/4)  height 128  [0 unevaluable]
   [total,anneal] iter 25: objective 135 (total 135) UP  height 257  [0 unevaluable]
   -> total-objective, anneal 4  : best total 135
   [layer1] iter  1: objective 38 (total 123) UP  height 168  [0 unevaluable]
   [layer1] iter  2: objective 40 (total 127) UP  height 1136  [0 unevaluable]
   [layer1] iter  3: objective 42 (total 131) UP  height 2137  [0 unevaluable]
   [layer1] iter  4: objective 44 (total 135) UP  height 159  [0 unevaluable]
   [layer1] iter  5: objective 42 (total 131) DOWN (anneal 1/4)  height 40  [0 unevaluable]
   [layer1] iter  6: objective 44 (total 135) UP  height 41  [0 unevaluable]
   [layer1] iter  7: objective 42 (total 131) DOWN (anneal 1/4)  height 159  [0 unevaluable]
   [layer1] iter  8: objective 44 (total 135) UP  height 79  [0 unevaluable]
   [layer1] iter  9: objective 42 (total 131) DOWN (anneal 1/4)  height 157  [0 unevaluable]
   [layer1] iter 10: objective 44 (total 135) UP  height 20  [0 unevaluable]
   [layer1] iter 11: objective 40 (total 127) DOWN (anneal 1/4)  height 4096  [0 unevaluable]
   [layer1] iter 12: objective 42 (total 131) UP  height 8192  [0 unevaluable]
   [layer1] iter 13: objective 44 (total 135) UP  height 2054  [0 unevaluable]
   [layer1] iter 14: objective 42 (total 131) DOWN (anneal 1/4)  height 257  [0 unevaluable]
   [layer1] iter 15: objective 44 (total 135) UP  height 511  [0 unevaluable]
   [layer1] iter 16: objective 42 (total 131) DOWN (anneal 1/4)  height 257  [0 unevaluable]
   [layer1] iter 17: objective 44 (total 135) UP  height 4089  [0 unevaluable]
   [layer1] iter 18: objective 42 (total 131) DOWN (anneal 1/4)  height 511  [0 unevaluable]
   [layer1] iter 19: objective 40 (total 127) DOWN (anneal 2/4)  height 513  [0 unevaluable]
   [layer1] iter 20: objective 42 (total 131) UP  height 256  [0 unevaluable]
   [layer1] iter 21: objective 40 (total 127) DOWN (anneal 1/4)  height 509  [0 unevaluable]
   [layer1] iter 22: objective 42 (total 131) UP  height 2042  [0 unevaluable]
   [layer1] iter 23: objective 44 (total 135) UP  height 2043  [0 unevaluable]
   [layer1] iter 24: objective 42 (total 131) DOWN (anneal 1/4)  height 128  [0 unevaluable]
   [layer1] iter 25: objective 44 (total 135) UP  height 257  [0 unevaluable]
   -> LAYER-1 objective          : best depth-1 44, its total 135
   [layer1-then-total] iter  1: objective 131 (total 131) DOWN (anneal 1/4)  height 80  [0 unevaluable]
   [layer1-then-total] iter  2: objective 135 (total 135) UP  height 30  [0 unevaluable]
   [layer1-then-total] iter  3: objective 131 (total 131) DOWN (anneal 1/4)  height 312  [0 unevaluable]
   [layer1-then-total] iter  4: objective 135 (total 135) UP  height 20  [0 unevaluable]
   [layer1-then-total] iter  5: objective 131 (total 131) DOWN (anneal 1/4)  height 41  [0 unevaluable]
   [layer1-then-total] iter  6: objective 135 (total 135) UP  height 21  [0 unevaluable]
   [layer1-then-total] iter  7: objective 131 (total 131) DOWN (anneal 1/4)  height 335  [0 unevaluable]
   [layer1-then-total] iter  8: objective 135 (total 135) UP  height 21  [0 unevaluable]
   [layer1-then-total] iter  9: objective 131 (total 131) DOWN (anneal 1/4)  height 1343  [0 unevaluable]
   [layer1-then-total] iter 10: objective 135 (total 135) UP  height 21  [0 unevaluable]
   [layer1-then-total] iter 11: objective 131 (total 131) DOWN (anneal 1/4)  height 240  [0 unevaluable]
   [layer1-then-total] iter 12: objective 135 (total 135) UP  height 21  [0 unevaluable]
   [layer1-then-total] iter 13: objective 131 (total 131) DOWN (anneal 1/4)  height 2687  [0 unevaluable]
   [layer1-then-total] iter 14: objective 135 (total 135) UP  height 21  [0 unevaluable]
   [layer1-then-total] iter 15: objective 131 (total 131) DOWN (anneal 1/4)  height 671  [0 unevaluable]
   [layer1-then-total] iter 16: objective 135 (total 135) UP  height 21  [0 unevaluable]
   [layer1-then-total] iter 17: objective 131 (total 131) DOWN (anneal 1/4)  height 1343  [0 unevaluable]
   [layer1-then-total] iter 18: objective 135 (total 135) UP  height 21  [0 unevaluable]
   [layer1-then-total] iter 19: objective 131 (total 131) DOWN (anneal 1/4)  height 671  [0 unevaluable]
   [layer1-then-total] iter 20: objective 135 (total 135) UP  height 21  [0 unevaluable]
   [layer1-then-total] iter 21: objective 131 (total 131) DOWN (anneal 1/4)  height 581  [0 unevaluable]
   [layer1-then-total] iter 22: objective 135 (total 135) UP  height 145  [0 unevaluable]
   [layer1-then-total] iter 23: objective 131 (total 131) DOWN (anneal 1/4)  height 60  [0 unevaluable]
   [layer1-then-total] iter 24: objective 135 (total 135) UP  height 32  [0 unevaluable]
   [layer1-then-total] iter 25: objective 131 (total 131) DOWN (anneal 1/4)  height 260  [0 unevaluable]
   -> then total from there      : best total 135
   [capped(depth1 first)] iter  1: objective 38084 (total 123) UP  height 168  [0 unevaluable]
   [capped(depth1 first)] iter  2: objective 40086 (total 127) UP  height 1136  [0 unevaluable]
   [capped(depth1 first)] iter  3: objective 42088 (total 131) UP  height 2137  [0 unevaluable]
   [capped(depth1 first)] iter  4: objective 44090 (total 135) UP  height 159  [0 unevaluable]
   [capped(depth1 first)] iter  5: objective 42088 (total 131) DOWN (anneal 1/4)  height 40  [0 unevaluable]
   [capped(depth1 first)] iter  6: objective 44090 (total 135) UP  height 41  [0 unevaluable]
   [capped(depth1 first)] iter  7: objective 42088 (total 131) DOWN (anneal 1/4)  height 159  [0 unevaluable]
   [capped(depth1 first)] iter  8: objective 44090 (total 135) UP  height 79  [0 unevaluable]
   [capped(depth1 first)] iter  9: objective 42088 (total 131) DOWN (anneal 1/4)  height 157  [0 unevaluable]
   [capped(depth1 first)] iter 10: objective 44090 (total 135) UP  height 20  [0 unevaluable]
   [capped(depth1 first)] iter 11: objective 40086 (total 127) DOWN (anneal 1/4)  height 4096  [0 unevaluable]
   [capped(depth1 first)] iter 12: objective 42088 (total 131) UP  height 8192  [0 unevaluable]
   [capped(depth1 first)] iter 13: objective 44090 (total 135) UP  height 2054  [0 unevaluable]
   [capped(depth1 first)] iter 14: objective 42088 (total 131) DOWN (anneal 1/4)  height 257  [0 unevaluable]
   [capped(depth1 first)] iter 15: objective 44090 (total 135) UP  height 511  [0 unevaluable]
   [capped(depth1 first)] iter 16: objective 42088 (total 131) DOWN (anneal 1/4)  height 257  [0 unevaluable]
   [capped(depth1 first)] iter 17: objective 44090 (total 135) UP  height 4089  [0 unevaluable]
   [capped(depth1 first)] iter 18: objective 42088 (total 131) DOWN (anneal 1/4)  height 511  [0 unevaluable]
   [capped(depth1 first)] iter 19: objective 40086 (total 127) DOWN (anneal 2/4)  height 513  [0 unevaluable]
   [capped(depth1 first)] iter 20: objective 42088 (total 131) UP  height 256  [0 unevaluable]
   [capped(depth1 first)] iter 21: objective 40086 (total 127) DOWN (anneal 1/4)  height 509  [0 unevaluable]
   [capped(depth1 first)] iter 22: objective 42088 (total 131) UP  height 2042  [0 unevaluable]
   [capped(depth1 first)] iter 23: objective 44090 (total 135) UP  height 2043  [0 unevaluable]
   [capped(depth1 first)] iter 24: objective 42088 (total 131) DOWN (anneal 1/4)  height 128  [0 unevaluable]
   [capped(depth1 first)] iter 25: objective 44090 (total 135) UP  height 257  [0 unevaluable]
   -> CAPPED objective           : best total 135 (depth-1 44)
   [headroom-weighted] iter  1: objective 2940.0 (total 115) UP  height 2560  [0 unevaluable]
   [headroom-weighted] iter  2: objective 3076.0 (total 107) UP  height 696  [0 unevaluable]
   [headroom-weighted] iter  3: objective 3072.0 (total 111) DOWN (anneal 1/4)  height 2560  [0 unevaluable]
   [headroom-weighted] iter  4: objective 3076.0 (total 107) UP  height 97  [0 unevaluable]
   [headroom-weighted] iter  5: objective 3072.0 (total 111) DOWN (anneal 1/4)  height 24  [0 unevaluable]
   [headroom-weighted] iter  6: objective 3076.0 (total 107) UP  height 387  [0 unevaluable]
   [headroom-weighted] iter  7: objective 3072.0 (total 111) DOWN (anneal 1/4)  height 24  [0 unevaluable]
   [headroom-weighted] iter  8: objective 3076.0 (total 107) UP  height 68  [0 unevaluable]
   [headroom-weighted] iter  9: objective 3072.0 (total 111) DOWN (anneal 1/4)  height 24  [0 unevaluable]
   [headroom-weighted] iter 10: objective 3076.0 (total 107) UP  height 191  [0 unevaluable]
   [headroom-weighted] iter 11: objective 3072.0 (total 111) DOWN (anneal 1/4)  height 94  [0 unevaluable]
   [headroom-weighted] iter 12: objective 3076.0 (total 107) UP  height 47  [0 unevaluable]
   [headroom-weighted] iter 13: objective 3072.0 (total 111) DOWN (anneal 1/4)  height 23  [0 unevaluable]
   [headroom-weighted] iter 14: objective 3076.0 (total 107) UP  height 183  [0 unevaluable]
   [headroom-weighted] iter 15: objective 3072.0 (total 111) DOWN (anneal 1/4)  height 23  [0 unevaluable]
   [headroom-weighted] iter 16: objective 3076.0 (total 107) UP  height 46  [0 unevaluable]
   [headroom-weighted] iter 17: objective 3072.0 (total 111) DOWN (anneal 1/4)  height 64  [0 unevaluable]
   [headroom-weighted] iter 18: objective 3076.0 (total 107) UP  height 180  [0 unevaluable]
   [headroom-weighted] iter 19: objective 3072.0 (total 111) DOWN (anneal 1/4)  height 65  [0 unevaluable]
   [headroom-weighted] iter 20: objective 3156.0 (total 117) UP  height 359  [0 unevaluable]
   [headroom-weighted] iter 21: objective 2952.0 (total 111) DOWN (anneal 1/4)  height 90  [0 unevaluable]
   [headroom-weighted] iter 22: objective 3076.0 (total 107) UP  height 179  [0 unevaluable]
   [headroom-weighted] iter 23: objective 3072.0 (total 111) DOWN (anneal 1/4)  height 36  [0 unevaluable]
   [headroom-weighted] iter 24: objective 2948.0 (total 107) DOWN (anneal 2/4)  height 387  [0 unevaluable]
   [headroom-weighted] iter 25: objective 2952.0 (total 111) UP  height 97  [0 unevaluable]
   -> HEADROOM-weighted          : best total 117
