n=4  record is 183 ; best basin climb so far 141 (n=4)

start 0: total 121, profile {'0': 1, '1': 38, '2': 58, '3': 24, '4': 1}
   [total,no-anneal] iter 1: no improving move and anneal budget spent; stop
   -> TOTAL, no anneal             : best total 121  (depth-1 38)
   [total,anneal] iter  1: objective 119 (total 119, best 121) DOWN (anneal 1/6)  height 806  [0 unevaluable]
   [total,anneal] iter  2: objective 123 (total 123, best 123) UP  height 776  [0 unevaluable]
   [total,anneal] iter  3: objective 127 (total 127, best 127) UP  height 801  [0 unevaluable]
   [total,anneal] iter  4: objective 131 (total 131, best 131) UP  height 25  [0 unevaluable]
   [total,anneal] iter  5: objective 135 (total 135, best 135) UP  height 801  [0 unevaluable]
   [total,anneal] iter  6: objective 131 (total 131, best 135) DOWN (anneal 1/6)  height 798  [0 unevaluable]
   [total,anneal] iter  7: objective 135 (total 135, best 135) UP  height 100  [0 unevaluable]
   [total,anneal] iter  8: objective 131 (total 131, best 135) DOWN (anneal 1/6)  height 3209  [0 unevaluable]
   [total,anneal] iter  9: objective 135 (total 135, best 135) UP  height 50  [0 unevaluable]
   [total,anneal] iter 10: objective 131 (total 131, best 135) DOWN (anneal 1/6)  height 1600  [0 unevaluable]
   [total,anneal] iter 11: objective 135 (total 135, best 135) UP  height 50  [0 unevaluable]
   [total,anneal] iter 12: objective 131 (total 131, best 135) DOWN (anneal 1/6)  height 196608  [0 unevaluable]
   [total,anneal] iter 13: objective 135 (total 135, best 135) UP  height 177  [0 unevaluable]
   [total,anneal] iter 14: objective 131 (total 131, best 135) DOWN (anneal 1/6)  height 354  [0 unevaluable]
   [total,anneal] iter 15: objective 135 (total 135, best 135) UP  height 177  [0 unevaluable]
   [total,anneal] iter 16: objective 131 (total 131, best 135) DOWN (anneal 1/6)  height 709  [0 unevaluable]
   [total,anneal] iter 17: objective 135 (total 135, best 135) UP  height 354  [0 unevaluable]
   [total,anneal] iter 18: objective 131 (total 131, best 135) DOWN (anneal 1/6)  height 398  [0 unevaluable]
   [total,anneal] iter 19: objective 135 (total 135, best 135) UP  height 353  [0 unevaluable]
   [total,anneal] iter 20: objective 131 (total 131, best 135) DOWN (anneal 1/6)  height 799  [0 unevaluable]
   [total,anneal] iter 21: objective 135 (total 135, best 135) UP  height 354  [0 unevaluable]
   [total,anneal] iter 22: objective 131 (total 131, best 135) DOWN (anneal 1/6)  height 177  [0 unevaluable]
   [total,anneal] iter 23: objective 135 (total 135, best 135) UP  height 11264  [0 unevaluable]
   [total,anneal] iter 24: objective 131 (total 131, best 135) DOWN (anneal 1/6)  height 176  [0 unevaluable]
   [total,anneal] iter 25: objective 135 (total 135, best 135) UP  height 703  [0 unevaluable]
   -> TOTAL, anneal 6              : best total 135  (depth-1 44)
   [layer1] iter  1: objective 36 (total 119, best 121) DOWN (anneal 1/6)  height 806  [0 unevaluable]
   [layer1] iter  2: objective 38 (total 123, best 123) UP  height 776  [0 unevaluable]
   [layer1] iter  3: objective 40 (total 127, best 127) UP  height 801  [0 unevaluable]
   [layer1] iter  4: objective 42 (total 131, best 131) UP  height 25  [0 unevaluable]
   [layer1] iter  5: objective 44 (total 135, best 135) UP  height 801  [0 unevaluable]
   [layer1] iter  6: objective 42 (total 131, best 135) DOWN (anneal 1/6)  height 798  [0 unevaluable]
   [layer1] iter  7: objective 44 (total 135, best 135) UP  height 100  [0 unevaluable]
   [layer1] iter  8: objective 42 (total 131, best 135) DOWN (anneal 1/6)  height 3209  [0 unevaluable]
   [layer1] iter  9: objective 44 (total 135, best 135) UP  height 50  [0 unevaluable]
   [layer1] iter 10: objective 42 (total 131, best 135) DOWN (anneal 1/6)  height 1600  [0 unevaluable]
   [layer1] iter 11: objective 44 (total 135, best 135) UP  height 50  [0 unevaluable]
   [layer1] iter 12: objective 42 (total 131, best 135) DOWN (anneal 1/6)  height 196608  [0 unevaluable]
   [layer1] iter 13: objective 44 (total 135, best 135) UP  height 177  [0 unevaluable]
   [layer1] iter 14: objective 42 (total 131, best 135) DOWN (anneal 1/6)  height 354  [0 unevaluable]
   [layer1] iter 15: objective 44 (total 135, best 135) UP  height 177  [0 unevaluable]
   [layer1] iter 16: objective 42 (total 131, best 135) DOWN (anneal 1/6)  height 709  [0 unevaluable]
   [layer1] iter 17: objective 44 (total 135, best 135) UP  height 354  [0 unevaluable]
   [layer1] iter 18: objective 42 (total 131, best 135) DOWN (anneal 1/6)  height 398  [0 unevaluable]
   [layer1] iter 19: objective 44 (total 135, best 135) UP  height 353  [0 unevaluable]
   [layer1] iter 20: objective 42 (total 131, best 135) DOWN (anneal 1/6)  height 799  [0 unevaluable]
   [layer1] iter 21: objective 44 (total 135, best 135) UP  height 354  [0 unevaluable]
   [layer1] iter 22: objective 42 (total 131, best 135) DOWN (anneal 1/6)  height 177  [0 unevaluable]
   [layer1] iter 23: objective 44 (total 135, best 135) UP  height 11264  [0 unevaluable]
   [layer1] iter 24: objective 42 (total 131, best 135) DOWN (anneal 1/6)  height 176  [0 unevaluable]
   [layer1] iter 25: objective 44 (total 135, best 135) UP  height 703  [0 unevaluable]
   -> LAYER-1                      : best total 135  (depth-1 44)
   [layer1-then-total] iter 1: no crossing evaluated (24 unevaluable); stop
   -> LAYER-1 then TOTAL           : best total 135  (depth-1 44)
   [capped] iter  1: objective 36082 (total 119, best 121) DOWN (anneal 1/6)  height 806  [0 unevaluable]
   [capped] iter  2: objective 38084 (total 123, best 123) UP  height 776  [0 unevaluable]
   [capped] iter  3: objective 40086 (total 127, best 127) UP  height 801  [0 unevaluable]
   [capped] iter  4: objective 42088 (total 131, best 131) UP  height 25  [0 unevaluable]
   [capped] iter  5: objective 44090 (total 135, best 135) UP  height 801  [0 unevaluable]
   [capped] iter  6: objective 42088 (total 131, best 135) DOWN (anneal 1/6)  height 798  [0 unevaluable]
   [capped] iter  7: objective 44090 (total 135, best 135) UP  height 100  [0 unevaluable]
   [capped] iter  8: objective 42088 (total 131, best 135) DOWN (anneal 1/6)  height 3209  [0 unevaluable]
   [capped] iter  9: objective 44090 (total 135, best 135) UP  height 50  [0 unevaluable]
   [capped] iter 10: objective 42088 (total 131, best 135) DOWN (anneal 1/6)  height 1600  [0 unevaluable]
   [capped] iter 11: objective 44090 (total 135, best 135) UP  height 50  [0 unevaluable]
   [capped] iter 12: objective 42088 (total 131, best 135) DOWN (anneal 1/6)  height 196608  [0 unevaluable]
   [capped] iter 13: objective 44090 (total 135, best 135) UP  height 177  [0 unevaluable]
   [capped] iter 14: objective 42088 (total 131, best 135) DOWN (anneal 1/6)  height 354  [0 unevaluable]
   [capped] iter 15: objective 44090 (total 135, best 135) UP  height 177  [0 unevaluable]
   [capped] iter 16: objective 42088 (total 131, best 135) DOWN (anneal 1/6)  height 709  [0 unevaluable]
   [capped] iter 17: objective 44090 (total 135, best 135) UP  height 354  [0 unevaluable]
   [capped] iter 18: objective 42088 (total 131, best 135) DOWN (anneal 1/6)  height 398  [0 unevaluable]
   [capped] iter 19: objective 44090 (total 135, best 135) UP  height 353  [0 unevaluable]
   [capped] iter 20: objective 42088 (total 131, best 135) DOWN (anneal 1/6)  height 799  [0 unevaluable]
   [capped] iter 21: objective 44090 (total 135, best 135) UP  height 354  [0 unevaluable]
   [capped] iter 22: objective 42088 (total 131, best 135) DOWN (anneal 1/6)  height 177  [0 unevaluable]
   [capped] iter 23: objective 44090 (total 135, best 135) UP  height 11264  [0 unevaluable]
   [capped] iter 24: objective 42088 (total 131, best 135) DOWN (anneal 1/6)  height 176  [0 unevaluable]
   [capped] iter 25: objective 44090 (total 135, best 135) UP  height 703  [0 unevaluable]
   -> CAPPED (depth-1 first)       : best total 135  (depth-1 44)
   [headroom] iter  1: objective 2840 (total 119, best 121) DOWN (anneal 1/6)  height 806  [0 unevaluable]
   [headroom] iter  2: objective 3064 (total 123, best 123) UP  height 776  [0 unevaluable]
   [headroom] iter  3: objective 3012 (total 127, best 127) UP  height 801  [0 unevaluable]
   [headroom] iter  4: objective 2944 (total 131, best 131) UP  height 25  [0 unevaluable]
   [headroom] iter  5: objective 2904 (total 135, best 135) UP  height 801  [0 unevaluable]
   [headroom] iter  6: objective 2520 (total 131, best 135) DOWN (anneal 1/6)  height 798  [0 unevaluable]
   [headroom] iter  7: objective 2860 (total 135, best 135) UP  height 100  [0 unevaluable]
   [headroom] iter  8: objective 2520 (total 131, best 135) DOWN (anneal 1/6)  height 3209  [0 unevaluable]
   [headroom] iter  9: objective 2860 (total 135, best 135) UP  height 50  [0 unevaluable]
   [headroom] iter 10: objective 2564 (total 131, best 135) DOWN (anneal 1/6)  height 1600  [0 unevaluable]
   [headroom] iter 11: objective 2860 (total 135, best 135) UP  height 50  [0 unevaluable]
   [headroom] iter 12: objective 2564 (total 131, best 135) DOWN (anneal 1/6)  height 196608  [0 unevaluable]
   [headroom] iter 13: objective 2860 (total 135, best 135) UP  height 177  [0 unevaluable]
   [headroom] iter 14: objective 2520 (total 131, best 135) DOWN (anneal 1/6)  height 354  [0 unevaluable]
   [headroom] iter 15: objective 2860 (total 135, best 135) UP  height 177  [0 unevaluable]
   [headroom] iter 16: objective 2520 (total 131, best 135) DOWN (anneal 1/6)  height 709  [0 unevaluable]
   [headroom] iter 17: objective 2860 (total 135, best 135) UP  height 354  [0 unevaluable]
   [headroom] iter 18: objective 2520 (total 131, best 135) DOWN (anneal 1/6)  height 398  [0 unevaluable]
   [headroom] iter 19: objective 2860 (total 135, best 135) UP  height 353  [0 unevaluable]
   [headroom] iter 20: objective 2520 (total 131, best 135) DOWN (anneal 1/6)  height 799  [0 unevaluable]
   [headroom] iter 21: objective 2860 (total 135, best 135) UP  height 354  [0 unevaluable]
   [headroom] iter 22: objective 2520 (total 131, best 135) DOWN (anneal 1/6)  height 177  [0 unevaluable]
   [headroom] iter 23: objective 2860 (total 135, best 135) UP  height 11264  [0 unevaluable]
   [headroom] iter 24: objective 2520 (total 131, best 135) DOWN (anneal 1/6)  height 176  [0 unevaluable]
   [headroom] iter 25: objective 2860 (total 135, best 135) UP  height 703  [0 unevaluable]
   -> HEADROOM-weighted            : best total 135  (depth-1 44)

start 1: total 127, profile {'0': 1, '1': 40, '2': 62, '3': 24, '4': 1}
   [total,no-anneal] iter  1: objective 131 (total 131, best 131) UP  height 143  [0 unevaluable]
   [total,no-anneal] iter 2: no improving move and anneal budget spent; stop
   -> TOTAL, no anneal             : best total 131  (depth-1 42)
   [total,anneal] iter  1: objective 131 (total 131, best 131) UP  height 143  [0 unevaluable]
   [total,anneal] iter  2: objective 127 (total 127, best 131) DOWN (anneal 1/6)  height 71  [0 unevaluable]
   [total,anneal] iter  3: objective 131 (total 131, best 131) UP  height 144  [0 unevaluable]
   [total,anneal] iter  4: objective 135 (total 135, best 135) UP  height 148  [0 unevaluable]
   [total,anneal] iter  5: objective 131 (total 131, best 135) DOWN (anneal 1/6)  height 2356  [0 unevaluable]
   [total,anneal] iter  6: objective 135 (total 135, best 135) UP  height 37  [0 unevaluable]
   [total,anneal] iter  7: objective 131 (total 131, best 135) DOWN (anneal 1/6)  height 36  [0 unevaluable]
   [total,anneal] iter  8: objective 135 (total 135, best 135) UP  height 65  [0 unevaluable]
   [total,anneal] iter  9: objective 131 (total 131, best 135) DOWN (anneal 1/6)  height 32  [0 unevaluable]
   [total,anneal] iter 10: objective 135 (total 135, best 135) UP  height 49  [0 unevaluable]
   [total,anneal] iter 11: objective 131 (total 131, best 135) DOWN (anneal 1/6)  height 65  [0 unevaluable]
   [total,anneal] iter 12: objective 135 (total 135, best 135) UP  height 125  [0 unevaluable]
   [total,anneal] iter 13: objective 131 (total 131, best 135) DOWN (anneal 1/6)  height 125  [0 unevaluable]
   [total,anneal] iter 14: objective 135 (total 135, best 135) UP  height 31  [0 unevaluable]
   [total,anneal] iter 15: objective 131 (total 131, best 135) DOWN (anneal 1/6)  height 31  [0 unevaluable]
   [total,anneal] iter 16: objective 137 (total 137, best 137) UP  height 122  [0 unevaluable]
   [total,anneal] iter 17: objective 131 (total 131, best 137) DOWN (anneal 1/6)  height 1953  [0 unevaluable]
   [total,anneal] iter 18: objective 135 (total 135, best 137) UP  height 59  [0 unevaluable]
   [total,anneal] iter 19: objective 131 (total 131, best 137) DOWN (anneal 1/6)  height 118  [0 unevaluable]
   [total,anneal] iter 20: objective 135 (total 135, best 137) UP  height 472  [0 unevaluable]
   [total,anneal] iter 21: objective 131 (total 131, best 137) DOWN (anneal 1/6)  height 866  [0 unevaluable]
   [total,anneal] iter 22: objective 135 (total 135, best 137) UP  height 1741  [0 unevaluable]
   [total,anneal] iter 23: objective 131 (total 131, best 137) DOWN (anneal 1/6)  height 94  [0 unevaluable]
   [total,anneal] iter 24: objective 135 (total 135, best 137) UP  height 55  [0 unevaluable]
   [total,anneal] iter 25: objective 131 (total 131, best 137) DOWN (anneal 1/6)  height 439  [0 unevaluable]
   -> TOTAL, anneal 6              : best total 137  (depth-1 48)
   [layer1] iter  1: objective 42 (total 131, best 131) UP  height 143  [0 unevaluable]
   [layer1] iter  2: objective 40 (total 127, best 131) DOWN (anneal 1/6)  height 71  [0 unevaluable]
   [layer1] iter  3: objective 42 (total 131, best 131) UP  height 144  [0 unevaluable]
   [layer1] iter  4: objective 44 (total 135, best 135) UP  height 148  [0 unevaluable]
   [layer1] iter  5: objective 42 (total 131, best 135) DOWN (anneal 1/6)  height 2356  [0 unevaluable]
   [layer1] iter  6: objective 44 (total 135, best 135) UP  height 37  [0 unevaluable]
   [layer1] iter  7: objective 42 (total 131, best 135) DOWN (anneal 1/6)  height 36  [0 unevaluable]
   [layer1] iter  8: objective 44 (total 135, best 135) UP  height 65  [0 unevaluable]
   [layer1] iter  9: objective 42 (total 131, best 135) DOWN (anneal 1/6)  height 32  [0 unevaluable]
   [layer1] iter 10: objective 44 (total 135, best 135) UP  height 49  [0 unevaluable]
   [layer1] iter 11: objective 42 (total 131, best 135) DOWN (anneal 1/6)  height 65  [0 unevaluable]
   [layer1] iter 12: objective 44 (total 135, best 135) UP  height 125  [0 unevaluable]
   [layer1] iter 13: objective 42 (total 131, best 135) DOWN (anneal 1/6)  height 125  [0 unevaluable]
   [layer1] iter 14: objective 44 (total 135, best 135) UP  height 31  [0 unevaluable]
   [layer1] iter 15: objective 42 (total 131, best 135) DOWN (anneal 1/6)  height 31  [0 unevaluable]
   [layer1] iter 16: objective 48 (total 137, best 137) UP  height 122  [0 unevaluable]
   [layer1] iter 17: objective 42 (total 131, best 137) DOWN (anneal 1/6)  height 1953  [0 unevaluable]
   [layer1] iter 18: objective 44 (total 135, best 137) UP  height 59  [0 unevaluable]
   [layer1] iter 19: objective 42 (total 131, best 137) DOWN (anneal 1/6)  height 118  [0 unevaluable]
   [layer1] iter 20: objective 44 (total 135, best 137) UP  height 472  [0 unevaluable]
   [layer1] iter 21: objective 42 (total 131, best 137) DOWN (anneal 1/6)  height 866  [0 unevaluable]
   [layer1] iter 22: objective 44 (total 135, best 137) UP  height 1741  [0 unevaluable]
   [layer1] iter 23: objective 42 (total 131, best 137) DOWN (anneal 1/6)  height 94  [0 unevaluable]
   [layer1] iter 24: objective 44 (total 135, best 137) UP  height 55  [0 unevaluable]
   [layer1] iter 25: objective 42 (total 131, best 137) DOWN (anneal 1/6)  height 439  [0 unevaluable]
   -> LAYER-1                      : best total 137  (depth-1 48)
   [layer1-then-total] iter  1: objective 131 (total 131, best 137) DOWN (anneal 1/6)  height 24576  [0 unevaluable]
   [layer1-then-total] iter  2: objective 135 (total 135, best 137) UP  height 255  [0 unevaluable]
   [layer1-then-total] iter  3: objective 131 (total 131, best 137) DOWN (anneal 1/6)  height 768  [0 unevaluable]
   [layer1-then-total] iter  4: objective 135 (total 135, best 137) UP  height 514  [0 unevaluable]
   [layer1-then-total] iter  5: objective 131 (total 131, best 137) DOWN (anneal 1/6)  height 59  [0 unevaluable]
   [layer1-then-total] iter  6: objective 135 (total 135, best 137) UP  height 103  [0 unevaluable]
   [layer1-then-total] iter  7: objective 131 (total 131, best 137) DOWN (anneal 1/6)  height 56  [0 unevaluable]
   [layer1-then-total] iter  8: objective 135 (total 135, best 137) UP  height 416  [0 unevaluable]
   [layer1-then-total] iter  9: objective 131 (total 131, best 137) DOWN (anneal 1/6)  height 29  [0 unevaluable]
   [layer1-then-total] iter 10: objective 135 (total 135, best 137) UP  height 238  [0 unevaluable]
   [layer1-then-total] iter 11: objective 131 (total 131, best 137) DOWN (anneal 1/6)  height 484  [0 unevaluable]
   [layer1-then-total] iter 12: objective 135 (total 135, best 137) UP  height 242  [0 unevaluable]
   [layer1-then-total] iter 13: objective 131 (total 131, best 137) DOWN (anneal 1/6)  height 242  [0 unevaluable]
   [layer1-then-total] iter 14: objective 135 (total 135, best 137) UP  height 121  [0 unevaluable]
   [layer1-then-total] iter 15: objective 131 (total 131, best 137) DOWN (anneal 1/6)  height 137  [0 unevaluable]
   [layer1-then-total] iter 16: objective 135 (total 135, best 137) UP  height 120  [0 unevaluable]
   [layer1-then-total] iter 17: objective 131 (total 131, best 137) DOWN (anneal 1/6)  height 30  [0 unevaluable]
   [layer1-then-total] iter 18: objective 137 (total 137, best 137) UP  height 126  [0 unevaluable]
   [layer1-then-total] iter 19: objective 133 (total 133, best 137) DOWN (anneal 1/6)  height 250  [0 unevaluable]
   [layer1-then-total] iter 20: objective 127 (total 127, best 137) DOWN (anneal 2/6)  height 2081  [0 unevaluable]
   [layer1-then-total] iter 21: objective 131 (total 131, best 137) UP  height 3955  [0 unevaluable]
   [layer1-then-total] iter 22: objective 135 (total 135, best 137) UP  height 33  [0 unevaluable]
   [layer1-then-total] iter 23: objective 131 (total 131, best 137) DOWN (anneal 1/6)  height 1057  [0 unevaluable]
   [layer1-then-total] iter 24: objective 135 (total 135, best 137) UP  height 33  [0 unevaluable]
   [layer1-then-total] iter 25: objective 137 (total 137, best 137) UP  height 129  [0 unevaluable]
   -> LAYER-1 then TOTAL           : best total 137  (depth-1 48)
   [capped] iter  1: objective 42088 (total 131, best 131) UP  height 143  [0 unevaluable]
   [capped] iter  2: objective 40086 (total 127, best 131) DOWN (anneal 1/6)  height 71  [0 unevaluable]
   [capped] iter  3: objective 42088 (total 131, best 131) UP  height 144  [0 unevaluable]
   [capped] iter  4: objective 44090 (total 135, best 135) UP  height 148  [0 unevaluable]
   [capped] iter  5: objective 42088 (total 131, best 135) DOWN (anneal 1/6)  height 2356  [0 unevaluable]
   [capped] iter  6: objective 44090 (total 135, best 135) UP  height 37  [0 unevaluable]
   [capped] iter  7: objective 42088 (total 131, best 135) DOWN (anneal 1/6)  height 36  [0 unevaluable]
   [capped] iter  8: objective 44090 (total 135, best 135) UP  height 65  [0 unevaluable]
   [capped] iter  9: objective 42088 (total 131, best 135) DOWN (anneal 1/6)  height 32  [0 unevaluable]
   [capped] iter 10: objective 44090 (total 135, best 135) UP  height 49  [0 unevaluable]
   [capped] iter 11: objective 42088 (total 131, best 135) DOWN (anneal 1/6)  height 65  [0 unevaluable]
   [capped] iter 12: objective 44090 (total 135, best 135) UP  height 125  [0 unevaluable]
   [capped] iter 13: objective 42088 (total 131, best 135) DOWN (anneal 1/6)  height 125  [0 unevaluable]
   [capped] iter 14: objective 44090 (total 135, best 135) UP  height 31  [0 unevaluable]
   [capped] iter 15: objective 42088 (total 131, best 135) DOWN (anneal 1/6)  height 31  [0 unevaluable]
   [capped] iter 16: objective 48088 (total 137, best 137) UP  height 122  [0 unevaluable]
   [capped] iter 17: objective 42088 (total 131, best 137) DOWN (anneal 1/6)  height 1953  [0 unevaluable]
   [capped] iter 18: objective 44090 (total 135, best 137) UP  height 59  [0 unevaluable]
   [capped] iter 19: objective 42088 (total 131, best 137) DOWN (anneal 1/6)  height 118  [0 unevaluable]
   [capped] iter 20: objective 44090 (total 135, best 137) UP  height 472  [0 unevaluable]
   [capped] iter 21: objective 42088 (total 131, best 137) DOWN (anneal 1/6)  height 866  [0 unevaluable]
   [capped] iter 22: objective 44090 (total 135, best 137) UP  height 1741  [0 unevaluable]
   [capped] iter 23: objective 42088 (total 131, best 137) DOWN (anneal 1/6)  height 94  [0 unevaluable]
   [capped] iter 24: objective 44090 (total 135, best 137) UP  height 55  [0 unevaluable]
   [capped] iter 25: objective 42088 (total 131, best 137) DOWN (anneal 1/6)  height 439  [0 unevaluable]
   -> CAPPED (depth-1 first)       : best total 137  (depth-1 48)
   [headroom] iter  1: objective 2944 (total 131, best 131) UP  height 143  [0 unevaluable]
   [headroom] iter  2: objective 2604 (total 127, best 131) DOWN (anneal 1/6)  height 71  [0 unevaluable]
   [headroom] iter  3: objective 2944 (total 131, best 131) UP  height 144  [0 unevaluable]
   [headroom] iter  4: objective 2860 (total 135, best 135) UP  height 148  [0 unevaluable]
   [headroom] iter  5: objective 2520 (total 131, best 135) DOWN (anneal 1/6)  height 2356  [0 unevaluable]
   [headroom] iter  6: objective 2860 (total 135, best 135) UP  height 37  [0 unevaluable]
   [headroom] iter  7: objective 2564 (total 131, best 135) DOWN (anneal 1/6)  height 36  [0 unevaluable]
   [headroom] iter  8: objective 2860 (total 135, best 135) UP  height 65  [0 unevaluable]
   [headroom] iter  9: objective 2520 (total 131, best 135) DOWN (anneal 1/6)  height 32  [0 unevaluable]
   [headroom] iter 10: objective 2860 (total 135, best 135) UP  height 49  [0 unevaluable]
   [headroom] iter 11: objective 2520 (total 131, best 135) DOWN (anneal 1/6)  height 65  [0 unevaluable]
   [headroom] iter 12: objective 2860 (total 135, best 135) UP  height 125  [0 unevaluable]
   [headroom] iter 13: objective 2520 (total 131, best 135) DOWN (anneal 1/6)  height 125  [0 unevaluable]
   [headroom] iter 14: objective 2860 (total 135, best 135) UP  height 31  [0 unevaluable]
   [headroom] iter 15: objective 2520 (total 131, best 135) DOWN (anneal 1/6)  height 31  [0 unevaluable]
   [headroom] iter 16: objective 3104 (total 137, best 137) UP  height 122  [0 unevaluable]
   [headroom] iter 17: objective 2480 (total 131, best 137) DOWN (anneal 1/6)  height 1953  [0 unevaluable]
   [headroom] iter 18: objective 2860 (total 135, best 137) UP  height 59  [0 unevaluable]
   [headroom] iter 19: objective 2520 (total 131, best 137) DOWN (anneal 1/6)  height 118  [0 unevaluable]
   [headroom] iter 20: objective 2860 (total 135, best 137) UP  height 472  [0 unevaluable]
   [headroom] iter 21: objective 2520 (total 131, best 137) DOWN (anneal 1/6)  height 866  [0 unevaluable]
   [headroom] iter 22: objective 2860 (total 135, best 137) UP  height 1741  [0 unevaluable]
   [headroom] iter 23: objective 2520 (total 131, best 137) DOWN (anneal 1/6)  height 94  [0 unevaluable]
   [headroom] iter 24: objective 2860 (total 135, best 137) UP  height 55  [0 unevaluable]
   [headroom] iter 25: objective 2520 (total 131, best 137) DOWN (anneal 1/6)  height 439  [0 unevaluable]
   -> HEADROOM-weighted            : best total 137  (depth-1 48)

start 2: total 119, profile {'0': 1, '1': 36, '2': 58, '3': 24, '4': 1}
   [total,no-anneal] iter  1: objective 123 (total 123, best 123) UP  height 168  [0 unevaluable]
   [total,no-anneal] iter  2: objective 127 (total 127, best 127) UP  height 1136  [0 unevaluable]
   [total,no-anneal] iter  3: objective 131 (total 131, best 131) UP  height 2137  [0 unevaluable]
   [total,no-anneal] iter  4: objective 135 (total 135, best 135) UP  height 159  [0 unevaluable]
   [total,no-anneal] iter 5: no improving move and anneal budget spent; stop
   -> TOTAL, no anneal             : best total 135  (depth-1 44)
   [total,anneal] iter  1: objective 123 (total 123, best 123) UP  height 168  [0 unevaluable]
   [total,anneal] iter  2: objective 127 (total 127, best 127) UP  height 1136  [0 unevaluable]
   [total,anneal] iter  3: objective 131 (total 131, best 131) UP  height 2137  [0 unevaluable]
   [total,anneal] iter  4: objective 135 (total 135, best 135) UP  height 159  [0 unevaluable]
   [total,anneal] iter  5: objective 131 (total 131, best 135) DOWN (anneal 1/6)  height 40  [0 unevaluable]
   [total,anneal] iter  6: objective 135 (total 135, best 135) UP  height 41  [0 unevaluable]
   [total,anneal] iter  7: objective 131 (total 131, best 135) DOWN (anneal 1/6)  height 159  [0 unevaluable]
   [total,anneal] iter  8: objective 135 (total 135, best 135) UP  height 79  [0 unevaluable]
   [total,anneal] iter  9: objective 131 (total 131, best 135) DOWN (anneal 1/6)  height 157  [0 unevaluable]
   [total,anneal] iter 10: objective 135 (total 135, best 135) UP  height 20  [0 unevaluable]
   [total,anneal] iter 11: objective 127 (total 127, best 135) DOWN (anneal 1/6)  height 4096  [0 unevaluable]
   [total,anneal] iter 12: objective 131 (total 131, best 135) UP  height 8192  [0 unevaluable]
   [total,anneal] iter 13: objective 135 (total 135, best 135) UP  height 2054  [0 unevaluable]
   [total,anneal] iter 14: objective 131 (total 131, best 135) DOWN (anneal 1/6)  height 257  [0 unevaluable]
   [total,anneal] iter 15: objective 135 (total 135, best 135) UP  height 511  [0 unevaluable]
   [total,anneal] iter 16: objective 131 (total 131, best 135) DOWN (anneal 1/6)  height 257  [0 unevaluable]
   [total,anneal] iter 17: objective 135 (total 135, best 135) UP  height 4089  [0 unevaluable]
   [total,anneal] iter 18: objective 131 (total 131, best 135) DOWN (anneal 1/6)  height 511  [0 unevaluable]
   [total,anneal] iter 19: objective 127 (total 127, best 135) DOWN (anneal 2/6)  height 513  [0 unevaluable]
   [total,anneal] iter 20: objective 131 (total 131, best 135) UP  height 256  [0 unevaluable]
   [total,anneal] iter 21: objective 127 (total 127, best 135) DOWN (anneal 1/6)  height 509  [0 unevaluable]
   [total,anneal] iter 22: objective 131 (total 131, best 135) UP  height 2042  [0 unevaluable]
   [total,anneal] iter 23: objective 135 (total 135, best 135) UP  height 2043  [0 unevaluable]
   [total,anneal] iter 24: objective 131 (total 131, best 135) DOWN (anneal 1/6)  height 128  [0 unevaluable]
   [total,anneal] iter 25: objective 135 (total 135, best 135) UP  height 257  [0 unevaluable]
   -> TOTAL, anneal 6              : best total 135  (depth-1 44)
   [layer1] iter  1: objective 38 (total 123, best 123) UP  height 168  [0 unevaluable]
   [layer1] iter  2: objective 40 (total 127, best 127) UP  height 1136  [0 unevaluable]
   [layer1] iter  3: objective 42 (total 131, best 131) UP  height 2137  [0 unevaluable]
   [layer1] iter  4: objective 44 (total 135, best 135) UP  height 159  [0 unevaluable]
   [layer1] iter  5: objective 42 (total 131, best 135) DOWN (anneal 1/6)  height 40  [0 unevaluable]
   [layer1] iter  6: objective 44 (total 135, best 135) UP  height 41  [0 unevaluable]
   [layer1] iter  7: objective 42 (total 131, best 135) DOWN (anneal 1/6)  height 159  [0 unevaluable]
   [layer1] iter  8: objective 44 (total 135, best 135) UP  height 79  [0 unevaluable]
   [layer1] iter  9: objective 42 (total 131, best 135) DOWN (anneal 1/6)  height 157  [0 unevaluable]
   [layer1] iter 10: objective 44 (total 135, best 135) UP  height 20  [0 unevaluable]
   [layer1] iter 11: objective 40 (total 127, best 135) DOWN (anneal 1/6)  height 4096  [0 unevaluable]
   [layer1] iter 12: objective 42 (total 131, best 135) UP  height 8192  [0 unevaluable]
   [layer1] iter 13: objective 44 (total 135, best 135) UP  height 2054  [0 unevaluable]
   [layer1] iter 14: objective 42 (total 131, best 135) DOWN (anneal 1/6)  height 257  [0 unevaluable]
   [layer1] iter 15: objective 44 (total 135, best 135) UP  height 511  [0 unevaluable]
   [layer1] iter 16: objective 42 (total 131, best 135) DOWN (anneal 1/6)  height 257  [0 unevaluable]
   [layer1] iter 17: objective 44 (total 135, best 135) UP  height 4089  [0 unevaluable]
   [layer1] iter 18: objective 42 (total 131, best 135) DOWN (anneal 1/6)  height 511  [0 unevaluable]
   [layer1] iter 19: objective 40 (total 127, best 135) DOWN (anneal 2/6)  height 513  [0 unevaluable]
   [layer1] iter 20: objective 42 (total 131, best 135) UP  height 256  [0 unevaluable]
   [layer1] iter 21: objective 40 (total 127, best 135) DOWN (anneal 1/6)  height 509  [0 unevaluable]
   [layer1] iter 22: objective 42 (total 131, best 135) UP  height 2042  [0 unevaluable]
   [layer1] iter 23: objective 44 (total 135, best 135) UP  height 2043  [0 unevaluable]
   [layer1] iter 24: objective 42 (total 131, best 135) DOWN (anneal 1/6)  height 128  [0 unevaluable]
   [layer1] iter 25: objective 44 (total 135, best 135) UP  height 257  [0 unevaluable]
   -> LAYER-1                      : best total 135  (depth-1 44)
   [layer1-then-total] iter 1: no crossing evaluated (24 unevaluable); stop
   -> LAYER-1 then TOTAL           : best total 135  (depth-1 44)
   [capped] iter  1: objective 38084 (total 123, best 123) UP  height 168  [0 unevaluable]
   [capped] iter  2: objective 40086 (total 127, best 127) UP  height 1136  [0 unevaluable]
   [capped] iter  3: objective 42088 (total 131, best 131) UP  height 2137  [0 unevaluable]
   [capped] iter  4: objective 44090 (total 135, best 135) UP  height 159  [0 unevaluable]
   [capped] iter  5: objective 42088 (total 131, best 135) DOWN (anneal 1/6)  height 40  [0 unevaluable]
   [capped] iter  6: objective 44090 (total 135, best 135) UP  height 41  [0 unevaluable]
   [capped] iter  7: objective 42088 (total 131, best 135) DOWN (anneal 1/6)  height 159  [0 unevaluable]
   [capped] iter  8: objective 44090 (total 135, best 135) UP  height 79  [0 unevaluable]
   [capped] iter  9: objective 42088 (total 131, best 135) DOWN (anneal 1/6)  height 157  [0 unevaluable]
   [capped] iter 10: objective 44090 (total 135, best 135) UP  height 20  [0 unevaluable]
   [capped] iter 11: objective 40086 (total 127, best 135) DOWN (anneal 1/6)  height 4096  [0 unevaluable]
   [capped] iter 12: objective 42088 (total 131, best 135) UP  height 8192  [0 unevaluable]
   [capped] iter 13: objective 44090 (total 135, best 135) UP  height 2054  [0 unevaluable]
   [capped] iter 14: objective 42088 (total 131, best 135) DOWN (anneal 1/6)  height 257  [0 unevaluable]
   [capped] iter 15: objective 44090 (total 135, best 135) UP  height 511  [0 unevaluable]
   [capped] iter 16: objective 42088 (total 131, best 135) DOWN (anneal 1/6)  height 257  [0 unevaluable]
   [capped] iter 17: objective 44090 (total 135, best 135) UP  height 4089  [0 unevaluable]
   [capped] iter 18: objective 42088 (total 131, best 135) DOWN (anneal 1/6)  height 511  [0 unevaluable]
   [capped] iter 19: objective 40086 (total 127, best 135) DOWN (anneal 2/6)  height 513  [0 unevaluable]
   [capped] iter 20: objective 42088 (total 131, best 135) UP  height 256  [0 unevaluable]
   [capped] iter 21: objective 40086 (total 127, best 135) DOWN (anneal 1/6)  height 509  [0 unevaluable]
   [capped] iter 22: objective 42088 (total 131, best 135) UP  height 2042  [0 unevaluable]
   [capped] iter 23: objective 44090 (total 135, best 135) UP  height 2043  [0 unevaluable]
   [capped] iter 24: objective 42088 (total 131, best 135) DOWN (anneal 1/6)  height 128  [0 unevaluable]
   [capped] iter 25: objective 44090 (total 135, best 135) UP  height 257  [0 unevaluable]
   -> CAPPED (depth-1 first)       : best total 135  (depth-1 44)
   [headroom] iter  1: objective 3064 (total 123, best 123) UP  height 168  [0 unevaluable]
   [headroom] iter  2: objective 3012 (total 127, best 127) UP  height 1136  [0 unevaluable]
   [headroom] iter  3: objective 2944 (total 131, best 131) UP  height 2137  [0 unevaluable]
   [headroom] iter  4: objective 2860 (total 135, best 135) UP  height 159  [0 unevaluable]
   [headroom] iter  5: objective 2520 (total 131, best 135) DOWN (anneal 1/6)  height 40  [0 unevaluable]
   [headroom] iter  6: objective 2860 (total 135, best 135) UP  height 41  [0 unevaluable]
   [headroom] iter  7: objective 2520 (total 131, best 135) DOWN (anneal 1/6)  height 159  [0 unevaluable]
   [headroom] iter  8: objective 2860 (total 135, best 135) UP  height 79  [0 unevaluable]
   [headroom] iter  9: objective 2520 (total 131, best 135) DOWN (anneal 1/6)  height 157  [0 unevaluable]
   [headroom] iter 10: objective 2860 (total 135, best 135) UP  height 20  [0 unevaluable]
   [headroom] iter 11: objective 2488 (total 127, best 135) DOWN (anneal 1/6)  height 4096  [0 unevaluable]
   [headroom] iter 12: objective 2944 (total 131, best 135) UP  height 8192  [0 unevaluable]
   [headroom] iter 13: objective 2860 (total 135, best 135) UP  height 2054  [0 unevaluable]
   [headroom] iter 14: objective 2520 (total 131, best 135) DOWN (anneal 1/6)  height 257  [0 unevaluable]
   [headroom] iter 15: objective 2860 (total 135, best 135) UP  height 511  [0 unevaluable]
   [headroom] iter 16: objective 2520 (total 131, best 135) DOWN (anneal 1/6)  height 257  [0 unevaluable]
   [headroom] iter 17: objective 2860 (total 135, best 135) UP  height 4089  [0 unevaluable]
   [headroom] iter 18: objective 2520 (total 131, best 135) DOWN (anneal 1/6)  height 511  [0 unevaluable]
   [headroom] iter 19: objective 2604 (total 127, best 135) DOWN (anneal 2/6)  height 513  [0 unevaluable]
   [headroom] iter 20: objective 2944 (total 131, best 135) UP  height 256  [0 unevaluable]
   [headroom] iter 21: objective 2604 (total 127, best 135) DOWN (anneal 1/6)  height 509  [0 unevaluable]
   [headroom] iter 22: objective 2944 (total 131, best 135) UP  height 2042  [0 unevaluable]
   [headroom] iter 23: objective 2860 (total 135, best 135) UP  height 2043  [0 unevaluable]
   [headroom] iter 24: objective 2520 (total 131, best 135) DOWN (anneal 1/6)  height 128  [0 unevaluable]
   [headroom] iter 25: objective 2860 (total 135, best 135) UP  height 257  [0 unevaluable]
   -> HEADROOM-weighted            : best total 135  (depth-1 44)
