67 octahedral    60 tight labels  (n=3)
67 golden        72 tight labels  (n=3)
183 class 1     108 tight labels  (n=4)
183 class 2     108 tight labels  (n=4)
393             168 tight labels  (n=5)
727             216 tight labels  (n=6)

               67 octahedral  67 golden      183 class 1    183 class 2    393            727          
67 octahedral  60/60          60/60          48/60          48/60          36/60          36/60        
67 golden      60/72          72/72          60/72          60/72          36/72          36/72        
183 class 1    48/108         60/108         108/108        88/108         56/108         56/108       
183 class 2    48/108         60/108         88/108         108/108        48/108         48/108       
393            36/168         36/168         56/168         48/168         168/168        168/168      
727            36/216         36/216         56/216         48/216         168/216        216/216      
octahedral 60 labels, golden 72 labels
octahedral \ golden : 0   (must be 0 if containment holds)
golden EXTRA          : 12

extra by group size : {2: 12}
extra by frame      : {0: 4, 1: 4, 2: 4}
extra by cubes named: {(0, 1): 4, (0, 2): 4, (1, 2): 4}

the 12 extra labels:
   frame 0  group cube1 n1 -1 + cube1 n2 -1
   frame 0  group cube1 n1 +1 + cube1 n2 +1
   frame 0  group cube2 n1 -1 + cube2 n2 +1
   frame 0  group cube2 n1 +1 + cube2 n2 -1
   frame 1  group cube0 n1 -1 + cube0 n2 +1
   frame 1  group cube0 n1 +1 + cube0 n2 -1
   frame 1  group cube2 n1 -1 + cube2 n2 -1
   frame 1  group cube2 n1 +1 + cube2 n2 +1
   frame 2  group cube0 n1 -1 + cube0 n2 -1
   frame 2  group cube0 n1 +1 + cube0 n2 +1
   frame 2  group cube1 n1 -1 + cube1 n2 +1
   frame 2  group cube1 n1 +1 + cube1 n2 -1

octahedral by group size: {2: 60}
golden     by group size: {2: 72}
