727: 27 walls, rank 14 of 15 | Zaslavsky bound 77,509,464
   after  1 walls:         2 chambers  (0s)
   after  2 walls:         4 chambers  (0s)
   after  3 walls:         8 chambers  (0s)
   after  4 walls:        16 chambers  (0s)
   after  5 walls:        32 chambers  (0s)
   after  6 walls:        64 chambers  (0s)
   after  7 walls:       128 chambers  (0s)
   after  8 walls:       192 chambers  (0s)
   after  9 walls:       336 chambers  (0s)
   after 10 walls:       480 chambers  (0s)
   after 11 walls:       672 chambers  (1s)
   after 12 walls:     1,344 chambers  (2s)
   after 13 walls:     2,688 chambers  (3s)
   after 14 walls:     5,376 chambers  (7s)
   after 15 walls:    10,752 chambers  (16s)
   after 16 walls:    16,128 chambers  (41s)
   after 17 walls:    23,040 chambers  (89s)
   after 18 walls:    46,080 chambers  (160s)
   after 19 walls:    92,160 chambers  (357s)
