1932 configurations; pair pass 17.0s, full pass 23.9s (pairs cost 0.71x)

#13-pairs      n max count     mean best cfg count
0          1141      155    120.1
1           146      157    134.8
2             8      157    151.2
3           637      171    160.7

pair gain       n max count     mean
0             310      135    115.5
2             148      137    115.2
4              71      135    116.9
6             155      141    121.9
8             102      139    122.7
10            151      141    123.0
12             61      145    127.8
14            112      145    127.2
16             48      151    127.9
18             67      153    134.0
20             26      147    132.8
22             13      153    138.7
24             16      155    139.9
26              9      157    141.2
28              1      155    155.0
30            465      165    160.4
32            127      167    159.0
34              6      159    154.0
36             39      171    166.5
38              5      169    165.0

max pair gain observed: 38  (P237 cap at n=4 is 10*C(4,2) = 60)
max #13-pairs observed: 3  of 6
