two-body weight decomposed: deg4 = edge-edge coincidence (wt 1),
                            deg6 = corner contact      (wt 2)

case                total  per pair: (deg2, deg4, deg6) -> weight
record 183            183  (0,6,2)=10  (0,6,2)=10  (0,6,2)=10  (8,6,0)=6  (8,6,0)=6  (8,6,0)=6
edge-axis w10         155  (12,2,0)=2  (0,6,2)=10  (18,0,0)=0  (14,2,0)=2  (20,0,0)=0  (0,6,2)=10
(2,2,1)-axis w10      135  (14,2,0)=2  (0,10,0)=10  (14,0,0)=0  (18,0,0)=0  (16,0,0)=0  (20,0,0)=0
61.15 family          147  (18,0,0)=0  (8,6,0)=6  (0,10,0)=10  (20,0,0)=0  (18,0,0)=0  (20,0,0)=0
17.9deg outlier       149  (18,0,0)=0  (6,6,0)=6  (0,4,2)=8  (14,0,0)=0  (0,6,2)=10  (10,2,0)=2

weight 10 = how many simultaneous walls?  read off the deg4/deg6 columns:
that count is what a multiwall SOLVE must be asked for, per pair.
 V (deepest level graph)   W1 (tagged triples)     W0  agree
                      44                    44     84     OK   1,0,0,0;0,5,3,2;1,-4,-1,1;1,1,-1,-4
                      44                    36     40 *** NO ***   1,0,0,0;76,86,80,-95;113,-103,44,-53;98,-87,
                      44                    44     60     OK   1,0,0,0;-6,-9,-16,-20;27,28,-6,6;27,14,-12,5
                      44                    44     68     OK   1,0,0,0;-13,-6,24,16;18,6,-30,19;-15,12,23,-
                      44                    44     72     OK   1,0,0,0;-2,30,-21,-21;16,-10,-20,-14;11,14,9
                      44                    44     60     OK   1,0,0,0;-27,-23,20,7;-28,-3,25,-12;23,17,-17
                      44                    44     68     OK   1,0,0,0;16,-7,16,0;-22,5,12,-29;-23,-24,28,-
                      44                    44     64     OK   1,0,0,0;14,27,-19,-27;-13,-10,-16,9;-29,8,6,
                      44                    40     64 *** NO ***   1,0,0,0;-3,26,20,24;-27,-11,-5,-21;-24,12,-2
                      44                    40     48 *** NO ***   1,0,0,0;-29,12,12,1;25,-5,-16,-29;-25,-22,-2
                      44                    44     68     OK   1,0,0,0;30,16,-5,-3;4,17,-13,4;-29,26,-30,11
                      44                    44     56     OK   1,0,0,0;-1,-10,-19,-22;21,-26,15,-28;16,25,1
                      44                    40     52 *** NO ***   1,0,0,0;24,18,23,-24;12,15,-22,27;26,-4,11,1
                      44                    44     68     OK   1,0,0,0;17,-25,8,3;-4,8,24,-24;30,-15,-16,-3
                      44                    44     64     OK   1,0,0,0;-7,16,-1,13;16,-4,20,-2;-25,12,-13,4
                      44                    44     72     OK   1,0,0,0;-17,29,13,-15;-13,-6,27,15;-10,21,29

IDENTIFICATION FAILS on 4 -- oq32_form.py's restatement is VOID
  n  total     d1     W0     T   k  nonzero  C(n,2)  8n+40  weight histogram
  4    183     92     84    48   3        6       6     72  {10: 3, 6: 3}
  5    393    156    156    76   4       10      10     80  {10: 4, 6: 6}
  6    727    214    248    88   4       13      15     88  {10: 4, 6: 6, 4: 3, 0: 2}
  7   1217    278    360    96   3       15      21     96  {10: 3, 6: 9, 4: 3, 0: 6}
  8   1895    350    488   104   2       17      28    104  {10: 2, 6: 12, 4: 3, 0: 11}
  9   3869    494    744   120   2       20      36    112  {10: 2, 6: 15, 4: 2, 2: 1, 0: 16}
 10   5283    582    912   124   1       22      45    120  {10: 1, 6: 16, 4: 4, 2: 1, 0: 23}

T differences: [28, 12, 8, 8, 16, 4]
k sequence   : [3, 4, 4, 3, 2, 2, 1]
nonzero pairs: [6, 10, 13, 15, 17, 20, 22]  vs C(n,2) [6, 10, 15, 21, 28, 36, 45]

if T tracks 8n+40 and k <= 4, the two-body term is LINEAR and W0 governs d1.
