two-body weight decomposed: deg4 = edge-edge coincidence (wt 1),
                            deg6 = corner contact      (wt 2)

case                total  per pair: (deg2, deg4, deg6) -> weight
record 183            183  (0,6,2)=10  (0,6,2)=10  (0,6,2)=10  (8,6,0)=6  (8,6,0)=6  (8,6,0)=6
edge-axis w10         155  (12,2,0)=2  (0,6,2)=10  (18,0,0)=0  (14,2,0)=2  (20,0,0)=0  (0,6,2)=10
(2,2,1)-axis w10      135  (14,2,0)=2  (0,10,0)=10  (14,0,0)=0  (18,0,0)=0  (16,0,0)=0  (20,0,0)=0
61.15 family          147  (18,0,0)=0  (8,6,0)=6  (0,10,0)=10  (20,0,0)=0  (18,0,0)=0  (20,0,0)=0
17.9deg outlier       149  (18,0,0)=0  (6,6,0)=6  (0,4,2)=8  (14,0,0)=0  (0,6,2)=10  (10,2,0)=2

weight 10 = how many simultaneous walls?  read off the deg4/deg6 columns:
that count is what a multiwall SOLVE must be asked for, per pair.
solving for which seven of the n=8 record's eight cubes the n=9 record uses
  drop cube 0: 9 cubes -> 2707
  drop cube 1: 9 cubes -> 2703
  drop cube 2: 9 cubes -> 2713
  drop cube 3: 9 cubes -> 2727
  drop cube 4: 9 cubes -> 2707
  drop cube 5: 9 cubes -> 2715
  drop cube 6: 9 cubes -> 2727
  drop cube 7: 9 cubes -> 2787   <-- 2787, the record

n=10 check: 10 cubes -> 3921  (record 3925)

  n  total     d1     W0     T   k   nz  C(n,2)  8n+40  histogram
  9   2787    426    628   110   2   19      36    112  {10: 2, 6: 12, 4: 4, 2: 1, 0: 17}
 10   3921    506    772   118   1   21      45    120  {10: 1, 6: 15, 4: 4, 2: 1, 0: 24}

T = 8n+40 predicts 112 at n=9 and 120 at n=10.
