  total 723  sixth=(35, -35, 32, -35)
  total 723  sixth=(30, -113, 83, 0)
  total 723  sixth=(75, -83, -8, 0)
  total 723  sixth=(26, -25, 25, 6)
  total 723  sixth=(15, -15, -98, -15)
  total 723  sixth=(5, -118, -5, -5)
  total 725  sixth=(19, -5, -21, -16)
  total 723  sixth=(17, 0, 11, -7)
  total 725  sixth=(19, -2, -16, -14)
  total 723  sixth=(25, -1, -26, 0)
  total 723  sixth=(25, -1, 26, 0)
  total 723  sixth=(25, 28, -25, -25)
  total 723  sixth=(10, 9, -10, -10)
  total 723  sixth=(7, -7, -13, 7)
  total 725  sixth=(20, -24, 105, 30)
  total 723  sixth=(20, -69, 49, 0)
  total 723  sixth=(5, 6, 5, 5)
  total 723  sixth=(105, -105, -79, -105)
  total 723  sixth=(15, -15, -16, -15)
  total 723  sixth=(15, -15, 28, -15)
  total 723  sixth=(168, -179, -11, 0)
  total 723  sixth=(5, -5, -4, 5)
  total 723  sixth=(3, -11, -8, 0)
  total 723  sixth=(25, -91, 66, 0)
  total 723  sixth=(5, 12, 7, 0)
  total 723  sixth=(4, 13, -4, 4)
  total 723  sixth=(45, 47, 2, 0)
  total 723  sixth=(21, -21, 26, -21)
