  total 723  sixth=(27, -395, -368, 0)
  total 725  sixth=(57, -57, -109, 0)
  total 725  sixth=(175, -356, -6, -175)
  total 723  sixth=(1, 127, -1, -1)
  total 723  sixth=(1, -6, -1, -1)
  total 723  sixth=(57, -57, -49, -57)
  total 723  sixth=(9, -118, -109, 0)
  total 725  sixth=(15, -316, -124, -195)
  total 723  sixth=(10, 11, -1, 0)
  total 725  sixth=(44, -44, -85, 0)
  total 723  sixth=(5, 2, 7, 0)
  total 723  sixth=(1, 95, 1, 1)
  total 723  sixth=(20, 203, 223, 0)
  total 725  sixth=(30, 29, 89, -30)
  total 723  sixth=(9, -130, -121, 0)
  total 725  sixth=(210, -111, 59, -10)
  total 725  sixth=(42, 31, 65, -2)
  total 725  sixth=(6, -95, 175, 66)
  total 723  sixth=(93, -93, -83, 93)
  total 723  sixth=(15, -15, -14, 15)
  total 723  sixth=(11, -11, -9, 11)
  total 723  sixth=(93, -93, 107, -93)
  total 723  sixth=(19, 19, -17, 19)
  total 723  sixth=(38, 95, 61, 0)
  total 723  sixth=(9, -119, -110, 0)
  total 723  sixth=(25, -81, -56, 0)
  total 723  sixth=(9, -100, -91, 0)
  total 723  sixth=(57, -57, 61, 57)
  total 723  sixth=(95, -95, 89, 95)
  total 723  sixth=(95, -95, 81, 95)
  total 723  sixth=(57, -57, -73, 57)
  total 723  sixth=(19, -19, 17, 19)
  total 723  sixth=(76, -76, 71, 76)
  total 723  sixth=(19, -19, 15, 19)
  total 723  sixth=(125, -13, 112, 0)
  total 723  sixth=(2, -21, 19, 0)
  total 723  sixth=(75, -238, -163, 0)
  total 723  sixth=(19, 51, 31, 1)
  total 723  sixth=(9, -1, 8, 0)
[shard 1] triple (0, 1, 2) wall 2/12 | 20736 systems, 4093 distinct candidates, best (725, (57, -57, -109, 0)) | 0.53 h
  total 725  sixth=(186, -25, -475, -294)
  total 723  sixth=(3, -187, 3, -3)
  total 723  sixth=(5, -5, -81, 5)
  total 723  sixth=(55, -55, 21, 55)
  total 723  sixth=(18, 7, -25, 0)
  total 725  sixth=(66, 395, -475, -234)
  total 723  sixth=(1, -41, -1, 1)
  total 723  sixth=(18, -55, 37, 0)
  total 723  sixth=(8, 3, -11, 0)
  total 725  sixth=(36, -475, 214, -345)
  total 725  sixth=(90, 189, -65, -86)
  total 725  sixth=(255, -16, -146, 465)
  total 723  sixth=(3, -193, -3, -3)
[shard 1] triple (0, 1, 2) wall 5/12 | 41472 systems, 8091 distinct candidates, best (725, (57, -57, -109, 0)) | 1.15 h
  total 723  sixth=(10, -103, 113, 0)
  total 723  sixth=(133, 141, -133, 133)
  total 723  sixth=(133, 381, -133, 133)
  total 723  sixth=(3, -13, -13, -13)
  total 723  sixth=(3, 3, 89, 3)
  total 723  sixth=(33, -37, 33, 33)
  total 723  sixth=(11, 13, 11, 11)
  total 723  sixth=(19, 21, 19, 19)
  total 723  sixth=(31, -181, 31, 31)
  total 723  sixth=(6, 7, 6, 6)
  total 723  sixth=(42, 1, -42, 42)
  total 725  sixth=(16, 47, -15, 16)
  total 723  sixth=(62, 119, 62, 62)
  total 723  sixth=(62, -67, 62, 62)
  total 723  sixth=(62, -77, 62, 62)
  total 723  sixth=(133, -167, -133, -133)
  total 723  sixth=(21, -31, -21, 21)
  total 723  sixth=(133, -139, -133, 133)
  total 723  sixth=(133, -167, 133, 133)
  total 723  sixth=(93, -97, 93, 93)
  total 723  sixth=(1, -18, 17, 0)
  total 723  sixth=(31, 33, 31, 31)
  total 723  sixth=(31, -29, 31, 31)
  total 723  sixth=(3, -3, -17, -3)
  total 723  sixth=(10, 181, 10, 10)
  total 723  sixth=(10, 169, 10, 10)
  total 723  sixth=(19, 34, 19, 19)
  total 723  sixth=(399, 353, -399, 399)
  total 723  sixth=(19, -119, 19, 19)
  total 723  sixth=(33, 29, 33, 33)
[shard 1] triple (0, 1, 2) wall 8/12 | 62208 systems, 11371 distinct candidates, best (725, (57, -57, -109, 0)) | 1.65 h
  total 723  sixth=(10, 37, -27, 0)
  total 725  sixth=(435, -364, -76, -375)
  total 723  sixth=(30, 113, -83, 0)
  total 723  sixth=(31, 31, -26, 31)
  total 723  sixth=(105, -1, 106, 0)
  total 723  sixth=(18, -143, -125, 0)
  total 723  sixth=(95, 47, -1, 65)
  total 723  sixth=(35, 2, -37, 0)
  total 725  sixth=(15, -184, 76, -105)
  total 723  sixth=(5, -9, 5, -5)
  total 723  sixth=(105, -1, -104, 0)
  total 723  sixth=(75, -74, -1, 0)
  total 723  sixth=(55, 59, 55, 55)
  total 723  sixth=(31, -55, -31, 31)
  total 723  sixth=(6, -47, -53, 0)
  total 723  sixth=(5, -119, -5, -5)
  total 723  sixth=(11, -19, 94, 31)
  total 723  sixth=(55, 23, 1, 35)
[shard 1] triple (0, 1, 2) wall 11/12 | 82944 systems, 15089 distinct candidates, best (725, (57, -57, -109, 0)) | 2.24 h
  total 723  sixth=(9, -16, -11, -1)
  total 725  sixth=(15, 21, -19, 75)
  total 723  sixth=(21, -38, 21, -21)
  total 723  sixth=(57, 3, 151, 93)
  total 725  sixth=(95, -95, -182, 0)
  total 725  sixth=(13, -54, 87, 32)
  total 723  sixth=(12, -18, 2, -27)
  total 723  sixth=(15, 7, 15, -15)
  total 725  sixth=(30, -16, 45, 5)
  total 727  sixth=(5, -37, 59, -85)
  total 723  sixth=(30, -4, 27, 35)
  total 725  sixth=(5, -61, 95, -145)
  total 727  sixth=(4, 6, -7, 21)
  total 723  sixth=(65, 136, 71, 0)
  total 723  sixth=(45, -47, -42, -10)
  total 723  sixth=(35, -33, -7, -30)
  total 723  sixth=(26, 16, 46, 1)
  total 723  sixth=(19, 19, -43, -19)
  total 725  sixth=(84, 137, 5, -54)
  total 723  sixth=(1, 41, 1, -1)
  total 723  sixth=(57, 57, -167, -57)
  total 723  sixth=(33, 33, -23, -33)
  total 723  sixth=(19, 19, -24, -19)
  total 723  sixth=(9, 45, 14, -10)
  total 723  sixth=(65, 46, -19, 0)
  total 723  sixth=(55, 54, 55, 55)
  total 723  sixth=(5, -228, 5, 5)
  total 723  sixth=(57, 57, 44, -57)
  total 723  sixth=(57, -38, -89, 0)
  total 723  sixth=(57, -57, 61, -57)
  total 723  sixth=(65, 41, -24, 0)
  total 723  sixth=(27, 53, 26, 0)
  total 723  sixth=(45, 101, 56, 0)
  total 723  sixth=(19, -19, -17, 19)
  total 723  sixth=(19, -19, -17, -19)
  total 723  sixth=(5, -199, -5, 5)
  total 723  sixth=(11, 11, -31, -11)
  total 725  sixth=(39, -79, -1, -39)
[shard 1] triple (0, 1, 3) wall 2/12 | 103680 systems, 19128 distinct candidates, best (727, (5, -37, 59, -85)) | 2.64 h
  total 723  sixth=(3, 0, 7, 4)
  total 723  sixth=(35, 35, 31, 35)
  total 723  sixth=(1, -37, 1, -1)
  total 723  sixth=(30, -27, 30, -67)
  total 727  sixth=(9, 77, -27, -47)
  total 723  sixth=(9, -8, -9, 9)
  total 723  sixth=(11, 5, -11, 11)
  total 723  sixth=(3, -47, -3, 3)
  total 725  sixth=(9, -280, 118, -183)
  total 723  sixth=(1, -39, -1, -1)
[shard 1] triple (0, 1, 3) wall 5/12 | 124416 systems, 23961 distinct candidates, best (727, (5, -37, 59, -85)) | 3.09 h
  total 723  sixth=(77, 69, -77, 77)
  total 723  sixth=(6, 59, 53, 0)
  total 725  sixth=(30, -59, 0, -30)
  total 723  sixth=(95, 167, 95, 95)
  total 725  sixth=(102, -59, 185, -6)
  total 725  sixth=(186, -295, 25, 114)
  total 725  sixth=(18, -9, 35, -2)
  total 723  sixth=(11, -69, 11, 11)
  total 723  sixth=(11, 9, 11, 11)
  total 723  sixth=(11, -5, 11, 11)
  total 723  sixth=(77, -85, -77, 77)
  total 723  sixth=(399, -331, -399, 399)
  total 723  sixth=(31, 25, 31, 31)
  total 723  sixth=(30, -1, 31, 0)
  total 723  sixth=(12, 13, 1, 0)
  total 723  sixth=(3, -16, 3, 3)
  total 723  sixth=(2, -13, 2, 2)
  total 723  sixth=(231, 235, -231, 231)
  total 723  sixth=(33, 59, 33, 33)
  total 725  sixth=(33, -64, 0, -33)
  total 723  sixth=(55, -26, 55, 55)
  total 725  sixth=(27, -37, -123, -33)
  total 723  sixth=(165, -59, 165, 165)
[shard 1] triple (0, 1, 3) wall 8/12 | 145152 systems, 27686 distinct candidates, best (727, (5, -37, 59, -85)) | 3.55 h
  total 725  sixth=(310, 27, -231, -142)
  total 723  sixth=(1, 1, -56, 1)
  total 725  sixth=(60, -391, 166, -213)
  total 723  sixth=(11, 11, 13, 11)
  total 723  sixth=(6, -73, -67, 0)
  total 723  sixth=(5, 61, -5, 5)
  total 723  sixth=(10, -11, -10, 10)
  total 723  sixth=(55, -127, -55, 55)
  total 723  sixth=(10, 9, 10, 10)
  total 723  sixth=(10, 59, 49, 0)
  total 723  sixth=(10, -81, -91, 0)
  total 723  sixth=(19, 19, 21, -19)
  total 723  sixth=(11, 11, 35, -11)
  total 723  sixth=(55, 59, -55, -55)
  total 723  sixth=(95, 239, 149, -1)
[shard 1] triple (0, 1, 3) wall 11/12 | 165888 systems, 32287 distinct candidates, best (727, (5, -37, 59, -85)) | 4.05 h
  total 723  sixth=(18, -149, -131, 0)
  total 723  sixth=(30, -30, -23, -30)
  total 723  sixth=(25, -22, 25, -25)
  total 723  sixth=(19, 1, 51, 31)
  total 723  sixth=(15, -28, 15, -15)
  total 723  sixth=(15, 16, 15, -15)
  total 723  sixth=(10, -10, 11, -10)
  total 723  sixth=(7, 7, -19, -7)
  total 723  sixth=(2, 0, -21, 23)
  total 723  sixth=(5, -5, -26, -5)
  total 723  sixth=(4, -4, -23, -4)
  total 723  sixth=(7, -7, -36, -7)
  total 723  sixth=(21, -21, 16, -21)
  total 723  sixth=(75, -277, -202, 0)
  total 723  sixth=(18, -61, -43, 0)
  total 723  sixth=(5, -5, 154, -5)
  total 723  sixth=(1, 1, 6, -1)
  total 723  sixth=(5, 19, -14, 0)
  total 723  sixth=(5, -19, -14, 0)
  total 723  sixth=(7, 7, -17, -7)
  total 723  sixth=(8, -8, -7, -8)
  total 723  sixth=(9, -34, -25, 0)
  total 725  sixth=(20, 30, -24, 105)
  total 723  sixth=(2, 2, -27, -2)
  total 723  sixth=(15, -16, -31, 0)
  total 723  sixth=(20, -20, -111, -20)
  total 723  sixth=(21, -21, -19, 21)
  total 723  sixth=(5, -5, -4, -5)
  total 723  sixth=(25, 103, -25, 25)
  total 723  sixth=(8, -8, -45, -8)
  total 723  sixth=(5, -5, -31, -5)
  total 723  sixth=(21, 21, -61, -21)
  total 723  sixth=(3, 3, -8, -3)
  total 723  sixth=(75, -247, -172, 0)
[shard 1] triple (0, 1, 4) wall 2/12 | 186624 systems, 38186 distinct candidates, best (727, (5, -37, 59, -85)) | 4.43 h
  total 723  sixth=(15, 41, 25, -1)
  total 725  sixth=(3, -12, -16, -35)
  total 723  sixth=(21, 0, 20, 1)
  total 723  sixth=(6, -7, 7, 28)
  total 723  sixth=(9, 11, -9, 9)
  total 723  sixth=(9, 1, 0, -10)
  total 723  sixth=(1, 13, 12, 0)
  total 723  sixth=(15, 16, 1, 0)
  total 725  sixth=(42, 67, 5, -26)
  total 723  sixth=(9, 0, 34, -25)
  total 723  sixth=(9, 22, 0, -31)
[shard 1] triple (0, 1, 4) wall 5/12 | 207360 systems, 42436 distinct candidates, best (727, (5, -37, 59, -85)) | 4.76 h
  total 723  sixth=(20, -19, 20, 20)
  total 723  sixth=(8, -9, 8, 8)
  total 723  sixth=(4, -3, 4, 4)
  total 723  sixth=(5, -84, 5, 5)
  total 723  sixth=(4, 4, -23, 4)
  total 723  sixth=(7, 7, -36, 7)
  total 723  sixth=(25, -138, 25, 25)
  total 723  sixth=(4, -39, -35, 0)
  total 723  sixth=(1, 1, 19, -1)
  total 723  sixth=(3, 3, 47, 3)
  total 723  sixth=(70, 113, 0, 175)
  total 723  sixth=(35, 39, 35, 35)
  total 723  sixth=(15, 28, 15, 15)
  total 723  sixth=(6, 5, 6, 6)
  total 723  sixth=(25, 22, 25, 25)
  total 723  sixth=(25, -84, -31, -15)
  total 723  sixth=(55, 71, 155, 95)
  total 723  sixth=(3, -58, 3, 3)
  total 723  sixth=(15, -98, 15, 15)
  total 723  sixth=(12, -61, 12, 12)
  total 723  sixth=(147, -131, -147, 147)
  total 723  sixth=(75, 61, 75, 75)
  total 723  sixth=(25, 36, 0, -11)
  total 723  sixth=(1, 18, 17, 0)
  total 723  sixth=(3, -25, 22, 0)
  total 723  sixth=(5, -27, 5, 5)
  total 725  sixth=(25, -49, 0, -25)
  total 723  sixth=(25, -24, 25, 25)
  total 723  sixth=(7, -8, 7, 7)
  total 723  sixth=(35, 37, 35, 35)
  total 723  sixth=(35, -33, 35, 35)
  total 725  sixth=(31, 32, 0, -31)
  total 723  sixth=(28, 23, 28, 28)
  total 725  sixth=(22, -63, 12, 18)
  total 723  sixth=(147, -131, 147, 147)
  total 723  sixth=(75, -82, 75, 75)
  total 723  sixth=(30, -7, -15, 12)
  total 723  sixth=(25, 24, 25, 25)
  total 723  sixth=(2, -11, 2, 2)
  total 723  sixth=(1, 16, 1, 1)
  total 725  sixth=(31, 29, -34, 5)
  total 723  sixth=(51, 55, -49, 11)
[shard 1] triple (0, 1, 4) wall 8/12 | 228096 systems, 49279 distinct candidates, best (727, (5, -37, 59, -85)) | 5.16 h
  total 725  sixth=(25, 31, 29, 65)
  total 723  sixth=(35, -39, 35, -35)
  total 723  sixth=(35, 18, -17, 0)
  total 723  sixth=(15, -14, 15, -15)
  total 723  sixth=(15, -14, 1, 0)
  total 723  sixth=(15, -14, 0, -1)
  total 725  sixth=(15, -94, 40, -51)
  total 723  sixth=(75, -78, 78, -175)
  total 725  sixth=(50, 3, -25, -12)
  total 723  sixth=(8, 9, 1, 0)
  total 723  sixth=(5, 27, 22, 0)
  total 723  sixth=(25, -47, 23, -19)
  total 723  sixth=(25, -36, 0, 11)
[shard 1] triple (0, 1, 4) wall 11/12 | 248832 systems, 53234 distinct candidates, best (727, (5, -37, 59, -85)) | 5.65 h
  total 723  sixth=(5, -10, 27, 8)
  total 723  sixth=(46, -28, -76, -1)
  total 723  sixth=(2, 2, 19, -2)
  total 725  sixth=(25, -23, -7, -20)
  total 727  sixth=(13, 21, -16, 72)
  total 725  sixth=(25, 33, -28, 120)
  total 723  sixth=(9, -17, 48, 14)
  total 723  sixth=(76, -76, -79, 76)
  total 725  sixth=(32, -54, -13, -87)
  total 723  sixth=(28, -42, 3, -63)
  total 723  sixth=(42, 45, 47, -10)
  total 723  sixth=(15, -17, -72, -20)
  total 727  sixth=(4, -7, 21, 6)
  total 723  sixth=(9, -28, 19, 0)
  total 723  sixth=(75, -227, 152, 0)
  total 723  sixth=(25, -253, 228, 0)
  total 723  sixth=(19, -19, -16, 19)
  total 723  sixth=(1, 37, -1, 1)
  total 723  sixth=(19, 73, -19, 19)
  total 723  sixth=(1, 1, 14, -1)
  total 723  sixth=(9, -88, -79, 0)
  total 723  sixth=(27, -262, -235, 0)
  total 723  sixth=(18, -197, -179, 0)
  total 723  sixth=(40, 17, -57, 0)
  total 723  sixth=(20, -191, 171, 0)
  total 723  sixth=(55, -55, -51, -55)
  total 723  sixth=(12, 12, 133, -12)
  total 723  sixth=(57, 57, 203, -57)
  total 723  sixth=(57, -57, -59, 57)
  total 723  sixth=(15, 37, 22, 0)
  total 723  sixth=(4, 4, 45, -4)
  total 723  sixth=(11, 11, -13, -11)
  total 723  sixth=(22, 22, 23, -22)
  total 723  sixth=(22, 22, 93, -22)
  total 723  sixth=(33, 33, 136, -33)
  total 723  sixth=(11, 11, 50, -11)
  total 723  sixth=(33, 33, 101, -33)
  total 723  sixth=(93, -93, -43, -93)
  total 723  sixth=(93, -93, 185, -93)
  total 723  sixth=(93, -93, 173, -93)
  total 723  sixth=(93, -93, 101, -93)
  total 723  sixth=(11, -11, 20, -11)
  total 723  sixth=(95, -95, -99, 95)
  total 723  sixth=(30, 17, -13, 0)
  total 723  sixth=(65, 157, 92, 0)
  total 723  sixth=(65, 62, -3, 0)
[shard 1] triple (0, 2, 3) wall 2/12 | 269568 systems, 57827 distinct candidates, best (727, (5, -37, 59, -85)) | 6.19 h
  total 723  sixth=(1, -23, -1, -1)
  total 725  sixth=(63, -10, 46, -111)
  total 725  sixth=(45, 48, 140, -47)
  total 723  sixth=(27, -28, 28, -63)
  total 725  sixth=(99, 190, -10, -51)
  total 723  sixth=(21, -25, -21, 21)
  total 725  sixth=(75, 78, 230, -77)
[shard 1] triple (0, 2, 3) wall 5/12 | 290304 systems, 62433 distinct candidates, best (727, (5, -37, 59, -85)) | 6.67 h
  total 723  sixth=(19, 37, 19, 19)
  total 723  sixth=(1, -1, 25, 1)
  total 723  sixth=(399, 251, -399, 399)
  total 723  sixth=(10, -87, -77, 0)
  total 723  sixth=(12, 12, -29, -12)
  total 723  sixth=(1, 1, -45, -1)
  total 723  sixth=(15, -1, -14, 0)
  total 723  sixth=(33, -31, 33, 33)
  total 723  sixth=(57, -317, 57, 57)
  total 723  sixth=(19, -107, 19, 19)
  total 723  sixth=(5, 6, 23, -6)
  total 723  sixth=(8, -59, -67, 0)
  total 723  sixth=(33, 34, 0, -33)
  total 723  sixth=(33, 35, 33, 33)
[shard 1] triple (0, 2, 3) wall 8/12 | 311040 systems, 65313 distinct candidates, best (727, (5, -37, 59, -85)) | 7.08 h
  total 723  sixth=(5, 89, 35, -55)
  total 723  sixth=(35, 31, -35, -35)
  total 723  sixth=(9, -79, -70, 0)
  total 723  sixth=(15, -26, -15, 15)
  total 723  sixth=(95, -167, -95, 95)
  total 725  sixth=(25, -24, 24, 0)
  total 725  sixth=(25, -114, -186, -295)
  total 723  sixth=(30, -29, 29, 6)
  total 725  sixth=(125, -122, 122, 0)
[shard 1] triple (0, 2, 3) wall 11/12 | 331776 systems, 69745 distinct candidates, best (727, (5, -37, 59, -85)) | 7.66 h
  total 723  sixth=(35, -35, 32, -35)
  total 723  sixth=(30, -113, 83, 0)
  total 723  sixth=(75, -83, -8, 0)
  total 723  sixth=(5, -118, -5, -5)
  total 725  sixth=(19, -5, -21, -16)
  total 723  sixth=(17, 0, 11, -7)
  total 725  sixth=(19, -2, -16, -14)
  total 723  sixth=(25, -1, -26, 0)
  total 723  sixth=(25, -1, 26, 0)
  total 723  sixth=(25, 28, -25, -25)
  total 723  sixth=(10, 9, -10, -10)
  total 723  sixth=(7, -7, -13, 7)
  total 725  sixth=(20, -24, 105, 30)
  total 723  sixth=(20, -69, 49, 0)
  total 723  sixth=(5, 6, 5, 5)
  total 723  sixth=(105, -105, -79, -105)
  total 723  sixth=(15, -15, -16, -15)
  total 723  sixth=(168, -179, -11, 0)
  total 723  sixth=(5, -5, -4, 5)
  total 723  sixth=(25, -91, 66, 0)
  total 723  sixth=(4, 13, -4, 4)
  total 723  sixth=(45, 47, 2, 0)
  total 723  sixth=(21, -21, 26, -21)
  total 723  sixth=(30, -30, -13, -30)
  total 723  sixth=(6, -6, 91, -6)
  total 723  sixth=(80, -279, -199, 0)
  total 723  sixth=(31, -35, 0, -4)
  total 723  sixth=(49, -49, -59, -49)
  total 723  sixth=(75, -52, 23, 0)
  total 723  sixth=(5, -5, -116, -5)
  total 723  sixth=(35, -35, -27, 35)
  total 723  sixth=(50, -173, -123, 0)
  total 723  sixth=(7, -7, -9, 7)
  total 723  sixth=(35, -35, -67, 35)
  total 723  sixth=(24, 1, 25, 0)
  total 723  sixth=(28, -28, -53, 28)
  total 723  sixth=(6, -49, -43, 0)
  total 723  sixth=(30, -101, -71, 0)
  total 723  sixth=(75, 197, 122, 0)
  total 723  sixth=(3, 3, -19, 3)
  total 723  sixth=(5, -5, 4, 5)
  total 723  sixth=(2, 2, 13, -2)
  total 723  sixth=(63, -191, -128, 0)
  total 723  sixth=(1, 5, 0, 6)
[shard 1] triple (0, 2, 4) wall 2/12 | 352512 systems, 75711 distinct candidates, best (727, (5, -37, 59, -85)) | 8.17 h
  total 723  sixth=(15, 11, 12, -12)
  total 725  sixth=(30, 31, 92, -31)
  total 723  sixth=(3, -26, 0, 29)
  total 725  sixth=(15, 16, 47, -16)
  total 723  sixth=(9, -13, 0, 4)
  total 723  sixth=(9, 59, 9, -9)
  total 723  sixth=(1, -1, 1, 20)
  total 723  sixth=(21, 2, 23, 0)
  total 723  sixth=(15, 0, 46, -31)
  total 723  sixth=(9, 34, 25, 0)
[shard 1] triple (0, 2, 4) wall 5/12 | 373248 systems, 79803 distinct candidates, best (727, (5, -37, 59, -85)) | 8.47 h
  total 725  sixth=(39, -106, 19, 31)
  total 725  sixth=(25, -75, 15, 21)
  total 723  sixth=(25, 28, 25, 25)
  total 725  sixth=(20, -24, -105, -30)
  total 723  sixth=(5, -18, 13, 0)
  total 723  sixth=(5, -76, 5, 5)
  total 723  sixth=(21, 109, 21, -21)
  total 723  sixth=(21, 25, -21, 21)
  total 723  sixth=(30, 37, 30, 30)
  total 723  sixth=(75, 142, 75, 75)
  total 723  sixth=(25, -29, 25, 25)
  total 723  sixth=(10, -11, 10, 10)
  total 723  sixth=(5, 4, 5, 5)
  total 723  sixth=(105, -1, -105, 105)
  total 723  sixth=(15, -82, 15, 15)
  total 723  sixth=(7, -40, 7, 7)
  total 723  sixth=(5, -32, 5, 5)
  total 723  sixth=(12, -65, 12, 12)
[shard 1] triple (0, 2, 4) wall 8/12 | 393984 systems, 85842 distinct candidates, best (727, (5, -37, 59, -85)) | 8.81 h
  total 723  sixth=(10, 23, 13, 0)
  total 723  sixth=(35, -35, -32, 35)
  total 723  sixth=(5, -5, 104, 5)
  total 723  sixth=(15, -24, 0, -10)
  total 725  sixth=(30, -13, 10, 3)
  total 723  sixth=(25, 0, 26, -1)
  total 723  sixth=(10, 0, -1, 11)
[shard 1] triple (0, 2, 4) wall 11/12 | 414720 systems, 89612 distinct candidates, best (727, (5, -37, 59, -85)) | 9.06 h
[shard 1] time budget reached
