  total 723  sixth=(31, 33, 31, 31)
  total 723  sixth=(31, -26, 31, 31)
  total 723  sixth=(62, -79, 62, -62)
  total 723  sixth=(31, 31, -157, 31)
  total 723  sixth=(5, -257, 5, 5)
  total 723  sixth=(2, -113, 2, -2)
  total 723  sixth=(5, -267, 5, 5)
  total 723  sixth=(2, -43, 2, -2)
  total 723  sixth=(2, -47, 2, -2)
  total 723  sixth=(5, -77, 5, 5)
  total 723  sixth=(38, 33, -38, 38)
  total 723  sixth=(10, -59, 10, 10)
  total 723  sixth=(217, -163, 217, 217)
  total 725  sixth=(35, 104, -34, 35)
  total 725  sixth=(25, -74, -24, 25)
  total 723  sixth=(6, -1, -1, -1)
  total 725  sixth=(25, -114, 156, -275)
  total 723  sixth=(57, -73, 57, 57)
  total 723  sixth=(1, 153, 1, 1)
  total 723  sixth=(1, 167, 1, 1)
  total 723  sixth=(31, 31, -67, -31)
  total 725  sixth=(57, -109, 0, -57)
  total 723  sixth=(38, -27, -38, 38)
  total 723  sixth=(38, 37, -38, 38)
  total 723  sixth=(1, -56, 1, 1)
  total 723  sixth=(3, 121, 3, 3)
  total 723  sixth=(1, 39, 1, 1)
  total 723  sixth=(5, 9, 5, 5)
  total 723  sixth=(399, -331, 399, 399)
  total 723  sixth=(25, -25, 131, 25)
  total 723  sixth=(5, -5, -331, 5)
  total 723  sixth=(2, -113, -2, 2)
  total 723  sixth=(1, -21, 1, 1)
  total 723  sixth=(2, -43, -2, 2)
  total 723  sixth=(1, -23, 1, 1)
  total 723  sixth=(2, -47, -2, 2)
  total 723  sixth=(1, -1, 80, -1)
  total 723  sixth=(95, 87, 95, 95)
  total 723  sixth=(19, -101, 19, 19)
  total 723  sixth=(15, 16, 15, 15)
  total 723  sixth=(25, 26, 25, 25)
  total 723  sixth=(57, 47, 57, 57)
  total 723  sixth=(22, 22, -39, -22)
  total 723  sixth=(38, 159, -38, 38)
  total 723  sixth=(31, -181, 31, 31)
  total 723  sixth=(31, -157, 31, 31)
  total 723  sixth=(31, -159, 31, 31)
  total 723  sixth=(3, 83, 3, 3)
  total 723  sixth=(3, 203, 3, 3)
  total 723  sixth=(3, 89, 3, 3)
  total 723  sixth=(3, 155, 3, 3)
  total 723  sixth=(95, 167, 95, 95)
  total 723  sixth=(19, 24, 19, 19)
  total 723  sixth=(62, -83, -62, 62)
  total 723  sixth=(31, -24, 31, 31)
  total 723  sixth=(62, -79, -62, 62)
  total 723  sixth=(7, 121, 7, 7)
  total 723  sixth=(21, 391, 21, 21)
[shard 0] triple (0, 1, 2) wall 1/12 | 20736 systems, 3950 distinct candidates, best (725, (35, 104, -34, 35)) | 0.53 h
  total 723  sixth=(4, 113, -109, 0)
  total 723  sixth=(4, 125, -121, 0)
  total 723  sixth=(10, 329, -319, 0)
  total 723  sixth=(75, -67, 8, 0)
  total 723  sixth=(11, 68, 11, -11)
  total 723  sixth=(9, 9, -10, 9)
  total 723  sixth=(1, 1, 39, 1)
  total 723  sixth=(4, 23, 4, -4)
  total 725  sixth=(130, 309, -171, -40)
  total 723  sixth=(1, 14, -13, 0)
  total 723  sixth=(10, 151, -141, 0)
  total 725  sixth=(42, -95, -67, 6)
  total 727  sixth=(17, -25, -1, 11)
  total 723  sixth=(10, 139, -129, 0)
  total 723  sixth=(42, 80, -15, 137)
  total 725  sixth=(90, -86, 189, -65)
  total 725  sixth=(10, -129, -171, -260)
  total 725  sixth=(76, 15, -215, 104)
  total 725  sixth=(6, 295, -133, 186)
  total 725  sixth=(40, -66, -9, 85)
  total 723  sixth=(1, 12, -13, 0)
  total 723  sixth=(1, 94, 1, 1)
  total 723  sixth=(10, 151, -161, 0)
  total 723  sixth=(2, 15, -17, 0)
  total 723  sixth=(45, 113, 68, 0)
  total 725  sixth=(30, -79, 51, 10)
  total 725  sixth=(44, -57, -15, 104)
  total 723  sixth=(10, 9, -10, -10)
  total 725  sixth=(18, -55, 23, 6)
  total 723  sixth=(10, 131, -141, 0)
  total 723  sixth=(5, 37, -42, 0)
[shard 0] triple (0, 1, 2) wall 4/12 | 41472 systems, 8132 distinct candidates, best (727, (17, -25, -1, 11)) | 1.16 h
  total 723  sixth=(155, 469, -155, 155)
  total 723  sixth=(7, -7, -193, 7)
  total 723  sixth=(21, 21, 391, 21)
  total 723  sixth=(33, 33, -37, 33)
  total 723  sixth=(6, 6, -5, 6)
  total 723  sixth=(31, 31, -29, 31)
  total 723  sixth=(32, 13, -45, 0)
  total 723  sixth=(5, -71, 66, 0)
  total 723  sixth=(14, -43, 29, 0)
  total 723  sixth=(7, 7, -199, 7)
  total 723  sixth=(93, -75, 187, -45)
  total 723  sixth=(3, 197, -3, -3)
  total 723  sixth=(15, 16, -15, -15)
  total 723  sixth=(5, 5, 5, 9)
  total 723  sixth=(105, -105, 88, 105)
  total 723  sixth=(21, -21, 409, 21)
[shard 0] triple (0, 1, 2) wall 7/12 | 62208 systems, 9369 distinct candidates, best (727, (17, -25, -1, 11)) | 1.61 h
  total 723  sixth=(5, 5, 123, 5)
  total 723  sixth=(19, -353, -19, 19)
  total 723  sixth=(38, 73, 38, 38)
  total 723  sixth=(5, -121, 5, -5)
  total 723  sixth=(5, -191, 5, 5)
  total 723  sixth=(5, -231, 5, -5)
  total 723  sixth=(5, -241, 5, -5)
  total 723  sixth=(19, -8, 19, 19)
  total 723  sixth=(1, 1, 15, -1)
  total 723  sixth=(95, -81, 95, 95)
  total 723  sixth=(2, 59, 2, 2)
  total 723  sixth=(2, -61, 2, 2)
  total 723  sixth=(2, 49, 2, 2)
  total 723  sixth=(5, 5, 9, 5)
  total 723  sixth=(9, -10, 9, 9)
  total 723  sixth=(1, -59, 1, 1)
  total 723  sixth=(19, -329, -19, 19)
  total 723  sixth=(19, 16, 19, 19)
  total 723  sixth=(19, -17, 19, 19)
  total 723  sixth=(38, 61, 0, 95)
  total 723  sixth=(7, -199, 7, 7)
  total 723  sixth=(55, -55, -331, -55)
  total 723  sixth=(57, -319, 57, 57)
  total 723  sixth=(1, -1, 25, 1)
  total 723  sixth=(5, 123, 5, 5)
  total 723  sixth=(5, 233, 5, 5)
  total 723  sixth=(155, 155, -381, -155)
  total 723  sixth=(11, -179, 11, 11)
  total 723  sixth=(5, -121, -5, 5)
  total 723  sixth=(5, -181, 5, 5)
  total 723  sixth=(5, -231, -5, 5)
  total 723  sixth=(5, -241, -5, 5)
  total 725  sixth=(57, -110, 0, -57)
[shard 0] triple (0, 1, 2) wall 10/12 | 82944 systems, 12920 distinct candidates, best (727, (17, -25, -1, 11)) | 2.21 h
  total 723  sixth=(7, 25, 10, 12)
  total 725  sixth=(3, -18, -28, -47)
  total 723  sixth=(27, -26, 27, 27)
  total 723  sixth=(31, -27, 31, 31)
  total 723  sixth=(27, 30, 122, -29)
  total 723  sixth=(31, -13, 31, 31)
  total 723  sixth=(27, 2, 18, 12)
  total 725  sixth=(87, 32, -13, 54)
  total 723  sixth=(5, 5, -371, 5)
  total 725  sixth=(5, -45, -16, -30)
  total 723  sixth=(35, -27, -4, -30)
  total 727  sixth=(21, -16, -13, -72)
  total 725  sixth=(33, -28, -25, -120)
  total 723  sixth=(30, -7, 33, 35)
  total 723  sixth=(46, 1, -26, -16)
  total 723  sixth=(2, 57, -2, 2)
  total 723  sixth=(5, 16, -11, 0)
  total 723  sixth=(45, 46, -1, 0)
  total 727  sixth=(1, -5, -7, -14)
  total 723  sixth=(1, -35, 1, 1)
  total 723  sixth=(1, 46, 16, 26)
  total 723  sixth=(20, -72, 17, 15)
  total 723  sixth=(80, 56, 35, 5)
  total 723  sixth=(54, 47, 54, 54)
  total 723  sixth=(19, -7, 19, 19)
  total 723  sixth=(3, -49, 3, 3)
  total 723  sixth=(1, 47, 1, 1)
  total 723  sixth=(1, 33, 1, 1)
  total 723  sixth=(3, 71, 3, 3)
  total 723  sixth=(1, 68, 1, 1)
  total 723  sixth=(19, 19, -55, -19)
  total 723  sixth=(3, -3, -3, -16)
  total 723  sixth=(3, -67, 3, 3)
  total 723  sixth=(3, -181, 3, 3)
  total 723  sixth=(2, -57, -2, 2)
  total 723  sixth=(1, 25, 1, 1)
  total 723  sixth=(3, 47, 3, 3)
  total 723  sixth=(35, -1, -4, -30)
  total 723  sixth=(31, 59, 31, 31)
  total 723  sixth=(35, -35, -16, -35)
  total 723  sixth=(31, 54, 31, 31)
  total 723  sixth=(57, -25, 57, 57)
  total 723  sixth=(3, 65, 3, 3)
  total 723  sixth=(18, 23, -18, 18)
  total 725  sixth=(155, -306, 0, -155)
  total 723  sixth=(93, -146, 0, -62)
  total 723  sixth=(31, -169, 31, 31)
  total 723  sixth=(3, -58, 15, -30)
  total 723  sixth=(27, 47, 27, 27)
[shard 0] triple (0, 1, 3) wall 1/12 | 103680 systems, 17333 distinct candidates, best (727, (17, -25, -1, 11)) | 2.60 h
  total 723  sixth=(4, 13, -9, 0)
  total 723  sixth=(8, 83, -75, 0)
  total 725  sixth=(162, 355, -263, -30)
  total 723  sixth=(6, 55, -49, 0)
  total 723  sixth=(1, 17, -29, 11)
  total 723  sixth=(6, 67, -61, 0)
  total 723  sixth=(3, 44, -41, 0)
  total 723  sixth=(12, 113, -101, 0)
  total 723  sixth=(10, -7, 3, 0)
  total 723  sixth=(20, -161, -141, 0)
  total 723  sixth=(27, 27, -32, 27)
  total 723  sixth=(1, 8, -7, 0)
  total 723  sixth=(1, 54, -1, 1)
  total 723  sixth=(12, -17, -12, 12)
  total 723  sixth=(2, 23, -21, 0)
  total 723  sixth=(4, 0, -13, 9)
  total 725  sixth=(12, -25, -20, 3)
  total 723  sixth=(18, -1, -19, 0)
  total 723  sixth=(2, -11, -13, 0)
  total 725  sixth=(6, -155, 47, -84)
  total 723  sixth=(7, 7, -17, -7)
  total 723  sixth=(7, 7, 5, -7)
[shard 0] triple (0, 1, 3) wall 4/12 | 124416 systems, 22028 distinct candidates, best (727, (17, -25, -1, 11)) | 3.05 h
  total 723  sixth=(9, -9, -9, 11)
  total 723  sixth=(5, -36, 41, 0)
  total 723  sixth=(5, -181, -5, 5)
  total 723  sixth=(15, 17, -15, 15)
  total 723  sixth=(55, 249, -55, 55)
  total 723  sixth=(49, 49, -135, -49)
  total 723  sixth=(49, 49, 57, -49)
  total 723  sixth=(15, -203, 218, 0)
  total 723  sixth=(48, -7, -55, 0)
  total 723  sixth=(42, 42, 1, -42)
  total 723  sixth=(15, 17, 2, 0)
  total 723  sixth=(40, 29, -11, 0)
  total 723  sixth=(3, -115, 3, 3)
  total 723  sixth=(35, -92, -60, -15)
  total 723  sixth=(32, 65, 33, 0)
  total 723  sixth=(21, 21, 409, -21)
  total 723  sixth=(189, 189, 76, -189)
[shard 0] triple (0, 1, 3) wall 7/12 | 145152 systems, 23270 distinct candidates, best (727, (17, -25, -1, 11)) | 3.44 h
  total 723  sixth=(33, -41, 33, 33)
  total 723  sixth=(33, 58, 33, 33)
  total 723  sixth=(7, -125, -7, 7)
  total 723  sixth=(9, -10, 9, -9)
  total 723  sixth=(45, -29, -74, 0)
  total 723  sixth=(35, 68, 35, 35)
  total 723  sixth=(1, 71, 1, -1)
  total 725  sixth=(45, -134, -44, 45)
  total 723  sixth=(19, 19, 5, -19)
  total 723  sixth=(3, -41, -3, 3)
  total 723  sixth=(3, 2, -3, 3)
  total 723  sixth=(1, -15, -1, 1)
  total 723  sixth=(9, -124, -9, 9)
  total 723  sixth=(6, -89, -6, 6)
  total 723  sixth=(3, -34, -3, 3)
  total 723  sixth=(9, -28, -9, 9)
  total 723  sixth=(3, -35, -3, 3)
  total 723  sixth=(6, 5, -6, 6)
  total 723  sixth=(9, 8, 9, 9)
  total 725  sixth=(66, -25, -175, -114)
  total 723  sixth=(1, 29, 1, 1)
  total 723  sixth=(1, 73, 1, 1)
  total 723  sixth=(5, -83, -5, 5)
  total 723  sixth=(5, -33, 5, 5)
  total 723  sixth=(11, -61, 11, 11)
  total 723  sixth=(6, -6, 5, -6)
  total 723  sixth=(7, -37, 7, 7)
  total 723  sixth=(11, -28, -11, 11)
  total 723  sixth=(33, -499, -33, 33)
  total 723  sixth=(11, -131, -11, 11)
  total 723  sixth=(11, -241, -11, 11)
  total 723  sixth=(11, -142, -11, 11)
  total 723  sixth=(33, -43, -33, 33)
  total 723  sixth=(11, -217, -11, 11)
  total 723  sixth=(11, -208, -11, 11)
  total 723  sixth=(33, -415, -33, 33)
  total 723  sixth=(11, -245, -11, 11)
  total 723  sixth=(11, -160, -11, 11)
  total 723  sixth=(35, 209, -35, 35)
  total 723  sixth=(35, -227, 35, 35)
  total 723  sixth=(35, -27, 35, 35)
  total 723  sixth=(1, 32, -1, 1)
  total 723  sixth=(3, 79, -3, 3)
  total 723  sixth=(5, 339, -5, 5)
  total 723  sixth=(3, 217, 3, 3)
  total 723  sixth=(3, 187, -3, 3)
  total 723  sixth=(3, 155, -3, 3)
  total 723  sixth=(1, 71, -1, 1)
  total 723  sixth=(1, 71, 1, 1)
  total 723  sixth=(1, 61, -1, 1)
  total 723  sixth=(1, 87, 1, 1)
  total 723  sixth=(1, 77, -1, 1)
  total 723  sixth=(1, -37, -1, 1)
  total 723  sixth=(1, 70, -1, 1)
  total 723  sixth=(3, 85, -3, 3)
  total 723  sixth=(1, 49, 1, 1)
  total 723  sixth=(1, 39, -1, 1)
  total 723  sixth=(5, 119, -5, 5)
  total 723  sixth=(1, 64, -1, 1)
  total 723  sixth=(3, 173, -3, 3)
  total 723  sixth=(3, 211, -3, 3)
  total 723  sixth=(1, 119, 1, 1)
  total 723  sixth=(1, 109, -1, 1)
  total 723  sixth=(1, 20, -1, 1)
  total 723  sixth=(3, 199, -3, 3)
  total 723  sixth=(1, -34, -1, 1)
  total 723  sixth=(5, 149, -5, 5)
  total 723  sixth=(1, -18, -1, 1)
  total 723  sixth=(5, -31, 5, 5)
[shard 0] triple (0, 1, 3) wall 10/12 | 165888 systems, 27382 distinct candidates, best (727, (17, -25, -1, 11)) | 3.91 h
  total 723  sixth=(15, 14, 15, 15)
  total 723  sixth=(63, 80, 63, 63)
  total 723  sixth=(84, 89, 84, 84)
  total 723  sixth=(9, 10, 41, -10)
  total 723  sixth=(30, -13, 30, 30)
  total 723  sixth=(15, 15, -98, 15)
  total 723  sixth=(5, 5, -118, 5)
  total 723  sixth=(245, 59, 65, -55)
  total 723  sixth=(25, 25, -138, 25)
  total 723  sixth=(25, -154, 25, 25)
  total 723  sixth=(20, -129, 20, 20)
  total 723  sixth=(15, 28, 15, 15)
  total 723  sixth=(18, 35, 18, 18)
  total 723  sixth=(15, -16, 15, 15)
  total 723  sixth=(7, 7, -19, -7)
  total 723  sixth=(5, 4, -5, -5)
  total 723  sixth=(35, 22, -13, 0)
  total 723  sixth=(40, 47, 40, 40)
  total 723  sixth=(12, 23, 12, 12)
  total 723  sixth=(25, 22, 25, 25)
  total 723  sixth=(1, -1, 16, -1)
  total 725  sixth=(15, 44, -14, 15)
  total 723  sixth=(15, 14, 1, 0)
  total 725  sixth=(155, 32, 50, -20)
  total 723  sixth=(20, 23, 20, 20)
  total 725  sixth=(31, 32, 0, -31)
  total 723  sixth=(9, 16, 9, 9)
  total 723  sixth=(14, 11, 11, 11)
  total 723  sixth=(75, -82, 75, 75)
  total 723  sixth=(25, -21, 25, 25)
  total 723  sixth=(5, -4, 5, -5)
  total 723  sixth=(5, -6, 5, 5)
  total 723  sixth=(45, 38, 45, 45)
  total 723  sixth=(60, 73, 60, 60)
[shard 0] triple (0, 1, 4) wall 1/12 | 186624 systems, 34805 distinct candidates, best (727, (17, -25, -1, 11)) | 4.36 h
  total 723  sixth=(1, -25, 1, -1)
  total 723  sixth=(1, -6, -7, 0)
  total 723  sixth=(2, 13, -2, 2)
  total 723  sixth=(1, -20, 1, 1)
  total 723  sixth=(4, 11, 0, -15)
  total 723  sixth=(80, -75, 75, 16)
  total 723  sixth=(7, -4, -11, 0)
  total 723  sixth=(6, -5, -11, 0)
  total 723  sixth=(7, 12, -7, -7)
  total 723  sixth=(4, 0, 13, -9)
[shard 0] triple (0, 1, 4) wall 4/12 | 207360 systems, 39079 distinct candidates, best (727, (17, -25, -1, 11)) | 4.69 h
  total 723  sixth=(5, 18, -13, 0)
  total 723  sixth=(4, 39, -35, 0)
  total 723  sixth=(15, 97, -15, 15)
  total 723  sixth=(21, 21, 41, 21)
  total 723  sixth=(15, -1, 16, 0)
  total 723  sixth=(21, 21, 16, 21)
  total 725  sixth=(3, -25, -33, 15)
  total 723  sixth=(3, -19, 3, 3)
  total 723  sixth=(7, 9, 7, 7)
  total 723  sixth=(8, 8, 8, -7)
  total 723  sixth=(5, 8, 0, 13)
[shard 0] triple (0, 1, 4) wall 7/12 | 228096 systems, 41864 distinct candidates, best (727, (17, -25, -1, 11)) | 4.99 h
  total 723  sixth=(21, -125, 21, 21)
  total 723  sixth=(4, -23, 4, 4)
  total 723  sixth=(1, -59, -1, 1)
  total 723  sixth=(1, -53, 1, 1)
  total 723  sixth=(15, -13, -28, 0)
  total 723  sixth=(4, 73, 4, 4)
  total 725  sixth=(11, 46, 51, -49)
  total 723  sixth=(5, 108, 5, 5)
  total 723  sixth=(15, -20, 33, -12)
  total 723  sixth=(12, -61, 12, 12)
  total 723  sixth=(3, 56, 3, 3)
  total 723  sixth=(45, -281, 45, 45)
  total 723  sixth=(45, -238, 45, 45)
  total 723  sixth=(3, -47, -3, -3)
  total 723  sixth=(5, -287, -5, 5)
  total 723  sixth=(1, 26, 1, 1)
  total 723  sixth=(30, 23, 30, 30)
  total 723  sixth=(95, 104, -80, 25)
  total 723  sixth=(5, 106, 5, 5)
  total 723  sixth=(15, -337, 15, 15)
  total 723  sixth=(15, -247, -15, -15)
  total 723  sixth=(6, 6, 25, -6)
  total 723  sixth=(5, -307, -5, 5)
  total 723  sixth=(5, -287, 5, 5)
  total 723  sixth=(3, 40, 3, 2)
  total 723  sixth=(1, 18, 1, 1)
  total 723  sixth=(9, -59, 9, 9)
  total 723  sixth=(3, -53, 3, 3)
[shard 0] triple (0, 1, 4) wall 10/12 | 248832 systems, 49177 distinct candidates, best (727, (17, -25, -1, 11)) | 5.54 h
  total 725  sixth=(45, 1, 30, 20)
  total 723  sixth=(5, 15, -19, -35)
  total 723  sixth=(1, -76, 28, 46)
  total 723  sixth=(5, -5, -236, -5)
  total 725  sixth=(20, -7, 23, 25)
  total 727  sixth=(4, -17, -28, -44)
  total 725  sixth=(4, -29, -46, -74)
  total 723  sixth=(4, 13, -17, -31)
  total 725  sixth=(43, -11, -50, -37)
  total 723  sixth=(14, -10, -9, -45)
  total 727  sixth=(3, 11, -15, -27)
  total 723  sixth=(95, 101, 95, 95)
  total 723  sixth=(27, -32, 27, 27)
  total 723  sixth=(63, 3, 42, 28)
  total 723  sixth=(47, -10, -42, -45)
  total 725  sixth=(45, 134, -44, 45)
  total 723  sixth=(38, -47, -38, 38)
  total 725  sixth=(18, -35, 0, -18)
  total 723  sixth=(1, -97, 1, 1)
  total 723  sixth=(5, 5, -257, -5)
  total 723  sixth=(19, -115, 19, 19)
  total 725  sixth=(25, -94, 49, -5)
  total 723  sixth=(19, -109, 19, 19)
  total 723  sixth=(5, -371, 5, 5)
  total 725  sixth=(95, -182, 0, -95)
  total 723  sixth=(57, -89, 0, -38)
  total 723  sixth=(45, 46, 45, 45)
  total 723  sixth=(5, 5, -4, -5)
  total 723  sixth=(75, 86, 11, 0)
  total 723  sixth=(1, 17, 1, 1)
[shard 0] triple (0, 2, 3) wall 1/12 | 269568 systems, 52374 distinct candidates, best (727, (17, -25, -1, 11)) | 6.06 h
  total 723  sixth=(2, 31, -33, 0)
  total 723  sixth=(2, 23, -25, 0)
  total 723  sixth=(3, 29, -32, 0)
  total 723  sixth=(1, 34, -1, -1)
  total 723  sixth=(5, 49, -54, 0)
  total 723  sixth=(3, -3, 98, -3)
  total 725  sixth=(6, -95, 23, -48)
  total 723  sixth=(8, 47, -8, 8)
  total 723  sixth=(19, -24, -19, 19)
[shard 0] triple (0, 2, 3) wall 4/12 | 290304 systems, 57301 distinct candidates, best (727, (17, -25, -1, 11)) | 6.58 h
  total 723  sixth=(105, -103, 105, 105)
  total 723  sixth=(33, 65, 33, 33)
  total 723  sixth=(231, 231, 299, -231)
  total 723  sixth=(15, 46, -15, 15)
  total 723  sixth=(95, 289, -95, 95)
  total 723  sixth=(7, 7, -113, -7)
  total 723  sixth=(3, -3, 3, -47)
  total 723  sixth=(231, 231, -403, -231)
  total 723  sixth=(7, 7, 121, -7)
[shard 0] triple (0, 2, 3) wall 7/12 | 311040 systems, 58506 distinct candidates, best (727, (17, -25, -1, 11)) | 6.93 h
  total 723  sixth=(35, 31, 35, 35)
  total 723  sixth=(35, -391, -35, 35)
  total 725  sixth=(6, 85, -6, -5)
  total 723  sixth=(57, 61, 57, 57)
  total 723  sixth=(19, 29, -1, 49)
  total 723  sixth=(35, 27, 35, 35)
  total 723  sixth=(18, 18, -17, -18)
  total 723  sixth=(33, 33, -79, -33)
  total 723  sixth=(7, -6, 7, 7)
  total 723  sixth=(19, 8, -19, 19)
  total 723  sixth=(19, -53, -19, 19)
  total 723  sixth=(19, 12, -19, 19)
  total 723  sixth=(57, -83, -57, 57)
  total 723  sixth=(19, -281, -19, 19)
  total 723  sixth=(19, -257, -19, 19)
  total 723  sixth=(19, -279, -19, 19)
  total 723  sixth=(19, -224, -19, 19)
  total 723  sixth=(19, -220, -19, 19)
  total 723  sixth=(95, -169, -95, 95)
  total 723  sixth=(35, -439, -35, 35)
  total 725  sixth=(38, -73, 0, -38)
  total 723  sixth=(35, -509, -35, 35)
  total 723  sixth=(1, 58, 1, 1)
  total 723  sixth=(9, 1, 8, 0)
  total 723  sixth=(27, -4, -31, 0)
  total 723  sixth=(19, 58, -19, 19)
  total 723  sixth=(57, -149, -57, 57)
  total 723  sixth=(19, 67, -19, 19)
  total 723  sixth=(57, 49, -57, 57)
  total 723  sixth=(57, -179, -57, 57)
  total 723  sixth=(57, 229, -57, 57)
  total 723  sixth=(95, 81, -95, 95)
  total 723  sixth=(21, -23, 21, 21)
[shard 0] triple (0, 2, 3) wall 10/12 | 331776 systems, 61464 distinct candidates, best (727, (17, -25, -1, 11)) | 7.37 h
  total 723  sixth=(50, -21, 50, 50)
  total 723  sixth=(40, -43, 40, 40)
  total 723  sixth=(15, -98, 15, 15)
  total 723  sixth=(1, -51, 19, 31)
  total 723  sixth=(25, -25, -44, 25)
  total 723  sixth=(60, 47, 60, 60)
  total 725  sixth=(6, 100, 55, -69)
  total 723  sixth=(5, 5, -5, -4)
  total 723  sixth=(95, 71, -55, -155)
  total 725  sixth=(45, 36, -30, -80)
  total 723  sixth=(5, -5, 82, 5)
  total 723  sixth=(15, -82, 15, 15)
  total 723  sixth=(75, 61, 75, 75)
  total 723  sixth=(5, -18, 13, 0)
  total 723  sixth=(60, -67, 60, 60)
  total 723  sixth=(9, 11, 9, 9)
  total 723  sixth=(45, 83, 12, 35)
  total 723  sixth=(31, 46, 0, -15)
  total 723  sixth=(25, -41, 1, -15)
  total 723  sixth=(6, -37, 6, 6)
  total 723  sixth=(9, 34, -25, 0)
  total 723  sixth=(15, 19, 15, 15)
  total 725  sixth=(19, -61, 13, 9)
  total 723  sixth=(15, 307, 15, 15)
  total 723  sixth=(25, -138, 25, 25)
  total 723  sixth=(40, -66, 1, -25)
  total 723  sixth=(14, 0, 1, -15)
  total 723  sixth=(15, -7, 15, 15)
  total 723  sixth=(1, 26, 0, -25)
  total 723  sixth=(25, -34, 0, -9)
  total 723  sixth=(10, 11, 10, 10)
  total 725  sixth=(38, -137, 32, 28)
  total 723  sixth=(30, 37, 30, 30)
  total 723  sixth=(24, 23, 24, 24)
  total 723  sixth=(15, 26, 15, 15)
  total 723  sixth=(5, 17, -12, 0)
  total 723  sixth=(15, 16, -1, 0)
  total 723  sixth=(15, 17, 15, 15)
[shard 0] triple (0, 2, 4) wall 1/12 | 352512 systems, 67904 distinct candidates, best (727, (17, -25, -1, 11)) | 7.94 h
  total 723  sixth=(1, -1, -18, -1)
  total 725  sixth=(10, -32, -11, 11)
  total 723  sixth=(2, -27, -2, 2)
  total 723  sixth=(4, -4, -7, 4)
[shard 0] triple (0, 2, 4) wall 4/12 | 373248 systems, 72123 distinct candidates, best (727, (17, -25, -1, 11)) | 8.31 h
  total 723  sixth=(21, -37, 21, -21)
  total 723  sixth=(15, 15, 15, -7)
  total 723  sixth=(25, 77, -25, 25)
  total 723  sixth=(35, 35, 35, -27)
  total 723  sixth=(20, 61, -20, 20)
  total 723  sixth=(21, 31, 0, -10)
  total 723  sixth=(28, 28, -11, 28)
  total 723  sixth=(155, 74, 20, 125)
[shard 0] triple (0, 2, 4) wall 7/12 | 393984 systems, 74782 distinct candidates, best (727, (17, -25, -1, 11)) | 8.60 h
  total 723  sixth=(5, 24, 3, -8)
  total 723  sixth=(5, -118, 5, 5)
  total 723  sixth=(15, -15, 98, 15)
  total 723  sixth=(21, -73, 52, 0)
  total 723  sixth=(5, -61, -5, 5)
  total 723  sixth=(3, -86, 3, 3)
  total 723  sixth=(3, 52, 3, 3)
  total 723  sixth=(5, 92, 5, 5)
  total 723  sixth=(3, -74, 3, 3)
  total 723  sixth=(30, -23, 30, 30)
  total 723  sixth=(10, -11, 10, 10)
  total 723  sixth=(20, -9, 20, 20)
  total 723  sixth=(5, -76, -5, 5)
  total 723  sixth=(8, 15, 8, 8)
  total 723  sixth=(5, -86, -5, 5)
  total 723  sixth=(3, 67, 3, 3)
[shard 0] triple (0, 2, 4) wall 10/12 | 414720 systems, 81081 distinct candidates, best (727, (17, -25, -1, 11)) | 8.92 h
  total 723  sixth=(15, -1, -16, 0)
  total 723  sixth=(15, -89, 15, 15)
  total 723  sixth=(75, 191, 116, 0)
  total 723  sixth=(8, -3, 8, 8)
  total 723  sixth=(4, 17, -4, 4)
  total 723  sixth=(52, 11, 16, -8)
  total 723  sixth=(5, 6, -6, -6)
  total 723  sixth=(11, -10, 0, 1)
  total 723  sixth=(6, 11, 6, 6)
  total 723  sixth=(5, 19, 14, 0)
  total 723  sixth=(25, -25, -28, -25)
  total 723  sixth=(10, -32, -13, -5)
  total 723  sixth=(19, 37, 19, 19)
  total 725  sixth=(15, -44, -14, 15)
  total 725  sixth=(10, 19, -1, -5)
  total 723  sixth=(5, 5, -56, -5)
  total 723  sixth=(3, -20, 0, -17)
  total 723  sixth=(24, 19, 24, 24)
[shard 0] triple (0, 3, 4) wall 1/12 | 435456 systems, 88717 distinct candidates, best (727, (17, -25, -1, 11)) | 9.23 h
[shard 0] time budget reached
