  total 723  sixth=(105, 118, -13, 0)
  total 723  sixth=(2, 2, 49, 2)
  total 723  sixth=(1, 1, -23, 1)
  total 723  sixth=(1, 99, 1, -1)
  total 723  sixth=(31, -31, -54, 31)
  total 723  sixth=(22, -22, -23, 22)
  total 723  sixth=(3, -101, -3, 3)
  total 723  sixth=(6, 6, -6, 5)
  total 723  sixth=(62, 62, -77, 62)
  total 723  sixth=(2, -2, -47, 2)
  total 723  sixth=(6, -5, -6, -6)
  total 723  sixth=(1, 91, -1, -1)
  total 723  sixth=(1, 101, 1, 1)
  total 723  sixth=(124, -124, 121, -124)
  total 723  sixth=(17, 0, -1, 18)
  total 723  sixth=(1, 1, -1, 6)
  total 723  sixth=(5, -5, -5, 9)
  total 723  sixth=(1, -1, 24, 1)
[shard 2] triple (0, 1, 2) wall 3/12 | 20736 systems, 2064 distinct candidates, best (723, (105, 118, -13, 0)) | 0.48 h
  total 723  sixth=(3, -3, 77, -3)
  total 723  sixth=(5, -5, -129, 5)
  total 723  sixth=(55, -55, -51, 55)
  total 723  sixth=(11, -9, -11, -11)
  total 723  sixth=(375, 26, 401, 0)
  total 723  sixth=(1, -1, -101, 1)
  total 723  sixth=(100, -259, 165, 24)
  total 723  sixth=(32, 1, 31, 0)
  total 723  sixth=(95, -95, -99, -95)
  total 723  sixth=(19, -19, -9, -19)
  total 723  sixth=(19, -19, -109, -19)
  total 723  sixth=(3, -133, 3, 3)
  total 725  sixth=(45, -302, 128, -165)
  total 723  sixth=(31, -171, 31, 31)
  total 723  sixth=(3, -3, 197, -3)
  total 723  sixth=(55, -55, 103, -55)
  total 723  sixth=(1, -1, -63, 1)
  total 723  sixth=(55, -55, 69, 55)
  total 723  sixth=(19, 19, -119, 19)
  total 723  sixth=(3, -3, 362, -3)
  total 723  sixth=(20, -167, -147, 0)
  total 723  sixth=(23, -80, -24, -15)
  total 723  sixth=(104, -269, 171, 24)
  total 723  sixth=(11, -28, 17, 1)
  total 723  sixth=(57, -57, 53, 57)
  total 723  sixth=(95, -95, 81, 95)
  total 723  sixth=(75, 28, 103, 0)
  total 723  sixth=(3, -3, 191, -3)
  total 723  sixth=(8, -25, -17, 0)
  total 723  sixth=(8, 75, 83, 0)
  total 723  sixth=(3, -3, -113, 3)
  total 723  sixth=(3, -3, 377, -3)
[shard 2] triple (0, 1, 2) wall 6/12 | 41472 systems, 5667 distinct candidates, best (725, (45, -302, 128, -165)) | 1.08 h
  total 723  sixth=(36, 265, 301, 0)
  total 723  sixth=(1, -1, 92, 1)
  total 723  sixth=(4, -4, -7, 4)
  total 723  sixth=(1, -63, -1, -1)
  total 723  sixth=(1, -65, 1, -1)
  total 723  sixth=(1, -1, 146, -1)
  total 723  sixth=(9, 4, 9, -9)
  total 723  sixth=(12, 1, 13, 0)
  total 723  sixth=(3, 28, -25, 0)
  total 723  sixth=(9, 70, 79, 0)
  total 723  sixth=(1, -1, -25, 1)
  total 723  sixth=(63, 227, -164, 0)
  total 723  sixth=(19, -19, -112, -19)
  total 725  sixth=(124, -124, -243, 0)
  total 723  sixth=(9, 71, 80, 0)
  total 723  sixth=(1, -1, 91, -1)
  total 723  sixth=(15, -16, 15, -15)
  total 723  sixth=(9, -9, 4, 9)
  total 723  sixth=(1, -1, -65, 1)
  total 723  sixth=(1, -1, 89, -1)
  total 723  sixth=(36, -331, -295, 0)
  total 725  sixth=(24, 23, 71, -24)
  total 723  sixth=(1, -1, 32, 1)
  total 723  sixth=(19, -19, -23, 19)
  total 723  sixth=(19, -19, -36, 19)
  total 723  sixth=(95, -95, -91, 95)
  total 723  sixth=(19, -19, -22, 19)
  total 723  sixth=(57, -57, -47, 57)
  total 723  sixth=(5, -123, -5, 5)
  total 723  sixth=(1, -1, 51, -1)
  total 723  sixth=(18, 137, 155, 0)
  total 723  sixth=(12, 5, -12, -145)
  total 723  sixth=(15, -15, -14, 15)
  total 723  sixth=(155, -155, -151, 155)
  total 723  sixth=(1, -15, -14, 0)
  total 723  sixth=(4, -49, -45, 0)
  total 723  sixth=(12, -125, -113, 0)
  total 723  sixth=(4, -41, -37, 0)
  total 723  sixth=(1, -1, 113, -1)
  total 723  sixth=(27, 13, 40, 0)
  total 723  sixth=(35, -111, 76, 0)
[shard 2] triple (0, 1, 2) wall 9/12 | 62208 systems, 9238 distinct candidates, best (725, (45, -302, 128, -165)) | 1.59 h
  total 723  sixth=(5, 5, -191, 5)
  total 723  sixth=(1, -1, 157, 1)
  total 723  sixth=(5, 7, 0, 2)
  total 723  sixth=(10, 10, 169, 10)
  total 723  sixth=(5, -113, 5, -5)
  total 723  sixth=(1, 1, 167, 1)
  total 723  sixth=(5, 429, 5, 5)
  total 723  sixth=(5, -5, -241, 5)
  total 723  sixth=(55, 103, -55, -55)
  total 723  sixth=(1, -1, -43, -1)
  total 723  sixth=(5, 95, -7, -7)
[shard 2] triple (0, 1, 2) wall 12/12 | 82944 systems, 10574 distinct candidates, best (725, (45, -302, 128, -165)) | 2.16 h
  total 723  sixth=(3, -57, -93, 151)
  total 723  sixth=(10, 12, -7, -25)
  total 725  sixth=(21, -15, -75, -19)
  total 725  sixth=(16, 30, 5, -45)
  total 723  sixth=(4, -31, 13, -17)
  total 727  sixth=(72, -13, 16, 21)
  total 725  sixth=(120, -25, 28, 33)
  total 723  sixth=(18, 12, -27, -2)
  total 725  sixth=(54, 13, 32, -87)
  total 723  sixth=(23, -37, -2, 68)
  total 723  sixth=(16, -26, -1, 46)
  total 723  sixth=(11, 11, -19, -11)
  total 723  sixth=(16, 26, -1, -46)
  total 723  sixth=(33, -31, -33, 33)
  total 727  sixth=(6, -4, -21, -7)
  total 723  sixth=(3, -41, -3, 3)
  total 723  sixth=(20, -231, -211, 0)
  total 723  sixth=(5, -26, -31, 0)
  total 723  sixth=(10, 67, 57, 0)
  total 723  sixth=(20, -223, -243, 0)
  total 723  sixth=(2, 2, -47, -2)
  total 723  sixth=(11, 9, 11, 11)
  total 723  sixth=(9, 71, 62, 0)
  total 723  sixth=(3, -16, -19, 0)
  total 723  sixth=(2, 29, 27, 0)
  total 723  sixth=(75, 199, 124, 0)
  total 723  sixth=(14, 14, 13, -14)
  total 723  sixth=(7, 7, -19, -7)
[shard 2] triple (0, 1, 3) wall 3/12 | 103680 systems, 12487 distinct candidates, best (727, (72, -13, 16, 21)) | 2.47 h
  total 723  sixth=(6, 7, 1, 0)
  total 723  sixth=(8, 91, 83, 0)
  total 723  sixth=(4, -7, 4, -4)
  total 723  sixth=(2, -19, -17, 0)
  total 723  sixth=(6, -5, -11, 0)
  total 723  sixth=(8, 89, 81, 0)
  total 723  sixth=(35, 35, -39, -35)
  total 723  sixth=(35, 35, 9, -35)
  total 723  sixth=(23, -23, -9, -23)
  total 723  sixth=(21, 21, -25, -21)
  total 723  sixth=(18, -95, 18, 18)
  total 723  sixth=(20, 9, 29, 0)
  total 723  sixth=(18, -1, -19, 0)
  total 723  sixth=(8, 75, 67, 0)
  total 723  sixth=(19, 19, -17, 19)
  total 723  sixth=(130, -131, -1, 0)
  total 723  sixth=(65, 242, 177, 0)
  total 723  sixth=(10, -1, -11, 0)
  total 723  sixth=(40, 493, 453, 0)
  total 723  sixth=(5, -16, -11, 0)
  total 725  sixth=(40, 39, 119, -40)
  total 723  sixth=(4, 55, 51, 0)
  total 723  sixth=(35, -35, 31, -35)
  total 723  sixth=(35, -35, -229, -35)
  total 723  sixth=(3, -92, -3, 3)
  total 723  sixth=(7, -7, 13, -7)
  total 723  sixth=(24, -383, -359, 0)
  total 723  sixth=(24, -269, -245, 0)
  total 723  sixth=(8, -109, -101, 0)
  total 723  sixth=(8, -137, -129, 0)
  total 723  sixth=(1, 0, 18, 19)
  total 723  sixth=(35, 35, -43, -35)
  total 723  sixth=(7, -7, -45, -7)
[shard 2] triple (0, 1, 3) wall 6/12 | 124416 systems, 16397 distinct candidates, best (727, (72, -13, 16, 21)) | 2.88 h
  total 725  sixth=(27, -55, -1, -27)
  total 725  sixth=(38, -38, -73, 0)
  total 727  sixth=(12, -13, 2, 15)
  total 723  sixth=(5, -197, 5, -5)
  total 723  sixth=(27, 14, -13, 0)
  total 723  sixth=(39, 28, -11, 0)
  total 723  sixth=(18, 73, -17, 18)
  total 723  sixth=(57, -57, 71, -57)
  total 723  sixth=(45, -32, 13, 0)
  total 723  sixth=(1, 1, 32, -1)
  total 723  sixth=(19, 19, -22, -19)
  total 723  sixth=(39, 4, -35, 0)
  total 723  sixth=(12, -7, -19, 0)
  total 723  sixth=(95, 95, -167, -95)
  total 723  sixth=(15, 15, -26, -15)
  total 723  sixth=(24, 199, 175, 0)
  total 723  sixth=(9, -28, -19, 0)
  total 723  sixth=(18, 7, 25, 0)
  total 723  sixth=(1, 1, -25, -1)
  total 723  sixth=(19, 19, -41, -19)
  total 723  sixth=(9, 9, -8, -9)
  total 723  sixth=(55, 207, -55, 55)
  total 725  sixth=(2, 11, 21, 40)
  total 727  sixth=(21, -34, -4, 45)
  total 723  sixth=(4, -45, -41, 0)
  total 723  sixth=(3, -3, -65, -3)
  total 727  sixth=(56, 31, -17, 4)
  total 723  sixth=(18, 11, -7, 0)
  total 723  sixth=(27, 62, 35, 0)
[shard 2] triple (0, 1, 3) wall 9/12 | 145152 systems, 20348 distinct candidates, best (727, (72, -13, 16, 21)) | 3.32 h
  total 723  sixth=(35, 35, 27, 35)
  total 723  sixth=(1, 1, 157, -1)
  total 723  sixth=(1, 48, -1, 1)
  total 723  sixth=(7, 16, 9, 0)
  total 723  sixth=(55, -69, 55, 55)
  total 723  sixth=(42, -17, -59, 0)
  total 723  sixth=(7, 45, 38, 0)
  total 723  sixth=(35, 35, -509, -35)
  total 723  sixth=(1, 44, 1, 1)
  total 723  sixth=(189, 484, 295, 0)
  total 723  sixth=(63, -317, -380, 0)
  total 723  sixth=(14, 89, 75, 0)
[shard 2] triple (0, 1, 3) wall 12/12 | 165888 systems, 21674 distinct candidates, best (727, (72, -13, 16, 21)) | 3.73 h
  total 723  sixth=(1, -19, -31, 51)
  total 723  sixth=(8, 7, -8, 8)
  total 723  sixth=(40, -25, -66, 1)
  total 723  sixth=(3, 10, -7, 0)
  total 723  sixth=(8, 8, -7, 8)
  total 723  sixth=(3, 3, 2, -3)
  total 723  sixth=(2, 2, -5, -2)
  total 723  sixth=(3, -17, -3, -3)
  total 723  sixth=(4, -3, 4, 4)
  total 723  sixth=(25, 34, 0, -9)
  total 723  sixth=(1, 8, -7, 0)
[shard 2] triple (0, 1, 4) wall 3/12 | 186624 systems, 25066 distinct candidates, best (727, (72, -13, 16, 21)) | 4.08 h
  total 723  sixth=(9, -9, -11, -9)
  total 723  sixth=(2, 7, 5, 0)
  total 723  sixth=(1, 1, 19, -1)
  total 723  sixth=(9, 0, 10, -1)
  total 723  sixth=(30, -107, -77, 0)
  total 723  sixth=(3, -14, -14, -15)
  total 723  sixth=(6, -5, 6, -6)
  total 723  sixth=(15, -15, 26, -15)
  total 723  sixth=(75, 8, 83, 0)
  total 723  sixth=(15, -28, 15, -15)
  total 723  sixth=(18, -35, 18, -18)
  total 723  sixth=(1, -1, 19, 1)
  total 723  sixth=(3, -3, 47, -3)
  total 723  sixth=(4, 13, -9, 0)
  total 723  sixth=(4, -13, -9, 0)
  total 723  sixth=(12, 11, -27, -12)
  total 723  sixth=(21, -21, 41, -21)
  total 723  sixth=(21, 0, 20, -1)
  total 723  sixth=(14, -53, -39, 0)
  total 723  sixth=(6, 19, -13, 0)
  total 723  sixth=(15, -15, -98, -15)
  total 723  sixth=(5, -5, -118, -5)
  total 723  sixth=(8, -43, 8, 8)
  total 723  sixth=(10, 21, 11, 0)
  total 723  sixth=(14, -69, -69, -70)
  total 723  sixth=(14, -13, 1, 0)
  total 723  sixth=(30, -109, -79, 0)
  total 723  sixth=(147, -104, 43, 0)
  total 723  sixth=(105, -92, 13, 0)
  total 723  sixth=(3, -3, -86, -3)
  total 725  sixth=(30, -105, 24, 20)
  total 723  sixth=(50, 137, 87, 0)
  total 725  sixth=(15, -15, -29, 0)
  total 723  sixth=(21, -65, -44, 0)
  total 723  sixth=(5, 48, 53, 0)
  total 723  sixth=(50, -153, -103, 0)
  total 723  sixth=(20, -171, -151, 0)
  total 723  sixth=(1, -1, -16, -1)
  total 723  sixth=(5, 5, 47, -5)
  total 723  sixth=(15, 15, 17, -15)
  total 723  sixth=(6, -19, -13, 0)
[shard 2] triple (0, 1, 4) wall 6/12 | 207360 systems, 30902 distinct candidates, best (727, (72, -13, 16, 21)) | 4.46 h
  total 723  sixth=(24, -24, 23, -24)
  total 723  sixth=(5, -27, -5, -5)
  total 723  sixth=(15, -15, 17, -15)
  total 723  sixth=(15, 15, 47, -15)
  total 723  sixth=(10, -10, 11, -10)
  total 723  sixth=(75, 277, -202, 0)
  total 723  sixth=(15, 16, 15, -15)
  total 723  sixth=(30, 107, -77, 0)
  total 723  sixth=(5, 0, 12, 7)
  total 723  sixth=(4, 4, -7, -4)
  total 723  sixth=(9, 34, -25, 0)
  total 723  sixth=(5, -5, -4, -5)
  total 723  sixth=(25, -25, -138, -25)
  total 723  sixth=(60, -60, 47, -60)
  total 723  sixth=(25, 25, -43, -25)
  total 723  sixth=(21, -25, 21, 21)
  total 723  sixth=(50, -50, -21, -50)
  total 723  sixth=(20, 0, 13, -8)
  total 723  sixth=(75, -75, 61, -75)
  total 723  sixth=(60, -60, -67, -60)
  total 723  sixth=(5, -124, -119, 0)
  total 723  sixth=(10, 79, 89, 0)
  total 723  sixth=(15, -154, -139, 0)
  total 723  sixth=(45, -167, -122, 0)
  total 725  sixth=(15, -5, -45, -9)
  total 723  sixth=(45, 193, -45, 45)
  total 723  sixth=(5, 37, 42, 0)
  total 723  sixth=(3, 26, 29, 0)
  total 725  sixth=(45, -92, -2, -45)
  total 723  sixth=(20, -20, -19, 20)
  total 723  sixth=(12, -1, 11, 0)
  total 723  sixth=(48, -3, 130, -75)
  total 723  sixth=(5, -44, -39, 0)
  total 723  sixth=(45, -152, -107, 0)
  total 723  sixth=(10, -11, 1, 0)
[shard 2] triple (0, 1, 4) wall 9/12 | 228096 systems, 36609 distinct candidates, best (727, (72, -13, 16, 21)) | 4.83 h
  total 723  sixth=(14, 53, -39, 0)
  total 723  sixth=(15, 15, -13, 15)
  total 723  sixth=(5, -5, 29, 5)
  total 723  sixth=(5, -12, -5, 5)
  total 723  sixth=(18, 61, -43, 0)
  total 723  sixth=(10, 31, -21, 0)
  total 723  sixth=(5, 5, 154, 5)
  total 723  sixth=(21, 21, 21, 41)
  total 723  sixth=(5, -5, -29, -5)
  total 725  sixth=(30, -45, 144, 20)
  total 723  sixth=(5, -5, 124, 5)
  total 725  sixth=(175, -377, -300, 42)
  total 727  sixth=(21, -16, -20, 45)
[shard 2] triple (0, 1, 4) wall 12/12 | 248832 systems, 39476 distinct candidates, best (727, (72, -13, 16, 21)) | 5.13 h
  total 723  sixth=(28, 46, -1, 76)
  total 725  sixth=(23, -22, 5, 25)
  total 723  sixth=(10, 5, 8, -27)
  total 725  sixth=(37, -50, 11, 43)
  total 725  sixth=(13, -27, -2, 48)
  total 727  sixth=(44, -28, 17, 4)
  total 723  sixth=(17, 31, 4, 13)
  total 725  sixth=(33, -25, -120, -28)
  total 723  sixth=(1, 32, 31, 0)
  total 723  sixth=(4, 23, 19, 0)
  total 723  sixth=(26, 46, -1, -16)
  total 723  sixth=(12, 2, -27, -18)
  total 723  sixth=(42, 28, -63, -3)
  total 723  sixth=(57, 37, -87, -3)
  total 723  sixth=(33, -182, 33, 33)
  total 723  sixth=(15, -109, -124, 0)
  total 723  sixth=(7, 43, -7, 7)
  total 723  sixth=(21, 85, -21, 21)
  total 723  sixth=(1, 1, -18, -1)
  total 723  sixth=(25, 211, 186, 0)
  total 723  sixth=(50, 107, 57, 0)
[shard 2] triple (0, 2, 3) wall 3/12 | 269568 systems, 41296 distinct candidates, best (727, (72, -13, 16, 21)) | 5.67 h
  total 723  sixth=(1, -1, -49, -1)
  total 723  sixth=(1, -1, -121, -1)
  total 723  sixth=(1, -1, -45, -1)
  total 723  sixth=(21, 21, -47, -21)
  total 723  sixth=(6, -1, -7, 0)
  total 723  sixth=(8, 43, 35, 0)
  total 723  sixth=(18, 19, 18, 18)
  total 723  sixth=(18, -67, -49, 0)
  total 723  sixth=(30, 71, 41, 0)
  total 723  sixth=(21, 21, -29, -21)
  total 723  sixth=(21, 21, 67, -21)
  total 723  sixth=(105, 105, 107, -105)
  total 723  sixth=(27, 19, 53, -3)
  total 723  sixth=(105, -105, -101, -105)
  total 723  sixth=(1, -1, -95, 1)
  total 723  sixth=(21, 21, 13, -21)
  total 723  sixth=(8, 59, 51, 0)
  total 723  sixth=(65, 173, 108, 0)
  total 723  sixth=(10, 11, 1, 0)
  total 723  sixth=(40, 247, 207, 0)
  total 723  sixth=(1, -1, 18, -1)
  total 723  sixth=(35, -35, 61, -35)
  total 723  sixth=(13, 28, 15, 0)
  total 723  sixth=(18, 35, 17, 0)
  total 723  sixth=(8, 21, 13, 0)
[shard 2] triple (0, 2, 3) wall 6/12 | 290304 systems, 45493 distinct candidates, best (727, (72, -13, 16, 21)) | 6.19 h
  total 723  sixth=(8, -29, -21, 0)
  total 723  sixth=(1, -1, -29, 1)
  total 723  sixth=(4, 31, 27, 0)
  total 723  sixth=(5, 5, 57, -5)
  total 723  sixth=(95, -95, 32, 95)
  total 723  sixth=(5, -5, 236, 5)
  total 723  sixth=(150, -17, -133, 0)
  total 723  sixth=(1, -1, -57, 1)
  total 723  sixth=(1, -1, 61, 1)
  total 723  sixth=(54, 299, 245, 0)
  total 723  sixth=(35, 3, -35, 35)
  total 723  sixth=(5, 5, 127, -5)
  total 723  sixth=(95, 95, -107, -95)
  total 723  sixth=(4, 45, 49, 0)
  total 723  sixth=(165, -133, 165, 165)
  total 723  sixth=(15, -15, -337, 15)
  total 723  sixth=(5, -5, -79, 5)
  total 723  sixth=(95, 95, 13, -95)
  total 723  sixth=(8, -67, -59, 0)
  total 723  sixth=(1, -1, -22, 1)
  total 723  sixth=(24, 143, 119, 0)
  total 723  sixth=(285, -285, -289, 285)
  total 723  sixth=(15, -15, 323, 15)
  total 723  sixth=(95, 95, -97, -95)
  total 723  sixth=(3, 28, 25, 0)
  total 723  sixth=(1, -1, 48, 1)
  total 723  sixth=(27, 97, 70, 0)
  total 723  sixth=(3, -3, 67, 3)
  total 723  sixth=(57, -47, 57, -57)
  total 723  sixth=(3, -71, 3, -3)
  total 723  sixth=(5, -5, -149, 5)
  total 723  sixth=(27, 64, 37, 0)
  total 723  sixth=(95, 95, -101, -95)
[shard 2] triple (0, 2, 3) wall 9/12 | 311040 systems, 49576 distinct candidates, best (727, (72, -13, 16, 21)) | 6.66 h
  total 723  sixth=(35, 94, 59, 0)
  total 723  sixth=(35, 73, 38, 0)
  total 723  sixth=(1, -1, 29, -1)
  total 723  sixth=(5, 5, 119, -5)
  total 723  sixth=(5, -5, 119, 5)
  total 723  sixth=(6, 6, 25, -6)
  total 723  sixth=(42, 337, 295, 0)
  total 723  sixth=(21, 116, 95, 0)
  total 723  sixth=(63, -55, -118, 0)
  total 723  sixth=(63, -13, -76, 0)
  total 723  sixth=(5, 5, 283, -5)
[shard 2] triple (0, 2, 3) wall 12/12 | 331776 systems, 50763 distinct candidates, best (727, (72, -13, 16, 21)) | 7.03 h
  total 723  sixth=(25, 26, 6, -25)
  total 723  sixth=(6, -25, -26, -25)
  total 723  sixth=(15, 15, 15, -7)
  total 723  sixth=(4, 21, 4, -4)
  total 723  sixth=(10, 1, 9, 0)
  total 723  sixth=(12, 12, 12, 13)
  total 723  sixth=(3, 31, -3, 3)
[shard 2] triple (0, 2, 4) wall 3/12 | 352512 systems, 53929 distinct candidates, best (727, (72, -13, 16, 21)) | 7.39 h
  total 723  sixth=(5, -5, -104, -5)
  total 723  sixth=(9, -32, 23, 0)
  total 723  sixth=(21, -73, -52, 0)
  total 723  sixth=(5, -5, -82, -5)
  total 723  sixth=(20, -69, -49, 0)
  total 723  sixth=(1, -1, 18, 1)
  total 723  sixth=(3, -3, 16, 3)
  total 723  sixth=(7, -7, 43, 7)
  total 723  sixth=(10, 11, -1, 0)
  total 723  sixth=(21, -100, -100, -105)
  total 723  sixth=(15, -15, 28, -15)
  total 723  sixth=(6, -35, -41, 0)
  total 723  sixth=(3, -3, 47, 3)
  total 723  sixth=(4, -39, -35, 0)
  total 723  sixth=(10, -33, -23, 0)
  total 723  sixth=(1, -1, 43, -1)
  total 723  sixth=(11, -2, 0, 9)
  total 723  sixth=(12, -12, -77, -12)
  total 723  sixth=(4, -4, -75, -4)
  total 723  sixth=(1, -1, 16, 1)
  total 723  sixth=(9, 9, 11, 9)
  total 723  sixth=(12, -97, -85, 0)
  total 723  sixth=(1, -1, 15, 1)
  total 723  sixth=(15, -71, -71, -75)
  total 723  sixth=(35, -31, 4, 0)
  total 723  sixth=(75, -73, 2, 0)
  total 723  sixth=(1, -1, -16, 1)
  total 723  sixth=(50, 113, 63, 0)
  total 723  sixth=(3, -3, -70, -3)
  total 723  sixth=(15, -56, -41, 0)
  total 723  sixth=(15, -17, -2, 0)
  total 723  sixth=(5, -5, 213, -5)
  total 723  sixth=(25, -22, 3, 0)
  total 723  sixth=(16, -17, -1, 0)
  total 723  sixth=(31, -16, 0, 15)
  total 723  sixth=(9, 9, 11, -9)
[shard 2] triple (0, 2, 4) wall 6/12 | 373248 systems, 59779 distinct candidates, best (727, (72, -13, 16, 21)) | 7.93 h
  total 723  sixth=(25, -25, 44, -25)
  total 723  sixth=(60, 47, -60, -60)
  total 723  sixth=(75, -83, 8, 0)
  total 723  sixth=(9, -32, -23, 0)
  total 723  sixth=(9, 49, 40, 0)
  total 723  sixth=(12, 67, 55, 0)
  total 723  sixth=(15, -2, -17, 0)
  total 723  sixth=(5, 21, -5, 5)
  total 723  sixth=(21, 2, 23, 0)
  total 723  sixth=(5, 121, 126, 0)
  total 723  sixth=(15, -15, 16, -15)
  total 723  sixth=(5, -83, -78, 0)
  total 723  sixth=(15, -77, 15, 15)
  total 723  sixth=(10, -99, -89, 0)
  total 723  sixth=(9, -9, 49, 9)
  total 723  sixth=(12, -12, 13, 12)
  total 725  sixth=(35, -48, 2, 75)
  total 723  sixth=(1, 24, 0, 25)
  total 723  sixth=(15, -15, 17, 15)
  total 723  sixth=(20, -20, -17, -20)
  total 723  sixth=(4, -4, 7, -4)
  total 723  sixth=(15, 15, -7, 15)
  total 723  sixth=(5, -59, -54, 0)
  total 723  sixth=(12, -12, -11, 12)
  total 725  sixth=(16, -42, -27, -5)
[shard 2] triple (0, 2, 4) wall 9/12 | 393984 systems, 65477 distinct candidates, best (727, (72, -13, 16, 21)) | 8.35 h
  total 723  sixth=(4, -41, 0, 37)
  total 723  sixth=(4, -41, 0, -37)
  total 723  sixth=(50, -21, -50, -50)
  total 723  sixth=(40, -43, -40, -40)
  total 723  sixth=(15, -98, -15, -15)
  total 723  sixth=(10, -9, -10, -10)
  total 723  sixth=(20, -111, -20, -20)
  total 723  sixth=(25, 49, 25, 25)
  total 723  sixth=(5, 5, -213, 5)
  total 723  sixth=(7, 7, 7, 12)
[shard 2] triple (0, 2, 4) wall 12/12 | 414720 systems, 68142 distinct candidates, best (727, (72, -13, 16, 21)) | 8.63 h
  total 723  sixth=(10, 61, 51, 0)
  total 723  sixth=(3, -122, 47, 72)
  total 723  sixth=(6, 6, -7, -6)
  total 723  sixth=(12, 12, -31, -12)
  total 723  sixth=(4, -11, 0, 15)
  total 723  sixth=(5, 34, 29, 0)
  total 723  sixth=(3, 44, -3, 3)
  total 723  sixth=(25, 156, 131, 0)
  total 723  sixth=(10, 111, 101, 0)
  total 723  sixth=(5, 42, 37, 0)
  total 723  sixth=(4, 4, -3, -4)
  total 723  sixth=(4, -4, -5, -4)
  total 723  sixth=(15, 107, 92, 0)
  total 723  sixth=(5, 77, 72, 0)
  total 723  sixth=(6, 9, 0, 14)
  total 723  sixth=(9, -9, 9, -7)
  total 723  sixth=(1, -1, 1, -20)
  total 723  sixth=(10, 87, 97, 0)
[shard 2] triple (0, 3, 4) wall 3/12 | 435456 systems, 71624 distinct candidates, best (727, (72, -13, 16, 21)) | 8.89 h
  total 725  sixth=(11, 13, -8, -27)
  total 725  sixth=(18, -35, 0, -18)
  total 723  sixth=(3, -3, 71, -3)
  total 723  sixth=(4, -33, -29, 0)
  total 723  sixth=(1, -1, 41, -1)
  total 723  sixth=(15, -16, -1, 0)
  total 723  sixth=(12, -12, 11, -12)
  total 725  sixth=(14, 16, -11, -34)
  total 723  sixth=(1, -1, -35, -1)
  total 723  sixth=(3, 20, 17, 0)
  total 723  sixth=(3, -28, -25, 0)
  total 723  sixth=(12, -43, -31, 0)
  total 723  sixth=(14, -51, -37, 0)
  total 723  sixth=(5, -24, -24, -25)
  total 723  sixth=(3, -3, -91, -3)
  total 723  sixth=(9, 9, -8, 9)
  total 723  sixth=(30, -103, -73, 0)
  total 723  sixth=(6, -65, -59, 0)
  total 723  sixth=(1, -1, 25, 1)
  total 723  sixth=(3, -3, 95, -3)
  total 723  sixth=(12, -1, -11, 0)
  total 723  sixth=(6, -11, 6, -6)
  total 723  sixth=(3, -3, 53, -3)
  total 723  sixth=(30, -91, -61, 0)
  total 723  sixth=(15, -53, -38, 0)
[shard 2] triple (0, 3, 4) wall 6/12 | 456192 systems, 78181 distinct candidates, best (727, (72, -13, 16, 21)) | 9.18 h
[shard 2] time budget reached
