[    1.1s] n=6 k=3 c=63    lin 1 -> empty     0 dirs: 0 confirmed, 0 unevaluable, 0 changed; wraps []
[   10.5s] n=6 k=3 c=49    lin 4 -> nonempty  4 dirs: 4 confirmed, 0 unevaluable, 0 changed; wraps [53, 53, 63, 41]
[   54.3s] n=6 k=3 c=55    lin 3 -> nonempty  30 dirs: 23 confirmed, 0 unevaluable, 7 changed; wraps [51, 'multi-cube', 'multi-cube', 'multi-cube', 'multi-cube', 'multi-cube']
[  103.8s] n=6 k=3 c=55    lin 3 -> nonempty  12 dirs: 10 confirmed, 0 unevaluable, 2 changed; wraps [43, 'multi-cube', 'multi-cube', 'multi-cube', 'multi-cube', 'multi-cube']
[  104.4s] n=6 k=3 c=47    lin 4 -> nonempty  4 dirs: 4 confirmed, 0 unevaluable, 0 changed; wraps [47, 13, 13, 13]
[  350.3s] n=6 k=4 c=159   lin 4 -> nonempty  2 dirs: 2 confirmed, 0 unevaluable, 0 changed; wraps [159, 159]
[  664.3s] n=6 k=4 c=179   lin 1 -> empty     0 dirs: 0 confirmed, 0 unevaluable, 0 changed; wraps []
[ 1001.1s] n=6 k=4 c=179   lin 1 -> empty     0 dirs: 0 confirmed, 0 unevaluable, 0 changed; wraps []
[ 1224.4s] n=6 k=4 c=167   lin 3 -> nonempty  15 dirs: 15 confirmed, 0 unevaluable, 0 changed; wraps [63, 169, 161, 175, 173, 127]
[ 1239.4s] n=6 k=5 c=385   lin 1 -> empty     0 dirs: 0 confirmed, 0 unevaluable, 0 changed; wraps []
[ 1300.7s] n=7 k=3 c=55    lin 3 -> nonempty  12 dirs: 12 confirmed, 0 unevaluable, 0 changed; wraps ['multi-cube', 55, 'multi-cube', 'multi-cube', 'multi-cube', 'multi-cube']
[ 1302.9s] n=7 k=3 c=43    lin 5 -> nonempty  5 dirs: 5 confirmed, 0 unevaluable, 0 changed; wraps [57, 57, 63, 63, 63]
[ 1403.6s] n=7 k=3 c=53    lin 3 -> nonempty  16 dirs: 16 confirmed, 0 unevaluable, 0 changed; wraps ['multi-cube', 'multi-cube', 'multi-cube', 'multi-cube', 'multi-cube', 63]
[ 1405.5s] n=7 k=3 c=53    lin 3 -> nonempty  3 dirs: 3 confirmed, 0 unevaluable, 0 changed; wraps [53, 13, 41]
[ 1407.4s] n=7 k=3 c=63    lin 1 -> empty     0 dirs: 0 confirmed, 0 unevaluable, 0 changed; wraps []
[ 1463.6s] n=7 k=3 c=55    lin 3 -> nonempty  12 dirs: 10 confirmed, 0 unevaluable, 2 changed; wraps [43, 'multi-cube', 'multi-cube', 'multi-cube', 'multi-cube', 'multi-cube']
[ 1471.2s] n=7 k=3 c=43    lin 5 -> nonempty  5 dirs: 5 confirmed, 0 unevaluable, 0 changed; wraps [39, 39, 53, 53, 53]
[ 1472.3s] n=7 k=3 c=47    lin 4 -> nonempty  4 dirs: 4 confirmed, 0 unevaluable, 0 changed; wraps [47, 13, 13, 13]
[ 1514.7s] n=7 k=3 c=57    lin 2 -> nonempty  1 dirs: 1 confirmed, 0 unevaluable, 0 changed; wraps [13]
[ 1519.5s] n=7 k=4 c=183   lin 1 -> empty     0 dirs: 0 confirmed, 0 unevaluable, 0 changed; wraps []
[ 1818.4s] n=7 k=4 c=165   lin 3 -> empty     0 dirs: 0 confirmed, 0 unevaluable, 0 changed; wraps []
[ 1912.7s] n=7 k=4 c=147   lin 6 -> nonempty  15 dirs: 15 confirmed, 0 unevaluable, 0 changed; wraps [167, 131, 141, 141, 133, 167]
[ 1921.7s] n=7 k=4 c=167   lin 3 -> nonempty  10 dirs: 10 confirmed, 0 unevaluable, 0 changed; wraps [63, 161, 161, 165, 145, 129]
[ 2140.9s] n=7 k=4 c=171   lin 2 -> nonempty  1 dirs: 1 confirmed, 0 unevaluable, 0 changed; wraps [63]
[ 2470.3s] n=7 k=4 c=165   lin 4 -> nonempty  3 dirs: 3 confirmed, 0 unevaluable, 0 changed; wraps [153, 'multi-cube', 'multi-cube']
[ 2731.6s] n=7 k=4 c=157   lin 5 -> nonempty  34 dirs: 34 confirmed, 0 unevaluable, 0 changed; wraps [155, 'multi-cube', 'multi-cube', 'multi-cube', 'multi-cube', 155]
[ 2814.5s] n=7 k=4 c=161   lin 4 -> nonempty  15 dirs: 15 confirmed, 0 unevaluable, 0 changed; wraps [127, 'multi-cube', 'multi-cube', 'multi-cube', 'multi-cube', 127]
[ 2989.6s] n=7 k=4 c=153   lin 5 -> nonempty  15 dirs: 15 confirmed, 0 unevaluable, 0 changed; wraps [55, 159, 159, 159, 147, 55]
[ 3444.8s] n=7 k=5 c=375   lin 4 -> nonempty  1 dirs: 0 confirmed, 0 unevaluable, 1 changed; wraps []
[ 3456.9s] n=7 k=5 c=385   lin 1 -> empty     0 dirs: 0 confirmed, 0 unevaluable, 0 changed; wraps []
[ 3593.7s] n=7 k=5 c=385   lin 2 -> nonempty  2 dirs: 1 confirmed, 0 unevaluable, 1 changed; wraps [371]
[ 4014.3s] n=7 k=5 c=377   lin 3 -> nonempty  10 dirs: 4 confirmed, 0 unevaluable, 6 changed; wraps ['multi-cube', 173, 'multi-cube', 'multi-cube']
[ 4394.6s] n=7 k=5 c=369   lin 4 -> nonempty  10 dirs: 10 confirmed, 0 unevaluable, 0 changed; wraps [299, 363, 347, 339, 363, 295]
[ 4419.8s] n=7 k=6 c=723   lin 2 -> empty     0 dirs: 0 confirmed, 0 unevaluable, 0 changed; wraps []
[ 4448.8s] n=7 k=6 c=715   lin 3 -> nonempty  1 dirs: 0 confirmed, 0 unevaluable, 1 changed; wraps []
[ 4477.2s] n=8 k=3 c=55    lin 3 -> nonempty  30 dirs: 27 confirmed, 0 unevaluable, 3 changed; wraps [63, 'multi-cube', 'multi-cube', 'multi-cube', 'multi-cube', 'multi-cube']
[ 4480.5s] n=8 k=3 c=43    lin 5 -> nonempty  5 dirs: 5 confirmed, 0 unevaluable, 0 changed; wraps [57, 57, 63, 63, 63]
[ 4524.4s] n=8 k=3 c=53    lin 3 -> nonempty  16 dirs: 16 confirmed, 0 unevaluable, 0 changed; wraps ['multi-cube', 'multi-cube', 'multi-cube', 'multi-cube', 'multi-cube', 63]
[ 4525.6s] n=8 k=3 c=43    lin 5 -> nonempty  5 dirs: 5 confirmed, 0 unevaluable, 0 changed; wraps [39, 28, 63, 63, 63]
[ 4545.4s] n=8 k=3 c=57    lin 2 -> nonempty  1 dirs: 1 confirmed, 0 unevaluable, 0 changed; wraps [13]
[ 4572.7s] n=8 k=3 c=55    lin 3 -> nonempty  30 dirs: 23 confirmed, 0 unevaluable, 7 changed; wraps [51, 'multi-cube', 'multi-cube', 'multi-cube', 'multi-cube', 'multi-cube']
[ 4576.3s] n=8 k=3 c=43    lin 5 -> nonempty  5 dirs: 5 confirmed, 0 unevaluable, 0 changed; wraps [39, 57, 63, 63, 63]
[ 4634.2s] n=8 k=3 c=53    lin 3 -> nonempty  4 dirs: 4 confirmed, 0 unevaluable, 0 changed; wraps ['multi-cube', 'multi-cube', 63, 'multi-cube']
[ 4635.9s] n=8 k=3 c=43    lin 5 -> nonempty  5 dirs: 5 confirmed, 0 unevaluable, 0 changed; wraps [39, 39, 53, 53, 53]
[ 4693.5s] n=8 k=3 c=49    lin 4 -> nonempty  20 dirs: 20 confirmed, 0 unevaluable, 0 changed; wraps [33, 'multi-cube', 'multi-cube', 'multi-cube', 'multi-cube', 63]
[ 4698.2s] n=8 k=3 c=55    lin 2 -> empty     0 dirs: 0 confirmed, 0 unevaluable, 0 changed; wraps []
[ 4704.3s] n=8 k=3 c=47    lin 4 -> nonempty  4 dirs: 4 confirmed, 0 unevaluable, 0 changed; wraps [57, 55, 55, 55]
[ 4705.4s] n=8 k=3 c=43    lin 5 -> nonempty  5 dirs: 5 confirmed, 0 unevaluable, 0 changed; wraps [57, 39, 53, 53, 53]
[ 4714.6s] n=8 k=3 c=47    lin 4 -> nonempty  4 dirs: 4 confirmed, 0 unevaluable, 0 changed; wraps [13, 13, 13, 4]
[ 4719.9s] n=8 k=4 c=183   lin 1 -> empty     0 dirs: 0 confirmed, 0 unevaluable, 0 changed; wraps []
[ 4722.9s] n=8 k=4 c=179   lin 1 -> empty     0 dirs: 0 confirmed, 0 unevaluable, 0 changed; wraps []
[ 4764.9s] n=8 k=4 c=167   lin 2 -> empty     0 dirs: 0 confirmed, 0 unevaluable, 0 changed; wraps []
[ 4850.4s] n=8 k=4 c=147   lin 6 -> nonempty  15 dirs: 15 confirmed, 0 unevaluable, 0 changed; wraps [167, 131, 141, 141, 133, 167]
[ 4965.1s] n=8 k=4 c=163   lin 4 -> nonempty  4 dirs: 4 confirmed, 0 unevaluable, 0 changed; wraps [143, 179, 179, 'multi-cube']
[ 5083.5s] n=8 k=4 c=171   lin 2 -> nonempty  1 dirs: 1 confirmed, 0 unevaluable, 0 changed; wraps [63]
[ 5122.4s] n=8 k=4 c=173   lin 2 -> nonempty  2 dirs: 1 confirmed, 0 unevaluable, 1 changed; wraps [169]
[ 5306.7s] n=8 k=4 c=163   lin 4 -> nonempty  2 dirs: 1 confirmed, 0 unevaluable, 1 changed; wraps [173]
[ 5367.8s] n=8 k=4 c=165   lin 3 -> nonempty  10 dirs: 10 confirmed, 0 unevaluable, 0 changed; wraps [57, 'multi-cube', 'multi-cube', 'multi-cube', 'multi-cube', 57]
[ 5476.5s] n=8 k=4 c=163   lin 4 -> nonempty  3 dirs: 0 confirmed, 0 unevaluable, 3 changed; wraps []
[ 5587.7s] n=8 k=4 c=171   lin 2 -> nonempty  1 dirs: 1 confirmed, 0 unevaluable, 0 changed; wraps [63]
[ 5622.8s] n=8 k=4 c=173   lin 2 -> nonempty  2 dirs: 2 confirmed, 0 unevaluable, 0 changed; wraps [167, 167]
[ 5825.9s] n=8 k=4 c=163   lin 4 -> nonempty  2 dirs: 2 confirmed, 0 unevaluable, 0 changed; wraps [147, 173]
[ 5888.8s] n=8 k=4 c=165   lin 3 -> nonempty  10 dirs: 10 confirmed, 0 unevaluable, 0 changed; wraps [57, 'multi-cube', 'multi-cube', 'multi-cube', 'multi-cube', 57]
[ 6134.5s] n=8 k=4 c=169   lin 2 -> empty     0 dirs: 0 confirmed, 0 unevaluable, 0 changed; wraps []
[ 6144.4s] n=8 k=4 c=153   lin 5 -> nonempty  15 dirs: 15 confirmed, 0 unevaluable, 0 changed; wraps [55, 159, 159, 159, 147, 55]
[ 6155.9s] n=8 k=4 c=161   lin 4 -> nonempty  15 dirs: 15 confirmed, 0 unevaluable, 0 changed; wraps [57, 'multi-cube', 'multi-cube', 'multi-cube', 'multi-cube', 127]
[ 6177.5s] n=8 k=4 c=155   lin 5 -> nonempty  5 dirs: 5 confirmed, 0 unevaluable, 0 changed; wraps [57, 57, 57, 47, 47]
[ 6586.4s] n=8 k=5 c=375   lin 4 -> nonempty  2 dirs: 2 confirmed, 0 unevaluable, 0 changed; wraps [393, 393]
[ 6865.1s] n=8 k=5 c=363   lin 5 -> nonempty  1 dirs: 1 confirmed, 0 unevaluable, 0 changed; wraps [383]
[ 6870.9s] n=8 k=5 c=383   lin 2 -> nonempty  1 dirs: 0 confirmed, 0 unevaluable, 1 changed; wraps []
[ 6969.3s] n=8 k=5 c=353   lin 7 -> nonempty  9 dirs: 5 confirmed, 0 unevaluable, 4 changed; wraps [369, 381, 381, 383, 383]
[ 7022.2s] n=8 k=5 c=341   lin 9 -> nonempty  30 dirs: 30 confirmed, 0 unevaluable, 0 changed; wraps [371, 'multi-cube', 'multi-cube', 'multi-cube', 'multi-cube', 371]
[ 7322.4s] n=8 k=5 c=369   lin 5 -> nonempty  4 dirs: 2 confirmed, 0 unevaluable, 2 changed; wraps [385, 385]
[ 7495.5s] n=8 k=5 c=371   lin 4 -> nonempty  15 dirs: 3 confirmed, 0 unevaluable, 12 changed; wraps [171, 167, 'multi-cube']
[ 7836.0s] n=8 k=5 c=375   lin 3 -> nonempty  1 dirs: 0 confirmed, 0 unevaluable, 1 changed; wraps []
[ 7915.6s] n=8 k=5 c=385   lin 2 -> nonempty  2 dirs: 2 confirmed, 0 unevaluable, 0 changed; wraps [361, 361]
[ 8294.6s] n=8 k=5 c=369   lin 5 -> nonempty  5 dirs: 5 confirmed, 0 unevaluable, 0 changed; wraps [341, 343, 343, 385, 385]
[ 8738.2s] n=8 k=5 c=373   lin 3 -> nonempty  1 dirs: 1 confirmed, 0 unevaluable, 0 changed; wraps [169]
[ 9175.0s] n=8 k=5 c=369   lin 3 -> nonempty  1 dirs: 0 confirmed, 0 unevaluable, 1 changed; wraps []
[ 9614.1s] n=8 k=5 c=369   lin 4 -> nonempty  10 dirs: 9 confirmed, 0 unevaluable, 1 changed; wraps [169, 371, 377, 375, 285, 371]
[ 9633.8s] n=8 k=5 c=359   lin 5 -> nonempty  15 dirs: 15 confirmed, 0 unevaluable, 0 changed; wraps [159, 'multi-cube', 'multi-cube', 'multi-cube', 'multi-cube', 285]
[10147.6s] n=8 k=6 c=709   lin 4 -> nonempty  1 dirs: 0 confirmed, 0 unevaluable, 1 changed; wraps []
[10164.8s] n=8 k=6 c=715   lin 3 -> nonempty  1 dirs: 1 confirmed, 0 unevaluable, 0 changed; wraps [383]
[10191.4s] n=8 k=6 c=715   lin 2 -> empty     0 dirs: 0 confirmed, 0 unevaluable, 0 changed; wraps []
[10219.5s] n=8 k=6 c=715   lin 3 -> nonempty  1 dirs: 0 confirmed, 0 unevaluable, 1 changed; wraps []
[10267.0s] n=8 k=6 c=701   lin 5 -> nonempty  15 dirs: 2 confirmed, 0 unevaluable, 13 changed; wraps [373, 369]
[10310.8s] n=8 k=6 c=707   lin 3 -> empty     0 dirs: 0 confirmed, 0 unevaluable, 0 changed; wraps []
[10351.8s] n=8 k=6 c=695   lin 5 -> nonempty  2 dirs: 2 confirmed, 0 unevaluable, 0 changed; wraps [367, 567]
[11055.5s] n=8 k=7 c=1197  lin 5 -> nonempty  2 dirs: 1 confirmed, 0 unevaluable, 1 changed; wraps [1217]
[11100.7s] n=8 k=7 c=1201  lin 4 -> nonempty  1 dirs: 1 confirmed, 0 unevaluable, 0 changed; wraps [1141]
[11101.7s] n=9 k=3 c=63    lin 1 -> empty     0 dirs: 0 confirmed, 0 unevaluable, 0 changed; wraps []
[11148.3s] n=9 k=3 c=53    lin 3 -> nonempty  16 dirs: 16 confirmed, 0 unevaluable, 0 changed; wraps ['multi-cube', 'multi-cube', 'multi-cube', 'multi-cube', 'multi-cube', 'multi-cube']
[11194.7s] n=9 k=3 c=53    lin 3 -> nonempty  16 dirs: 16 confirmed, 0 unevaluable, 0 changed; wraps ['multi-cube', 'multi-cube', 'multi-cube', 'multi-cube', 'multi-cube', 63]
[11223.9s] n=9 k=3 c=55    lin 3 -> nonempty  12 dirs: 12 confirmed, 0 unevaluable, 0 changed; wraps [47, 'multi-cube', 'multi-cube', 'multi-cube', 'multi-cube', 'multi-cube']
[11224.4s] n=9 k=3 c=53    lin 3 -> nonempty  3 dirs: 3 confirmed, 0 unevaluable, 0 changed; wraps [53, 13, 41]
[11225.5s] n=9 k=3 c=43    lin 5 -> nonempty  5 dirs: 4 confirmed, 0 unevaluable, 1 changed; wraps [57, 53, 53, 53]
[11226.2s] n=9 k=3 c=37    lin 6 -> nonempty  6 dirs: 3 confirmed, 0 unevaluable, 3 changed; wraps [57, 57, 57]
[11228.3s] n=9 k=3 c=49    lin 4 -> nonempty  4 dirs: 4 confirmed, 0 unevaluable, 0 changed; wraps [45, 53, 55, 45]
[11229.4s] n=9 k=3 c=63    lin 1 -> empty     0 dirs: 0 confirmed, 0 unevaluable, 0 changed; wraps []
[11248.3s] n=9 k=3 c=53    lin 3 -> nonempty  3 dirs: 3 confirmed, 0 unevaluable, 0 changed; wraps [41, 55, 63]
[11304.3s] n=9 k=3 c=55    lin 2 -> empty     0 dirs: 0 confirmed, 0 unevaluable, 0 changed; wraps []
[11305.1s] n=9 k=3 c=37    lin 6 -> nonempty  6 dirs: 6 confirmed, 0 unevaluable, 0 changed; wraps [57, 57, 57, 57, 57, 57]
[11364.3s] n=9 k=3 c=49    lin 4 -> nonempty  20 dirs: 20 confirmed, 0 unevaluable, 0 changed; wraps [33, 'multi-cube', 'multi-cube', 'multi-cube', 'multi-cube', 63]
[11364.9s] n=9 k=3 c=47    lin 4 -> nonempty  4 dirs: 4 confirmed, 0 unevaluable, 0 changed; wraps [47, 13, 13, 13]
[11365.6s] n=9 k=3 c=47    lin 4 -> nonempty  4 dirs: 4 confirmed, 0 unevaluable, 0 changed; wraps [55, 55, 55, 47]
[11366.2s] n=9 k=3 c=43    lin 4 -> nonempty  4 dirs: 3 confirmed, 0 unevaluable, 1 changed; wraps [57, 55, 55]
[11370.1s] n=9 k=3 c=55    lin 2 -> empty     0 dirs: 0 confirmed, 0 unevaluable, 0 changed; wraps []
[11373.9s] n=9 k=3 c=43    lin 5 -> nonempty  5 dirs: 5 confirmed, 0 unevaluable, 0 changed; wraps [57, 31, 53, 53, 53]
[11374.5s] n=9 k=3 c=47    lin 4 -> nonempty  4 dirs: 4 confirmed, 0 unevaluable, 0 changed; wraps [13, 13, 13, 4]
[11385.2s] n=9 k=3 c=57    lin 2 -> nonempty  2 dirs: 2 confirmed, 0 unevaluable, 0 changed; wraps [13, 13]
[11386.1s] n=9 k=3 c=37    lin 6 -> nonempty  6 dirs: 6 confirmed, 0 unevaluable, 0 changed; wraps [40, 40, 40, 47, 47, 47]
[11604.5s] n=9 k=4 c=159   lin 4 -> nonempty  2 dirs: 2 confirmed, 0 unevaluable, 0 changed; wraps [159, 159]
[11607.8s] n=9 k=4 c=179   lin 1 -> empty     0 dirs: 0 confirmed, 0 unevaluable, 0 changed; wraps []
[11788.8s] n=9 k=4 c=163   lin 4 -> nonempty  4 dirs: 4 confirmed, 0 unevaluable, 0 changed; wraps [143, 179, 179, 'multi-cube']
[11810.7s] n=9 k=4 c=169   lin 2 -> empty     0 dirs: 0 confirmed, 0 unevaluable, 0 changed; wraps []
[11813.8s] n=9 k=4 c=141   lin 8 -> nonempty  8 dirs: 8 confirmed, 0 unevaluable, 0 changed; wraps [165, 165, 171, 171, 171, 171]
[11980.8s] n=9 k=4 c=165   lin 4 -> nonempty  3 dirs: 1 confirmed, 0 unevaluable, 2 changed; wraps [173]
[11986.1s] n=9 k=4 c=167   lin 3 -> nonempty  10 dirs: 10 confirmed, 0 unevaluable, 0 changed; wraps [63, 161, 161, 165, 145, 129]
[12087.2s] n=9 k=4 c=157   lin 5 -> nonempty  40 dirs: 8 confirmed, 0 unevaluable, 32 changed; wraps [169, 'multi-cube', 169, 'multi-cube', 'multi-cube', 167]
[12169.8s] n=9 k=4 c=147   lin 6 -> nonempty  50 dirs: 23 confirmed, 0 unevaluable, 27 changed; wraps ['multi-cube', 'multi-cube', 'multi-cube', 'multi-cube', 171, 'multi-cube']
[12187.1s] n=9 k=4 c=169   lin 2 -> empty     0 dirs: 0 confirmed, 0 unevaluable, 0 changed; wraps []
[12239.7s] n=9 k=4 c=153   lin 6 -> nonempty  27 dirs: 22 confirmed, 0 unevaluable, 5 changed; wraps [145, 'multi-cube', 'multi-cube', 'multi-cube', 'multi-cube', 'multi-cube']
[12247.3s] n=9 k=4 c=161   lin 4 -> nonempty  15 dirs: 3 confirmed, 0 unevaluable, 12 changed; wraps [57, 'multi-cube', 53]
[12295.1s] n=9 k=4 c=165   lin 3 -> nonempty  10 dirs: 9 confirmed, 0 unevaluable, 1 changed; wraps [57, 'multi-cube', 'multi-cube', 'multi-cube', 57, 'multi-cube']
[12300.5s] n=9 k=4 c=141   lin 8 -> nonempty  8 dirs: 7 confirmed, 0 unevaluable, 1 changed; wraps [165, 153, 153, 153, 161, 161]
[12395.1s] n=9 k=4 c=163   lin 4 -> nonempty  3 dirs: 0 confirmed, 0 unevaluable, 3 changed; wraps []
[12412.8s] n=9 k=4 c=169   lin 2 -> empty     0 dirs: 0 confirmed, 0 unevaluable, 0 changed; wraps []
[12416.4s] n=9 k=4 c=147   lin 7 -> nonempty  7 dirs: 5 confirmed, 0 unevaluable, 2 changed; wraps [135, 135, 167, 167, 167]
[12449.3s] n=9 k=4 c=151   lin 6 -> nonempty  6 dirs: 6 confirmed, 0 unevaluable, 0 changed; wraps [131, 163, 169, 169, 169, 171]
[12638.2s] n=9 k=4 c=169   lin 2 -> empty     0 dirs: 0 confirmed, 0 unevaluable, 0 changed; wraps []
[12745.1s] n=9 k=4 c=147   lin 6 -> nonempty  41 dirs: 17 confirmed, 0 unevaluable, 24 changed; wraps [169, 'multi-cube', 169, 169, 'multi-cube', 'multi-cube']
[12754.2s] n=9 k=4 c=161   lin 4 -> nonempty  15 dirs: 15 confirmed, 0 unevaluable, 0 changed; wraps [119, 'multi-cube', 'multi-cube', 'multi-cube', 'multi-cube', 119]
[12863.5s] n=9 k=4 c=163   lin 3 -> nonempty  1 dirs: 1 confirmed, 0 unevaluable, 0 changed; wraps [55]
[12864.9s] n=9 k=4 c=145   lin 7 -> nonempty  7 dirs: 6 confirmed, 0 unevaluable, 1 changed; wraps [163, 163, 163, 163, 163, 165]
[12949.2s] n=9 k=4 c=171   lin 2 -> nonempty  1 dirs: 1 confirmed, 0 unevaluable, 0 changed; wraps [63]
[13005.4s] n=9 k=4 c=157   lin 4 -> nonempty  27 dirs: 22 confirmed, 0 unevaluable, 5 changed; wraps [169, 'multi-cube', 'multi-cube', 'multi-cube', 'multi-cube', 169]
[13014.1s] n=9 k=4 c=155   lin 5 -> nonempty  20 dirs: 19 confirmed, 0 unevaluable, 1 changed; wraps [57, 'multi-cube', 'multi-cube', 'multi-cube', 57, 'multi-cube']
[13063.9s] n=9 k=4 c=165   lin 3 -> nonempty  10 dirs: 10 confirmed, 0 unevaluable, 0 changed; wraps [57, 'multi-cube', 'multi-cube', 'multi-cube', 'multi-cube', 57]
[13069.4s] n=9 k=4 c=141   lin 7 -> nonempty  7 dirs: 7 confirmed, 0 unevaluable, 0 changed; wraps [165, 159, 159, 159, 163, 163]
[13076.5s] n=9 k=4 c=159   lin 3 -> nonempty  1 dirs: 1 confirmed, 0 unevaluable, 0 changed; wraps [55]
[13080.8s] n=9 k=4 c=141   lin 8 -> nonempty  8 dirs: 7 confirmed, 0 unevaluable, 1 changed; wraps [165, 121, 153, 153, 161, 161]
[13096.9s] n=9 k=4 c=147   lin 5 -> nonempty  5 dirs: 5 confirmed, 0 unevaluable, 0 changed; wraps [57, 57, 57, 40, 47]
[13101.5s] n=9 k=5 c=393   lin 1 -> empty     0 dirs: 0 confirmed, 0 unevaluable, 0 changed; wraps []
[13480.0s] n=9 k=5 c=375   lin 4 -> nonempty  1 dirs: 1 confirmed, 0 unevaluable, 0 changed; wraps [393]
[13971.4s] n=9 k=5 c=385   lin 2 -> empty     0 dirs: 0 confirmed, 0 unevaluable, 0 changed; wraps []
[14073.3s] n=9 k=5 c=357   lin 7 -> nonempty  6 dirs: 6 confirmed, 0 unevaluable, 0 changed; wraps [339, 387, 'multi-cube', 385, 385, 385]
[14079.7s] n=9 k=5 c=383   lin 2 -> nonempty  1 dirs: 0 confirmed, 0 unevaluable, 1 changed; wraps []
[14322.5s] n=9 k=5 c=369   lin 4 -> nonempty  1 dirs: 1 confirmed, 0 unevaluable, 0 changed; wraps [385]
[14878.9s] n=9 k=5 c=363   lin 5 -> nonempty  4 dirs: 4 confirmed, 0 unevaluable, 0 changed; wraps [381, 381, 381, 381]
[14892.1s] n=9 k=5 c=375   lin 3 -> nonempty  10 dirs: 10 confirmed, 0 unevaluable, 0 changed; wraps [171, 'multi-cube', 'multi-cube', 'multi-cube', 'multi-cube', 171]
[15057.4s] n=9 k=5 c=351   lin 7 -> nonempty  20 dirs: 6 confirmed, 0 unevaluable, 14 changed; wraps [361, 'multi-cube', 'multi-cube', 'multi-cube', 371, 'multi-cube']
[15079.7s] n=9 k=5 c=381   lin 2 -> empty     0 dirs: 0 confirmed, 0 unevaluable, 0 changed; wraps []
[15245.9s] n=9 k=5 c=369   lin 5 -> nonempty  5 dirs: 2 confirmed, 0 unevaluable, 3 changed; wraps [385, 385]
[15532.3s] n=9 k=5 c=353   lin 7 -> nonempty  9 dirs: 7 confirmed, 0 unevaluable, 2 changed; wraps [369, 383, 383, 381, 381, 381]
[15560.0s] n=9 k=5 c=373   lin 3 -> nonempty  1 dirs: 1 confirmed, 0 unevaluable, 0 changed; wraps [169]
[15731.1s] n=9 k=5 c=347   lin 8 -> nonempty  70 dirs: 10 confirmed, 0 unevaluable, 60 changed; wraps [369, 'multi-cube', 369, 'multi-cube', 'multi-cube', 363]
[15762.0s] n=9 k=5 c=375   lin 3 -> nonempty  1 dirs: 0 confirmed, 0 unevaluable, 1 changed; wraps []
[16243.4s] n=9 k=5 c=369   lin 3 -> nonempty  1 dirs: 1 confirmed, 0 unevaluable, 0 changed; wraps [169]
[16422.9s] n=9 k=5 c=337   lin 9 -> nonempty  62 dirs: 16 confirmed, 0 unevaluable, 46 changed; wraps [369, 'multi-cube', 'multi-cube', 369, 369, 375]
[16595.8s] n=9 k=5 c=369   lin 4 -> nonempty  15 dirs: 13 confirmed, 0 unevaluable, 2 changed; wraps [165, 'multi-cube', 'multi-cube', 'multi-cube', 165, 'multi-cube']
[16619.8s] n=9 k=5 c=381   lin 2 -> empty     0 dirs: 0 confirmed, 0 unevaluable, 0 changed; wraps []
[16948.2s] n=9 k=5 c=369   lin 5 -> nonempty  5 dirs: 5 confirmed, 0 unevaluable, 0 changed; wraps [337, 'multi-cube', 'multi-cube', 385, 385]
[16981.0s] n=9 k=5 c=369   lin 4 -> nonempty  10 dirs: 10 confirmed, 0 unevaluable, 0 changed; wraps [299, 363, 347, 339, 363, 295]
[17005.7s] n=9 k=5 c=367   lin 3 -> empty     0 dirs: 0 confirmed, 0 unevaluable, 0 changed; wraps []
[17060.9s] n=9 k=5 c=351   lin 8 -> nonempty  8 dirs: 6 confirmed, 0 unevaluable, 2 changed; wraps [319, 319, 361, 361, 361, 371]
[17108.7s] n=9 k=5 c=367   lin 3 -> nonempty  2 dirs: 2 confirmed, 0 unevaluable, 0 changed; wraps [357, 357]
[17233.3s] n=9 k=5 c=353   lin 7 -> nonempty  5 dirs: 3 confirmed, 0 unevaluable, 2 changed; wraps [329, 375, 377]
[17256.4s] n=9 k=5 c=365   lin 5 -> nonempty  20 dirs: 20 confirmed, 0 unevaluable, 0 changed; wraps [287, 'multi-cube', 'multi-cube', 'multi-cube', 'multi-cube', 287]
[17293.5s] n=9 k=5 c=345   lin 9 -> nonempty  9 dirs: 8 confirmed, 0 unevaluable, 1 changed; wraps [301, 309, 355, 355, 355, 355]
[17318.1s] n=9 k=5 c=367   lin 3 -> empty     0 dirs: 0 confirmed, 0 unevaluable, 0 changed; wraps []
[17491.4s] n=9 k=5 c=347   lin 8 -> nonempty  40 dirs: 31 confirmed, 0 unevaluable, 9 changed; wraps [319, 'multi-cube', 'multi-cube', 'multi-cube', 369, 'multi-cube']
[17514.9s] n=9 k=5 c=345   lin 6 -> nonempty  20 dirs: 20 confirmed, 0 unevaluable, 0 changed; wraps [159, 'multi-cube', 'multi-cube', 'multi-cube', 'multi-cube', 159]
[17535.1s] n=9 k=5 c=359   lin 5 -> nonempty  15 dirs: 15 confirmed, 0 unevaluable, 0 changed; wraps [159, 'multi-cube', 'multi-cube', 'multi-cube', 'multi-cube', 285]
[17586.1s] n=9 k=5 c=337   lin 9 -> nonempty  9 dirs: 7 confirmed, 0 unevaluable, 2 changed; wraps [359, 301, 351, 351, 357, 359]
[17612.9s] n=9 k=6 c=723   lin 2 -> empty     0 dirs: 0 confirmed, 0 unevaluable, 0 changed; wraps []
[18543.8s] n=9 k=6 c=709   lin 4 -> nonempty  1 dirs: 1 confirmed, 0 unevaluable, 0 changed; wraps [727]
[18575.3s] n=9 k=6 c=713   lin 3 -> empty     0 dirs: 0 confirmed, 0 unevaluable, 0 changed; wraps []
[18616.6s] n=9 k=6 c=711   lin 3 -> empty     0 dirs: 0 confirmed, 0 unevaluable, 0 changed; wraps []
[19088.9s] n=9 k=6 c=685   lin 8 -> nonempty  25 dirs: 12 confirmed, 0 unevaluable, 13 changed; wraps ['multi-cube', 705, 'multi-cube', 705, 'multi-cube', 'multi-cube']
[19112.0s] n=9 k=6 c=707   lin 2 -> empty     0 dirs: 0 confirmed, 0 unevaluable, 0 changed; wraps []
[19425.4s] n=9 k=6 c=687   lin 7 -> nonempty  20 dirs: 6 confirmed, 0 unevaluable, 14 changed; wraps ['multi-cube', 715, 'multi-cube', 'multi-cube', 717, 'multi-cube']
[19455.4s] n=9 k=6 c=703   lin 4 -> nonempty  10 dirs: 10 confirmed, 0 unevaluable, 0 changed; wraps [371, 'multi-cube', 'multi-cube', 'multi-cube', 'multi-cube', 371]
[19785.7s] n=9 k=6 c=673   lin 10 -> nonempty  35 dirs: 11 confirmed, 0 unevaluable, 24 changed; wraps [693, 'multi-cube', 'multi-cube', 693, 'multi-cube', 693]
[19837.1s] n=9 k=6 c=707   lin 3 -> empty     0 dirs: 0 confirmed, 0 unevaluable, 0 changed; wraps []
[20770.7s] n=9 k=6 c=687   lin 8 -> nonempty  21 dirs: 10 confirmed, 0 unevaluable, 11 changed; wraps [709, 709, 715, 715, 715, 715]
[20843.1s] n=9 k=6 c=689   lin 5 -> nonempty  15 dirs: 2 confirmed, 0 unevaluable, 13 changed; wraps [369, 369]
[20899.4s] n=9 k=6 c=703   lin 4 -> nonempty  10 dirs: 3 confirmed, 0 unevaluable, 7 changed; wraps [375, 'multi-cube', 'multi-cube']
[25059.2s] n=9 k=6 c=671   lin 10 -> nonempty  102 dirs: 19 confirmed, 33 unevaluable, 50 changed; wraps [695, 695, 695, 695, 'multi-cube', 'multi-cube']
[25124.6s] n=9 k=6 c=707   lin 3 -> nonempty  2 dirs: 2 confirmed, 0 unevaluable, 0 changed; wraps [675, 675]
[25415.8s] n=9 k=6 c=697   lin 6 -> nonempty  6 dirs: 4 confirmed, 0 unevaluable, 2 changed; wraps [659, 659, 715, 715]
[25449.0s] n=9 k=6 c=701   lin 5 -> nonempty  15 dirs: 13 confirmed, 0 unevaluable, 2 changed; wraps ['multi-cube', 'multi-cube', 'multi-cube', 571, 'multi-cube', 'multi-cube']
[25565.4s] n=9 k=6 c=679   lin 9 -> nonempty  62 dirs: 24 confirmed, 0 unevaluable, 38 changed; wraps [623, 'multi-cube', 623, 623, 693, 'multi-cube']
[26180.2s] n=9 k=6 c=695   lin 4 -> nonempty  1 dirs: 0 confirmed, 0 unevaluable, 1 changed; wraps []
[26612.5s] n=9 k=6 c=689   lin 5 -> nonempty  15 dirs: 15 confirmed, 0 unevaluable, 0 changed; wraps [369, 'multi-cube', 'multi-cube', 'multi-cube', 'multi-cube', 579]
[26910.6s] n=9 k=6 c=677   lin 7 -> nonempty  25 dirs: 24 confirmed, 0 unevaluable, 1 changed; wraps [363, 'multi-cube', 'multi-cube', 'multi-cube', 363, 'multi-cube']
[26931.4s] n=9 k=7 c=1209  lin 2 -> empty     0 dirs: 0 confirmed, 0 unevaluable, 0 changed; wraps []
[27539.2s] n=9 k=7 c=1197  lin 5 -> nonempty  2 dirs: 1 confirmed, 0 unevaluable, 1 changed; wraps [1217]
[27571.9s] n=9 k=7 c=1205  lin 4 -> nonempty  1 dirs: 1 confirmed, 0 unevaluable, 0 changed; wraps [713]
[27999.2s] n=9 k=7 c=1173  lin 9 -> nonempty  5 dirs: 5 confirmed, 0 unevaluable, 0 changed; wraps [1197, 1191, 1191, 1191, 1205]
[28066.9s] n=9 k=7 c=1195  lin 4 -> nonempty  1 dirs: 0 confirmed, 0 unevaluable, 1 changed; wraps []
[28128.5s] n=9 k=7 c=1195  lin 4 -> nonempty  10 dirs: 3 confirmed, 0 unevaluable, 7 changed; wraps [715, 'multi-cube', 'multi-cube']
[28229.1s] n=9 k=7 c=1181  lin 6 -> nonempty  20 dirs: 3 confirmed, 0 unevaluable, 17 changed; wraps [701, 689, 701]
[28274.0s] n=9 k=7 c=1193  lin 4 -> nonempty  1 dirs: 1 confirmed, 0 unevaluable, 0 changed; wraps [1141]
[28320.0s] n=9 k=7 c=1181  lin 5 -> nonempty  2 dirs: 1 confirmed, 0 unevaluable, 1 changed; wraps [1127]
[28376.3s] n=9 k=8 c=1887  lin 3 -> empty     0 dirs: 0 confirmed, 0 unevaluable, 0 changed; wraps []
[28431.0s] n=9 k=8 c=1873  lin 4 -> nonempty  1 dirs: 0 confirmed, 0 unevaluable, 1 changed; wraps []
[28431.0s] done: 206 classes
