[   30.5s] n=6 k=3 c=49    lin 3 -> empty     0 dirs: 0 confirmed, 0 unevaluable, 0 changed; wraps []
[   63.2s] n=6 k=3 c=63    lin 1 -> empty     0 dirs: 0 confirmed, 0 unevaluable, 0 changed; wraps []
[   98.1s] n=6 k=3 c=63    lin 1 -> empty     0 dirs: 0 confirmed, 0 unevaluable, 0 changed; wraps []
[  111.0s] n=6 k=3 c=53    lin 3 -> nonempty  3 dirs: 3 confirmed, 0 unevaluable, 0 changed; wraps [53, 41, 41]
[  124.3s] n=6 k=3 c=53    lin 3 -> nonempty  3 dirs: 3 confirmed, 0 unevaluable, 0 changed; wraps [53, 13, 41]
[  127.0s] n=6 k=4 c=179   lin 1 -> empty     0 dirs: 0 confirmed, 0 unevaluable, 0 changed; wraps []
[  434.3s] n=6 k=4 c=165   lin 4 -> nonempty  3 dirs: 1 confirmed, 0 unevaluable, 2 changed; wraps [173]
[  887.7s] n=6 k=4 c=165   lin 4 -> nonempty  3 dirs: 3 confirmed, 0 unevaluable, 0 changed; wraps [153, 'multi-cube', 'multi-cube']
[  901.0s] n=6 k=5 c=393   lin 1 -> empty     0 dirs: 0 confirmed, 0 unevaluable, 0 changed; wraps []
[ 1656.6s] n=6 k=5 c=385   lin 2 -> nonempty  2 dirs: 1 confirmed, 0 unevaluable, 1 changed; wraps [371]
[ 1719.8s] n=7 k=3 c=55    lin 3 -> nonempty  30 dirs: 27 confirmed, 0 unevaluable, 3 changed; wraps [63, 'multi-cube', 'multi-cube', 'multi-cube', 'multi-cube', 'multi-cube']
[ 1787.3s] n=7 k=3 c=55    lin 3 -> nonempty  30 dirs: 30 confirmed, 0 unevaluable, 0 changed; wraps [63, 'multi-cube', 'multi-cube', 'multi-cube', 'multi-cube', 'multi-cube']
[ 1789.8s] n=7 k=3 c=63    lin 1 -> empty     0 dirs: 0 confirmed, 0 unevaluable, 0 changed; wraps []
[ 1796.3s] n=7 k=3 c=57    lin 2 -> nonempty  1 dirs: 1 confirmed, 0 unevaluable, 0 changed; wraps [13]
[ 1801.1s] n=7 k=3 c=49    lin 4 -> nonempty  4 dirs: 4 confirmed, 0 unevaluable, 0 changed; wraps [45, 53, 55, 45]
[ 1808.8s] n=7 k=3 c=43    lin 5 -> nonempty  5 dirs: 2 confirmed, 0 unevaluable, 3 changed; wraps [57, 63]
[ 1811.3s] n=7 k=3 c=63    lin 1 -> empty     0 dirs: 0 confirmed, 0 unevaluable, 0 changed; wraps []
[ 1927.8s] n=7 k=3 c=55    lin 2 -> empty     0 dirs: 0 confirmed, 0 unevaluable, 0 changed; wraps []
[ 1935.4s] n=7 k=3 c=43    lin 5 -> nonempty  5 dirs: 5 confirmed, 0 unevaluable, 0 changed; wraps [57, 39, 53, 53, 53]
[ 2370.3s] n=7 k=4 c=159   lin 4 -> nonempty  2 dirs: 2 confirmed, 0 unevaluable, 0 changed; wraps [159, 159]
[ 2485.0s] n=7 k=4 c=153   lin 6 -> nonempty  60 dirs: 42 confirmed, 0 unevaluable, 18 changed; wraps [171, 'multi-cube', 'multi-cube', 'multi-cube', 'multi-cube', 'multi-cube']
[ 2490.9s] n=7 k=4 c=179   lin 1 -> empty     0 dirs: 0 confirmed, 0 unevaluable, 0 changed; wraps []
[ 2526.1s] n=7 k=4 c=169   lin 2 -> empty     0 dirs: 0 confirmed, 0 unevaluable, 0 changed; wraps []
[ 2650.5s] n=7 k=4 c=153   lin 6 -> nonempty  27 dirs: 6 confirmed, 0 unevaluable, 21 changed; wraps [145, 'multi-cube', 'multi-cube', 173, 173, 173]
[ 2944.4s] n=7 k=4 c=163   lin 4 -> nonempty  3 dirs: 0 confirmed, 0 unevaluable, 3 changed; wraps []
[ 3002.8s] n=7 k=4 c=173   lin 2 -> nonempty  2 dirs: 2 confirmed, 0 unevaluable, 0 changed; wraps [167, 167]
[ 3078.0s] n=7 k=4 c=167   lin 3 -> nonempty  15 dirs: 15 confirmed, 0 unevaluable, 0 changed; wraps [63, 169, 161, 175, 173, 127]
[ 3153.5s] n=7 k=4 c=161   lin 4 -> nonempty  15 dirs: 15 confirmed, 0 unevaluable, 0 changed; wraps [57, 'multi-cube', 'multi-cube', 'multi-cube', 'multi-cube', 127]
[ 3280.6s] n=7 k=5 c=383   lin 2 -> empty     0 dirs: 0 confirmed, 0 unevaluable, 0 changed; wraps []
[ 3294.9s] n=7 k=5 c=383   lin 2 -> nonempty  1 dirs: 0 confirmed, 0 unevaluable, 1 changed; wraps []
[ 3334.6s] n=7 k=5 c=381   lin 2 -> empty     0 dirs: 0 confirmed, 0 unevaluable, 0 changed; wraps []
[ 3470.5s] n=7 k=5 c=385   lin 2 -> nonempty  2 dirs: 2 confirmed, 0 unevaluable, 0 changed; wraps [361, 361]
[ 3869.9s] n=7 k=5 c=377   lin 3 -> nonempty  10 dirs: 2 confirmed, 0 unevaluable, 8 changed; wraps [359, 'multi-cube']
[ 4520.8s] n=7 k=6 c=709   lin 4 -> nonempty  1 dirs: 0 confirmed, 0 unevaluable, 1 changed; wraps []
[ 4546.0s] n=7 k=6 c=715   lin 3 -> nonempty  1 dirs: 1 confirmed, 0 unevaluable, 0 changed; wraps [675]
[ 4547.2s] n=8 k=3 c=63    lin 1 -> empty     0 dirs: 0 confirmed, 0 unevaluable, 0 changed; wraps []
[ 4575.3s] n=8 k=3 c=55    lin 3 -> nonempty  30 dirs: 30 confirmed, 0 unevaluable, 0 changed; wraps [63, 'multi-cube', 'multi-cube', 'multi-cube', 'multi-cube', 'multi-cube']
[ 4579.2s] n=8 k=3 c=43    lin 5 -> nonempty  5 dirs: 5 confirmed, 0 unevaluable, 0 changed; wraps [57, 57, 63, 63, 63]
[ 4645.4s] n=8 k=3 c=53    lin 3 -> nonempty  4 dirs: 4 confirmed, 0 unevaluable, 0 changed; wraps ['multi-cube', 'multi-cube', 63, 'multi-cube']
[ 4646.5s] n=8 k=3 c=43    lin 5 -> nonempty  5 dirs: 4 confirmed, 0 unevaluable, 1 changed; wraps [57, 53, 53, 53]
[ 4647.6s] n=8 k=3 c=63    lin 1 -> empty     0 dirs: 0 confirmed, 0 unevaluable, 0 changed; wraps []
[ 4648.7s] n=8 k=3 c=63    lin 1 -> empty     0 dirs: 0 confirmed, 0 unevaluable, 0 changed; wraps []
[ 4649.7s] n=8 k=3 c=53    lin 3 -> nonempty  3 dirs: 3 confirmed, 0 unevaluable, 0 changed; wraps [53, 41, 41]
[ 4653.7s] n=8 k=3 c=43    lin 5 -> nonempty  5 dirs: 5 confirmed, 0 unevaluable, 0 changed; wraps [39, 31, 53, 53, 53]
[ 4654.8s] n=8 k=3 c=53    lin 3 -> nonempty  3 dirs: 2 confirmed, 0 unevaluable, 1 changed; wraps [55, 63]
[ 4677.0s] n=8 k=3 c=57    lin 2 -> nonempty  1 dirs: 1 confirmed, 0 unevaluable, 0 changed; wraps [13]
[ 4677.8s] n=8 k=3 c=53    lin 3 -> nonempty  3 dirs: 3 confirmed, 0 unevaluable, 0 changed; wraps [53, 13, 41]
[ 4697.4s] n=8 k=3 c=53    lin 3 -> nonempty  3 dirs: 3 confirmed, 0 unevaluable, 0 changed; wraps [55, 41, 53]
[ 4709.6s] n=8 k=3 c=57    lin 2 -> nonempty  2 dirs: 2 confirmed, 0 unevaluable, 0 changed; wraps [13, 13]
[ 4941.1s] n=8 k=4 c=159   lin 4 -> nonempty  2 dirs: 2 confirmed, 0 unevaluable, 0 changed; wraps [159, 159]
[ 5116.4s] n=8 k=4 c=165   lin 3 -> empty     0 dirs: 0 confirmed, 0 unevaluable, 0 changed; wraps []
[ 5121.1s] n=8 k=4 c=171   lin 2 -> nonempty  1 dirs: 1 confirmed, 0 unevaluable, 0 changed; wraps [63]
[ 5124.0s] n=8 k=4 c=141   lin 8 -> nonempty  8 dirs: 8 confirmed, 0 unevaluable, 0 changed; wraps [165, 165, 171, 171, 171, 171]
[ 5340.6s] n=8 k=4 c=163   lin 4 -> nonempty  3 dirs: 3 confirmed, 0 unevaluable, 0 changed; wraps [169, 179, 179]
[ 5434.8s] n=8 k=4 c=157   lin 5 -> nonempty  40 dirs: 8 confirmed, 0 unevaluable, 32 changed; wraps [169, 'multi-cube', 169, 'multi-cube', 'multi-cube', 167]
[ 5439.5s] n=8 k=4 c=171   lin 2 -> nonempty  1 dirs: 1 confirmed, 0 unevaluable, 0 changed; wraps [63]
[ 5551.6s] n=8 k=4 c=147   lin 6 -> nonempty  41 dirs: 25 confirmed, 0 unevaluable, 16 changed; wraps [169, 'multi-cube', 'multi-cube', 169, 169, 169]
[ 5557.7s] n=8 k=4 c=141   lin 8 -> nonempty  8 dirs: 7 confirmed, 0 unevaluable, 1 changed; wraps [165, 161, 161, 161, 161, 161]
[ 5792.6s] n=8 k=4 c=163   lin 4 -> nonempty  3 dirs: 3 confirmed, 0 unevaluable, 0 changed; wraps [147, 179, 179]
[ 5889.4s] n=8 k=4 c=157   lin 5 -> nonempty  34 dirs: 34 confirmed, 0 unevaluable, 0 changed; wraps [155, 'multi-cube', 'multi-cube', 'multi-cube', 'multi-cube', 155]
[ 5894.5s] n=8 k=4 c=171   lin 2 -> nonempty  1 dirs: 0 confirmed, 0 unevaluable, 1 changed; wraps []
[ 6066.4s] n=8 k=4 c=147   lin 6 -> nonempty  41 dirs: 17 confirmed, 0 unevaluable, 24 changed; wraps [169, 'multi-cube', 169, 169, 'multi-cube', 'multi-cube']
[ 6074.0s] n=8 k=4 c=141   lin 8 -> nonempty  8 dirs: 8 confirmed, 0 unevaluable, 0 changed; wraps [125, 121, 161, 161, 161, 161]
[ 6163.0s] n=8 k=4 c=157   lin 5 -> nonempty  25 dirs: 25 confirmed, 0 unevaluable, 0 changed; wraps [137, 'multi-cube', 'multi-cube', 'multi-cube', 'multi-cube', 169]
[ 6174.6s] n=8 k=4 c=155   lin 5 -> nonempty  20 dirs: 19 confirmed, 0 unevaluable, 1 changed; wraps [57, 'multi-cube', 'multi-cube', 'multi-cube', 57, 'multi-cube']
[ 6270.2s] n=8 k=4 c=159   lin 4 -> nonempty  10 dirs: 10 confirmed, 0 unevaluable, 0 changed; wraps [55, 165, 149, 165, 165, 119]
[ 6275.1s] n=8 k=5 c=393   lin 1 -> empty     0 dirs: 0 confirmed, 0 unevaluable, 0 changed; wraps []
[ 6337.3s] n=8 k=5 c=383   lin 2 -> empty     0 dirs: 0 confirmed, 0 unevaluable, 0 changed; wraps []
[ 6541.8s] n=8 k=5 c=353   lin 7 -> nonempty  25 dirs: 11 confirmed, 0 unevaluable, 14 changed; wraps ['multi-cube', 'multi-cube', 'multi-cube', 383, 'multi-cube', 383]
[ 6560.1s] n=8 k=5 c=381   lin 2 -> empty     0 dirs: 0 confirmed, 0 unevaluable, 0 changed; wraps []
[ 6571.1s] n=8 k=5 c=371   lin 3 -> nonempty  1 dirs: 1 confirmed, 0 unevaluable, 0 changed; wraps [167]
[ 6635.0s] n=8 k=5 c=385   lin 2 -> nonempty  2 dirs: 1 confirmed, 0 unevaluable, 1 changed; wraps [371]
[ 6932.0s] n=8 k=5 c=369   lin 5 -> nonempty  5 dirs: 2 confirmed, 0 unevaluable, 3 changed; wraps [385, 385]
[ 6953.9s] n=8 k=5 c=373   lin 3 -> nonempty  1 dirs: 1 confirmed, 0 unevaluable, 0 changed; wraps [169]
[ 6976.4s] n=8 k=5 c=369   lin 3 -> nonempty  1 dirs: 1 confirmed, 0 unevaluable, 0 changed; wraps [169]
[ 6995.0s] n=8 k=5 c=381   lin 2 -> empty     0 dirs: 0 confirmed, 0 unevaluable, 0 changed; wraps []
[ 7468.5s] n=8 k=5 c=363   lin 5 -> nonempty  4 dirs: 2 confirmed, 0 unevaluable, 2 changed; wraps [381, 381]
[ 7686.6s] n=8 k=5 c=351   lin 8 -> nonempty  55 dirs: 42 confirmed, 0 unevaluable, 13 changed; wraps ['multi-cube', 'multi-cube', 'multi-cube', 323, 'multi-cube', 'multi-cube']
[ 7883.4s] n=8 k=5 c=353   lin 7 -> nonempty  5 dirs: 3 confirmed, 0 unevaluable, 2 changed; wraps [329, 375, 377]
[ 7909.4s] n=8 k=5 c=367   lin 3 -> empty     0 dirs: 0 confirmed, 0 unevaluable, 0 changed; wraps []
[ 7920.3s] n=8 k=6 c=727   lin 1 -> empty     0 dirs: 0 confirmed, 0 unevaluable, 0 changed; wraps []
[ 8889.3s] n=8 k=6 c=709   lin 4 -> nonempty  1 dirs: 1 confirmed, 0 unevaluable, 0 changed; wraps [727]
[ 8918.4s] n=8 k=6 c=717   lin 3 -> nonempty  1 dirs: 1 confirmed, 0 unevaluable, 0 changed; wraps [385]
[ 8948.1s] n=8 k=6 c=709   lin 3 -> nonempty  1 dirs: 0 confirmed, 0 unevaluable, 1 changed; wraps []
[ 9993.7s] n=8 k=6 c=715   lin 3 -> nonempty  1 dirs: 0 confirmed, 0 unevaluable, 1 changed; wraps []
[10644.1s] n=8 k=6 c=703   lin 4 -> nonempty  10 dirs: 3 confirmed, 0 unevaluable, 7 changed; wraps [375, 'multi-cube', 'multi-cube']
[11361.4s] n=8 k=6 c=697   lin 6 -> nonempty  6 dirs: 4 confirmed, 0 unevaluable, 2 changed; wraps [659, 659, 715, 715]
[11390.5s] n=8 k=7 c=1217  lin 2 -> empty     0 dirs: 0 confirmed, 0 unevaluable, 0 changed; wraps []
[11433.1s] n=8 k=7 c=1205  lin 4 -> nonempty  1 dirs: 1 confirmed, 0 unevaluable, 0 changed; wraps [713]
[11491.5s] n=8 k=8 c=1895  lin 3 -> empty     0 dirs: 0 confirmed, 0 unevaluable, 0 changed; wraps []
[11535.2s] n=9 k=3 c=49    lin 3 -> empty     0 dirs: 0 confirmed, 0 unevaluable, 0 changed; wraps []
[11570.8s] n=9 k=3 c=55    lin 3 -> nonempty  30 dirs: 30 confirmed, 0 unevaluable, 0 changed; wraps [63, 'multi-cube', 'multi-cube', 'multi-cube', 'multi-cube', 'multi-cube']
[11572.1s] n=9 k=3 c=43    lin 5 -> nonempty  5 dirs: 5 confirmed, 0 unevaluable, 0 changed; wraps [57, 57, 63, 63, 63]
[11573.4s] n=9 k=3 c=43    lin 5 -> nonempty  5 dirs: 5 confirmed, 0 unevaluable, 0 changed; wraps [39, 28, 63, 63, 63]
[11576.8s] n=9 k=3 c=57    lin 2 -> nonempty  1 dirs: 1 confirmed, 0 unevaluable, 0 changed; wraps [13]
[11578.2s] n=9 k=3 c=43    lin 5 -> nonempty  5 dirs: 4 confirmed, 0 unevaluable, 1 changed; wraps [57, 53, 53, 53]
[11579.1s] n=9 k=3 c=37    lin 6 -> nonempty  6 dirs: 6 confirmed, 0 unevaluable, 0 changed; wraps [57, 57, 57, 57, 57, 57]
[11632.2s] n=9 k=3 c=53    lin 3 -> nonempty  4 dirs: 4 confirmed, 0 unevaluable, 0 changed; wraps ['multi-cube', 63, 'multi-cube', 'multi-cube']
[11668.0s] n=9 k=3 c=55    lin 3 -> nonempty  12 dirs: 10 confirmed, 0 unevaluable, 2 changed; wraps [43, 'multi-cube', 'multi-cube', 'multi-cube', 'multi-cube', 'multi-cube']
[11668.6s] n=9 k=3 c=53    lin 3 -> nonempty  3 dirs: 3 confirmed, 0 unevaluable, 0 changed; wraps [53, 41, 41]
[11670.1s] n=9 k=3 c=43    lin 5 -> nonempty  5 dirs: 5 confirmed, 0 unevaluable, 0 changed; wraps [39, 39, 53, 53, 53]
[11670.8s] n=9 k=3 c=47    lin 4 -> nonempty  4 dirs: 3 confirmed, 0 unevaluable, 1 changed; wraps [55, 55, 57]
[11671.9s] n=9 k=3 c=53    lin 3 -> nonempty  3 dirs: 2 confirmed, 0 unevaluable, 1 changed; wraps [55, 63]
[11675.4s] n=9 k=3 c=55    lin 2 -> empty     0 dirs: 0 confirmed, 0 unevaluable, 0 changed; wraps []
[11676.3s] n=9 k=3 c=37    lin 6 -> nonempty  6 dirs: 6 confirmed, 0 unevaluable, 0 changed; wraps [57, 57, 57, 47, 47, 47]
[11677.3s] n=9 k=3 c=37    lin 6 -> nonempty  6 dirs: 6 confirmed, 0 unevaluable, 0 changed; wraps [57, 57, 57, 57, 57, 57]
[11702.7s] n=9 k=3 c=57    lin 2 -> nonempty  1 dirs: 1 confirmed, 0 unevaluable, 0 changed; wraps [13]
[11703.3s] n=9 k=3 c=44    lin 4 -> nonempty  4 dirs: 4 confirmed, 0 unevaluable, 0 changed; wraps [55, 55, 55, 57]
[11703.9s] n=9 k=3 c=47    lin 4 -> nonempty  4 dirs: 4 confirmed, 0 unevaluable, 0 changed; wraps [13, 13, 13, 4]
[11715.2s] n=9 k=3 c=57    lin 2 -> nonempty  2 dirs: 2 confirmed, 0 unevaluable, 0 changed; wraps [13, 13]
[11716.1s] n=9 k=3 c=38    lin 6 -> nonempty  6 dirs: 5 confirmed, 0 unevaluable, 1 changed; wraps [57, 57, 57, 57, 57]
[11831.7s] n=9 k=4 c=163   lin 4 -> nonempty  3 dirs: 3 confirmed, 0 unevaluable, 0 changed; wraps [157, 183, 'multi-cube']
[12001.1s] n=9 k=4 c=165   lin 3 -> empty     0 dirs: 0 confirmed, 0 unevaluable, 0 changed; wraps []
[12041.4s] n=9 k=4 c=167   lin 2 -> empty     0 dirs: 0 confirmed, 0 unevaluable, 0 changed; wraps []
[12095.8s] n=9 k=4 c=147   lin 6 -> nonempty  15 dirs: 15 confirmed, 0 unevaluable, 0 changed; wraps [167, 131, 141, 141, 133, 167]
[12202.5s] n=9 k=4 c=151   lin 6 -> nonempty  50 dirs: 16 confirmed, 0 unevaluable, 34 changed; wraps [169, 'multi-cube', 169, 'multi-cube', 'multi-cube', 'multi-cube']
[12292.2s] n=9 k=4 c=163   lin 4 -> nonempty  4 dirs: 4 confirmed, 0 unevaluable, 0 changed; wraps [143, 179, 179, 'multi-cube']
[12308.6s] n=9 k=4 c=169   lin 2 -> empty     0 dirs: 0 confirmed, 0 unevaluable, 0 changed; wraps []
[12312.1s] n=9 k=4 c=147   lin 7 -> nonempty  7 dirs: 5 confirmed, 0 unevaluable, 2 changed; wraps [161, 171, 167, 167, 167]
[12316.6s] n=9 k=4 c=141   lin 8 -> nonempty  8 dirs: 8 confirmed, 0 unevaluable, 0 changed; wraps [165, 165, 171, 171, 171, 171]
[12411.3s] n=9 k=4 c=171   lin 2 -> nonempty  1 dirs: 1 confirmed, 0 unevaluable, 0 changed; wraps [63]
[12514.4s] n=9 k=4 c=147   lin 6 -> nonempty  41 dirs: 25 confirmed, 0 unevaluable, 16 changed; wraps [169, 'multi-cube', 'multi-cube', 169, 169, 169]
[12523.1s] n=9 k=4 c=161   lin 4 -> nonempty  15 dirs: 4 confirmed, 0 unevaluable, 11 changed; wraps [57, 'multi-cube', 53, 'multi-cube']
[12579.2s] n=9 k=4 c=165   lin 3 -> nonempty  10 dirs: 10 confirmed, 0 unevaluable, 0 changed; wraps [57, 'multi-cube', 'multi-cube', 'multi-cube', 'multi-cube', 57]
[12581.5s] n=9 k=4 c=135   lin 9 -> nonempty  9 dirs: 6 confirmed, 0 unevaluable, 3 changed; wraps [165, 165, 165, 165, 165, 165]
[12676.6s] n=9 k=4 c=163   lin 4 -> nonempty  3 dirs: 3 confirmed, 0 unevaluable, 0 changed; wraps [147, 179, 179]
[12681.2s] n=9 k=4 c=171   lin 2 -> nonempty  1 dirs: 1 confirmed, 0 unevaluable, 0 changed; wraps [63]
[12726.0s] n=9 k=4 c=157   lin 5 -> nonempty  5 dirs: 5 confirmed, 0 unevaluable, 0 changed; wraps [145, 151, 155, 133, 167]
[12759.7s] n=9 k=4 c=173   lin 2 -> nonempty  2 dirs: 2 confirmed, 0 unevaluable, 0 changed; wraps [167, 167]
[12803.3s] n=9 k=4 c=153   lin 6 -> nonempty  27 dirs: 16 confirmed, 0 unevaluable, 11 changed; wraps ['multi-cube', 'multi-cube', 'multi-cube', 'multi-cube', 'multi-cube', 'multi-cube']
[12831.7s] n=9 k=4 c=151   lin 6 -> nonempty  6 dirs: 2 confirmed, 0 unevaluable, 4 changed; wraps [163, 171]
[12837.2s] n=9 k=4 c=151   lin 4 -> nonempty  10 dirs: 10 confirmed, 0 unevaluable, 0 changed; wraps [127, 145, 157, 149, 149, 123]
[12839.8s] n=9 k=4 c=141   lin 8 -> nonempty  8 dirs: 8 confirmed, 0 unevaluable, 0 changed; wraps [125, 121, 161, 161, 161, 161]
[12880.3s] n=9 k=4 c=167   lin 3 -> nonempty  15 dirs: 15 confirmed, 0 unevaluable, 0 changed; wraps [63, 169, 161, 175, 173, 127]
[12938.3s] n=9 k=4 c=157   lin 5 -> nonempty  25 dirs: 25 confirmed, 0 unevaluable, 0 changed; wraps [137, 'multi-cube', 'multi-cube', 'multi-cube', 'multi-cube', 169]
[12954.4s] n=9 k=4 c=147   lin 6 -> nonempty  6 dirs: 5 confirmed, 0 unevaluable, 1 changed; wraps [159, 171, 169, 169, 169]
[12962.9s] n=9 k=4 c=147   lin 5 -> nonempty  20 dirs: 20 confirmed, 0 unevaluable, 0 changed; wraps [57, 'multi-cube', 'multi-cube', 'multi-cube', 'multi-cube', 57]
[12964.8s] n=9 k=4 c=145   lin 7 -> nonempty  7 dirs: 7 confirmed, 0 unevaluable, 0 changed; wraps [163, 163, 163, 155, 153, 153]
[12972.6s] n=9 k=4 c=161   lin 4 -> nonempty  15 dirs: 15 confirmed, 0 unevaluable, 0 changed; wraps [57, 'multi-cube', 'multi-cube', 'multi-cube', 'multi-cube', 127]
[13019.5s] n=9 k=4 c=165   lin 3 -> nonempty  11 dirs: 11 confirmed, 0 unevaluable, 0 changed; wraps [57, 'multi-cube', 'multi-cube', 'multi-cube', 'multi-cube', 57]
[13039.3s] n=9 k=4 c=147   lin 6 -> nonempty  6 dirs: 5 confirmed, 0 unevaluable, 1 changed; wraps [159, 119, 153, 159, 159]
[13055.4s] n=9 k=4 c=147   lin 5 -> nonempty  5 dirs: 5 confirmed, 0 unevaluable, 0 changed; wraps [57, 57, 57, 40, 47]
[13326.3s] n=9 k=5 c=377   lin 3 -> empty     0 dirs: 0 confirmed, 0 unevaluable, 0 changed; wraps []
[13390.0s] n=9 k=5 c=383   lin 2 -> empty     0 dirs: 0 confirmed, 0 unevaluable, 0 changed; wraps []
[13674.7s] n=9 k=5 c=363   lin 5 -> nonempty  1 dirs: 1 confirmed, 0 unevaluable, 0 changed; wraps [383]
[13976.4s] n=9 k=5 c=363   lin 5 -> nonempty  2 dirs: 2 confirmed, 0 unevaluable, 0 changed; wraps [385, 385]
[13997.0s] n=9 k=5 c=381   lin 2 -> empty     0 dirs: 0 confirmed, 0 unevaluable, 0 changed; wraps []
[14470.5s] n=9 k=5 c=369   lin 4 -> nonempty  1 dirs: 1 confirmed, 0 unevaluable, 0 changed; wraps [385]
[14483.0s] n=9 k=5 c=371   lin 3 -> nonempty  1 dirs: 1 confirmed, 0 unevaluable, 0 changed; wraps [167]
[14505.2s] n=9 k=5 c=373   lin 3 -> nonempty  1 dirs: 1 confirmed, 0 unevaluable, 0 changed; wraps [169]
[14781.5s] n=9 k=5 c=351   lin 7 -> nonempty  20 dirs: 20 confirmed, 0 unevaluable, 0 changed; wraps [361, 'multi-cube', 'multi-cube', 'multi-cube', 'multi-cube', 361]
[14803.9s] n=9 k=5 c=381   lin 2 -> empty     0 dirs: 0 confirmed, 0 unevaluable, 0 changed; wraps []
[15092.2s] n=9 k=5 c=359   lin 7 -> nonempty  9 dirs: 7 confirmed, 0 unevaluable, 2 changed; wraps [369, 385, 385, 385, 385, 385]
[15123.0s] n=9 k=5 c=369   lin 4 -> nonempty  10 dirs: 2 confirmed, 0 unevaluable, 8 changed; wraps [169, 355]
[15148.8s] n=9 k=5 c=369   lin 3 -> nonempty  1 dirs: 1 confirmed, 0 unevaluable, 0 changed; wraps [169]
[15173.8s] n=9 k=5 c=341   lin 10 -> nonempty  10 dirs: 8 confirmed, 0 unevaluable, 2 changed; wraps [357, 375, 363, 363, 363, 371]
[15191.1s] n=9 k=5 c=369   lin 3 -> nonempty  10 dirs: 10 confirmed, 0 unevaluable, 0 changed; wraps [361, 'multi-cube', 'multi-cube', 'multi-cube', 'multi-cube', 173]
[15317.1s] n=9 k=5 c=353   lin 7 -> nonempty  5 dirs: 4 confirmed, 0 unevaluable, 1 changed; wraps [375, 375, 375, 377]
[15341.1s] n=9 k=5 c=365   lin 5 -> nonempty  20 dirs: 4 confirmed, 0 unevaluable, 16 changed; wraps [165, 'multi-cube', 161, 161]
[15348.9s] n=9 k=5 c=335   lin 11 -> nonempty  11 dirs: 7 confirmed, 0 unevaluable, 4 changed; wraps [369, 357, 357, 357, 357, 365]
[15923.7s] n=9 k=5 c=381   lin 2 -> empty     0 dirs: 0 confirmed, 0 unevaluable, 0 changed; wraps []
[16256.4s] n=9 k=5 c=363   lin 5 -> nonempty  4 dirs: 2 confirmed, 0 unevaluable, 2 changed; wraps [381, 381]
[16271.1s] n=9 k=5 c=371   lin 4 -> nonempty  15 dirs: 13 confirmed, 0 unevaluable, 2 changed; wraps ['multi-cube', 'multi-cube', 'multi-cube', 291, 'multi-cube', 'multi-cube']
[16687.8s] n=9 k=5 c=373   lin 3 -> nonempty  1 dirs: 1 confirmed, 0 unevaluable, 0 changed; wraps [169]
[16796.3s] n=9 k=5 c=351   lin 7 -> nonempty  48 dirs: 22 confirmed, 0 unevaluable, 26 changed; wraps ['multi-cube', 373, 'multi-cube', 'multi-cube', 'multi-cube', 'multi-cube']
[16824.1s] n=9 k=5 c=369   lin 3 -> nonempty  1 dirs: 0 confirmed, 0 unevaluable, 1 changed; wraps []
[16960.8s] n=9 k=5 c=357   lin 7 -> nonempty  32 dirs: 16 confirmed, 0 unevaluable, 16 changed; wraps ['multi-cube', 'multi-cube', 'multi-cube', 'multi-cube', 'multi-cube', 'multi-cube']
[16978.4s] n=9 k=5 c=355   lin 5 -> nonempty  15 dirs: 15 confirmed, 0 unevaluable, 0 changed; wraps [297, 'multi-cube', 'multi-cube', 'multi-cube', 'multi-cube', 295]
[17044.9s] n=9 k=5 c=369   lin 4 -> nonempty  15 dirs: 15 confirmed, 0 unevaluable, 0 changed; wraps [169, 359, 355, 373, 371, 297]
[17471.0s] n=9 k=5 c=369   lin 3 -> nonempty  1 dirs: 1 confirmed, 0 unevaluable, 0 changed; wraps [169]
