[   42.9s] n=6 k=3 c=55    lin 3 -> nonempty  30 dirs: 27 confirmed, 0 unevaluable, 3 changed; wraps [63, 'multi-cube', 'multi-cube', 'multi-cube', 'multi-cube', 'multi-cube']
[   74.4s] n=6 k=3 c=63    lin 1 -> empty     0 dirs: 0 confirmed, 0 unevaluable, 0 changed; wraps []
[   75.5s] n=6 k=3 c=53    lin 3 -> nonempty  3 dirs: 3 confirmed, 0 unevaluable, 0 changed; wraps [53, 13, 41]
[  110.4s] n=6 k=3 c=63    lin 1 -> empty     0 dirs: 0 confirmed, 0 unevaluable, 0 changed; wraps []
[  180.9s] n=6 k=3 c=49    lin 4 -> nonempty  20 dirs: 20 confirmed, 0 unevaluable, 0 changed; wraps [33, 'multi-cube', 'multi-cube', 'multi-cube', 'multi-cube', 63]
[  183.7s] n=6 k=4 c=183   lin 1 -> empty     0 dirs: 0 confirmed, 0 unevaluable, 0 changed; wraps []
[  223.4s] n=6 k=4 c=167   lin 2 -> empty     0 dirs: 0 confirmed, 0 unevaluable, 0 changed; wraps []
[  264.6s] n=6 k=4 c=173   lin 2 -> nonempty  2 dirs: 1 confirmed, 0 unevaluable, 1 changed; wraps [169]
[  449.5s] n=6 k=4 c=173   lin 2 -> nonempty  2 dirs: 2 confirmed, 0 unevaluable, 0 changed; wraps [167, 167]
[  597.2s] n=6 k=5 c=383   lin 2 -> empty     0 dirs: 0 confirmed, 0 unevaluable, 0 changed; wraps []
[  619.8s] n=6 k=6 c=727   lin 1 -> empty     0 dirs: 0 confirmed, 0 unevaluable, 0 changed; wraps []
[  698.8s] n=7 k=3 c=49    lin 3 -> empty     0 dirs: 0 confirmed, 0 unevaluable, 0 changed; wraps []
[  702.7s] n=7 k=3 c=49    lin 4 -> nonempty  4 dirs: 4 confirmed, 0 unevaluable, 0 changed; wraps [53, 53, 63, 41]
[  710.6s] n=7 k=3 c=43    lin 5 -> nonempty  5 dirs: 5 confirmed, 0 unevaluable, 0 changed; wraps [39, 28, 63, 63, 63]
[  777.3s] n=7 k=3 c=55    lin 3 -> nonempty  30 dirs: 23 confirmed, 0 unevaluable, 7 changed; wraps [51, 'multi-cube', 'multi-cube', 'multi-cube', 'multi-cube', 'multi-cube']
[  780.2s] n=7 k=3 c=63    lin 1 -> empty     0 dirs: 0 confirmed, 0 unevaluable, 0 changed; wraps []
[  831.3s] n=7 k=3 c=57    lin 2 -> nonempty  1 dirs: 1 confirmed, 0 unevaluable, 0 changed; wraps [13]
[  870.0s] n=7 k=3 c=53    lin 3 -> nonempty  3 dirs: 2 confirmed, 0 unevaluable, 1 changed; wraps [55, 63]
[  872.2s] n=7 k=3 c=53    lin 3 -> nonempty  3 dirs: 3 confirmed, 0 unevaluable, 0 changed; wraps [53, 13, 41]
[ 1136.9s] n=7 k=4 c=171   lin 3 -> empty     0 dirs: 0 confirmed, 0 unevaluable, 0 changed; wraps []
[ 1143.3s] n=7 k=4 c=179   lin 1 -> empty     0 dirs: 0 confirmed, 0 unevaluable, 0 changed; wraps []
[ 1344.5s] n=7 k=4 c=171   lin 2 -> nonempty  1 dirs: 1 confirmed, 0 unevaluable, 0 changed; wraps [63]
[ 1629.6s] n=7 k=4 c=163   lin 4 -> nonempty  4 dirs: 4 confirmed, 0 unevaluable, 0 changed; wraps [143, 179, 179, 'multi-cube']
[ 1693.5s] n=7 k=4 c=173   lin 2 -> nonempty  2 dirs: 1 confirmed, 0 unevaluable, 1 changed; wraps [169]
[ 1700.2s] n=7 k=4 c=179   lin 1 -> empty     0 dirs: 0 confirmed, 0 unevaluable, 0 changed; wraps []
[ 2116.2s] n=7 k=4 c=169   lin 2 -> empty     0 dirs: 0 confirmed, 0 unevaluable, 0 changed; wraps []
[ 2251.9s] n=7 k=4 c=153   lin 6 -> nonempty  27 dirs: 16 confirmed, 0 unevaluable, 11 changed; wraps ['multi-cube', 'multi-cube', 'multi-cube', 'multi-cube', 'multi-cube', 'multi-cube']
[ 2488.8s] n=7 k=4 c=157   lin 5 -> nonempty  25 dirs: 25 confirmed, 0 unevaluable, 0 changed; wraps [137, 'multi-cube', 'multi-cube', 'multi-cube', 'multi-cube', 169]
[ 3124.6s] n=7 k=5 c=377   lin 3 -> empty     0 dirs: 0 confirmed, 0 unevaluable, 0 changed; wraps []
[ 3738.1s] n=7 k=5 c=363   lin 5 -> nonempty  1 dirs: 1 confirmed, 0 unevaluable, 0 changed; wraps [383]
[ 3768.1s] n=7 k=5 c=371   lin 3 -> nonempty  1 dirs: 1 confirmed, 0 unevaluable, 0 changed; wraps [167]
[ 4265.3s] n=7 k=5 c=369   lin 4 -> nonempty  10 dirs: 2 confirmed, 0 unevaluable, 8 changed; wraps [169, 355]
[ 4740.8s] n=7 k=5 c=369   lin 5 -> nonempty  4 dirs: 2 confirmed, 0 unevaluable, 2 changed; wraps [347, 347]
[ 4753.2s] n=7 k=6 c=727   lin 1 -> empty     0 dirs: 0 confirmed, 0 unevaluable, 0 changed; wraps []
[ 4765.3s] n=7 k=6 c=717   lin 2 -> nonempty  1 dirs: 0 confirmed, 0 unevaluable, 1 changed; wraps []
[ 4798.4s] n=8 k=3 c=55    lin 3 -> nonempty  12 dirs: 12 confirmed, 0 unevaluable, 0 changed; wraps ['multi-cube', 55, 'multi-cube', 'multi-cube', 'multi-cube', 'multi-cube']
[ 4799.7s] n=8 k=3 c=43    lin 5 -> nonempty  5 dirs: 5 confirmed, 0 unevaluable, 0 changed; wraps [57, 57, 63, 63, 63]
[ 4801.9s] n=8 k=3 c=49    lin 4 -> nonempty  4 dirs: 4 confirmed, 0 unevaluable, 0 changed; wraps [53, 53, 63, 41]
[ 4839.8s] n=8 k=3 c=55    lin 3 -> nonempty  12 dirs: 12 confirmed, 0 unevaluable, 0 changed; wraps [47, 'multi-cube', 'multi-cube', 'multi-cube', 'multi-cube', 'multi-cube']
[ 4844.3s] n=8 k=3 c=57    lin 2 -> nonempty  1 dirs: 1 confirmed, 0 unevaluable, 0 changed; wraps [13]
[ 4845.4s] n=8 k=3 c=37    lin 6 -> nonempty  6 dirs: 6 confirmed, 0 unevaluable, 0 changed; wraps [57, 57, 57, 57, 57, 57]
[ 4904.3s] n=8 k=3 c=53    lin 3 -> nonempty  4 dirs: 4 confirmed, 0 unevaluable, 0 changed; wraps ['multi-cube', 63, 'multi-cube', 'multi-cube']
[ 4905.6s] n=8 k=3 c=43    lin 5 -> nonempty  5 dirs: 2 confirmed, 0 unevaluable, 3 changed; wraps [57, 63]
[ 4929.7s] n=8 k=3 c=57    lin 2 -> nonempty  1 dirs: 1 confirmed, 0 unevaluable, 0 changed; wraps [13]
[ 4931.0s] n=8 k=3 c=63    lin 1 -> empty     0 dirs: 0 confirmed, 0 unevaluable, 0 changed; wraps []
[ 4931.6s] n=8 k=3 c=47    lin 4 -> nonempty  4 dirs: 4 confirmed, 0 unevaluable, 0 changed; wraps [47, 13, 13, 13]
[ 4932.6s] n=8 k=3 c=37    lin 6 -> nonempty  6 dirs: 6 confirmed, 0 unevaluable, 0 changed; wraps [57, 57, 57, 47, 47, 47]
[ 4992.4s] n=8 k=3 c=55    lin 2 -> empty     0 dirs: 0 confirmed, 0 unevaluable, 0 changed; wraps []
[ 4993.0s] n=8 k=3 c=47    lin 4 -> nonempty  4 dirs: 4 confirmed, 0 unevaluable, 0 changed; wraps [13, 13, 13, 4]
[ 5135.5s] n=8 k=4 c=171   lin 3 -> empty     0 dirs: 0 confirmed, 0 unevaluable, 0 changed; wraps []
[ 5176.7s] n=8 k=4 c=153   lin 6 -> nonempty  27 dirs: 24 confirmed, 0 unevaluable, 3 changed; wraps ['multi-cube', 141, 'multi-cube', 'multi-cube', 'multi-cube', 'multi-cube']
[ 5391.2s] n=8 k=4 c=163   lin 4 -> nonempty  3 dirs: 3 confirmed, 0 unevaluable, 0 changed; wraps [169, 179, 179]
[ 5438.8s] n=8 k=4 c=147   lin 6 -> nonempty  15 dirs: 15 confirmed, 0 unevaluable, 0 changed; wraps [167, 131, 141, 141, 133, 167]
[ 5597.5s] n=8 k=4 c=165   lin 4 -> nonempty  3 dirs: 1 confirmed, 0 unevaluable, 2 changed; wraps [173]
[ 5616.0s] n=8 k=4 c=169   lin 2 -> empty     0 dirs: 0 confirmed, 0 unevaluable, 0 changed; wraps []
[ 5718.3s] n=8 k=4 c=151   lin 6 -> nonempty  50 dirs: 50 confirmed, 0 unevaluable, 0 changed; wraps ['multi-cube', 'multi-cube', 'multi-cube', 'multi-cube', 'multi-cube', 171]
[ 5778.2s] n=8 k=4 c=153   lin 6 -> nonempty  27 dirs: 6 confirmed, 0 unevaluable, 21 changed; wraps [145, 'multi-cube', 'multi-cube', 173, 173, 173]
[ 5830.1s] n=8 k=4 c=161   lin 4 -> nonempty  15 dirs: 4 confirmed, 0 unevaluable, 11 changed; wraps [57, 'multi-cube', 53, 'multi-cube']
[ 5995.7s] n=8 k=4 c=165   lin 4 -> nonempty  3 dirs: 3 confirmed, 0 unevaluable, 0 changed; wraps [153, 'multi-cube', 'multi-cube']
[ 6019.5s] n=8 k=4 c=169   lin 2 -> empty     0 dirs: 0 confirmed, 0 unevaluable, 0 changed; wraps []
[ 6147.5s] n=8 k=4 c=151   lin 6 -> nonempty  41 dirs: 41 confirmed, 0 unevaluable, 0 changed; wraps ['multi-cube', 'multi-cube', 'multi-cube', 'multi-cube', 'multi-cube', 171]
[ 6193.9s] n=8 k=4 c=153   lin 6 -> nonempty  27 dirs: 16 confirmed, 0 unevaluable, 11 changed; wraps ['multi-cube', 'multi-cube', 'multi-cube', 'multi-cube', 'multi-cube', 'multi-cube']
[ 6236.6s] n=8 k=4 c=161   lin 4 -> nonempty  15 dirs: 15 confirmed, 0 unevaluable, 0 changed; wraps [119, 'multi-cube', 'multi-cube', 'multi-cube', 'multi-cube', 119]
[ 6240.7s] n=8 k=4 c=169   lin 2 -> empty     0 dirs: 0 confirmed, 0 unevaluable, 0 changed; wraps []
[ 6300.6s] n=8 k=4 c=157   lin 4 -> nonempty  27 dirs: 22 confirmed, 0 unevaluable, 5 changed; wraps [169, 'multi-cube', 'multi-cube', 'multi-cube', 'multi-cube', 169]
[ 6302.3s] n=8 k=4 c=145   lin 7 -> nonempty  7 dirs: 7 confirmed, 0 unevaluable, 0 changed; wraps [163, 163, 163, 155, 153, 153]
[ 6331.0s] n=8 k=4 c=147   lin 6 -> nonempty  6 dirs: 6 confirmed, 0 unevaluable, 0 changed; wraps [159, 135, 159, 159, 159, 161]
[ 6542.8s] n=8 k=5 c=375   lin 4 -> nonempty  1 dirs: 0 confirmed, 0 unevaluable, 1 changed; wraps []
[ 6548.2s] n=8 k=5 c=387   lin 2 -> nonempty  1 dirs: 1 confirmed, 0 unevaluable, 0 changed; wraps [183]
[ 6554.4s] n=8 k=5 c=385   lin 1 -> empty     0 dirs: 0 confirmed, 0 unevaluable, 0 changed; wraps []
[ 6767.6s] n=8 k=5 c=369   lin 4 -> nonempty  1 dirs: 1 confirmed, 0 unevaluable, 0 changed; wraps [385]
[ 6999.5s] n=8 k=5 c=375   lin 3 -> nonempty  10 dirs: 10 confirmed, 0 unevaluable, 0 changed; wraps [171, 'multi-cube', 'multi-cube', 'multi-cube', 'multi-cube', 171]
[ 7585.7s] n=8 k=5 c=381   lin 2 -> empty     0 dirs: 0 confirmed, 0 unevaluable, 0 changed; wraps []
[ 7614.3s] n=8 k=5 c=369   lin 4 -> nonempty  10 dirs: 2 confirmed, 0 unevaluable, 8 changed; wraps [169, 355]
[ 7629.3s] n=8 k=5 c=377   lin 3 -> nonempty  10 dirs: 4 confirmed, 0 unevaluable, 6 changed; wraps ['multi-cube', 173, 'multi-cube', 'multi-cube']
[ 7649.8s] n=8 k=5 c=365   lin 5 -> nonempty  20 dirs: 4 confirmed, 0 unevaluable, 16 changed; wraps [165, 'multi-cube', 161, 161]
[ 7981.4s] n=8 k=5 c=369   lin 5 -> nonempty  4 dirs: 2 confirmed, 0 unevaluable, 2 changed; wraps [347, 347]
[ 8164.8s] n=8 k=5 c=371   lin 4 -> nonempty  15 dirs: 13 confirmed, 0 unevaluable, 2 changed; wraps ['multi-cube', 'multi-cube', 'multi-cube', 291, 'multi-cube', 'multi-cube']
[ 8515.0s] n=8 k=5 c=375   lin 3 -> nonempty  1 dirs: 1 confirmed, 0 unevaluable, 0 changed; wraps [353]
[ 8578.5s] n=8 k=5 c=369   lin 4 -> nonempty  15 dirs: 15 confirmed, 0 unevaluable, 0 changed; wraps [169, 359, 355, 373, 371, 297]
[ 8778.8s] n=8 k=5 c=357   lin 6 -> nonempty  20 dirs: 19 confirmed, 0 unevaluable, 1 changed; wraps [163, 'multi-cube', 'multi-cube', 'multi-cube', 163, 'multi-cube']
[ 8804.9s] n=8 k=6 c=723   lin 2 -> empty     0 dirs: 0 confirmed, 0 unevaluable, 0 changed; wraps []
[ 8837.3s] n=8 k=6 c=713   lin 3 -> empty     0 dirs: 0 confirmed, 0 unevaluable, 0 changed; wraps []
[ 8849.7s] n=8 k=6 c=717   lin 2 -> nonempty  1 dirs: 0 confirmed, 0 unevaluable, 1 changed; wraps []
[ 8879.0s] n=8 k=6 c=703   lin 4 -> nonempty  10 dirs: 10 confirmed, 0 unevaluable, 0 changed; wraps [371, 'multi-cube', 'multi-cube', 'multi-cube', 'multi-cube', 371]
[ 9336.7s] n=8 k=6 c=697   lin 6 -> nonempty  6 dirs: 4 confirmed, 0 unevaluable, 2 changed; wraps [715, 715, 715, 715]
[10324.5s] n=8 k=6 c=715   lin 3 -> nonempty  1 dirs: 1 confirmed, 0 unevaluable, 0 changed; wraps [675]
[10977.9s] n=8 k=6 c=703   lin 4 -> nonempty  10 dirs: 2 confirmed, 0 unevaluable, 8 changed; wraps [665, 'multi-cube']
[11016.5s] n=8 k=7 c=1209  lin 3 -> empty     0 dirs: 0 confirmed, 0 unevaluable, 0 changed; wraps []
[11060.8s] n=8 k=7 c=1201  lin 4 -> nonempty  1 dirs: 0 confirmed, 0 unevaluable, 1 changed; wraps []
[11086.9s] n=9 k=3 c=55    lin 3 -> nonempty  30 dirs: 27 confirmed, 0 unevaluable, 3 changed; wraps [63, 'multi-cube', 'multi-cube', 'multi-cube', 'multi-cube', 'multi-cube']
[11088.0s] n=9 k=3 c=43    lin 5 -> nonempty  5 dirs: 5 confirmed, 0 unevaluable, 0 changed; wraps [57, 57, 63, 63, 63]
[11089.5s] n=9 k=3 c=49    lin 4 -> nonempty  4 dirs: 4 confirmed, 0 unevaluable, 0 changed; wraps [53, 53, 63, 41]
[11090.5s] n=9 k=3 c=63    lin 1 -> empty     0 dirs: 0 confirmed, 0 unevaluable, 0 changed; wraps []
[11093.6s] n=9 k=3 c=43    lin 5 -> nonempty  5 dirs: 5 confirmed, 0 unevaluable, 0 changed; wraps [39, 31, 63, 63, 63]
[11112.4s] n=9 k=3 c=57    lin 2 -> nonempty  1 dirs: 1 confirmed, 0 unevaluable, 0 changed; wraps [13]
[11113.0s] n=9 k=3 c=37    lin 6 -> nonempty  6 dirs: 6 confirmed, 0 unevaluable, 0 changed; wraps [57, 57, 57, 57, 57, 57]
[11114.0s] n=9 k=3 c=63    lin 1 -> empty     0 dirs: 0 confirmed, 0 unevaluable, 0 changed; wraps []
[11131.0s] n=9 k=3 c=53    lin 3 -> nonempty  3 dirs: 3 confirmed, 0 unevaluable, 0 changed; wraps [49, 55, 63]
[11174.6s] n=9 k=3 c=53    lin 3 -> nonempty  4 dirs: 4 confirmed, 0 unevaluable, 0 changed; wraps ['multi-cube', 'multi-cube', 63, 'multi-cube']
[11177.6s] n=9 k=3 c=57    lin 2 -> nonempty  1 dirs: 1 confirmed, 0 unevaluable, 0 changed; wraps [13]
[11191.3s] n=9 k=3 c=53    lin 3 -> nonempty  3 dirs: 3 confirmed, 0 unevaluable, 0 changed; wraps [49, 41, 53]
[11192.4s] n=9 k=3 c=63    lin 1 -> empty     0 dirs: 0 confirmed, 0 unevaluable, 0 changed; wraps []
[11195.7s] n=9 k=3 c=43    lin 5 -> nonempty  5 dirs: 5 confirmed, 0 unevaluable, 0 changed; wraps [57, 27, 63, 63, 63]
[11215.6s] n=9 k=3 c=57    lin 2 -> nonempty  1 dirs: 1 confirmed, 0 unevaluable, 0 changed; wraps [13]
[11216.2s] n=9 k=3 c=47    lin 4 -> nonempty  4 dirs: 4 confirmed, 0 unevaluable, 0 changed; wraps [57, 55, 55, 55]
[11219.9s] n=9 k=3 c=57    lin 2 -> nonempty  1 dirs: 1 confirmed, 0 unevaluable, 0 changed; wraps [13]
[11220.8s] n=9 k=3 c=53    lin 3 -> nonempty  3 dirs: 3 confirmed, 0 unevaluable, 0 changed; wraps [55, 41, 53]
[11225.5s] n=9 k=3 c=43    lin 4 -> nonempty  4 dirs: 2 confirmed, 0 unevaluable, 2 changed; wraps [57, 55]
[11225.8s] n=9 k=3 c=57    lin 2 -> nonempty  2 dirs: 2 confirmed, 0 unevaluable, 0 changed; wraps [13, 13]
[11226.5s] n=9 k=3 c=37    lin 6 -> nonempty  6 dirs: 5 confirmed, 0 unevaluable, 1 changed; wraps [40, 40, 47, 47, 47]
[11229.1s] n=9 k=4 c=183   lin 1 -> empty     0 dirs: 0 confirmed, 0 unevaluable, 0 changed; wraps []
[11387.9s] n=9 k=4 c=163   lin 4 -> nonempty  3 dirs: 3 confirmed, 0 unevaluable, 0 changed; wraps [159, 183, 'multi-cube']
[11491.2s] n=9 k=4 c=163   lin 4 -> nonempty  3 dirs: 3 confirmed, 0 unevaluable, 0 changed; wraps [169, 179, 179]
[11497.0s] n=9 k=4 c=171   lin 2 -> nonempty  1 dirs: 1 confirmed, 0 unevaluable, 0 changed; wraps [63]
[11625.9s] n=9 k=4 c=157   lin 4 -> nonempty  1 dirs: 1 confirmed, 0 unevaluable, 0 changed; wraps [167]
[11629.4s] n=9 k=4 c=179   lin 1 -> empty     0 dirs: 0 confirmed, 0 unevaluable, 0 changed; wraps []
[11705.3s] n=9 k=4 c=153   lin 6 -> nonempty  60 dirs: 60 confirmed, 0 unevaluable, 0 changed; wraps [171, 'multi-cube', 'multi-cube', 'multi-cube', 'multi-cube', 'multi-cube']
[11816.0s] n=9 k=4 c=171   lin 2 -> nonempty  1 dirs: 1 confirmed, 0 unevaluable, 0 changed; wraps [63]
[11906.7s] n=9 k=4 c=151   lin 6 -> nonempty  50 dirs: 50 confirmed, 0 unevaluable, 0 changed; wraps ['multi-cube', 'multi-cube', 'multi-cube', 'multi-cube', 'multi-cube', 171]
[11911.9s] n=9 k=4 c=171   lin 2 -> nonempty  1 dirs: 1 confirmed, 0 unevaluable, 0 changed; wraps [63]
[12028.3s] n=9 k=4 c=163   lin 4 -> nonempty  2 dirs: 1 confirmed, 0 unevaluable, 1 changed; wraps [173]
[12141.5s] n=9 k=4 c=147   lin 6 -> nonempty  41 dirs: 31 confirmed, 0 unevaluable, 10 changed; wraps ['multi-cube', 'multi-cube', 'multi-cube', 'multi-cube', 'multi-cube', 171]
[12150.9s] n=9 k=4 c=165   lin 3 -> nonempty  10 dirs: 10 confirmed, 0 unevaluable, 0 changed; wraps [57, 'multi-cube', 'multi-cube', 'multi-cube', 'multi-cube', 57]
[12155.8s] n=9 k=4 c=141   lin 8 -> nonempty  8 dirs: 4 confirmed, 0 unevaluable, 4 changed; wraps [165, 153, 161, 161]
[12282.2s] n=9 k=4 c=165   lin 4 -> nonempty  3 dirs: 3 confirmed, 0 unevaluable, 0 changed; wraps [153, 'multi-cube', 'multi-cube']
[12286.7s] n=9 k=4 c=167   lin 3 -> nonempty  10 dirs: 10 confirmed, 0 unevaluable, 0 changed; wraps [129, 169, 153, 149, 165, 129]
[12365.6s] n=9 k=4 c=157   lin 5 -> nonempty  34 dirs: 34 confirmed, 0 unevaluable, 0 changed; wraps [155, 'multi-cube', 'multi-cube', 'multi-cube', 'multi-cube', 155]
[12428.6s] n=9 k=4 c=157   lin 4 -> nonempty  27 dirs: 10 confirmed, 0 unevaluable, 17 changed; wraps ['multi-cube', 169, 'multi-cube', 'multi-cube', 'multi-cube', 'multi-cube']
[12447.0s] n=9 k=4 c=169   lin 2 -> empty     0 dirs: 0 confirmed, 0 unevaluable, 0 changed; wraps []
[12530.4s] n=9 k=4 c=163   lin 4 -> nonempty  17 dirs: 15 confirmed, 0 unevaluable, 2 changed; wraps [143, 'multi-cube', 'multi-cube', 'multi-cube', 'multi-cube', 'multi-cube']
[12539.6s] n=9 k=4 c=161   lin 4 -> nonempty  15 dirs: 15 confirmed, 0 unevaluable, 0 changed; wraps [127, 'multi-cube', 'multi-cube', 'multi-cube', 'multi-cube', 127]
[12652.3s] n=9 k=4 c=163   lin 3 -> nonempty  1 dirs: 1 confirmed, 0 unevaluable, 0 changed; wraps [55]
[12686.4s] n=9 k=4 c=151   lin 6 -> nonempty  6 dirs: 6 confirmed, 0 unevaluable, 0 changed; wraps [131, 131, 151, 151, 151, 161]
[12706.6s] n=9 k=4 c=169   lin 2 -> empty     0 dirs: 0 confirmed, 0 unevaluable, 0 changed; wraps []
[12805.5s] n=9 k=4 c=147   lin 7 -> nonempty  35 dirs: 35 confirmed, 0 unevaluable, 0 changed; wraps [127, 'multi-cube', 'multi-cube', 'multi-cube', 'multi-cube', 171]
[12812.8s] n=9 k=4 c=153   lin 5 -> nonempty  15 dirs: 15 confirmed, 0 unevaluable, 0 changed; wraps [55, 159, 159, 159, 147, 55]
[12819.1s] n=9 k=4 c=159   lin 3 -> nonempty  1 dirs: 1 confirmed, 0 unevaluable, 0 changed; wraps [55]
[12821.8s] n=9 k=4 c=135   lin 9 -> nonempty  9 dirs: 9 confirmed, 0 unevaluable, 0 changed; wraps [165, 165, 165, 147, 147, 147]
[12864.0s] n=9 k=4 c=153   lin 4 -> nonempty  15 dirs: 15 confirmed, 0 unevaluable, 0 changed; wraps [57, 'multi-cube', 'multi-cube', 'multi-cube', 'multi-cube', 125]
[12865.4s] n=9 k=4 c=147   lin 6 -> nonempty  6 dirs: 6 confirmed, 0 unevaluable, 0 changed; wraps [159, 135, 159, 159, 159, 161]
[12866.7s] n=9 k=4 c=155   lin 5 -> nonempty  5 dirs: 5 confirmed, 0 unevaluable, 0 changed; wraps [57, 57, 57, 47, 47]
[12868.8s] n=9 k=4 c=135   lin 9 -> nonempty  9 dirs: 8 confirmed, 0 unevaluable, 1 changed; wraps [147, 147, 147, 147, 147, 155]
[13052.4s] n=9 k=5 c=375   lin 4 -> nonempty  2 dirs: 2 confirmed, 0 unevaluable, 0 changed; wraps [393, 393]
[13057.6s] n=9 k=5 c=387   lin 2 -> nonempty  1 dirs: 1 confirmed, 0 unevaluable, 0 changed; wraps [183]
[13325.7s] n=9 k=5 c=363   lin 5 -> nonempty  2 dirs: 2 confirmed, 0 unevaluable, 0 changed; wraps [359, 383]
[13332.3s] n=9 k=5 c=385   lin 1 -> empty     0 dirs: 0 confirmed, 0 unevaluable, 0 changed; wraps []
[13473.1s] n=9 k=5 c=359   lin 6 -> nonempty  15 dirs: 4 confirmed, 0 unevaluable, 11 changed; wraps [325, 385, 349, 349]
[13651.5s] n=9 k=5 c=357   lin 7 -> nonempty  10 dirs: 4 confirmed, 0 unevaluable, 6 changed; wraps [329, 383, 383, 'multi-cube']
[13677.0s] n=9 k=5 c=361   lin 3 -> empty     0 dirs: 0 confirmed, 0 unevaluable, 0 changed; wraps []
[13730.2s] n=9 k=5 c=341   lin 9 -> nonempty  30 dirs: 30 confirmed, 0 unevaluable, 0 changed; wraps [371, 'multi-cube', 'multi-cube', 'multi-cube', 'multi-cube', 371]
[13798.5s] n=9 k=5 c=385   lin 2 -> nonempty  2 dirs: 1 confirmed, 0 unevaluable, 1 changed; wraps [371]
[14097.9s] n=9 k=5 c=369   lin 5 -> nonempty  4 dirs: 2 confirmed, 0 unevaluable, 2 changed; wraps [385, 385]
[14311.0s] n=9 k=5 c=353   lin 7 -> nonempty  10 dirs: 6 confirmed, 0 unevaluable, 4 changed; wraps [383, 383, 381, 381, 381, 381]
[14325.5s] n=9 k=5 c=363   lin 4 -> nonempty  15 dirs: 14 confirmed, 0 unevaluable, 1 changed; wraps [171, 'multi-cube', 'multi-cube', 'multi-cube', 'multi-cube', 293]
[14470.8s] n=9 k=5 c=351   lin 8 -> nonempty  70 dirs: 11 confirmed, 0 unevaluable, 59 changed; wraps [373, 373, 'multi-cube', 371, 'multi-cube', 369]
[14485.1s] n=9 k=5 c=377   lin 3 -> nonempty  10 dirs: 4 confirmed, 0 unevaluable, 6 changed; wraps ['multi-cube', 173, 'multi-cube', 'multi-cube']
[14766.5s] n=9 k=5 c=375   lin 3 -> nonempty  10 dirs: 9 confirmed, 0 unevaluable, 1 changed; wraps [171, 'multi-cube', 'multi-cube', 'multi-cube', 171, 'multi-cube']
[14995.0s] n=9 k=5 c=353   lin 7 -> nonempty  5 dirs: 3 confirmed, 0 unevaluable, 2 changed; wraps [369, 375, 375]
[15126.8s] n=9 k=5 c=357   lin 5 -> nonempty  20 dirs: 6 confirmed, 0 unevaluable, 14 changed; wraps [165, 'multi-cube', 153, 'multi-cube', 161, 'multi-cube']
[15149.7s] n=9 k=5 c=381   lin 2 -> empty     0 dirs: 0 confirmed, 0 unevaluable, 0 changed; wraps []
[15320.8s] n=9 k=5 c=369   lin 5 -> nonempty  5 dirs: 5 confirmed, 0 unevaluable, 0 changed; wraps [341, 343, 343, 385, 385]
[15635.7s] n=9 k=5 c=363   lin 5 -> nonempty  5 dirs: 5 confirmed, 0 unevaluable, 0 changed; wraps [319, 381, 381, 381, 381]
[15664.7s] n=9 k=5 c=373   lin 3 -> nonempty  1 dirs: 1 confirmed, 0 unevaluable, 0 changed; wraps [169]
[15787.9s] n=9 k=5 c=357   lin 6 -> nonempty  41 dirs: 17 confirmed, 0 unevaluable, 24 changed; wraps [335, 'multi-cube', 335, 335, 317, 'multi-cube']
[15817.0s] n=9 k=5 c=375   lin 3 -> nonempty  1 dirs: 1 confirmed, 0 unevaluable, 0 changed; wraps [353]
[16411.2s] n=9 k=5 c=367   lin 3 -> empty     0 dirs: 0 confirmed, 0 unevaluable, 0 changed; wraps []
[16562.2s] n=9 k=5 c=347   lin 7 -> nonempty  48 dirs: 11 confirmed, 0 unevaluable, 37 changed; wraps ['multi-cube', 'multi-cube', 'multi-cube', 'multi-cube', 'multi-cube', 373]
[16580.3s] n=9 k=5 c=367   lin 4 -> nonempty  10 dirs: 10 confirmed, 0 unevaluable, 0 changed; wraps [163, 'multi-cube', 'multi-cube', 'multi-cube', 'multi-cube', 163]
[16808.0s] n=9 k=5 c=363   lin 4 -> nonempty  15 dirs: 15 confirmed, 0 unevaluable, 0 changed; wraps [171, 'multi-cube', 'multi-cube', 'multi-cube', 'multi-cube', 295]
[16943.2s] n=9 k=5 c=357   lin 6 -> nonempty  2 dirs: 2 confirmed, 0 unevaluable, 0 changed; wraps [369, 369]
[16966.4s] n=9 k=5 c=357   lin 6 -> nonempty  20 dirs: 19 confirmed, 0 unevaluable, 1 changed; wraps [163, 'multi-cube', 'multi-cube', 'multi-cube', 163, 'multi-cube']
[16971.7s] n=9 k=5 c=335   lin 10 -> nonempty  10 dirs: 10 confirmed, 0 unevaluable, 0 changed; wraps [363, 363, 363, 351, 345, 345]
[16991.8s] n=9 k=5 c=359   lin 4 -> nonempty  10 dirs: 10 confirmed, 0 unevaluable, 0 changed; wraps [159, 'multi-cube', 'multi-cube', 'multi-cube', 'multi-cube', 159]
[17017.0s] n=9 k=6 c=723   lin 2 -> empty     0 dirs: 0 confirmed, 0 unevaluable, 0 changed; wraps []
[17467.5s] n=9 k=6 c=709   lin 4 -> nonempty  1 dirs: 1 confirmed, 0 unevaluable, 0 changed; wraps [727]
[18458.4s] n=9 k=6 c=703   lin 5 -> nonempty  2 dirs: 2 confirmed, 0 unevaluable, 0 changed; wraps [723, 723]
[18486.6s] n=9 k=6 c=717   lin 3 -> nonempty  1 dirs: 1 confirmed, 0 unevaluable, 0 changed; wraps [385]
[18875.9s] n=9 k=6 c=691   lin 6 -> nonempty  2 dirs: 2 confirmed, 0 unevaluable, 0 changed; wraps [705, 713]
[18899.4s] n=9 k=6 c=715   lin 2 -> empty     0 dirs: 0 confirmed, 0 unevaluable, 0 changed; wraps []
[18939.0s] n=9 k=6 c=707   lin 3 -> empty     0 dirs: 0 confirmed, 0 unevaluable, 0 changed; wraps []
[19421.7s] n=9 k=6 c=681   lin 8 -> nonempty  21 dirs: 8 confirmed, 0 unevaluable, 13 changed; wraps [713, 713, 713, 713, 709, 709]
[19471.9s] n=9 k=6 c=705   lin 4 -> nonempty  10 dirs: 9 confirmed, 0 unevaluable, 1 changed; wraps [373, 'multi-cube', 'multi-cube', 'multi-cube', 'multi-cube', 373]
[19497.7s] n=9 k=6 c=709   lin 3 -> nonempty  10 dirs: 10 confirmed, 0 unevaluable, 0 changed; wraps [687, 'multi-cube', 'multi-cube', 'multi-cube', 'multi-cube', 385]
[20037.5s] n=9 k=6 c=697   lin 6 -> nonempty  6 dirs: 4 confirmed, 0 unevaluable, 2 changed; wraps [715, 715, 715, 715]
[20114.5s] n=9 k=6 c=701   lin 5 -> nonempty  15 dirs: 2 confirmed, 0 unevaluable, 13 changed; wraps [373, 369]
[20493.7s] n=9 k=6 c=669   lin 11 -> nonempty  100 dirs: 14 confirmed, 0 unevaluable, 86 changed; wraps [701, 701, 'multi-cube', 695, 689, 689]
[20563.4s] n=9 k=6 c=697   lin 4 -> nonempty  10 dirs: 9 confirmed, 0 unevaluable, 1 changed; wraps [369, 'multi-cube', 'multi-cube', 'multi-cube', 369, 'multi-cube']
[20611.7s] n=9 k=6 c=715   lin 3 -> nonempty  1 dirs: 1 confirmed, 0 unevaluable, 0 changed; wraps [675]
[20654.2s] n=9 k=6 c=707   lin 3 -> empty     0 dirs: 0 confirmed, 0 unevaluable, 0 changed; wraps []
[21073.4s] n=9 k=6 c=687   lin 6 -> nonempty  6 dirs: 4 confirmed, 0 unevaluable, 2 changed; wraps [707, 707, 707, 707]
[21112.5s] n=9 k=6 c=699   lin 4 -> nonempty  1 dirs: 1 confirmed, 0 unevaluable, 0 changed; wraps [367]
[21154.2s] n=9 k=6 c=693   lin 4 -> nonempty  1 dirs: 1 confirmed, 0 unevaluable, 0 changed; wraps [663]
[21208.5s] n=9 k=6 c=695   lin 5 -> nonempty  2 dirs: 2 confirmed, 0 unevaluable, 0 changed; wraps [367, 567]
[21715.6s] n=9 k=6 c=671   lin 9 -> nonempty  88 dirs: 40 confirmed, 24 unevaluable, 24 changed; wraps [343, 691, 'multi-cube', 'multi-cube', 343, 'multi-cube']
[21742.8s] n=9 k=7 c=1217  lin 2 -> empty     0 dirs: 0 confirmed, 0 unevaluable, 0 changed; wraps []
[23687.3s] n=9 k=7 c=1209  lin 3 -> empty     0 dirs: 0 confirmed, 0 unevaluable, 0 changed; wraps []
[24547.9s] n=9 k=7 c=1187  lin 6 -> nonempty  3 dirs: 2 confirmed, 0 unevaluable, 1 changed; wraps [1209, 1209]
[24591.1s] n=9 k=7 c=1203  lin 4 -> nonempty  1 dirs: 1 confirmed, 0 unevaluable, 0 changed; wraps [711]
[24627.6s] n=9 k=7 c=1193  lin 3 -> empty     0 dirs: 0 confirmed, 0 unevaluable, 0 changed; wraps []
[24667.1s] n=9 k=7 c=1201  lin 4 -> nonempty  1 dirs: 0 confirmed, 0 unevaluable, 1 changed; wraps []
[25171.2s] n=9 k=7 c=1171  lin 9 -> nonempty  48 dirs: 20 confirmed, 0 unevaluable, 28 changed; wraps ['multi-cube', 1195, 1195, 'multi-cube', 1195, 1195]
[25198.5s] n=9 k=7 c=1193  lin 4 -> nonempty  1 dirs: 1 confirmed, 0 unevaluable, 0 changed; wraps [1137]
[25230.1s] n=9 k=7 c=1179  lin 6 -> nonempty  3 dirs: 2 confirmed, 0 unevaluable, 1 changed; wraps [995, 687]
[25269.0s] n=9 k=8 c=1887  lin 3 -> empty     0 dirs: 0 confirmed, 0 unevaluable, 0 changed; wraps []
[25319.2s] n=9 k=8 c=1875  lin 5 -> nonempty  1 dirs: 1 confirmed, 0 unevaluable, 0 changed; wraps [1191]
[25380.4s] n=9 k=9 c=2785  lin 4 -> empty     0 dirs: 0 confirmed, 0 unevaluable, 0 changed; wraps []
[25380.4s] done: 207 classes
