[   23.4s] n=6 k=3 c=55    lin 3 -> nonempty  12 dirs: 12 confirmed, 0 unevaluable, 0 changed; wraps ['multi-cube', 55, 'multi-cube', 'multi-cube', 'multi-cube', 'multi-cube']
[   70.2s] n=6 k=3 c=55    lin 3 -> nonempty  30 dirs: 30 confirmed, 0 unevaluable, 0 changed; wraps [63, 'multi-cube', 'multi-cube', 'multi-cube', 'multi-cube', 'multi-cube']
[  119.7s] n=6 k=3 c=55    lin 3 -> nonempty  12 dirs: 12 confirmed, 0 unevaluable, 0 changed; wraps [47, 'multi-cube', 'multi-cube', 'multi-cube', 'multi-cube', 'multi-cube']
[  132.4s] n=6 k=3 c=49    lin 4 -> nonempty  4 dirs: 4 confirmed, 0 unevaluable, 0 changed; wraps [45, 53, 55, 45]
[  167.9s] n=6 k=3 c=63    lin 1 -> empty     0 dirs: 0 confirmed, 0 unevaluable, 0 changed; wraps []
[  317.0s] n=6 k=4 c=171   lin 3 -> empty     0 dirs: 0 confirmed, 0 unevaluable, 0 changed; wraps []
[  611.2s] n=6 k=4 c=165   lin 3 -> empty     0 dirs: 0 confirmed, 0 unevaluable, 0 changed; wraps []
[  725.1s] n=6 k=4 c=167   lin 3 -> nonempty  10 dirs: 10 confirmed, 0 unevaluable, 0 changed; wraps [63, 161, 161, 165, 145, 129]
[  842.7s] n=6 k=4 c=167   lin 3 -> nonempty  10 dirs: 10 confirmed, 0 unevaluable, 0 changed; wraps [129, 169, 153, 149, 165, 129]
[ 1539.7s] n=6 k=5 c=377   lin 3 -> empty     0 dirs: 0 confirmed, 0 unevaluable, 0 changed; wraps []
[ 2325.4s] n=6 k=5 c=385   lin 2 -> nonempty  2 dirs: 2 confirmed, 0 unevaluable, 0 changed; wraps [361, 361]
[ 2327.9s] n=7 k=3 c=63    lin 1 -> empty     0 dirs: 0 confirmed, 0 unevaluable, 0 changed; wraps []
[ 2330.2s] n=7 k=3 c=63    lin 1 -> empty     0 dirs: 0 confirmed, 0 unevaluable, 0 changed; wraps []
[ 2408.9s] n=7 k=3 c=55    lin 3 -> nonempty  12 dirs: 12 confirmed, 0 unevaluable, 0 changed; wraps [47, 'multi-cube', 'multi-cube', 'multi-cube', 'multi-cube', 'multi-cube']
[ 2418.6s] n=7 k=3 c=43    lin 5 -> nonempty  5 dirs: 4 confirmed, 0 unevaluable, 1 changed; wraps [57, 53, 53, 53]
[ 2555.2s] n=7 k=3 c=53    lin 3 -> nonempty  4 dirs: 4 confirmed, 0 unevaluable, 0 changed; wraps ['multi-cube', 63, 'multi-cube', 'multi-cube']
[ 2558.5s] n=7 k=3 c=53    lin 3 -> nonempty  3 dirs: 3 confirmed, 0 unevaluable, 0 changed; wraps [53, 41, 41]
[ 2673.4s] n=7 k=3 c=49    lin 4 -> nonempty  20 dirs: 20 confirmed, 0 unevaluable, 0 changed; wraps [33, 'multi-cube', 'multi-cube', 'multi-cube', 'multi-cube', 63]
[ 2701.7s] n=7 k=3 c=47    lin 4 -> nonempty  4 dirs: 4 confirmed, 0 unevaluable, 0 changed; wraps [55, 55, 55, 47]
[ 2715.3s] n=7 k=3 c=47    lin 4 -> nonempty  4 dirs: 4 confirmed, 0 unevaluable, 0 changed; wraps [13, 13, 13, 4]
[ 2896.5s] n=7 k=4 c=163   lin 4 -> nonempty  3 dirs: 3 confirmed, 0 unevaluable, 0 changed; wraps [157, 183, 'multi-cube']
[ 2965.5s] n=7 k=4 c=167   lin 2 -> empty     0 dirs: 0 confirmed, 0 unevaluable, 0 changed; wraps []
[ 3209.4s] n=7 k=4 c=165   lin 4 -> nonempty  3 dirs: 1 confirmed, 0 unevaluable, 2 changed; wraps [173]
[ 3371.7s] n=7 k=4 c=157   lin 5 -> nonempty  40 dirs: 8 confirmed, 0 unevaluable, 32 changed; wraps [169, 'multi-cube', 169, 'multi-cube', 'multi-cube', 167]
[ 3386.7s] n=7 k=4 c=161   lin 4 -> nonempty  15 dirs: 3 confirmed, 0 unevaluable, 12 changed; wraps [57, 'multi-cube', 53]
[ 3395.2s] n=7 k=4 c=167   lin 3 -> nonempty  10 dirs: 10 confirmed, 0 unevaluable, 0 changed; wraps [129, 169, 153, 149, 165, 129]
[ 3569.2s] n=7 k=4 c=171   lin 2 -> nonempty  1 dirs: 0 confirmed, 0 unevaluable, 1 changed; wraps []
[ 3938.6s] n=7 k=4 c=169   lin 2 -> empty     0 dirs: 0 confirmed, 0 unevaluable, 0 changed; wraps []
[ 3950.3s] n=7 k=5 c=393   lin 1 -> empty     0 dirs: 0 confirmed, 0 unevaluable, 0 changed; wraps []
[ 3991.2s] n=7 k=5 c=385   lin 2 -> empty     0 dirs: 0 confirmed, 0 unevaluable, 0 changed; wraps []
[ 4243.1s] n=7 k=5 c=359   lin 6 -> nonempty  15 dirs: 4 confirmed, 0 unevaluable, 11 changed; wraps [325, 385, 349, 349]
[ 4553.5s] n=7 k=5 c=369   lin 5 -> nonempty  4 dirs: 2 confirmed, 0 unevaluable, 2 changed; wraps [385, 385]
[ 4572.1s] n=7 k=5 c=381   lin 2 -> empty     0 dirs: 0 confirmed, 0 unevaluable, 0 changed; wraps []
[ 4950.1s] n=7 k=5 c=369   lin 4 -> nonempty  15 dirs: 15 confirmed, 0 unevaluable, 0 changed; wraps [169, 359, 355, 373, 371, 297]
[ 4981.0s] n=7 k=6 c=713   lin 3 -> empty     0 dirs: 0 confirmed, 0 unevaluable, 0 changed; wraps []
[ 5012.9s] n=7 k=7 c=1217  lin 2 -> empty     0 dirs: 0 confirmed, 0 unevaluable, 0 changed; wraps []
[ 5056.9s] n=8 k=3 c=49    lin 3 -> empty     0 dirs: 0 confirmed, 0 unevaluable, 0 changed; wraps []
[ 5058.3s] n=8 k=3 c=63    lin 1 -> empty     0 dirs: 0 confirmed, 0 unevaluable, 0 changed; wraps []
[ 5059.5s] n=8 k=3 c=63    lin 1 -> empty     0 dirs: 0 confirmed, 0 unevaluable, 0 changed; wraps []
[ 5060.8s] n=8 k=3 c=53    lin 3 -> nonempty  3 dirs: 3 confirmed, 0 unevaluable, 0 changed; wraps [53, 13, 41]
[ 5066.2s] n=8 k=3 c=43    lin 5 -> nonempty  5 dirs: 4 confirmed, 0 unevaluable, 1 changed; wraps [57, 53, 53, 53]
[ 5069.5s] n=8 k=3 c=49    lin 4 -> nonempty  4 dirs: 4 confirmed, 0 unevaluable, 0 changed; wraps [45, 53, 55, 45]
[ 5110.8s] n=8 k=3 c=55    lin 3 -> nonempty  12 dirs: 10 confirmed, 0 unevaluable, 2 changed; wraps [43, 'multi-cube', 'multi-cube', 'multi-cube', 'multi-cube', 'multi-cube']
[ 5114.2s] n=8 k=3 c=57    lin 2 -> nonempty  1 dirs: 1 confirmed, 0 unevaluable, 0 changed; wraps [13]
[ 5115.1s] n=8 k=3 c=37    lin 6 -> nonempty  6 dirs: 6 confirmed, 0 unevaluable, 0 changed; wraps [57, 57, 57, 57, 57, 57]
[ 5185.9s] n=8 k=3 c=53    lin 3 -> nonempty  4 dirs: 4 confirmed, 0 unevaluable, 0 changed; wraps ['multi-cube', 'multi-cube', 'multi-cube', 63]
[ 5186.7s] n=8 k=3 c=47    lin 4 -> nonempty  4 dirs: 4 confirmed, 0 unevaluable, 0 changed; wraps [55, 55, 55, 47]
[ 5191.7s] n=8 k=3 c=57    lin 2 -> nonempty  1 dirs: 1 confirmed, 0 unevaluable, 0 changed; wraps [13]
[ 5192.3s] n=8 k=3 c=44    lin 4 -> nonempty  4 dirs: 4 confirmed, 0 unevaluable, 0 changed; wraps [55, 55, 55, 57]
[ 5193.2s] n=8 k=3 c=37    lin 6 -> nonempty  6 dirs: 6 confirmed, 0 unevaluable, 0 changed; wraps [47, 47, 47, 47, 47, 47]
[ 5313.6s] n=8 k=4 c=163   lin 4 -> nonempty  3 dirs: 3 confirmed, 0 unevaluable, 0 changed; wraps [157, 183, 'multi-cube']
[ 5367.6s] n=8 k=4 c=153   lin 6 -> nonempty  60 dirs: 42 confirmed, 0 unevaluable, 18 changed; wraps [171, 'multi-cube', 'multi-cube', 'multi-cube', 'multi-cube', 'multi-cube']
[ 5475.4s] n=8 k=4 c=171   lin 2 -> nonempty  1 dirs: 1 confirmed, 0 unevaluable, 0 changed; wraps [63]
[ 5478.6s] n=8 k=4 c=179   lin 1 -> empty     0 dirs: 0 confirmed, 0 unevaluable, 0 changed; wraps []
[ 5482.4s] n=8 k=4 c=167   lin 3 -> nonempty  10 dirs: 10 confirmed, 0 unevaluable, 0 changed; wraps [63, 161, 161, 165, 145, 129]
[ 5498.0s] n=8 k=4 c=147   lin 7 -> nonempty  7 dirs: 5 confirmed, 0 unevaluable, 2 changed; wraps [161, 171, 167, 167, 167]
[ 5731.1s] n=8 k=4 c=169   lin 2 -> empty     0 dirs: 0 confirmed, 0 unevaluable, 0 changed; wraps []
[ 5742.3s] n=8 k=4 c=161   lin 4 -> nonempty  15 dirs: 3 confirmed, 0 unevaluable, 12 changed; wraps [57, 'multi-cube', 53]
[ 5747.4s] n=8 k=4 c=179   lin 1 -> empty     0 dirs: 0 confirmed, 0 unevaluable, 0 changed; wraps []
[ 5753.6s] n=8 k=4 c=167   lin 3 -> nonempty  10 dirs: 10 confirmed, 0 unevaluable, 0 changed; wraps [129, 169, 153, 149, 165, 129]
[ 5773.3s] n=8 k=4 c=147   lin 7 -> nonempty  7 dirs: 5 confirmed, 0 unevaluable, 2 changed; wraps [135, 135, 167, 167, 167]
[ 6002.2s] n=8 k=4 c=169   lin 2 -> empty     0 dirs: 0 confirmed, 0 unevaluable, 0 changed; wraps []
[ 6014.1s] n=8 k=4 c=161   lin 4 -> nonempty  15 dirs: 15 confirmed, 0 unevaluable, 0 changed; wraps [127, 'multi-cube', 'multi-cube', 'multi-cube', 'multi-cube', 127]
[ 6073.6s] n=8 k=4 c=167   lin 3 -> nonempty  15 dirs: 15 confirmed, 0 unevaluable, 0 changed; wraps [63, 169, 161, 175, 173, 127]
[ 6249.8s] n=8 k=4 c=157   lin 5 -> nonempty  1 dirs: 1 confirmed, 0 unevaluable, 0 changed; wraps [167]
[ 6324.3s] n=8 k=4 c=163   lin 3 -> nonempty  1 dirs: 1 confirmed, 0 unevaluable, 0 changed; wraps [55]
[ 6331.6s] n=8 k=4 c=159   lin 3 -> nonempty  1 dirs: 1 confirmed, 0 unevaluable, 0 changed; wraps [55]
[ 6607.1s] n=8 k=5 c=377   lin 3 -> empty     0 dirs: 0 confirmed, 0 unevaluable, 0 changed; wraps []
[ 6623.4s] n=8 k=5 c=385   lin 2 -> empty     0 dirs: 0 confirmed, 0 unevaluable, 0 changed; wraps []
[ 6711.4s] n=8 k=5 c=357   lin 7 -> nonempty  6 dirs: 6 confirmed, 0 unevaluable, 0 changed; wraps [339, 387, 'multi-cube', 385, 385, 385]
[ 6851.0s] n=8 k=5 c=359   lin 6 -> nonempty  15 dirs: 4 confirmed, 0 unevaluable, 11 changed; wraps [325, 385, 349, 349]
[ 7061.8s] n=8 k=5 c=371   lin 3 -> nonempty  1 dirs: 1 confirmed, 0 unevaluable, 0 changed; wraps [167]
[ 7080.1s] n=8 k=5 c=381   lin 2 -> empty     0 dirs: 0 confirmed, 0 unevaluable, 0 changed; wraps []
[ 7368.8s] n=8 k=5 c=363   lin 5 -> nonempty  4 dirs: 4 confirmed, 0 unevaluable, 0 changed; wraps [381, 381, 381, 381]
[ 7514.1s] n=8 k=5 c=351   lin 8 -> nonempty  70 dirs: 11 confirmed, 0 unevaluable, 59 changed; wraps [373, 373, 'multi-cube', 371, 'multi-cube', 369]
[ 7708.0s] n=8 k=5 c=353   lin 7 -> nonempty  5 dirs: 4 confirmed, 0 unevaluable, 1 changed; wraps [375, 375, 375, 377]
[ 8353.4s] n=8 k=5 c=381   lin 2 -> empty     0 dirs: 0 confirmed, 0 unevaluable, 0 changed; wraps []
[ 8382.0s] n=8 k=5 c=369   lin 4 -> nonempty  10 dirs: 10 confirmed, 0 unevaluable, 0 changed; wraps [299, 363, 347, 339, 363, 295]
[ 8396.9s] n=8 k=5 c=377   lin 3 -> nonempty  10 dirs: 2 confirmed, 0 unevaluable, 8 changed; wraps [359, 'multi-cube']
[ 8511.4s] n=8 k=5 c=365   lin 5 -> nonempty  20 dirs: 20 confirmed, 0 unevaluable, 0 changed; wraps [287, 'multi-cube', 'multi-cube', 'multi-cube', 'multi-cube', 287]
[ 8630.7s] n=8 k=5 c=357   lin 6 -> nonempty  2 dirs: 2 confirmed, 0 unevaluable, 0 changed; wraps [369, 369]
[ 8656.0s] n=8 k=6 c=723   lin 2 -> empty     0 dirs: 0 confirmed, 0 unevaluable, 0 changed; wraps []
[ 9168.7s] n=8 k=6 c=703   lin 5 -> nonempty  4 dirs: 2 confirmed, 0 unevaluable, 2 changed; wraps [723, 723]
[ 9619.3s] n=8 k=6 c=685   lin 8 -> nonempty  4 dirs: 4 confirmed, 0 unevaluable, 0 changed; wraps [715, 713, 713, 713]
[ 9935.2s] n=8 k=6 c=687   lin 7 -> nonempty  20 dirs: 6 confirmed, 0 unevaluable, 14 changed; wraps ['multi-cube', 715, 'multi-cube', 'multi-cube', 717, 'multi-cube']
[ 9978.5s] n=8 k=6 c=707   lin 3 -> empty     0 dirs: 0 confirmed, 0 unevaluable, 0 changed; wraps []
[10009.4s] n=8 k=6 c=715   lin 3 -> nonempty  1 dirs: 1 confirmed, 0 unevaluable, 0 changed; wraps [675]
[10680.8s] n=8 k=6 c=701   lin 5 -> nonempty  15 dirs: 13 confirmed, 0 unevaluable, 2 changed; wraps ['multi-cube', 'multi-cube', 'multi-cube', 571, 'multi-cube', 'multi-cube']
[12273.9s] n=8 k=7 c=1217  lin 2 -> empty     0 dirs: 0 confirmed, 0 unevaluable, 0 changed; wraps []
[12302.9s] n=8 k=7 c=1203  lin 3 -> nonempty  1 dirs: 0 confirmed, 0 unevaluable, 1 changed; wraps []
[12329.3s] n=9 k=3 c=55    lin 3 -> nonempty  12 dirs: 12 confirmed, 0 unevaluable, 0 changed; wraps ['multi-cube', 55, 'multi-cube', 'multi-cube', 'multi-cube', 'multi-cube']
[12330.5s] n=9 k=3 c=43    lin 5 -> nonempty  5 dirs: 5 confirmed, 0 unevaluable, 0 changed; wraps [57, 57, 63, 63, 63]
[12331.5s] n=9 k=3 c=63    lin 1 -> empty     0 dirs: 0 confirmed, 0 unevaluable, 0 changed; wraps []
[12335.2s] n=9 k=3 c=43    lin 5 -> nonempty  5 dirs: 5 confirmed, 0 unevaluable, 0 changed; wraps [57, 57, 63, 63, 63]
[12378.8s] n=9 k=3 c=53    lin 3 -> nonempty  4 dirs: 4 confirmed, 0 unevaluable, 0 changed; wraps ['multi-cube', 'multi-cube', 63, 'multi-cube']
[12381.7s] n=9 k=3 c=57    lin 2 -> nonempty  1 dirs: 1 confirmed, 0 unevaluable, 0 changed; wraps [13]
[12385.1s] n=9 k=3 c=43    lin 5 -> nonempty  5 dirs: 5 confirmed, 0 unevaluable, 0 changed; wraps [57, 31, 53, 53, 53]
[12413.9s] n=9 k=3 c=55    lin 3 -> nonempty  30 dirs: 23 confirmed, 0 unevaluable, 7 changed; wraps [51, 'multi-cube', 'multi-cube', 'multi-cube', 'multi-cube', 'multi-cube']
[12415.2s] n=9 k=3 c=43    lin 5 -> nonempty  5 dirs: 5 confirmed, 0 unevaluable, 0 changed; wraps [39, 57, 63, 63, 63]
[12416.3s] n=9 k=3 c=43    lin 5 -> nonempty  5 dirs: 2 confirmed, 0 unevaluable, 3 changed; wraps [57, 63]
[12419.4s] n=9 k=3 c=57    lin 2 -> nonempty  1 dirs: 1 confirmed, 0 unevaluable, 0 changed; wraps [13]
[12421.0s] n=9 k=3 c=43    lin 5 -> nonempty  5 dirs: 5 confirmed, 0 unevaluable, 0 changed; wraps [39, 31, 53, 53, 53]
[12436.8s] n=9 k=3 c=47    lin 4 -> nonempty  4 dirs: 4 confirmed, 0 unevaluable, 0 changed; wraps [55, 55, 55, 57]
[12483.6s] n=9 k=3 c=53    lin 3 -> nonempty  4 dirs: 4 confirmed, 0 unevaluable, 0 changed; wraps ['multi-cube', 'multi-cube', 'multi-cube', 63]
[12486.7s] n=9 k=3 c=57    lin 2 -> nonempty  1 dirs: 1 confirmed, 0 unevaluable, 0 changed; wraps [13]
[12487.5s] n=9 k=3 c=37    lin 6 -> nonempty  6 dirs: 6 confirmed, 0 unevaluable, 0 changed; wraps [57, 57, 57, 47, 47, 47]
[12488.4s] n=9 k=3 c=53    lin 3 -> nonempty  3 dirs: 3 confirmed, 0 unevaluable, 0 changed; wraps [53, 13, 41]
[12489.3s] n=9 k=3 c=43    lin 5 -> nonempty  5 dirs: 5 confirmed, 0 unevaluable, 0 changed; wraps [57, 39, 53, 53, 53]
[12489.9s] n=9 k=3 c=38    lin 6 -> nonempty  6 dirs: 4 confirmed, 0 unevaluable, 2 changed; wraps [57, 57, 57, 57]
[12490.4s] n=9 k=3 c=40    lin 4 -> nonempty  4 dirs: 4 confirmed, 0 unevaluable, 0 changed; wraps [13, 13, 13, 4]
[12491.2s] n=9 k=3 c=37    lin 6 -> nonempty  6 dirs: 6 confirmed, 0 unevaluable, 0 changed; wraps [47, 47, 47, 47, 47, 47]
[12605.7s] n=9 k=4 c=171   lin 3 -> empty     0 dirs: 0 confirmed, 0 unevaluable, 0 changed; wraps []
[12644.1s] n=9 k=4 c=153   lin 6 -> nonempty  27 dirs: 24 confirmed, 0 unevaluable, 3 changed; wraps ['multi-cube', 141, 'multi-cube', 'multi-cube', 'multi-cube', 'multi-cube']
[12694.8s] n=9 k=4 c=153   lin 6 -> nonempty  60 dirs: 42 confirmed, 0 unevaluable, 18 changed; wraps [171, 'multi-cube', 'multi-cube', 'multi-cube', 'multi-cube', 'multi-cube']
[12699.4s] n=9 k=4 c=171   lin 2 -> nonempty  1 dirs: 1 confirmed, 0 unevaluable, 0 changed; wraps [63]
[12745.0s] n=9 k=4 c=147   lin 6 -> nonempty  15 dirs: 15 confirmed, 0 unevaluable, 0 changed; wraps [167, 131, 141, 141, 133, 167]
[12886.7s] n=9 k=4 c=151   lin 6 -> nonempty  50 dirs: 50 confirmed, 0 unevaluable, 0 changed; wraps [169, 'multi-cube', 'multi-cube', 'multi-cube', 'multi-cube', 169]
[12962.6s] n=9 k=4 c=163   lin 4 -> nonempty  3 dirs: 3 confirmed, 0 unevaluable, 0 changed; wraps [169, 179, 179]
[12966.5s] n=9 k=4 c=171   lin 2 -> nonempty  1 dirs: 1 confirmed, 0 unevaluable, 0 changed; wraps [63]
[12977.7s] n=9 k=4 c=147   lin 7 -> nonempty  7 dirs: 7 confirmed, 0 unevaluable, 0 changed; wraps [153, 153, 171, 119, 167, 167]
[13003.0s] n=9 k=4 c=173   lin 2 -> nonempty  2 dirs: 1 confirmed, 0 unevaluable, 1 changed; wraps [169]
[13041.3s] n=9 k=4 c=153   lin 6 -> nonempty  27 dirs: 6 confirmed, 0 unevaluable, 21 changed; wraps [145, 'multi-cube', 'multi-cube', 173, 173, 173]
[13045.5s] n=9 k=4 c=141   lin 8 -> nonempty  8 dirs: 5 confirmed, 0 unevaluable, 3 changed; wraps [125, 109, 171, 171, 171]
[13052.7s] n=9 k=4 c=153   lin 4 -> nonempty  15 dirs: 14 confirmed, 0 unevaluable, 1 changed; wraps [57, 'multi-cube', 'multi-cube', 'multi-cube', 'multi-cube', 125]
[13054.4s] n=9 k=4 c=141   lin 8 -> nonempty  8 dirs: 7 confirmed, 0 unevaluable, 1 changed; wraps [165, 161, 161, 161, 161, 161]
[13056.9s] n=9 k=4 c=179   lin 1 -> empty     0 dirs: 0 confirmed, 0 unevaluable, 0 changed; wraps []
[13128.2s] n=9 k=4 c=163   lin 4 -> nonempty  40 dirs: 30 confirmed, 0 unevaluable, 10 changed; wraps [143, 'multi-cube', 'multi-cube', 'multi-cube', 'multi-cube', 'multi-cube']
[13281.8s] n=9 k=4 c=169   lin 2 -> empty     0 dirs: 0 confirmed, 0 unevaluable, 0 changed; wraps []
[13348.0s] n=9 k=4 c=151   lin 6 -> nonempty  41 dirs: 41 confirmed, 0 unevaluable, 0 changed; wraps ['multi-cube', 'multi-cube', 'multi-cube', 'multi-cube', 'multi-cube', 171]
[13351.7s] n=9 k=4 c=171   lin 2 -> nonempty  1 dirs: 0 confirmed, 0 unevaluable, 1 changed; wraps []
[13437.1s] n=9 k=4 c=163   lin 4 -> nonempty  2 dirs: 2 confirmed, 0 unevaluable, 0 changed; wraps [147, 173]
[13533.0s] n=9 k=4 c=157   lin 4 -> nonempty  27 dirs: 19 confirmed, 0 unevaluable, 8 changed; wraps ['multi-cube', 'multi-cube', 'multi-cube', 'multi-cube', 'multi-cube', 'multi-cube']
[13541.2s] n=9 k=4 c=165   lin 3 -> nonempty  10 dirs: 10 confirmed, 0 unevaluable, 0 changed; wraps [57, 'multi-cube', 'multi-cube', 'multi-cube', 'multi-cube', 57]
[13569.0s] n=9 k=4 c=151   lin 6 -> nonempty  6 dirs: 5 confirmed, 0 unevaluable, 1 changed; wraps [131, 131, 151, 151, 161]
[13573.2s] n=9 k=4 c=169   lin 2 -> empty     0 dirs: 0 confirmed, 0 unevaluable, 0 changed; wraps []
[13672.3s] n=9 k=4 c=157   lin 5 -> nonempty  1 dirs: 1 confirmed, 0 unevaluable, 0 changed; wraps [167]
[13761.3s] n=9 k=4 c=147   lin 6 -> nonempty  41 dirs: 31 confirmed, 0 unevaluable, 10 changed; wraps ['multi-cube', 'multi-cube', 'multi-cube', 'multi-cube', 'multi-cube', 'multi-cube']
[13767.6s] n=9 k=4 c=163   lin 3 -> nonempty  1 dirs: 1 confirmed, 0 unevaluable, 0 changed; wraps [55]
[13769.3s] n=9 k=4 c=141   lin 7 -> nonempty  7 dirs: 7 confirmed, 0 unevaluable, 0 changed; wraps [159, 159, 159, 147, 153, 153]
[13775.9s] n=9 k=4 c=159   lin 4 -> nonempty  10 dirs: 10 confirmed, 0 unevaluable, 0 changed; wraps [55, 165, 149, 165, 165, 119]
[13856.0s] n=9 k=4 c=159   lin 3 -> nonempty  1 dirs: 1 confirmed, 0 unevaluable, 0 changed; wraps [55]
[13857.5s] n=9 k=4 c=138   lin 7 -> nonempty  7 dirs: 5 confirmed, 0 unevaluable, 2 changed; wraps [159, 159, 165, 159, 159]
[13877.5s] n=9 k=4 c=165   lin 3 -> nonempty  3 dirs: 3 confirmed, 0 unevaluable, 0 changed; wraps [57, 57, 57]
[14115.4s] n=9 k=5 c=375   lin 4 -> nonempty  1 dirs: 0 confirmed, 0 unevaluable, 1 changed; wraps []
[14133.1s] n=9 k=5 c=385   lin 2 -> empty     0 dirs: 0 confirmed, 0 unevaluable, 0 changed; wraps []
[14372.9s] n=9 k=5 c=353   lin 7 -> nonempty  25 dirs: 11 confirmed, 0 unevaluable, 14 changed; wraps ['multi-cube', 'multi-cube', 'multi-cube', 383, 'multi-cube', 383]
[14569.8s] n=9 k=5 c=357   lin 7 -> nonempty  6 dirs: 5 confirmed, 0 unevaluable, 1 changed; wraps [341, 385, 385, 385, 387]
[14591.3s] n=9 k=5 c=381   lin 2 -> empty     0 dirs: 0 confirmed, 0 unevaluable, 0 changed; wraps []
[14709.4s] n=9 k=5 c=353   lin 7 -> nonempty  9 dirs: 5 confirmed, 0 unevaluable, 4 changed; wraps [369, 381, 381, 383, 383]
[14724.1s] n=9 k=5 c=371   lin 3 -> nonempty  1 dirs: 1 confirmed, 0 unevaluable, 0 changed; wraps [167]
[15146.1s] n=9 k=5 c=373   lin 3 -> nonempty  1 dirs: 1 confirmed, 0 unevaluable, 0 changed; wraps [169]
[15412.8s] n=9 k=5 c=345   lin 9 -> nonempty  80 dirs: 24 confirmed, 0 unevaluable, 56 changed; wraps [373, 'multi-cube', 373, 'multi-cube', 'multi-cube', 373]
[15420.6s] n=9 k=5 c=383   lin 2 -> nonempty  1 dirs: 1 confirmed, 0 unevaluable, 0 changed; wraps [179]
[15771.6s] n=9 k=5 c=363   lin 5 -> nonempty  4 dirs: 4 confirmed, 0 unevaluable, 0 changed; wraps [381, 381, 381, 381]
[15786.1s] n=9 k=5 c=371   lin 4 -> nonempty  15 dirs: 3 confirmed, 0 unevaluable, 12 changed; wraps [171, 167, 'multi-cube']
[16069.5s] n=9 k=5 c=375   lin 3 -> nonempty  10 dirs: 10 confirmed, 0 unevaluable, 0 changed; wraps [171, 'multi-cube', 'multi-cube', 'multi-cube', 'multi-cube', 171]
[16199.9s] n=9 k=5 c=341   lin 9 -> nonempty  80 dirs: 38 confirmed, 0 unevaluable, 42 changed; wraps ['multi-cube', 'multi-cube', 'multi-cube', 'multi-cube', 375, 'multi-cube']
[16226.4s] n=9 k=5 c=369   lin 3 -> nonempty  1 dirs: 1 confirmed, 0 unevaluable, 0 changed; wraps [169]
[16293.8s] n=9 k=5 c=347   lin 9 -> nonempty  42 dirs: 5 confirmed, 0 unevaluable, 37 changed; wraps ['multi-cube', 'multi-cube', 369, 377, 377]
[16316.4s] n=9 k=5 c=357   lin 5 -> nonempty  20 dirs: 3 confirmed, 0 unevaluable, 17 changed; wraps [165, 153, 161]
[16398.4s] n=9 k=5 c=385   lin 2 -> nonempty  2 dirs: 2 confirmed, 0 unevaluable, 0 changed; wraps [361, 361]
[16767.8s] n=9 k=5 c=369   lin 5 -> nonempty  4 dirs: 2 confirmed, 0 unevaluable, 2 changed; wraps [347, 347]
[17039.8s] n=9 k=5 c=363   lin 5 -> nonempty  5 dirs: 2 confirmed, 0 unevaluable, 3 changed; wraps [381, 381]
[17343.6s] n=9 k=5 c=361   lin 4 -> nonempty  10 dirs: 10 confirmed, 0 unevaluable, 0 changed; wraps [301, 355, 347, 339, 359, 291]
[17484.1s] n=9 k=5 c=351   lin 8 -> nonempty  55 dirs: 42 confirmed, 0 unevaluable, 13 changed; wraps ['multi-cube', 'multi-cube', 'multi-cube', 323, 'multi-cube', 'multi-cube']
[17502.7s] n=9 k=5 c=377   lin 3 -> nonempty  10 dirs: 2 confirmed, 0 unevaluable, 8 changed; wraps [359, 'multi-cube']
[17872.2s] n=9 k=5 c=373   lin 3 -> nonempty  1 dirs: 0 confirmed, 0 unevaluable, 1 changed; wraps []
[18108.2s] n=9 k=5 c=363   lin 5 -> nonempty  3 dirs: 3 confirmed, 0 unevaluable, 0 changed; wraps [339, 367, 375]
[18296.0s] n=9 k=5 c=355   lin 5 -> nonempty  15 dirs: 15 confirmed, 0 unevaluable, 0 changed; wraps [285, 'multi-cube', 'multi-cube', 'multi-cube', 'multi-cube', 285]
[18335.0s] n=9 k=5 c=369   lin 4 -> nonempty  10 dirs: 9 confirmed, 0 unevaluable, 1 changed; wraps [169, 371, 377, 375, 285, 371]
[18782.1s] n=9 k=5 c=369   lin 3 -> nonempty  1 dirs: 1 confirmed, 0 unevaluable, 0 changed; wraps [169]
[18881.2s] n=9 k=5 c=343   lin 7 -> nonempty  48 dirs: 28 confirmed, 0 unevaluable, 20 changed; wraps [369, 'multi-cube', 'multi-cube', 369, 369, 'multi-cube']
[19093.0s] n=9 k=5 c=363   lin 4 -> nonempty  10 dirs: 10 confirmed, 0 unevaluable, 0 changed; wraps [159, 'multi-cube', 'multi-cube', 'multi-cube', 'multi-cube', 163]
[19110.0s] n=9 k=5 c=351   lin 5 -> nonempty  15 dirs: 15 confirmed, 0 unevaluable, 0 changed; wraps [159, 'multi-cube', 'multi-cube', 'multi-cube', 'multi-cube', 281]
[19119.2s] n=9 k=6 c=727   lin 1 -> empty     0 dirs: 0 confirmed, 0 unevaluable, 0 changed; wraps []
[19697.5s] n=9 k=6 c=709   lin 4 -> nonempty  1 dirs: 0 confirmed, 0 unevaluable, 1 changed; wraps []
[21003.1s] n=9 k=6 c=703   lin 5 -> nonempty  2 dirs: 1 confirmed, 0 unevaluable, 1 changed; wraps [723]
[21039.6s] n=9 k=6 c=705   lin 3 -> empty     0 dirs: 0 confirmed, 0 unevaluable, 0 changed; wraps []
[21534.8s] n=9 k=6 c=685   lin 8 -> nonempty  4 dirs: 4 confirmed, 0 unevaluable, 0 changed; wraps [715, 713, 713, 713]
[21565.9s] n=9 k=6 c=717   lin 2 -> nonempty  1 dirs: 0 confirmed, 0 unevaluable, 1 changed; wraps []
[21612.4s] n=9 k=6 c=713   lin 3 -> nonempty  1 dirs: 0 confirmed, 0 unevaluable, 1 changed; wraps []
[22177.7s] n=9 k=6 c=697   lin 5 -> nonempty  2 dirs: 2 confirmed, 0 unevaluable, 0 changed; wraps [707, 715]
[22953.8s] n=9 k=6 c=693   lin 4 -> nonempty  1 dirs: 1 confirmed, 0 unevaluable, 0 changed; wraps [361]
[22989.9s] n=9 k=6 c=715   lin 3 -> nonempty  1 dirs: 0 confirmed, 0 unevaluable, 1 changed; wraps []
[24122.0s] n=9 k=6 c=709   lin 3 -> nonempty  1 dirs: 1 confirmed, 0 unevaluable, 0 changed; wraps [381]
[24498.4s] n=9 k=6 c=677   lin 8 -> nonempty  20 dirs: 14 confirmed, 0 unevaluable, 6 changed; wraps [709, 709, 709, 709, 709, 709]
[24538.6s] n=9 k=6 c=701   lin 4 -> nonempty  10 dirs: 9 confirmed, 0 unevaluable, 1 changed; wraps [369, 'multi-cube', 'multi-cube', 'multi-cube', 373, 'multi-cube']
[24578.9s] n=9 k=6 c=695   lin 4 -> nonempty  10 dirs: 3 confirmed, 0 unevaluable, 7 changed; wraps [375, 'multi-cube', 'multi-cube']
[24602.1s] n=9 k=6 c=715   lin 3 -> nonempty  1 dirs: 1 confirmed, 0 unevaluable, 0 changed; wraps [675]
[25415.4s] n=9 k=6 c=707   lin 3 -> empty     0 dirs: 0 confirmed, 0 unevaluable, 0 changed; wraps []
[25746.5s] n=9 k=6 c=697   lin 6 -> nonempty  7 dirs: 7 confirmed, 0 unevaluable, 0 changed; wraps [637, 659, 659, 707, 707, 715]
[26108.5s] n=9 k=6 c=693   lin 5 -> nonempty  15 dirs: 13 confirmed, 0 unevaluable, 2 changed; wraps ['multi-cube', 'multi-cube', 'multi-cube', 569, 'multi-cube', 'multi-cube']
[26125.0s] n=9 k=6 c=699   lin 4 -> nonempty  10 dirs: 2 confirmed, 0 unevaluable, 8 changed; wraps [669, 'multi-cube']
[26151.5s] n=9 k=6 c=687   lin 6 -> nonempty  20 dirs: 20 confirmed, 0 unevaluable, 0 changed; wraps [569, 'multi-cube', 'multi-cube', 'multi-cube', 'multi-cube', 571]
[26173.0s] n=9 k=6 c=691   lin 4 -> nonempty  1 dirs: 1 confirmed, 0 unevaluable, 0 changed; wraps [367]
[26193.0s] n=9 k=7 c=1217  lin 2 -> empty     0 dirs: 0 confirmed, 0 unevaluable, 0 changed; wraps []
[26225.4s] n=9 k=7 c=1209  lin 3 -> empty     0 dirs: 0 confirmed, 0 unevaluable, 0 changed; wraps []
[27440.1s] n=9 k=7 c=1197  lin 5 -> nonempty  2 dirs: 2 confirmed, 0 unevaluable, 0 changed; wraps [1209, 1217]
[27473.5s] n=9 k=7 c=1197  lin 4 -> nonempty  1 dirs: 1 confirmed, 0 unevaluable, 0 changed; wraps [705]
[27500.9s] n=9 k=7 c=1199  lin 3 -> nonempty  1 dirs: 0 confirmed, 0 unevaluable, 1 changed; wraps []
[27537.7s] n=9 k=7 c=1185  lin 5 -> nonempty  2 dirs: 2 confirmed, 0 unevaluable, 0 changed; wraps [693, 693]
[27579.9s] n=9 k=7 c=1191  lin 4 -> nonempty  1 dirs: 1 confirmed, 0 unevaluable, 0 changed; wraps [707]
[27624.4s] n=9 k=7 c=1201  lin 4 -> nonempty  1 dirs: 1 confirmed, 0 unevaluable, 0 changed; wraps [1141]
[28541.2s] n=9 k=7 c=1181  lin 7 -> nonempty  8 dirs: 6 confirmed, 0 unevaluable, 2 changed; wraps [1123, 1123, 1193, 1193, 1201, 1201]
[28582.4s] n=9 k=8 c=1895  lin 3 -> empty     0 dirs: 0 confirmed, 0 unevaluable, 0 changed; wraps []
[29747.6s] n=9 k=8 c=1873  lin 6 -> nonempty  15 dirs: 3 confirmed, 0 unevaluable, 12 changed; wraps [1887, 1895, 'multi-cube']
[29821.6s] n=9 k=8 c=1867  lin 5 -> nonempty  1 dirs: 1 confirmed, 0 unevaluable, 0 changed; wraps [1787]
[29821.6s] done: 207 classes
