starting
planes/cube [24, 24, 24, 24, 23] ; quadrics/cube [96, 96, 96, 96, 96]
squarefree classes of the irrational solutions (top 12): [(5, 13500), (17, 12930), (465, 8394), (15, 8106), (115, 7536), (6, 7104), (10, 6828), (481, 6594), (217, 5970), (145, 5508), (13, 5244), (73, 4998)]
classes: 1384, candidate configs: 508818
  Q(sqrt5       ):   8808 cfgs, counted   8472, best 721
  Q(sqrt17      ):   6570 cfgs, counted   6492, best 717
  Q(sqrt6       ):   4758 cfgs, counted   4644, best 723
  Q(sqrt481     ):   4632 cfgs, counted   2274, best 721
  Q(sqrt145     ):   4452 cfgs, counted   4056, best 721
  Q(sqrt465     ):   3330 cfgs, counted   2058, best 711
  Q(sqrt161     ):   3312 cfgs, counted   2946, best 715
  Q(sqrt41      ):   3270 cfgs, counted   3060, best 719
  Q(sqrt13      ):   3228 cfgs, counted   3186, best 727
  Q(sqrt2       ):   3084 cfgs, counted   3084, best 713
  Q(sqrt73      ):   3048 cfgs, counted   2796, best 711
  Q(sqrt15      ):   2964 cfgs, counted   2856, best 709
  Q(sqrt3       ):   2958 cfgs, counted   2928, best 723
  Q(sqrt19      ):   2940 cfgs, counted   2748, best 721
  Q(sqrt115     ):   2826 cfgs, counted   2184, best 723
  Q(sqrt21      ):   2706 cfgs, counted   2556, best 719
  Q(sqrt10      ):   2700 cfgs, counted   2514, best 723
  Q(sqrt7       ):   2676 cfgs, counted   2664, best 723
  Q(sqrt177     ):   2562 cfgs, counted   2454, best 715
  Q(sqrt281     ):   2502 cfgs, counted   2298, best 723
  Q(sqrt57      ):   2466 cfgs, counted   2412, best 723
  Q(sqrt61      ):   2442 cfgs, counted   2346, best 711
  Q(sqrt85      ):   2388 cfgs, counted   2010, best 709
  Q(sqrt137     ):   2376 cfgs, counted   2124, best 715
  Q(sqrt313     ):   2340 cfgs, counted   1440, best 723
  Q(sqrt241     ):   2298 cfgs, counted   1800, best 719
  Q(sqrt265     ):   2244 cfgs, counted   1794, best 715
  Q(sqrt505     ):   2232 cfgs, counted   1368, best 721
  Q(sqrt201     ):   2154 cfgs, counted   1800, best 721
  Q(sqrt30      ):   2118 cfgs, counted   2022, best 715
  Q(sqrt521     ):   2094 cfgs, counted   1506, best 709
  Q(sqrt1105    ):   2076 cfgs, counted    906, best 721
  Q(sqrt33      ):   2058 cfgs, counted   2058, best 719
  Q(sqrt97      ):   2022 cfgs, counted   1746, best 721
  Q(sqrt217     ):   1998 cfgs, counted   1518, best 707
  Q(sqrt601     ):   1992 cfgs, counted    678, best 721
  Q(sqrt11      ):   1992 cfgs, counted   1992, best 719
  Q(sqrt89      ):   1986 cfgs, counted   1698, best 713
  Q(sqrt433     ):   1956 cfgs, counted   1506, best 719
  Q(sqrt8761    ):   1944 cfgs, counted     72, best 715
  Q(sqrt193     ):   1938 cfgs, counted   1710, best 715
  Q(sqrt58      ):   1926 cfgs, counted   1824, best 711
  Q(sqrt901     ):   1794 cfgs, counted   1404, best 709
  Q(sqrt721     ):   1728 cfgs, counted    456, best 723
  Q(sqrt149     ):   1710 cfgs, counted   1428, best 717
  Q(sqrt785     ):   1668 cfgs, counted   1122, best 707
  Q(sqrt8545    ):   1662 cfgs, counted      0, best 0
  Q(sqrt9049    ):   1656 cfgs, counted     72, best 697
  Q(sqrt7369    ):   1656 cfgs, counted    180, best 701
  Q(sqrt769     ):   1650 cfgs, counted    498, best 715
  Q(sqrt1201    ):   1572 cfgs, counted    270, best 707
  Q(sqrt34      ):   1548 cfgs, counted   1536, best 723
  Q(sqrt329     ):   1548 cfgs, counted   1278, best 715
  Q(sqrt3689    ):   1530 cfgs, counted    252, best 723
  Q(sqrt526     ):   1530 cfgs, counted   1404, best 713
  Q(sqrt577     ):   1524 cfgs, counted   1134, best 725
  Q(sqrt229     ):   1428 cfgs, counted    906, best 701
  Q(sqrt31      ):   1428 cfgs, counted   1428, best 715
  Q(sqrt1321    ):   1416 cfgs, counted    456, best 713
  Q(sqrt921     ):   1416 cfgs, counted    534, best 703
  Q(sqrt113     ):   1410 cfgs, counted   1116, best 723
  Q(sqrt37      ):   1398 cfgs, counted   1338, best 721
  Q(sqrt5941    ):   1380 cfgs, counted    144, best 711
  Q(sqrt661     ):   1380 cfgs, counted    648, best 719
  Q(sqrt18129   ):   1380 cfgs, counted      0, best 0
  Q(sqrt16449   ):   1380 cfgs, counted      0, best 0
  Q(sqrt1165    ):   1380 cfgs, counted    768, best 715
  Q(sqrt29      ):   1344 cfgs, counted   1182, best 715
  Q(sqrt1489    ):   1308 cfgs, counted    306, best 719
  Q(sqrt159     ):   1290 cfgs, counted    858, best 715
  Q(sqrt109     ):   1272 cfgs, counted   1272, best 711
  Q(sqrt2221    ):   1254 cfgs, counted    426, best 715
  Q(sqrt8209    ):   1248 cfgs, counted     72, best 695
  Q(sqrt157     ):   1248 cfgs, counted   1206, best 719
  Q(sqrt3769    ):   1242 cfgs, counted    234, best 719
  Q(sqrt8409    ):   1242 cfgs, counted     72, best 691
  Q(sqrt713     ):   1242 cfgs, counted   1116, best 707
  Q(sqrt3161    ):   1242 cfgs, counted    300, best 715
  Q(sqrt401     ):   1146 cfgs, counted    714, best 721
  Q(sqrt60481   ):   1134 cfgs, counted      0, best 0
  Q(sqrt14      ):   1134 cfgs, counted   1116, best 715
  Q(sqrt65      ):   1128 cfgs, counted   1128, best 721
  Q(sqrt39      ):   1122 cfgs, counted    996, best 707
  Q(sqrt1549    ):   1116 cfgs, counted    552, best 715
  Q(sqrt993     ):   1116 cfgs, counted    702, best 721
  Q(sqrt3441    ):   1116 cfgs, counted    252, best 709
  Q(sqrt3193    ):   1116 cfgs, counted    348, best 719
  Q(sqrt309     ):   1116 cfgs, counted    726, best 713
  Q(sqrt609     ):   1116 cfgs, counted    540, best 723
  Q(sqrt1033    ):   1116 cfgs, counted    624, best 707
  Q(sqrt277     ):   1116 cfgs, counted    960, best 713
  Q(sqrt321     ):   1110 cfgs, counted    834, best 715
  Q(sqrt233     ):   1110 cfgs, counted    618, best 715
  Q(sqrt457     ):   1110 cfgs, counted    678, best 721
  Q(sqrt305     ):   1110 cfgs, counted    930, best 715
  Q(sqrt1361    ):   1104 cfgs, counted    384, best 699
  Q(sqrt7465    ):   1104 cfgs, counted     84, best 687
  Q(sqrt1581    ):   1104 cfgs, counted    528, best 709
  Q(sqrt1861    ):   1104 cfgs, counted    420, best 711
  Q(sqrt5185    ):   1104 cfgs, counted    168, best 703
  Q(sqrt254     ):   1104 cfgs, counted    996, best 707
  Q(sqrt1641    ):   1104 cfgs, counted    540, best 707
  Q(sqrt4209    ):   1104 cfgs, counted    264, best 701
  Q(sqrt1966    ):   1104 cfgs, counted    432, best 697
  Q(sqrt8529    ):   1104 cfgs, counted     36, best 697
  Q(sqrt1171    ):   1104 cfgs, counted    630, best 705
  Q(sqrt3529    ):   1104 cfgs, counted    336, best 709
  Q(sqrt379     ):   1104 cfgs, counted   1044, best 713
  Q(sqrt337     ):   1074 cfgs, counted    684, best 723
  Q(sqrt93      ):   1068 cfgs, counted    756, best 721
  Q(sqrt35401   ):   1056 cfgs, counted      0, best 0
  Q(sqrt3089    ):   1056 cfgs, counted    312, best 707
  Q(sqrt59761   ):   1050 cfgs, counted      0, best 0
  Q(sqrt62041   ):   1032 cfgs, counted      0, best 0
  Q(sqrt834     ):   1008 cfgs, counted    420, best 721
  Q(sqrt2190    ):   1002 cfgs, counted    294, best 725
  Q(sqrt510     ):   1002 cfgs, counted    444, best 721
  Q(sqrt43      ):    996 cfgs, counted    924, best 707
  Q(sqrt102     ):    996 cfgs, counted    852, best 721
  Q(sqrt5977    ):    990 cfgs, counted     48, best 691
  Q(sqrt417     ):    984 cfgs, counted    474, best 719
  Q(sqrt226     ):    984 cfgs, counted    864, best 727
  Q(sqrt1465    ):    978 cfgs, counted    222, best 717
  Q(sqrt1081    ):    978 cfgs, counted    456, best 715
  Q(sqrt3313    ):    978 cfgs, counted    324, best 709
  Q(sqrt1126    ):    972 cfgs, counted    666, best 721
  Q(sqrt9089    ):    972 cfgs, counted     30, best 697
  Q(sqrt2201    ):    966 cfgs, counted    348, best 699
  Q(sqrt2113    ):    966 cfgs, counted    264, best 715
  Q(sqrt129     ):    966 cfgs, counted    954, best 711
  Q(sqrt697     ):    966 cfgs, counted    912, best 707
  Q(sqrt466     ):    960 cfgs, counted    828, best 721
  Q(sqrt87      ):    960 cfgs, counted    816, best 709
  Q(sqrt66      ):    948 cfgs, counted    834, best 705
  Q(sqrt897     ):    924 cfgs, counted    330, best 709
  Q(sqrt9769    ):    918 cfgs, counted      0, best 0
  Q(sqrt43921   ):    918 cfgs, counted      0, best 0
  Q(sqrt817     ):    906 cfgs, counted    456, best 723
  Q(sqrt29401   ):    900 cfgs, counted      0, best 0
  Q(sqrt806     ):    864 cfgs, counted    246, best 711
  Q(sqrt745     ):    864 cfgs, counted    144, best 711
  Q(sqrt537     ):    852 cfgs, counted    516, best 721
  Q(sqrt82      ):    846 cfgs, counted    780, best 723
  Q(sqrt249     ):    840 cfgs, counted    666, best 707
  Q(sqrt489     ):    840 cfgs, counted    756, best 721
  Q(sqrt23761   ):    840 cfgs, counted      0, best 0
  Q(sqrt2377    ):    840 cfgs, counted    300, best 721
  Q(sqrt185     ):    840 cfgs, counted    834, best 699
  Q(sqrt1417    ):    840 cfgs, counted    444, best 715
  Q(sqrt6329    ):    834 cfgs, counted      0, best 0
  Q(sqrt119     ):    834 cfgs, counted    834, best 707
  Q(sqrt17209   ):    828 cfgs, counted      0, best 0
  Q(sqrt1054    ):    828 cfgs, counted    396, best 711
  Q(sqrt22649   ):    828 cfgs, counted      0, best 0
  Q(sqrt44041   ):    828 cfgs, counted      0, best 0
  Q(sqrt13729   ):    828 cfgs, counted      0, best 0
  Q(sqrt586     ):    828 cfgs, counted    432, best 703
  Q(sqrt1753    ):    828 cfgs, counted    342, best 699
  Q(sqrt1114    ):    828 cfgs, counted    324, best 705
  Q(sqrt16969   ):    828 cfgs, counted      0, best 0
  Q(sqrt849     ):    828 cfgs, counted    492, best 709
  Q(sqrt3361    ):    828 cfgs, counted    264, best 719
  Q(sqrt709     ):    828 cfgs, counted    756, best 707
  Q(sqrt1609    ):    828 cfgs, counted    558, best 711
  Q(sqrt4049    ):    792 cfgs, counted     54, best 713
  Q(sqrt1241    ):    780 cfgs, counted    138, best 715
  Q(sqrt5311    ):    732 cfgs, counted     54, best 701
  Q(sqrt219     ):    720 cfgs, counted    468, best 717
  Q(sqrt355     ):    720 cfgs, counted    282, best 705
  Q(sqrt3245    ):    720 cfgs, counted      0, best 0
  Q(sqrt4929    ):    720 cfgs, counted     90, best 717
  Q(sqrt7291    ):    714 cfgs, counted     84, best 721
  Q(sqrt55      ):    714 cfgs, counted    624, best 719
  Q(sqrt199     ):    708 cfgs, counted    558, best 721
  Q(sqrt26      ):    708 cfgs, counted    702, best 699
  Q(sqrt2857    ):    702 cfgs, counted    108, best 725
  Q(sqrt22      ):    702 cfgs, counted    666, best 719
  Q(sqrt733     ):    702 cfgs, counted    396, best 711
  Q(sqrt205     ):    702 cfgs, counted    594, best 711
  Q(sqrt881     ):    702 cfgs, counted    414, best 709
  Q(sqrt257     ):    696 cfgs, counted    540, best 719
  Q(sqrt1873    ):    696 cfgs, counted    282, best 713
  Q(sqrt9105    ):    696 cfgs, counted     36, best 699
  Q(sqrt130     ):    696 cfgs, counted    636, best 721
  Q(sqrt2553    ):    696 cfgs, counted    114, best 711
  Q(sqrt445     ):    696 cfgs, counted    588, best 713
  Q(sqrt273     ):    696 cfgs, counted    438, best 701
  Q(sqrt377     ):    690 cfgs, counted    432, best 721
  Q(sqrt78      ):    690 cfgs, counted    690, best 703
  Q(sqrt2521    ):    690 cfgs, counted    336, best 715
  Q(sqrt190     ):    690 cfgs, counted    672, best 713
  Q(sqrt8689    ):    660 cfgs, counted     36, best 693
  Q(sqrt81481   ):    648 cfgs, counted      0, best 0
  Q(sqrt2305    ):    642 cfgs, counted    150, best 715
  Q(sqrt1801    ):    636 cfgs, counted    420, best 705
  Q(sqrt937     ):    612 cfgs, counted    414, best 703
  Q(sqrt317     ):    576 cfgs, counted    432, best 721
  Q(sqrt2199    ):    576 cfgs, counted      6, best 721
  Q(sqrt1461    ):    576 cfgs, counted     90, best 713
  Q(sqrt506     ):    576 cfgs, counted    336, best 699
  Q(sqrt195     ):    576 cfgs, counted    576, best 721
  Q(sqrt50641   ):    576 cfgs, counted      0, best 0
  Q(sqrt5889    ):    576 cfgs, counted      0, best 0
  Q(sqrt4349    ):    576 cfgs, counted      6, best 711
  Q(sqrt7294    ):    576 cfgs, counted      0, best 0
  Q(sqrt118     ):    576 cfgs, counted    528, best 709
  Q(sqrt913     ):    576 cfgs, counted     84, best 703
  Q(sqrt3397    ):    570 cfgs, counted     12, best 695
  Q(sqrt4117    ):    570 cfgs, counted      0, best 0
  Q(sqrt1761    ):    570 cfgs, counted     72, best 697
  Q(sqrt403     ):    570 cfgs, counted    354, best 727
  Q(sqrt1281    ):    564 cfgs, counted     60, best 709
  Q(sqrt1351    ):    564 cfgs, counted    162, best 711
  Q(sqrt70      ):    564 cfgs, counted    498, best 709
  Q(sqrt163     ):    564 cfgs, counted    564, best 715
  Q(sqrt26761   ):    558 cfgs, counted      0, best 0
  Q(sqrt53      ):    552 cfgs, counted    426, best 715
  Q(sqrt6409    ):    552 cfgs, counted      0, best 0
  Q(sqrt1145    ):    552 cfgs, counted    288, best 699
  Q(sqrt1065    ):    552 cfgs, counted    408, best 707
  Q(sqrt9249    ):    552 cfgs, counted     36, best 699
  Q(sqrt865     ):    552 cfgs, counted    360, best 711
  Q(sqrt2611    ):    552 cfgs, counted    216, best 707
  Q(sqrt178     ):    552 cfgs, counted    456, best 707
  Q(sqrt1329    ):    552 cfgs, counted    324, best 717
  Q(sqrt991     ):    552 cfgs, counted    372, best 701
  Q(sqrt11049   ):    552 cfgs, counted      0, best 0
  Q(sqrt11185   ):    552 cfgs, counted     36, best 695
  Q(sqrt12265   ):    552 cfgs, counted     36, best 695
  Q(sqrt18361   ):    552 cfgs, counted      0, best 0
  Q(sqrt24169   ):    552 cfgs, counted      0, best 0
  Q(sqrt1561    ):    552 cfgs, counted    252, best 711
  Q(sqrt7169    ):    552 cfgs, counted      0, best 0
  Q(sqrt2230    ):    552 cfgs, counted    180, best 699
  Q(sqrt994     ):    552 cfgs, counted    192, best 707
  Q(sqrt10465   ):    552 cfgs, counted     36, best 703
  Q(sqrt2311    ):    552 cfgs, counted    108, best 703
  Q(sqrt9985    ):    552 cfgs, counted     48, best 707
  Q(sqrt1649    ):    552 cfgs, counted    312, best 699
  Q(sqrt27361   ):    552 cfgs, counted      0, best 0
  Q(sqrt1714    ):    552 cfgs, counted     72, best 699
  Q(sqrt1257    ):    552 cfgs, counted    252, best 699
  Q(sqrt8049    ):    552 cfgs, counted      0, best 0
  Q(sqrt11545   ):    552 cfgs, counted     36, best 699
  Q(sqrt142     ):    552 cfgs, counted    552, best 699
  Q(sqrt2433    ):    552 cfgs, counted    288, best 715
  Q(sqrt345     ):    552 cfgs, counted    534, best 699
  Q(sqrt1689    ):    552 cfgs, counted    342, best 699
  Q(sqrt826     ):    552 cfgs, counted    516, best 697
  Q(sqrt5017    ):    552 cfgs, counted     24, best 699
  Q(sqrt757     ):    552 cfgs, counted    552, best 703
  Q(sqrt214     ):    552 cfgs, counted    552, best 711
  Q(sqrt1657    ):    552 cfgs, counted    288, best 695
  Q(sqrt633     ):    552 cfgs, counted    522, best 709
  Q(sqrt310     ):    552 cfgs, counted    552, best 723
  Q(sqrt606     ):    546 cfgs, counted    192, best 713
  Q(sqrt885     ):    540 cfgs, counted    168, best 713
  Q(sqrt367     ):    540 cfgs, counted    372, best 699
  Q(sqrt21289   ):    534 cfgs, counted      0, best 0
  Q(sqrt56833   ):    522 cfgs, counted      0, best 0
  Q(sqrt23305   ):    516 cfgs, counted      0, best 0
  Q(sqrt54409   ):    510 cfgs, counted      0, best 0
  Q(sqrt2281    ):    510 cfgs, counted    144, best 699
  Q(sqrt78241   ):    486 cfgs, counted      0, best 0
  Q(sqrt21721   ):    474 cfgs, counted      0, best 0
  Q(sqrt37241   ):    462 cfgs, counted      0, best 0
  Q(sqrt13489   ):    450 cfgs, counted      0, best 0
  Q(sqrt6999    ):    432 cfgs, counted     42, best 705
  Q(sqrt282     ):    432 cfgs, counted    372, best 721
  Q(sqrt1093    ):    432 cfgs, counted     60, best 727
  Q(sqrt130561  ):    432 cfgs, counted      0, best 0
  Q(sqrt21697   ):    432 cfgs, counted      0, best 0
  Q(sqrt11617   ):    432 cfgs, counted      0, best 0
  Q(sqrt27321   ):    432 cfgs, counted      0, best 0
  Q(sqrt2137    ):    432 cfgs, counted    138, best 713
  Q(sqrt434     ):    432 cfgs, counted    252, best 717
  Q(sqrt409     ):    432 cfgs, counted    222, best 707
  Q(sqrt91      ):    432 cfgs, counted    348, best 717
  Q(sqrt2733    ):    432 cfgs, counted      0, best 0
  Q(sqrt209     ):    432 cfgs, counted    408, best 721
  Q(sqrt1677    ):    432 cfgs, counted     54, best 699
  Q(sqrt1419    ):    432 cfgs, counted     90, best 713
  Q(sqrt127     ):    432 cfgs, counted    216, best 695
  Q(sqrt79      ):    432 cfgs, counted    420, best 721
  Q(sqrt473     ):    432 cfgs, counted    204, best 715
  Q(sqrt3151    ):    426 cfgs, counted      6, best 703
  Q(sqrt17521   ):    426 cfgs, counted      0, best 0
  Q(sqrt7177    ):    426 cfgs, counted     54, best 685
  Q(sqrt8857    ):    426 cfgs, counted     18, best 693
  Q(sqrt449     ):    426 cfgs, counted    180, best 717
  Q(sqrt454     ):    426 cfgs, counted    210, best 713
  Q(sqrt1217    ):    426 cfgs, counted     36, best 715
  Q(sqrt8593    ):    426 cfgs, counted      0, best 0
  Q(sqrt34129   ):    426 cfgs, counted      0, best 0
  Q(sqrt385     ):    426 cfgs, counted    306, best 715
  Q(sqrt561     ):    420 cfgs, counted    288, best 705
  Q(sqrt51      ):    420 cfgs, counted    408, best 699
  Q(sqrt40921   ):    420 cfgs, counted      0, best 0
  Q(sqrt14809   ):    420 cfgs, counted      0, best 0
  Q(sqrt3409    ):    420 cfgs, counted     12, best 713
  Q(sqrt25849   ):    420 cfgs, counted      0, best 0
  Q(sqrt2633    ):    420 cfgs, counted    216, best 711
  Q(sqrt6785    ):    420 cfgs, counted     60, best 693
  Q(sqrt746     ):    420 cfgs, counted    282, best 711
  Q(sqrt1185    ):    420 cfgs, counted    210, best 721
  Q(sqrt1129    ):    420 cfgs, counted    222, best 713
  Q(sqrt46      ):    420 cfgs, counted    366, best 719
  Q(sqrt2473    ):    420 cfgs, counted     72, best 711
  Q(sqrt793     ):    420 cfgs, counted    246, best 715
  Q(sqrt689     ):    420 cfgs, counted    234, best 699
  Q(sqrt3369    ):    420 cfgs, counted    186, best 719
  Q(sqrt7849    ):    414 cfgs, counted      0, best 0
  Q(sqrt6629    ):    414 cfgs, counted      0, best 0
  Q(sqrt2741    ):    414 cfgs, counted      6, best 727
  Q(sqrt123     ):    414 cfgs, counted    324, best 713
  Q(sqrt533     ):    414 cfgs, counted    234, best 713
  Q(sqrt139     ):    414 cfgs, counted    318, best 717
  Q(sqrt353     ):    414 cfgs, counted    414, best 719
  Q(sqrt210     ):    414 cfgs, counted    414, best 695
  Q(sqrt1909    ):    414 cfgs, counted    264, best 717
  Q(sqrt2161    ):    414 cfgs, counted     36, best 711
  Q(sqrt2849    ):    414 cfgs, counted    168, best 699
  Q(sqrt67      ):    414 cfgs, counted    390, best 699
  Q(sqrt9161    ):    414 cfgs, counted      0, best 0
  Q(sqrt57721   ):    408 cfgs, counted      0, best 0
  Q(sqrt2851    ):    408 cfgs, counted     36, best 707
  Q(sqrt6689    ):    408 cfgs, counted      0, best 0
  Q(sqrt2395    ):    408 cfgs, counted      0, best 0
  Q(sqrt6235    ):    402 cfgs, counted      0, best 0
  Q(sqrt129721  ):    402 cfgs, counted      0, best 0
  Q(sqrt58129   ):    402 cfgs, counted      0, best 0
  Q(sqrt795     ):    396 cfgs, counted     78, best 717
  Q(sqrt52201   ):    396 cfgs, counted      0, best 0
  Q(sqrt2145    ):    396 cfgs, counted     72, best 695
  Q(sqrt31945   ):    396 cfgs, counted      0, best 0
  Q(sqrt435     ):    390 cfgs, counted    150, best 721
  Q(sqrt8977    ):    390 cfgs, counted      0, best 0
  Q(sqrt2329    ):    384 cfgs, counted     48, best 707
  Q(sqrt29041   ):    384 cfgs, counted      0, best 0
  Q(sqrt53833   ):    378 cfgs, counted      0, best 0
  Q(sqrt56809   ):    378 cfgs, counted      0, best 0
  Q(sqrt17737   ):    378 cfgs, counted      0, best 0
  Q(sqrt4261    ):    378 cfgs, counted      0, best 0
  Q(sqrt8193    ):    372 cfgs, counted      0, best 0
  Q(sqrt15529   ):    372 cfgs, counted      0, best 0
  Q(sqrt173881  ):    366 cfgs, counted      0, best 0
  Q(sqrt27941   ):    366 cfgs, counted      0, best 0
  Q(sqrt14281   ):    366 cfgs, counted      0, best 0
  Q(sqrt40609   ):    360 cfgs, counted      0, best 0
  Q(sqrt5086    ):    354 cfgs, counted      0, best 0
  Q(sqrt4497    ):    354 cfgs, counted     90, best 699
  Q(sqrt3049    ):    354 cfgs, counted    120, best 697
  Q(sqrt39769   ):    348 cfgs, counted      0, best 0
  Q(sqrt14449   ):    342 cfgs, counted      0, best 0
  Q(sqrt86041   ):    336 cfgs, counted      0, best 0
  Q(sqrt60841   ):    336 cfgs, counted      0, best 0
  Q(sqrt61369   ):    330 cfgs, counted      0, best 0
  Q(sqrt23809   ):    330 cfgs, counted      0, best 0
  Q(sqrt23401   ):    324 cfgs, counted      0, best 0
  Q(sqrt86953   ):    324 cfgs, counted      0, best 0
  Q(sqrt12529   ):    324 cfgs, counted      0, best 0
  Q(sqrt25561   ):    324 cfgs, counted      0, best 0
  Q(sqrt9337    ):    324 cfgs, counted      0, best 0
  Q(sqrt62841   ):    312 cfgs, counted      0, best 0
  Q(sqrt25705   ):    306 cfgs, counted      0, best 0
  Q(sqrt53641   ):    300 cfgs, counted      0, best 0
  Q(sqrt38329   ):    300 cfgs, counted      0, best 0
  Q(sqrt9601    ):    294 cfgs, counted      0, best 0
  Q(sqrt705     ):    288 cfgs, counted     72, best 723
  Q(sqrt13665   ):    288 cfgs, counted      0, best 0
  Q(sqrt86      ):    288 cfgs, counted    174, best 707
  Q(sqrt143     ):    288 cfgs, counted    198, best 697
  Q(sqrt1167    ):    288 cfgs, counted     30, best 703
  Q(sqrt690     ):    288 cfgs, counted    138, best 721
  Q(sqrt483     ):    288 cfgs, counted    120, best 699
  Q(sqrt715     ):    288 cfgs, counted    192, best 693
  Q(sqrt1795    ):    288 cfgs, counted     12, best 717
  Q(sqrt565     ):    288 cfgs, counted    180, best 705
  Q(sqrt22521   ):    288 cfgs, counted      0, best 0
  Q(sqrt4621    ):    288 cfgs, counted      0, best 0
  Q(sqrt9145    ):    288 cfgs, counted      0, best 0
  Q(sqrt30081   ):    288 cfgs, counted      0, best 0
  Q(sqrt17969   ):    288 cfgs, counted      0, best 0
  Q(sqrt10129   ):    288 cfgs, counted      0, best 0
  Q(sqrt71      ):    288 cfgs, counted    282, best 719
  Q(sqrt27409   ):    288 cfgs, counted      0, best 0
  Q(sqrt4831    ):    288 cfgs, counted      6, best 709
  Q(sqrt1678    ):    288 cfgs, counted     60, best 697
  Q(sqrt2765    ):    288 cfgs, counted     12, best 689
  Q(sqrt6989    ):    288 cfgs, counted      0, best 0
  Q(sqrt365     ):    288 cfgs, counted    132, best 715
  Q(sqrt1785    ):    288 cfgs, counted     36, best 727
  Q(sqrt7489    ):    288 cfgs, counted     42, best 705
  Q(sqrt29649   ):    288 cfgs, counted      0, best 0
  Q(sqrt2110    ):    288 cfgs, counted     54, best 717
  Q(sqrt4314    ):    288 cfgs, counted      0, best 0
  Q(sqrt6469    ):    288 cfgs, counted      0, best 0
  Q(sqrt101     ):    288 cfgs, counted    276, best 703
  Q(sqrt6481    ):    288 cfgs, counted      0, best 0
  Q(sqrt1498    ):    288 cfgs, counted     30, best 711
  Q(sqrt22561   ):    288 cfgs, counted      0, best 0
  Q(sqrt2359    ):    288 cfgs, counted     30, best 707
  Q(sqrt25105   ):    288 cfgs, counted      0, best 0
  Q(sqrt5369    ):    288 cfgs, counted      0, best 0
  Q(sqrt1783    ):    288 cfgs, counted     42, best 691
  Q(sqrt27953   ):    288 cfgs, counted      0, best 0
  Q(sqrt3199    ):    288 cfgs, counted     18, best 687
  Q(sqrt1130    ):    288 cfgs, counted     36, best 711
  Q(sqrt303     ):    288 cfgs, counted    192, best 711
  Q(sqrt115849  ):    288 cfgs, counted      0, best 0
  Q(sqrt102001  ):    288 cfgs, counted      0, best 0
  Q(sqrt8130    ):    288 cfgs, counted      0, best 0
  Q(sqrt3570    ):    288 cfgs, counted      0, best 0
  Q(sqrt3293    ):    288 cfgs, counted      0, best 0
  Q(sqrt10481   ):    288 cfgs, counted      0, best 0
  Q(sqrt5281    ):    288 cfgs, counted     18, best 713
  Q(sqrt1435    ):    288 cfgs, counted     66, best 721
  Q(sqrt17089   ):    288 cfgs, counted      0, best 0
  Q(sqrt16529   ):    288 cfgs, counted      0, best 0
  Q(sqrt5761    ):    288 cfgs, counted      0, best 0
  Q(sqrt5407    ):    288 cfgs, counted      6, best 689
  Q(sqrt3931    ):    288 cfgs, counted      0, best 0
  Q(sqrt10879   ):    288 cfgs, counted      0, best 0
  Q(sqrt1651    ):    288 cfgs, counted     36, best 719
  Q(sqrt2779    ):    288 cfgs, counted      0, best 0
  Q(sqrt7673    ):    288 cfgs, counted      0, best 0
  Q(sqrt643     ):    288 cfgs, counted    108, best 697
  Q(sqrt2557    ):    288 cfgs, counted      0, best 0
  Q(sqrt11177   ):    288 cfgs, counted      0, best 0
  Q(sqrt1221    ):    288 cfgs, counted     24, best 719
  Q(sqrt741     ):    288 cfgs, counted     90, best 697
  Q(sqrt4609    ):    288 cfgs, counted      0, best 0
  Q(sqrt5857    ):    288 cfgs, counted      0, best 0
  Q(sqrt7753    ):    288 cfgs, counted      0, best 0
  Q(sqrt1597    ):    288 cfgs, counted     18, best 711
  Q(sqrt1387    ):    288 cfgs, counted      0, best 0
  Q(sqrt569     ):    288 cfgs, counted     60, best 719
  Q(sqrt77      ):    288 cfgs, counted    288, best 703
  Q(sqrt2215    ):    282 cfgs, counted     54, best 713
  Q(sqrt69      ):    282 cfgs, counted    222, best 713
  Q(sqrt2705    ):    282 cfgs, counted     78, best 705
  Q(sqrt132529  ):    282 cfgs, counted      0, best 0
  Q(sqrt545     ):    282 cfgs, counted    186, best 705
  Q(sqrt18001   ):    282 cfgs, counted      0, best 0
  Q(sqrt1385    ):    282 cfgs, counted     78, best 703
  Q(sqrt2617    ):    282 cfgs, counted     18, best 691
  Q(sqrt238     ):    282 cfgs, counted    234, best 711
  Q(sqrt7905    ):    282 cfgs, counted     42, best 697
  Q(sqrt7001    ):    282 cfgs, counted      0, best 0
  Q(sqrt985     ):    282 cfgs, counted     54, best 701
  Q(sqrt4987    ):    282 cfgs, counted     54, best 689
  Q(sqrt10113   ):    282 cfgs, counted      0, best 0
  Q(sqrt197     ):    282 cfgs, counted    150, best 715
  Q(sqrt2185    ):    282 cfgs, counted     30, best 711
  Q(sqrt1513    ):    282 cfgs, counted     96, best 707
  Q(sqrt1567    ):    282 cfgs, counted    108, best 713
  Q(sqrt3385    ):    282 cfgs, counted     12, best 705
  Q(sqrt5861    ):    276 cfgs, counted      0, best 0
  Q(sqrt36921   ):    276 cfgs, counted      0, best 0
  Q(sqrt1829    ):    276 cfgs, counted      0, best 0
  Q(sqrt1545    ):    276 cfgs, counted     66, best 697
  Q(sqrt18505   ):    276 cfgs, counted      0, best 0
  Q(sqrt593     ):    276 cfgs, counted    276, best 723
  Q(sqrt2585    ):    276 cfgs, counted     72, best 707
  Q(sqrt31513   ):    276 cfgs, counted      0, best 0
  Q(sqrt6313    ):    276 cfgs, counted      0, best 0
  Q(sqrt4633    ):    276 cfgs, counted      0, best 0
  Q(sqrt638     ):    276 cfgs, counted    168, best 703
  Q(sqrt1969    ):    276 cfgs, counted    108, best 705
  Q(sqrt258     ):    276 cfgs, counted    264, best 695
  Q(sqrt11473   ):    276 cfgs, counted     36, best 687
  Q(sqrt5561    ):    276 cfgs, counted      0, best 0
  Q(sqrt4297    ):    276 cfgs, counted     12, best 715
  Q(sqrt2081    ):    276 cfgs, counted      0, best 0
  Q(sqrt20945   ):    276 cfgs, counted      0, best 0
  Q(sqrt17905   ):    276 cfgs, counted      0, best 0
  Q(sqrt3649    ):    276 cfgs, counted      0, best 0
  Q(sqrt18697   ):    276 cfgs, counted      0, best 0
  Q(sqrt1993    ):    276 cfgs, counted     60, best 711
  Q(sqrt174     ):    276 cfgs, counted    180, best 705
  Q(sqrt8449    ):    276 cfgs, counted     84, best 701
  Q(sqrt154     ):    276 cfgs, counted    276, best 685
  Q(sqrt11713   ):    276 cfgs, counted      0, best 0
  Q(sqrt1337    ):    276 cfgs, counted     96, best 699
  Q(sqrt5809    ):    276 cfgs, counted      0, best 0
  Q(sqrt1913    ):    276 cfgs, counted     24, best 707
  Q(sqrt3433    ):    276 cfgs, counted     36, best 715
  Q(sqrt20857   ):    276 cfgs, counted      0, best 0
  Q(sqrt1462    ):    276 cfgs, counted     72, best 703
  Q(sqrt18745   ):    276 cfgs, counted      0, best 0
  Q(sqrt1222    ):    276 cfgs, counted     48, best 695
  Q(sqrt9697    ):    276 cfgs, counted      0, best 0
  Q(sqrt2785    ):    276 cfgs, counted     12, best 707
  Q(sqrt12665   ):    276 cfgs, counted      0, best 0
  Q(sqrt10873   ):    276 cfgs, counted     36, best 707
  Q(sqrt7729    ):    276 cfgs, counted     96, best 701
  Q(sqrt4841    ):    276 cfgs, counted      0, best 0
  Q(sqrt3493    ):    276 cfgs, counted     12, best 719
  Q(sqrt15505   ):    276 cfgs, counted      0, best 0
  Q(sqrt22345   ):    276 cfgs, counted      0, best 0
  Q(sqrt1334    ):    276 cfgs, counted    120, best 719
  Q(sqrt11233   ):    276 cfgs, counted      0, best 0
  Q(sqrt4089    ):    276 cfgs, counted     84, best 695
  Q(sqrt1063    ):    276 cfgs, counted    156, best 695
  Q(sqrt3489    ):    276 cfgs, counted    108, best 711
  Q(sqrt2881    ):    276 cfgs, counted    102, best 715
  Q(sqrt2649    ):    276 cfgs, counted    180, best 699
  Q(sqrt1393    ):    276 cfgs, counted    144, best 703
  Q(sqrt2569    ):    276 cfgs, counted    138, best 715
  Q(sqrt501     ):    276 cfgs, counted    276, best 699
  Q(sqrt451     ):    276 cfgs, counted    276, best 701
  Q(sqrt421     ):    276 cfgs, counted    276, best 701
  Q(sqrt211     ):    276 cfgs, counted    276, best 705
  Q(sqrt1961    ):    276 cfgs, counted    144, best 705
  Q(sqrt634     ):    276 cfgs, counted    258, best 701
  Q(sqrt74      ):    276 cfgs, counted    276, best 697
  Q(sqrt106     ):    276 cfgs, counted    276, best 693
  Q(sqrt1101    ):    276 cfgs, counted    204, best 695
  Q(sqrt2361    ):    276 cfgs, counted    132, best 691
  Q(sqrt5521    ):    276 cfgs, counted     12, best 703
  Q(sqrt6841    ):    276 cfgs, counted     12, best 697
  Q(sqrt541     ):    276 cfgs, counted    246, best 705
  Q(sqrt802     ):    276 cfgs, counted    264, best 697
  Q(sqrt1929    ):    276 cfgs, counted    120, best 703
  Q(sqrt3601    ):    276 cfgs, counted    108, best 707
  Q(sqrt3169    ):    276 cfgs, counted    114, best 715
  Q(sqrt3273    ):    276 cfgs, counted     96, best 699
  Q(sqrt821     ):    276 cfgs, counted    252, best 705
  Q(sqrt631     ):    276 cfgs, counted    222, best 717
  Q(sqrt10081   ):    276 cfgs, counted      0, best 0
  Q(sqrt221     ):    276 cfgs, counted    264, best 695
  Q(sqrt202     ):    276 cfgs, counted    276, best 711
  Q(sqrt649     ):    276 cfgs, counted    240, best 697
  Q(sqrt223     ):    276 cfgs, counted    264, best 711
  Q(sqrt394     ):    276 cfgs, counted    246, best 723
  Q(sqrt1441    ):    276 cfgs, counted    126, best 699
  Q(sqrt1537    ):    276 cfgs, counted    126, best 707
  Q(sqrt103     ):    276 cfgs, counted    276, best 709
  Q(sqrt283     ):    276 cfgs, counted    276, best 707
  Q(sqrt1265    ):    276 cfgs, counted    132, best 719
  Q(sqrt349     ):    276 cfgs, counted    276, best 699
  Q(sqrt1041    ):    276 cfgs, counted    168, best 695
  Q(sqrt1585    ):    276 cfgs, counted    144, best 703
  Q(sqrt681     ):    276 cfgs, counted    270, best 703
  Q(sqrt3697    ):    276 cfgs, counted     12, best 691
  Q(sqrt15145   ):    270 cfgs, counted      0, best 0
  Q(sqrt183     ):    270 cfgs, counted     78, best 711
  Q(sqrt6145    ):    270 cfgs, counted      0, best 0
  Q(sqrt10321   ):    270 cfgs, counted      0, best 0
  Q(sqrt11971   ):    270 cfgs, counted      0, best 0
  Q(sqrt33009   ):    270 cfgs, counted      0, best 0
  Q(sqrt109201  ):    270 cfgs, counted      0, best 0
  Q(sqrt1486    ):    270 cfgs, counted     12, best 683
  Q(sqrt737     ):    270 cfgs, counted     30, best 711
  Q(sqrt106561  ):    270 cfgs, counted      0, best 0
  Q(sqrt42049   ):    270 cfgs, counted      0, best 0
  Q(sqrt30217   ):    270 cfgs, counted      0, best 0
  Q(sqrt17713   ):    270 cfgs, counted      0, best 0
  Q(sqrt933     ):    270 cfgs, counted     24, best 715
  Q(sqrt94      ):    264 cfgs, counted    144, best 719
  Q(sqrt15639   ):    264 cfgs, counted      0, best 0
  Q(sqrt47865   ):    264 cfgs, counted      0, best 0
  Q(sqrt2513    ):    264 cfgs, counted      0, best 0
  Q(sqrt422     ):    264 cfgs, counted     54, best 715
  Q(sqrt47      ):    264 cfgs, counted    144, best 697
  Q(sqrt56081   ):    264 cfgs, counted      0, best 0
  Q(sqrt7441    ):    264 cfgs, counted      0, best 0
  Q(sqrt96529   ):    264 cfgs, counted      0, best 0
  Q(sqrt48793   ):    264 cfgs, counted      0, best 0
  Q(sqrt7801    ):    258 cfgs, counted      0, best 0
  Q(sqrt3399    ):    258 cfgs, counted      0, best 0
  Q(sqrt1070    ):    258 cfgs, counted     18, best 695
  Q(sqrt13381   ):    258 cfgs, counted      0, best 0
  Q(sqrt1614    ):    258 cfgs, counted     12, best 727
  Q(sqrt92569   ):    258 cfgs, counted      0, best 0
  Q(sqrt4369    ):    258 cfgs, counted      0, best 0
  Q(sqrt19633   ):    258 cfgs, counted      0, best 0
  Q(sqrt8571    ):    258 cfgs, counted      0, best 0
  Q(sqrt29561   ):    258 cfgs, counted      0, best 0
  Q(sqrt5127    ):    258 cfgs, counted     54, best 693
  Q(sqrt2441    ):    258 cfgs, counted    102, best 697
  Q(sqrt519     ):    252 cfgs, counted     60, best 715
  Q(sqrt5181    ):    252 cfgs, counted      0, best 0
  Q(sqrt1930    ):    252 cfgs, counted      6, best 727
  Q(sqrt8801    ):    252 cfgs, counted      0, best 0
  Q(sqrt12313   ):    252 cfgs, counted      0, best 0
  Q(sqrt61721   ):    252 cfgs, counted      0, best 0
  Q(sqrt48049   ):    252 cfgs, counted      0, best 0
  Q(sqrt1797    ):    252 cfgs, counted      0, best 0
  Q(sqrt20593   ):    252 cfgs, counted      0, best 0
  Q(sqrt1446    ):    246 cfgs, counted     12, best 703
  Q(sqrt63145   ):    246 cfgs, counted      0, best 0
  Q(sqrt18159   ):    246 cfgs, counted      0, best 0
  Q(sqrt59665   ):    246 cfgs, counted      0, best 0
  Q(sqrt36361   ):    240 cfgs, counted      0, best 0
  Q(sqrt7963    ):    240 cfgs, counted      0, best 0
  Q(sqrt18741   ):    240 cfgs, counted      0, best 0
  Q(sqrt20137   ):    240 cfgs, counted      0, best 0
  Q(sqrt46777   ):    240 cfgs, counted      0, best 0
  Q(sqrt11701   ):    234 cfgs, counted      0, best 0
  Q(sqrt22441   ):    234 cfgs, counted      0, best 0
  Q(sqrt67321   ):    234 cfgs, counted      0, best 0
  Q(sqrt10349   ):    234 cfgs, counted      0, best 0
  Q(sqrt47737   ):    234 cfgs, counted      0, best 0
  Q(sqrt18817   ):    234 cfgs, counted      0, best 0
  Q(sqrt1297    ):    234 cfgs, counted     18, best 695
  Q(sqrt50761   ):    234 cfgs, counted      0, best 0
  Q(sqrt54745   ):    234 cfgs, counted      0, best 0
  Q(sqrt557     ):    234 cfgs, counted     30, best 719
  Q(sqrt10245   ):    234 cfgs, counted      0, best 0
  Q(sqrt67681   ):    228 cfgs, counted      0, best 0
  Q(sqrt118849  ):    228 cfgs, counted      0, best 0
  Q(sqrt4249    ):    228 cfgs, counted      0, best 0
  Q(sqrt22465   ):    228 cfgs, counted      0, best 0
  Q(sqrt24421   ):    222 cfgs, counted      0, best 0
  Q(sqrt53041   ):    222 cfgs, counted      0, best 0
  Q(sqrt20521   ):    222 cfgs, counted      0, best 0
  Q(sqrt31417   ):    222 cfgs, counted      0, best 0
  Q(sqrt152161  ):    222 cfgs, counted      0, best 0
  Q(sqrt12937   ):    222 cfgs, counted      0, best 0
  Q(sqrt10015   ):    216 cfgs, counted      0, best 0
  Q(sqrt1177    ):    216 cfgs, counted    102, best 687
  Q(sqrt55441   ):    216 cfgs, counted      0, best 0
  Q(sqrt109921  ):    216 cfgs, counted      0, best 0
  Q(sqrt1619    ):    210 cfgs, counted     18, best 699
  Q(sqrt5593    ):    210 cfgs, counted      0, best 0
  Q(sqrt79153   ):    210 cfgs, counted      0, best 0
  Q(sqrt43465   ):    210 cfgs, counted      0, best 0
  Q(sqrt63697   ):    204 cfgs, counted      0, best 0
  Q(sqrt30937   ):    204 cfgs, counted      0, best 0
  Q(sqrt370     ):    144 cfgs, counted     54, best 723
  Q(sqrt62      ):    138 cfgs, counted    138, best 723

TOTAL counted 224184, rejected by budget 284634; overall best 727 in Q(sqrt13): ((1, 0), (1, -1), (16, -4), (11, -3))
