starting
planes/cube [24, 24, 24, 24, 23] ; quadrics/cube [96, 96, 96, 96, 96]
squarefree classes of the irrational solutions (top 12): [(5, 13500), (17, 12930), (465, 8394), (15, 8106), (115, 7536), (6, 7104), (10, 6828), (481, 6594), (217, 5970), (145, 5508), (13, 5244), (73, 4998)]
countable classes (sf <= 100): {2: 3000, 3: 2478, 5: 7374, 6: 4218, 7: 2568, 10: 2370, 11: 1938, 13: 3156, 14: 1038, 15: 2766, 17: 6210, 19: 2604, 21: 2448, 22: 648, 23: 90, 26: 690, 29: 1146, 30: 1980, 31: 1356, 33: 2058, 34: 1488, 37: 1302, 38: 138, 39: 990, 41: 2850, 43: 924, 46: 360, 47: 114, 51: 396, 53: 408, 55: 594, 57: 2382, 58: 1824, 61: 2244, 62: 138, 65: 1128, 66: 822, 67: 354, 69: 210, 70: 468, 71: 270, 73: 2784, 74: 276, 77: 288, 78: 690, 79: 420, 82: 774, 83: 84, 85: 1998, 86: 156, 87: 816, 89: 1656, 91: 336, 93: 750, 94: 144, 97: 1746}
  Q(sqrt5  ):  7374 configs, best 721, top {711: 159, 713: 69, 715: 144, 717: 45, 719: 72, 721: 54}
  Q(sqrt17 ):  6210 configs, best 717, top {707: 138, 709: 60, 711: 141, 713: 66, 715: 69, 717: 69}
  Q(sqrt6  ):  4218 configs, best 723, top {703: 168, 707: 63, 709: 42, 711: 69, 713: 138, 723: 72}
  Q(sqrt13 ):  3156 configs, best 727, top {707: 138, 709: 177, 711: 69, 713: 69, 715: 132, 727: 72}
  Q(sqrt2  ):  3000 configs, best 713, top {701: 69, 703: 69, 705: 63, 707: 330, 711: 141, 713: 69}
  Q(sqrt41 ):  2850 configs, best 719, top {703: 255, 707: 66, 711: 366, 715: 186, 717: 57, 719: 129}
  Q(sqrt73 ):  2784 configs, best 711, top {699: 354, 701: 357, 703: 81, 705: 69, 707: 69, 711: 63}
  Q(sqrt15 ):  2766 configs, best 709, top {697: 141, 699: 420, 701: 144, 703: 63, 707: 33, 709: 72}
  Q(sqrt19 ):  2604 configs, best 721, top {705: 255, 713: 72, 715: 72, 717: 72, 719: 186, 721: 72}
  Q(sqrt7  ):  2568 configs, best 723, top {699: 276, 701: 216, 703: 210, 707: 42, 721: 57, 723: 57}
  Q(sqrt3  ):  2478 configs, best 723, top {707: 249, 711: 63, 713: 45, 717: 72, 719: 63, 723: 39}
  Q(sqrt21 ):  2448 configs, best 719, top {697: 309, 699: 45, 701: 72, 705: 72, 717: 144, 719: 72}
  Q(sqrt57 ):  2382 configs, best 723, top {707: 153, 711: 72, 713: 72, 719: 132, 721: 69, 723: 69}
  Q(sqrt10 ):  2370 configs, best 723, top {707: 354, 709: 144, 711: 63, 715: 69, 719: 135, 723: 42}
  Q(sqrt61 ):  2244 configs, best 711, top {701: 72, 703: 144, 705: 69, 707: 177, 709: 69, 711: 57}
  Q(sqrt33 ):  2058 configs, best 719, top {695: 276, 697: 138, 699: 201, 703: 69, 707: 69, 719: 63}
  Q(sqrt85 ):  1998 configs, best 709, top {699: 141, 701: 30, 703: 138, 705: 57, 707: 138, 709: 57}
  Q(sqrt30 ):  1980 configs, best 715, top {705: 141, 707: 72, 709: 117, 711: 72, 713: 48, 715: 69}
  Q(sqrt11 ):  1938 configs, best 719, top {701: 288, 703: 72, 707: 126, 709: 216, 711: 57, 719: 114}
  Q(sqrt58 ):  1824 configs, best 711, top {695: 351, 697: 288, 699: 174, 703: 33, 705: 141, 711: 69}
  Q(sqrt97 ):  1746 configs, best 721, top {697: 30, 699: 72, 701: 36, 703: 138, 707: 129, 721: 30}
  Q(sqrt89 ):  1656 configs, best 713, top {701: 129, 703: 324, 705: 69, 707: 54, 711: 54, 713: 60}
  Q(sqrt34 ):  1488 configs, best 723, top {695: 543, 697: 63, 699: 141, 705: 63, 713: 132, 723: 69}
  Q(sqrt31 ):  1356 configs, best 715, top {691: 210, 693: 144, 695: 198, 697: 72, 699: 126, 715: 69}
  Q(sqrt37 ):  1302 configs, best 721, top {699: 210, 705: 96, 709: 66, 711: 72, 717: 72, 721: 72}
  Q(sqrt29 ):  1146 configs, best 715, top {691: 144, 693: 69, 695: 288, 697: 69, 699: 72, 715: 3}
  Q(sqrt65 ):  1128 configs, best 721, top {697: 213, 701: 138, 707: 69, 713: 72, 715: 69, 721: 72}
  Q(sqrt14 ):  1038 configs, best 715, top {695: 72, 699: 60, 701: 63, 703: 117, 707: 60, 715: 45}
  Q(sqrt39 ):   990 configs, best 707, top {691: 69, 693: 33, 695: 144, 699: 144, 703: 72, 707: 72}
  Q(sqrt43 ):   924 configs, best 707, top {685: 177, 689: 72, 693: 105, 695: 285, 699: 72, 707: 213}
  Q(sqrt66 ):   822 configs, best 705, top {691: 69, 693: 33, 695: 69, 699: 69, 701: 138, 705: 33}
  Q(sqrt87 ):   816 configs, best 709, top {689: 33, 691: 138, 693: 132, 697: 72, 699: 69, 709: 27}
  Q(sqrt82 ):   774 configs, best 723, top {687: 69, 691: 192, 695: 195, 707: 69, 711: 123, 723: 57}
  Q(sqrt93 ):   750 configs, best 721, top {689: 222, 693: 84, 699: 144, 709: 111, 713: 54, 721: 27}
  Q(sqrt26 ):   690 configs, best 699, top {685: 69, 687: 69, 693: 72, 695: 126, 697: 141, 699: 69}
  Q(sqrt78 ):   690 configs, best 703, top {679: 138, 687: 69, 689: 69, 693: 207, 695: 138, 703: 69}
  Q(sqrt22 ):   648 configs, best 719, top {687: 69, 691: 213, 695: 114, 703: 69, 711: 72, 719: 42}
  Q(sqrt55 ):   594 configs, best 719, top {687: 102, 693: 69, 703: 63, 707: 126, 711: 135, 719: 30}
  Q(sqrt70 ):   468 configs, best 709, top {687: 69, 689: 57, 691: 69, 695: 78, 699: 138, 709: 57}
  Q(sqrt79 ):   420 configs, best 721, top {679: 69, 687: 69, 691: 72, 699: 72, 713: 69, 721: 69}
  Q(sqrt53 ):   408 configs, best 715, top {691: 138, 701: 168, 713: 30, 715: 72}
  Q(sqrt51 ):   396 configs, best 699, top {685: 126, 689: 63, 693: 63, 699: 144}
  Q(sqrt46 ):   360 configs, best 719, top {683: 42, 691: 69, 707: 111, 711: 69, 719: 69}
  Q(sqrt67 ):   354 configs, best 699, top {683: 69, 687: 54, 693: 108, 695: 69, 699: 54}
  Q(sqrt91 ):   336 configs, best 717, top {679: 54, 687: 54, 689: 60, 691: 54, 695: 54, 717: 60}
  Q(sqrt77 ):   288 configs, best 703, top {691: 72, 697: 144, 703: 72}
  Q(sqrt74 ):   276 configs, best 697, top {685: 69, 689: 69, 693: 69, 697: 69}
  Q(sqrt71 ):   270 configs, best 719, top {695: 72, 705: 63, 713: 63, 719: 72}
  Q(sqrt69 ):   210 configs, best 713, top {681: 69, 697: 69, 713: 72}
  Q(sqrt86 ):   156 configs, best 707, top {699: 39, 701: 78, 707: 39}
  Q(sqrt94 ):   144 configs, best 719, top {687: 42, 703: 42, 715: 30, 719: 30}
  Q(sqrt62 ):   138 configs, best 723, top {691: 69, 723: 69}
  Q(sqrt38 ):   138 configs, best 711, top {679: 69, 711: 69}
  Q(sqrt47 ):   114 configs, best 697, top {685: 27, 689: 57, 697: 30}
  Q(sqrt23 ):    90 configs, best 721, top {681: 45, 721: 45}
  Q(sqrt83 ):    84 configs, best 707, top {691: 42, 707: 42}
