base: 4 fixed cubes, target n=5 record 393
  cube 0: 23 planes, 96 quadrics
  cube 1: 24 planes, 96 quadrics
  cube 2: 24 planes, 96 quadrics
  cube 3: 24 planes, 96 quadrics
systems 644544 -> 543 fields, 188382 candidate configs
  *** n=5 TOTAL 393 (record 393) in Q(sqrt1105): ((2, 0), (-107, -3), (68, 2), (-37, -1))
  *** n=5 TOTAL 393 (record 393) in Q(sqrt1105): ((2, 0), (-107, -3), (68, 2), (37, 1))
  *** n=5 TOTAL 393 (record 393) in Q(sqrt1105): ((2, 0), (-68, -2), (-37, -1), (-107, -3))
  *** n=5 TOTAL 393 (record 393) in Q(sqrt1105): ((2, 0), (-68, -2), (37, 1), (-107, -3))
  *** n=5 TOTAL 393 (record 393) in Q(sqrt1105): ((2, 0), (-37, -1), (107, 3), (-68, -2))
  *** n=5 TOTAL 393 (record 393) in Q(sqrt1105): ((2, 0), (37, 1), (107, 3), (-68, -2))
  *** n=5 TOTAL 393 (record 393) in Q(sqrt1105): ((8, 0), (-83, 3), (25, -1), (-25, 1))
  *** n=5 TOTAL 393 (record 393) in Q(sqrt1105): ((8, 0), (-25, 1), (25, -1), (-83, 3))
  *** n=5 TOTAL 393 (record 393) in Q(sqrt1105): ((8, 0), (-25, 1), (83, -3), (-25, 1))
  *** n=5 TOTAL 393 (record 393) in Q(sqrt1105): ((30, 0), (-65, 1), (-65, 1), (150, 0))
  *** n=5 TOTAL 393 (record 393) in Q(sqrt1105): ((30, 0), (65, -1), (-150, 0), (-65, 1))
  *** n=5 TOTAL 393 (record 393) in Q(sqrt1105): ((30, 0), (150, 0), (65, -1), (65, -1))
  *** n=5 TOTAL 393 (record 393) in Q(sqrt1105): ((36, 0), (-16, 4), (-15, -3), (-15, -3))
  *** n=5 TOTAL 393 (record 393) in Q(sqrt1105): ((36, 0), (-15, -3), (16, -4), (15, 3))
  *** n=5 TOTAL 393 (record 393) in Q(sqrt1105): ((36, 0), (15, 3), (15, 3), (-16, 4))
  *** n=5 TOTAL 393 (record 393) in Q(sqrt1105): ((60, 0), (-155, 1), (25, 1), (60, 0))
  *** n=5 TOTAL 393 (record 393) in Q(sqrt1105): ((60, 0), (-90, 0), (-65, 1), (0, 0))
  *** n=5 TOTAL 393 (record 393) in Q(sqrt1105): ((60, 0), (-60, 0), (25, 1), (155, -1))
  *** n=5 TOTAL 393 (record 393) in Q(sqrt1105): ((60, 0), (-25, -1), (-155, 1), (-60, 0))
  *** n=5 TOTAL 393 (record 393) in Q(sqrt1105): ((60, 0), (-25, -1), (-60, 0), (-155, 1))
  *** n=5 TOTAL 393 (record 393) in Q(sqrt1105): ((60, 0), (0, 0), (90, 0), (65, -1))
  *** n=5 TOTAL 393 (record 393) in Q(sqrt1105): ((60, 0), (60, 0), (155, -1), (-25, -1))
  *** n=5 TOTAL 393 (record 393) in Q(sqrt1105): ((60, 0), (65, -1), (0, 0), (-90, 0))
  *** n=5 TOTAL 393 (record 393) in Q(sqrt1105): ((60, 0), (155, -1), (60, 0), (-25, -1))
  *** n=5 TOTAL 393 (record 393) in Q(sqrt1105): ((90, 0), (-90, 0), (-125, 1), (-5, 1))
  *** n=5 TOTAL 393 (record 393) in Q(sqrt1105): ((90, 0), (-5, 1), (90, 0), (125, -1))
  *** n=5 TOTAL 393 (record 393) in Q(sqrt1105): ((90, 0), (0, 0), (-65, 1), (60, 0))
  *** n=5 TOTAL 393 (record 393) in Q(sqrt1105): ((90, 0), (5, -1), (-125, 1), (90, 0))
  *** n=5 TOTAL 393 (record 393) in Q(sqrt1105): ((90, 0), (60, 0), (0, 0), (65, -1))
  *** n=5 TOTAL 393 (record 393) in Q(sqrt1105): ((90, 0), (65, -1), (-60, 0), (0, 0))
  *** n=5 TOTAL 393 (record 393) in Q(sqrt1105): ((90, 0), (90, 0), (-5, 1), (125, -1))
  *** n=5 TOTAL 393 (record 393) in Q(sqrt1105): ((90, 0), (125, -1), (-90, 0), (5, -1))
  *** n=5 TOTAL 393 (record 393) in Q(sqrt1105): ((90, 0), (125, -1), (5, -1), (-90, 0))
  *** n=5 TOTAL 393 (record 393) in Q(sqrt1105): ((150, 0), (-30, 0), (-65, 1), (65, -1))
  *** n=5 TOTAL 393 (record 393) in Q(sqrt1105): ((150, 0), (65, -1), (-65, 1), (-30, 0))
  *** n=5 TOTAL 393 (record 393) in Q(sqrt1105): ((150, 0), (65, -1), (30, 0), (65, -1))
  *** n=5 TOTAL 393 (record 393) in Q(sqrt1126): ((1, 0), (-103, -3), (67, 2), (-35, -1))
  *** n=5 TOTAL 393 (record 393) in Q(sqrt1126): ((1, 0), (-103, -3), (67, 2), (35, 1))
  *** n=5 TOTAL 393 (record 393) in Q(sqrt1126): ((1, 0), (-67, -2), (-35, -1), (-103, -3))
  *** n=5 TOTAL 393 (record 393) in Q(sqrt1126): ((1, 0), (-67, -2), (35, 1), (-103, -3))
  *** n=5 TOTAL 393 (record 393) in Q(sqrt1126): ((1, 0), (-35, -1), (103, 3), (-67, -2))
  *** n=5 TOTAL 393 (record 393) in Q(sqrt1126): ((1, 0), (35, 1), (103, 3), (-67, -2))
  *** n=5 TOTAL 393 (record 393) in Q(sqrt1126): ((15, 0), (-145, 5), (-93, 3), (-67, 2))
  *** n=5 TOTAL 393 (record 393) in Q(sqrt1126): ((15, 0), (-145, 5), (93, -3), (-67, 2))
  *** n=5 TOTAL 393 (record 393) in Q(sqrt1126): ((15, 0), (-93, 3), (67, -2), (-145, 5))
  *** n=5 TOTAL 393 (record 393) in Q(sqrt1126): ((15, 0), (-67, 2), (145, -5), (-93, 3))
  *** n=5 TOTAL 393 (record 393) in Q(sqrt1126): ((15, 0), (-67, 2), (145, -5), (93, -3))
  *** n=5 TOTAL 393 (record 393) in Q(sqrt1126): ((15, 0), (-49, 1), (-49, 1), (75, 0))
  *** n=5 TOTAL 393 (record 393) in Q(sqrt1126): ((15, 0), (49, -1), (-75, 0), (-49, 1))
  *** n=5 TOTAL 393 (record 393) in Q(sqrt1126): ((15, 0), (75, 0), (49, -1), (49, -1))
  *** n=5 TOTAL 393 (record 393) in Q(sqrt1126): ((15, 0), (93, -3), (67, -2), (-145, 5))
  *** n=5 TOTAL 393 (record 393) in Q(sqrt1126): ((30, 0), (-94, 1), (-4, 1), (30, 0))
  *** n=5 TOTAL 393 (record 393) in Q(sqrt1126): ((30, 0), (-45, 0), (-49, 1), (0, 0))
  *** n=5 TOTAL 393 (record 393) in Q(sqrt1126): ((30, 0), (-30, 0), (-4, 1), (94, -1))
  *** n=5 TOTAL 393 (record 393) in Q(sqrt1126): ((30, 0), (0, 0), (45, 0), (49, -1))
  *** n=5 TOTAL 393 (record 393) in Q(sqrt1126): ((30, 0), (4, -1), (-94, 1), (-30, 0))
  *** n=5 TOTAL 393 (record 393) in Q(sqrt1126): ((30, 0), (4, -1), (-30, 0), (-94, 1))
  *** n=5 TOTAL 393 (record 393) in Q(sqrt1126): ((30, 0), (30, 0), (94, -1), (4, -1))
  *** n=5 TOTAL 393 (record 393) in Q(sqrt1126): ((30, 0), (49, -1), (0, 0), (-45, 0))
  *** n=5 TOTAL 393 (record 393) in Q(sqrt1126): ((30, 0), (94, -1), (30, 0), (4, -1))
  *** n=5 TOTAL 393 (record 393) in Q(sqrt1126): ((37, 0), (-25, 3), (-4, -1), (4, 1))
  *** n=5 TOTAL 393 (record 393) in Q(sqrt1126): ((37, 0), (4, 1), (-4, -1), (-25, 3))
  *** n=5 TOTAL 393 (record 393) in Q(sqrt1126): ((37, 0), (4, 1), (25, -3), (4, 1))
  *** n=5 TOTAL 393 (record 393) in Q(sqrt1126): ((45, 0), (-45, 0), (-79, 1), (-19, 1))
  *** n=5 TOTAL 393 (record 393) in Q(sqrt1126): ((45, 0), (-19, 1), (45, 0), (79, -1))
  *** n=5 TOTAL 393 (record 393) in Q(sqrt1126): ((45, 0), (0, 0), (-49, 1), (30, 0))
  *** n=5 TOTAL 393 (record 393) in Q(sqrt1126): ((45, 0), (19, -1), (-79, 1), (45, 0))
  *** n=5 TOTAL 393 (record 393) in Q(sqrt1126): ((45, 0), (30, 0), (0, 0), (49, -1))
  *** n=5 TOTAL 393 (record 393) in Q(sqrt1126): ((45, 0), (45, 0), (-19, 1), (79, -1))
  *** n=5 TOTAL 393 (record 393) in Q(sqrt1126): ((45, 0), (49, -1), (-30, 0), (0, 0))
  *** n=5 TOTAL 393 (record 393) in Q(sqrt1126): ((45, 0), (79, -1), (-45, 0), (19, -1))
  *** n=5 TOTAL 393 (record 393) in Q(sqrt1126): ((45, 0), (79, -1), (19, -1), (-45, 0))
  *** n=5 TOTAL 393 (record 393) in Q(sqrt1126): ((51, 0), (-57, -3), (-25, -4), (57, 3))
  *** n=5 TOTAL 393 (record 393) in Q(sqrt1126): ((51, 0), (25, 4), (-57, -3), (-57, -3))
  *** n=5 TOTAL 393 (record 393) in Q(sqrt1126): ((51, 0), (57, 3), (57, 3), (25, 4))
  *** n=5 TOTAL 393 (record 393) in Q(sqrt1126): ((75, 0), (-15, 0), (-49, 1), (49, -1))
  *** n=5 TOTAL 393 (record 393) in Q(sqrt1126): ((75, 0), (49, -1), (-49, 1), (-15, 0))
  *** n=5 TOTAL 393 (record 393) in Q(sqrt1126): ((75, 0), (49, -1), (15, 0), (49, -1))
  *** n=5 TOTAL 393 (record 393) in Q(sqrt1126): ((85, 0), (-147, -3), (0, 0), (-98, -2))
  *** n=5 TOTAL 393 (record 393) in Q(sqrt1126): ((85, 0), (-98, -2), (147, 3), (0, 0))
  *** n=5 TOTAL 393 (record 393) in Q(sqrt1126): ((85, 0), (0, 0), (98, 2), (-147, -3))
  *** n=5 TOTAL 393 (record 393) in Q(sqrt466): ((1, 0), (-67, -3), (43, 2), (-23, -1))
  *** n=5 TOTAL 393 (record 393) in Q(sqrt466): ((1, 0), (-67, -3), (43, 2), (23, 1))
  *** n=5 TOTAL 393 (record 393) in Q(sqrt466): ((1, 0), (-43, -2), (-23, -1), (-67, -3))
  *** n=5 TOTAL 393 (record 393) in Q(sqrt466): ((1, 0), (-43, -2), (23, 1), (-67, -3))
  *** n=5 TOTAL 393 (record 393) in Q(sqrt466): ((1, 0), (-23, -1), (67, 3), (-43, -2))
  *** n=5 TOTAL 393 (record 393) in Q(sqrt466): ((1, 0), (23, 1), (67, 3), (-43, -2))
  *** n=5 TOTAL 393 (record 393) in Q(sqrt466): ((9, 0), (-31, 1), (-31, 1), (45, 0))
  *** n=5 TOTAL 393 (record 393) in Q(sqrt466): ((9, 0), (31, -1), (-45, 0), (-31, 1))
  *** n=5 TOTAL 393 (record 393) in Q(sqrt466): ((9, 0), (45, 0), (31, -1), (31, -1))
  *** n=5 TOTAL 393 (record 393) in Q(sqrt466): ((15, 0), (-85, 5), (-57, 3), (-43, 2))
  *** n=5 TOTAL 393 (record 393) in Q(sqrt466): ((15, 0), (-85, 5), (57, -3), (-43, 2))
  *** n=5 TOTAL 393 (record 393) in Q(sqrt466): ((15, 0), (-57, 3), (43, -2), (-85, 5))
  *** n=5 TOTAL 393 (record 393) in Q(sqrt466): ((15, 0), (-43, 2), (85, -5), (-57, 3))
  *** n=5 TOTAL 393 (record 393) in Q(sqrt466): ((15, 0), (-43, 2), (85, -5), (57, -3))
  *** n=5 TOTAL 393 (record 393) in Q(sqrt466): ((15, 0), (57, -3), (43, -2), (-85, 5))
  *** n=5 TOTAL 393 (record 393) in Q(sqrt466): ((18, 0), (-58, 1), (-4, 1), (18, 0))
  *** n=5 TOTAL 393 (record 393) in Q(sqrt466): ((18, 0), (-27, 0), (-31, 1), (0, 0))
  *** n=5 TOTAL 393 (record 393) in Q(sqrt466): ((18, 0), (-18, 0), (-4, 1), (58, -1))
  *** n=5 TOTAL 393 (record 393) in Q(sqrt466): ((18, 0), (0, 0), (27, 0), (31, -1))
  *** n=5 TOTAL 393 (record 393) in Q(sqrt466): ((18, 0), (4, -1), (-58, 1), (-18, 0))
  *** n=5 TOTAL 393 (record 393) in Q(sqrt466): ((18, 0), (4, -1), (-18, 0), (-58, 1))
  *** n=5 TOTAL 393 (record 393) in Q(sqrt466): ((18, 0), (18, 0), (58, -1), (4, -1))
  *** n=5 TOTAL 393 (record 393) in Q(sqrt466): ((18, 0), (31, -1), (0, 0), (-27, 0))
  *** n=5 TOTAL 393 (record 393) in Q(sqrt466): ((18, 0), (58, -1), (18, 0), (4, -1))
  *** n=5 TOTAL 393 (record 393) in Q(sqrt466): ((25, 0), (-13, 3), (-4, -1), (4, 1))
  *** n=5 TOTAL 393 (record 393) in Q(sqrt466): ((25, 0), (4, 1), (-4, -1), (-13, 3))
  *** n=5 TOTAL 393 (record 393) in Q(sqrt466): ((25, 0), (4, 1), (13, -3), (4, 1))
  *** n=5 TOTAL 393 (record 393) in Q(sqrt466): ((27, 0), (-27, 0), (-49, 1), (-13, 1))
  *** n=5 TOTAL 393 (record 393) in Q(sqrt466): ((27, 0), (-13, 1), (27, 0), (49, -1))
  *** n=5 TOTAL 393 (record 393) in Q(sqrt466): ((27, 0), (0, 0), (-31, 1), (18, 0))
  *** n=5 TOTAL 393 (record 393) in Q(sqrt466): ((27, 0), (13, -1), (-49, 1), (27, 0))
  *** n=5 TOTAL 393 (record 393) in Q(sqrt466): ((27, 0), (18, 0), (0, 0), (31, -1))
  *** n=5 TOTAL 393 (record 393) in Q(sqrt466): ((27, 0), (27, 0), (-13, 1), (49, -1))
  *** n=5 TOTAL 393 (record 393) in Q(sqrt466): ((27, 0), (31, -1), (-18, 0), (0, 0))
  *** n=5 TOTAL 393 (record 393) in Q(sqrt466): ((27, 0), (49, -1), (-27, 0), (13, -1))
  *** n=5 TOTAL 393 (record 393) in Q(sqrt466): ((27, 0), (49, -1), (13, -1), (-27, 0))
  *** n=5 TOTAL 393 (record 393) in Q(sqrt466): ((33, 0), (-39, -3), (-19, -4), (39, 3))
  *** n=5 TOTAL 393 (record 393) in Q(sqrt466): ((33, 0), (19, 4), (-39, -3), (-39, -3))
  *** n=5 TOTAL 393 (record 393) in Q(sqrt466): ((33, 0), (39, 3), (39, 3), (19, 4))
  *** n=5 TOTAL 393 (record 393) in Q(sqrt466): ((45, 0), (-9, 0), (-31, 1), (31, -1))
  *** n=5 TOTAL 393 (record 393) in Q(sqrt466): ((45, 0), (31, -1), (-31, 1), (-9, 0))
  *** n=5 TOTAL 393 (record 393) in Q(sqrt466): ((45, 0), (31, -1), (9, 0), (31, -1))
  *** n=5 TOTAL 393 (record 393) in Q(sqrt466): ((55, 0), (-155, -5), (-55, 0), (31, 1))
  *** n=5 TOTAL 393 (record 393) in Q(sqrt466): ((55, 0), (-155, -5), (31, 1), (-55, 0))
  *** n=5 TOTAL 393 (record 393) in Q(sqrt466): ((55, 0), (-93, -3), (0, 0), (-62, -2))
  *** n=5 TOTAL 393 (record 393) in Q(sqrt466): ((55, 0), (-62, -2), (93, 3), (0, 0))
  *** n=5 TOTAL 393 (record 393) in Q(sqrt466): ((55, 0), (-55, 0), (155, 5), (-31, -1))
  *** n=5 TOTAL 393 (record 393) in Q(sqrt466): ((55, 0), (-31, -1), (55, 0), (-155, -5))
  *** n=5 TOTAL 393 (record 393) in Q(sqrt466): ((55, 0), (0, 0), (62, 2), (-93, -3))
  *** n=5 TOTAL 393 (record 393) in Q(sqrt466): ((55, 0), (31, 1), (155, 5), (55, 0))
  *** n=5 TOTAL 393 (record 393) in Q(sqrt466): ((55, 0), (55, 0), (-31, -1), (-155, -5))
  *** n=5 TOTAL 393 (record 393) in Q(sqrt466): ((63, 0), (-143, -2), (-23, 1), (57, 3))
  *** n=5 TOTAL 393 (record 393) in Q(sqrt466): ((63, 0), (-57, -3), (-143, -2), (-23, 1))
  *** n=5 TOTAL 393 (record 393) in Q(sqrt466): ((63, 0), (-23, 1), (57, 3), (143, 2))
  *** n=5 TOTAL 393 (record 393) in Q(sqrt466): ((63, 0), (23, -1), (-57, -3), (-143, -2))
  *** n=5 TOTAL 393 (record 393) in Q(sqrt466): ((63, 0), (57, 3), (143, 2), (23, -1))
  *** n=5 TOTAL 393 (record 393) in Q(sqrt466): ((63, 0), (143, 2), (23, -1), (-57, -3))
  *** n=5 TOTAL 393 (record 393) in Q(sqrt466): ((161, 0), (-58, -1), (13, 3), (58, 1))
  *** n=5 TOTAL 393 (record 393) in Q(sqrt466): ((161, 0), (-13, -3), (-58, -1), (-58, -1))
  *** n=5 TOTAL 393 (record 393) in Q(sqrt466): ((161, 0), (58, 1), (58, 1), (-13, -3))
  *** n=5 TOTAL 393 (record 393) in Q(sqrt466): ((215, 0), (-147, -3), (-19, 4), (-147, -3))
  *** n=5 TOTAL 393 (record 393) in Q(sqrt466): ((215, 0), (-147, -3), (147, 3), (19, -4))
  *** n=5 TOTAL 393 (record 393) in Q(sqrt466): ((215, 0), (19, -4), (147, 3), (-147, -3))

n=5: counted 79398 irrational configs, rejected 108984; best (393, 1105, ((2, 0), (-107, -3), (68, 2), (-37, -1)))
record is 393 -> irrational strata REACH it
