radius-4 check from 173: improved=False
restart173 0: 175
restart173 1: 179
  <-- NEW BEST 179 [[1, 0, -1, 0], [0, 1, 3, 2], [1, 1, -4, -1], [1, 1, -1, -4]]
restart173 2: 161
restart173 3: 175
restart173 4: 169
restart173 5: 167
restart173 6: 169
restart173 7: 165
restart173 8: 161
restart173 9: 163
restart173 10: 175
restart173 11: 169
restart173 12: 167
restart173 13: 171
restart173 14: 179
restart173 15: 167
restart173 16: 173
restart173 17: 169
restart173 18: 179
restart173 19: 175
restart173 20: 175
restart173 21: 171
restart173 22: 175
restart173 23: 169
restart173 24: 171
restart173 25: 175
restart173 26: 167
restart173 27: 175
restart173 28: 167
restart173 29: None
restart173 30: 175
restart173 31: 169
restart173 32: 167
restart173 33: 179
restart173 34: 167
restart173 35: 175
restart173 36: 169
restart173 37: 171
restart173 38: 171
restart173 39: 175
restart173 40: 161
restart173 41: 179
restart173 42: 169
restart173 43: 169
restart173 44: 175
restart173 45: 167
restart173 46: 179
restart173 47: 175
restart173 48: 175
restart173 49: 171
restart173 50: 175
restart173 51: 175
restart173 52: 169
restart173 53: 179
restart173 54: 169
restart173 55: 175
restart173 56: 175
restart173 57: 163
restart173 58: 167
restart173 59: 169

=== FINAL: best=179 quats=[[1, 0, -1, 0], [0, 1, 3, 2], [1, 1, -4, -1], [1, 1, -1, -4]] ===
