radius-4 check from 173: improved=False
restart173 0: 167
restart173 1: 173
restart173 2: 167
restart173 3: 167
restart173 4: 169
restart173 5: 169
restart173 6: 173
restart173 7: 167
restart173 8: 163
restart173 9: 173
restart173 10: 165
restart173 11: 165
restart173 12: 167
restart173 13: 167
restart173 14: 175
  <-- NEW BEST 175 [[1, 0, -1, 0], [0, 1, 3, 2], [1, 2, 1, -1], [1, 1, -1, -4]]
restart173 15: 167
restart173 16: 175
restart173 17: 173
restart173 18: 161
restart173 19: 165
restart173 20: 163
restart173 21: 173
restart173 22: 167
restart173 23: 165
restart173 24: 165
restart173 25: 165
restart173 26: 173
restart173 27: 165
restart173 28: 165
restart173 29: 155
restart173 30: 169
restart173 31: 167
restart173 32: 163
restart173 33: 163
restart173 34: 165
restart173 35: 157
restart173 36: 161
restart173 37: 171
restart173 38: 167
restart173 39: 173
restart173 40: 169
restart173 41: 161
restart173 42: 159
restart173 43: 161
restart173 44: 151
restart173 45: 157
restart173 46: 165
restart173 47: 169
restart173 48: 171
restart173 49: None

=== FINAL: best=175 quats=[[1, 0, -1, 0], [0, 1, 3, 2], [1, 2, 1, -1], [1, 1, -1, -4]] ===
