climb from171: 171
restart 0: 171
restart 1: 167
restart 2: 173
  <-- NEW BEST 173
restart 3: 155
restart 4: 169
restart 5: 165
restart 6: 169
restart 7: 165
restart 8: 171
restart 9: 171
restart 10: 169
restart 11: 171
restart 12: 159
restart 13: 171
restart 14: 163
restart 15: 159
restart 16: 161
restart 17: 171
restart 18: 173
restart 19: 159
restart 20: 165
restart 21: 163
restart 22: 169
restart 23: 159
restart 24: 171
restart 25: 171
restart 26: 167
restart 27: 171
restart 28: 171
restart 29: 159
restart 30: 171
restart 31: 165
restart 32: 167
restart 33: 169
restart 34: 171
restart 35: 171
restart 36: 171
restart 37: 167
restart 38: 171
restart 39: 171
freerandom 0: 111
freerandom 1: 119
freerandom 2: 103
freerandom 3: 131
freerandom 4: 115
freerandom 5: 105
freerandom 6: 115
freerandom 7: 119
freerandom 8: 116
freerandom 9: 107
freerandom 10: 111
freerandom 11: 115
freerandom 12: 107
freerandom 13: 103
freerandom 14: 111
freerandom 15: 95
freerandom 16: 107
freerandom 17: 115
freerandom 18: 103
freerandom 19: 127

=== FINAL BEST: 173  quats=[[2, 1, -2, 0], [0, 1, 3, -1], [3, 0, 1, 0], [2, 0, -1, 4]] ===
