  p1_001: 112 cells, 194s
  p1_002: 72 cells, 208s
  p1_003: 47 cells, 216s
  p1_004: 32 cells, 222s
  p1_005: 19 cells, 224s
  p1_006: 18 cells, 227s
  p1_008: 105 cells, 192s
  p1_009: 113 cells, 229s
  p1_007: 12 cells, 272s
  p1_010: 77 cells, 257s
  p1_011: 47 cells, 271s
  p1_012: 30 cells, 279s
  p1_016: 105 cells, 315s
  p1_014: 14 cells, 401s
  p1_017: 105 cells, 371s
  p1_015: 12 cells, 426s
  p1_013: 21 cells, 423s
  p1_018: 81 cells, 402s
  p1_024: 106 cells, 403s
  p1_022: 16 cells, 522s
  p1_020: 29 cells, 515s
  p1_023: 11 cells, 589s
  p1_021: 20 cells, 600s
  p1_019: 50 cells, 596s
  p1_026: 75 cells, 537s
  p1_028: 34 cells, 560s
  p1_030: 15 cells, 569s
  p1_025: 107 cells, 420s
  p1_027: 45 cells, 474s
  p1_029: 20 cells, 500s
  p1_032: 106 cells, 356s
  p1_034: 78 cells, 476s
  p1_036: 27 cells, 512s
  p1_033: 108 cells, 454s
  p1_031: 12 cells, 540s
  p1_035: 45 cells, 531s
  p1_040: 108 cells, 475s
  p1_038: 16 cells, 626s
  p1_042: 81 cells, 578s
  p1_041: 110 cells, 525s
  p1_039: 12 cells, 624s
  p1_037: 21 cells, 612s
  p1_048: 110 cells, 429s
  p1_044: 33 cells, 565s
  p1_046: 18 cells, 574s
  p1_047: 10 cells, 460s
  p1_045: 19 cells, 450s
  p1_043: 49 cells, 421s
  p1_050: 78 cells, 195s
  p1_052: 26 cells, 206s
  p1_054: 15 cells, 210s
  p1_049: 112 cells, 177s
  p1_051: 45 cells, 197s
  p1_053: 22 cells, 202s
  p1_056: 108 cells, 147s
  p1_058: 78 cells, 174s
  p1_057: 108 cells, 150s
  p1_055: 12 cells, 173s
  p1_059: 46 cells, 163s
  p2_002 cell 5,5,5,13,13,13         probed 19682 keep    26 (2108s)
  p2_003 cell 4,4,9,13,13,13         probed 19682 keep    80 (2156s)
  p2_001 cell 4,9,9,13,13,13         probed 19682 keep     0 (2161s)
  p2_005 cell 4,5,9,9,13,13          probed 19682 keep    80 (2184s)
  p2_004 cell 4,5,9,13,13,13         probed 19682 keep     0 (2192s)
  p2_000 cell 5,5,9,13,13,13         probed 19682 keep     0 (2215s)
  p2_008 cell 9,9,13,13,13,13        probed 19682 keep     0 (2125s)
  p2_006 cell 5,9,9,9,13,13          probed 19682 keep    26 (2071s)
  p2_009 cell 4,9,9,9,9,13           probed 19682 keep     0 (2168s)
  p2_007 cell 4,9,9,9,13,13          probed 19682 keep     2 (2164s)
  p2_011 cell 5,5,9,9,13,13          probed 19682 keep     0 (2205s)
  p2_010 cell 4,4,9,9,13,13          probed 19682 keep     8 (2205s)
  p2_014 cell 5,5,9,9,9,13           probed  3000 keep     3 (340s)
  p2_012 cell 5,9,9,13,13,13         probed  3000 keep     0 (367s)
  p2_013 cell 4,4,5,13,13,13         probed  3000 keep     1 (379s)
  p2_015 cell 4,9,13,13,13,13        probed  3000 keep     0 (385s)
  p2_016 cell 5,5,13,13,13,13        probed  3000 keep     0 (364s)
  p2_017 cell 5,9,9,9,9,13           probed  2999 keep     0 (373s)
  p2_020 cell 4,5,5,9,13,13          probed  3000 keep     0 (375s)
  p2_018 cell 5,5,5,9,13,13          probed  3000 keep    15 (388s)
  p2_021 cell 4,5,13,13,13,13        probed  3000 keep     1 (372s)
  p2_019 cell 4,5,9,9,9,13           probed  3000 keep     0 (404s)
  p2_023 cell 9,9,9,13,13,13         probed  3000 keep     4 (387s)
  p2_022 cell 4,5,5,13,13,13         probed  3000 keep     1 (399s)
  p2_026 cell 4,4,5,9,13,13          probed  3000 keep     0 (404s)
  p2_024 cell 5,9,13,13,13,13        probed  3000 keep     0 (392s)
  p2_025 cell 4,4,4,13,13,13         probed  3000 keep     6 (394s)
  p2_027 cell 4,9,9,9,9,9            probed  3000 keep     0 (425s)
  p2_029 cell 4,4,13,13,13,13        probed  3000 keep     4 (401s)
  p2_028 cell 4,4,9,9,9,13           probed  3000 keep   312 (406s)
  p2_032 cell 4,5,5,9,9,13           probed  2999 keep     0 (379s)
  p2_030 cell 9,9,9,9,13,13          probed  3000 keep     3 (349s)
  p2_036 cell 4,4,5,5,13,13          probed  3000 keep    10 (290s)
  p2_033 cell 4,5,9,9,9,9            probed  3000 keep     1 (307s)
  p2_034 cell 4,4,4,9,13,13          probed  3000 keep     2 (319s)
  p2_031 cell 4,5,5,5,13,13          probed  2999 keep     1 (322s)
  p2_037 cell 4,4,5,9,9,13           probed  3000 keep     6 (307s)
  p2_040 cell 4,5,5,5,9,13           probed  2999 keep     0 (326s)
  p2_038 cell 9,9,9,9,9,13           probed  2999 keep     0 (308s)
  p2_035 cell 5,5,5,9,9,13           probed  3000 keep    13 (313s)
  p2_041 cell 5,5,5,9,9,9            probed  3000 keep     1 (316s)
  p2_044 cell 4,4,4,9,9,13           probed  3000 keep    30 (322s)
  p2_042 cell 4,5,5,9,9,9            probed  3000 keep     4 (323s)
  p2_039 cell 4,4,9,9,9,9            probed  3000 keep     7 (340s)
  p2_046 cell 5,9,9,9,9,9            probed  2999 keep     9 (335s)
  p2_045 cell 5,5,5,5,13,13          probed  3000 keep     0 (369s)
  p2_048 cell 4,4,5,5,9,13           probed  2999 keep     2 (424s)
  p2_043 cell 4,4,4,5,13,13          probed  3000 keep   122 (471s)
  p2_050 cell 4,4,4,4,13,13          probed  3000 keep   339 (838s)
  p2_049 cell 4,4,5,9,9,9            probed  3000 keep   119 (837s)
  p2_052 cell 5,5,5,5,9,9            probed  3000 keep     0 (914s)
  p2_047 cell 5,5,5,5,9,13           probed  3000 keep     3 (871s)
  p2_053 cell 4,4,4,5,9,13           probed  3000 keep    34 (1712s)
  p2_054 cell 4,4,4,9,9,9            probed  3000 keep     4 (1745s)
  p2_051 cell 4,5,5,5,9,9            probed  3000 keep     0 (1715s)
  p2_056 cell 5,5,9,9,9,9            probed  3000 keep     0 (1785s)
  p2_057 cell 4,4,5,5,9,9            probed  3000 keep    23 (1132s)
  p2_055 cell 9,9,9,9,9,9            probed  3000 keep     6 (984s)
  p2_058 cell 4,4,4,4,9,13           probed  3000 keep    70 (1165s)
  p2_060 cell 4,4,4,5,9,9            probed  3000 keep     3 (1023s)
  p2_059 cell 4,5,5,5,5,13           probed  3000 keep     0 (838s)
  p2_061 cell 4,4,4,5,5,13           probed  3000 keep    26 (951s)
  p2_062 cell 4,4,5,5,5,9            probed  3000 keep    11 (947s)
  p2_064 cell 4,4,4,4,9,9            probed  3000 keep   308 (977s)
  p2_063 cell 4,4,5,5,5,13           probed  3000 keep     0 (603s)
  p2_065 cell 4,4,4,4,5,13           probed  3000 keep   107 (632s)
  p2_066 cell 4,5,5,5,5,9            probed  3000 keep     0 (667s)
  p2_068 cell 4,4,4,5,5,9            probed  3000 keep    96 (723s)
  p2_067 cell 5,5,5,5,5,13           probed  3000 keep    15 (698s)
  p2_069 cell 13,13,13,13,13,13      probed  3000 keep    44 (602s)
  p2_070 cell 4,4,4,4,4,13           probed  3000 keep   331 (604s)
  p2_072 cell 4,4,5,5,5,5            probed  3000 keep     4 (695s)
  p2_071 cell 5,5,5,5,5,9            probed  3000 keep     1 (807s)
  p2_073 cell 4,4,4,4,5,9            probed  3000 keep   348 (900s)
  p2_074 cell 4,4,4,5,5,5            probed  2999 keep    84 (1099s)
  p2_076 cell 4,4,4,4,5,5            probed  3000 keep   261 (1173s)
  p2_077 cell 4,5,5,5,5,5            probed  3000 keep     0 (1498s)
  p2_075 cell 4,4,4,4,4,9            probed  3000 keep  1010 (1621s)
  p2_078 cell 4,4,4,4,4,5            probed  3000 keep   959 (1506s)
  p2_080 cell 5,5,5,5,5,5            probed  3000 keep     0 (1408s)
  p2_081 cell 1,9,13,13,13,13        probed  3000 keep   121 (750s)
  p2_079 cell 4,4,4,4,4,4            probed  3000 keep  2994 (1443s)
  p2_082 cell 1,9,9,9,13,13          probed  3000 keep     0 (1363s)
  p2_084 cell 1,5,5,13,13,13         probed  3000 keep     0 (1571s)
  p2_085 cell 1,4,13,13,13,13        probed  3000 keep     3 (1490s)
  p2_083 cell 1,5,13,13,13,13        probed  2998 keep     4 (1789s)
  p2_086 cell 1,9,9,13,13,13         probed  2999 keep     0 (2069s)
  p2_088 cell 1,5,5,9,9,13           probed  3000 keep     0 (1773s)
  p2_089 cell 1,9,9,9,9,9            probed  3000 keep     3 (1612s)
  p2_090 cell 1,5,9,9,13,13          probed  3000 keep   129 (1027s)
  p2_087 cell 1,4,4,13,13,13         probed  3000 keep     0 (2007s)
  p2_093 cell 1,4,9,9,13,13          probed  3000 keep     7 (1654s)
  p2_092 cell 1,5,5,9,13,13          probed  2999 keep     0 (1870s)
  p2_097 cell 1,5,9,9,9,9            probed  3000 keep   379 (1069s)
  p2_094 cell 1,4,4,9,13,13          probed  3000 keep     4 (1948s)
  p2_091 cell 1,13,13,13,13,13       probed  3000 keep    13 (1583s)
  p2_096 cell 1,4,4,9,9,13           probed  3000 keep    16 (1683s)
  p2_101 cell 1,4,4,9,9,9            probed  3000 keep     0 (1130s)
  p2_098 cell 1,5,5,5,13,13          probed  2999 keep     0 (1037s)
  p2_095 cell 1,9,9,9,9,13           probed  3000 keep     0 (955s)
  p2_100 cell 1,5,5,5,5,13           probed  3000 keep     0 (516s)
  p2_105 cell 1,4,4,5,13,13          probed  3000 keep     0 (369s)
  p2_102 cell 1,4,5,5,13,13          probed  3000 keep     4 (389s)
  p2_104 cell 1,4,9,9,9,9            probed  2999 keep   327 (221s)
  p2_099 cell 1,5,5,9,9,9            probed  3000 keep     0 (394s)
  p2_108 cell 1,4,4,4,13,13          probed  3000 keep   335 (244s)
  p2_109 cell 1,4,5,5,9,9            probed  2998 keep    33 (335s)
  p2_106 cell 1,5,5,5,9,9            probed  2999 keep     1 (342s)
  p2_103 cell 1,4,4,5,5,13           probed  3000 keep     0 (338s)
  p2_113 cell 1,4,4,4,9,9            probed  3000 keep   811 (212s)
  p2_112 cell 1,5,5,5,5,5            probed  3000 keep     0 (297s)
  p2_110 cell 1,4,4,5,9,9            probed  3000 keep     2 (312s)
  p2_107 cell 1,5,5,5,5,9            probed  2999 keep     2 (275s)
  p2_117 cell 1,4,4,4,4,5            probed  3000 keep     1 (258s)
  p2_116 cell 1,4,4,4,5,5            probed  3000 keep    30 (270s)
  p2_114 cell 1,4,5,5,5,5            probed  3000 keep   349 (181s)
  p2_121 cell 1,1,1,9,9,9            probed  3000 keep     0 (215s)
  p2_111 cell 1,4,4,5,5,9            probed  3000 keep     0 (305s)
  p2_120 cell 1,1,13,13,13,13        probed  3000 keep     6 (287s)
  p2_118 cell 1,4,4,4,4,4            probed  2999 keep   110 (294s)
  p2_125 cell 1,1,1,4,4,4            probed  3000 keep     3 (290s)
  p2_124 cell 1,1,5,5,5,5            probed  3000 keep     4 (202s)
  p2_115 cell 1,4,4,5,5,5            probed  3000 keep    11 (342s)
  p2_122 cell 1,1,9,9,9,9            probed  3000 keep     0 (260s)
  p2_119 cell 1,1,1,13,13,13         probed  3000 keep   559 (96s)
  p2_126 cell 1,1,1,1,1,1            probed  3000 keep   108 (63s)
  p2_123 cell 1,1,1,5,5,5            probed  3000 keep     0 (233s)
N4 PHASE 2 COMPLETE
n = 4 structure, run 011b219ec3
configurations counted: 239338
cells observed: 127 of 210 possible

cell (six pair counts)   ceiling configs      dim   note
5,5,9,13,13,13               171     331     0.00   
4,9,9,13,13,13               171     230     0.00   
5,5,5,13,13,13               171     154     3.00   
4,4,9,13,13,13               171     379     4.00   
4,5,9,13,13,13               169     601     0.00   
4,5,9,9,13,13                169     894     4.00   
5,9,9,9,13,13                169     401     3.00   
4,9,9,9,13,13                169     198     1.00   
9,9,13,13,13,13              169       3     0.00   
4,9,9,9,9,13                 167     415     0.00   
4,4,9,9,13,13                167     743     2.00   
5,5,9,9,13,13                167     975     0.00   
5,9,9,13,13,13               167     295      ~0%   
4,4,5,13,13,13               167     422      ~0%   
5,5,9,9,9,13                 167    1335      ~0%   
4,9,13,13,13,13              167     107      ~0%   
5,5,13,13,13,13              167     130      ~0%   
5,9,9,9,9,13                 165     634      ~0%   
5,5,5,9,13,13                165     689      ~0%   
4,5,9,9,9,13                 165    1754      ~0%   
4,5,5,9,13,13                165    1196      ~0%   
4,5,13,13,13,13              165     221      ~0%   
4,5,5,13,13,13               165     249      ~0%   
9,9,9,13,13,13               165      97      ~0%   THE RECORD 183
5,9,13,13,13,13              165      87      ~0%   
4,4,4,13,13,13               165     196      ~0%   
4,4,5,9,13,13                163    1697      ~0%   
4,9,9,9,9,9                  163     334      ~0%   
4,4,9,9,9,13                 163    1297     ~10%   
4,4,13,13,13,13              163     165      ~0%   
9,9,9,9,13,13                163      93      ~0%   
4,5,5,5,13,13                161     295      ~0%   
4,5,5,9,9,13                 161    2450      ~0%   
4,5,9,9,9,9                  161    1002      ~0%   
4,4,4,9,13,13                161     873      ~0%   
5,5,5,9,9,13                 161    1158      ~0%   
4,4,5,5,13,13                159     794      ~0%   
4,4,5,9,9,13                 159    3487      ~0%   
9,9,9,9,9,13                 159     146      ~0%   
4,4,9,9,9,9                  159     753      ~0%   
4,5,5,5,9,13                 157    1644      ~0%   
5,5,5,9,9,9                  157     462      ~0%   
4,5,5,9,9,9                  157    1603      ~0%   
4,4,4,5,13,13                157     863      ~4%   
4,4,4,9,9,13                 157    2031      ~1%   
5,5,5,5,13,13                157      94      ~0%   
5,9,9,9,9,9                  155     325      ~0%   
5,5,5,5,9,13                 155     512      ~0%   
4,4,5,5,9,13                 155    3624      ~0%   
4,4,5,9,9,9                  155    2633      ~4%   
4,4,4,4,13,13                155     225     ~11%   
4,5,5,5,9,9                  153    1511      ~0%   
5,5,5,5,9,9                  153     305      ~0%   
4,4,4,5,9,13                 153    4780      ~1%   
4,4,4,9,9,9                  153    1832      ~0%   
9,9,9,9,9,9                  153     124      ~0%   
5,5,9,9,9,9                  151     439      ~0%   
4,4,5,5,9,9                  151    4454      ~1%   
4,4,4,4,9,13                 151    1995      ~2%   
4,5,5,5,5,13                 149     386      ~0%   
4,4,4,5,9,9                  149    7366      ~0%   
4,4,4,5,5,13                 149    2850      ~1%   
4,4,5,5,5,9                  147    3544      ~0%   
4,4,5,5,5,13                 147    1326      ~0%   
4,4,4,4,9,9                  147    5278     ~10%   
4,4,4,4,5,13                 147    2859      ~4%   
4,5,5,5,5,9                  145     753      ~0%   
5,5,5,5,5,13                 145      61      ~0%   
4,4,4,5,5,9                  145   10222      ~3%   
13,13,13,13,13,13            145      39      ~1%   
4,4,4,4,4,13                 145    1783     ~11%   
5,5,5,5,5,9                  143      95      ~0%   
4,4,5,5,5,5                  143    1081      ~0%   
4,4,4,4,5,9                  143   16520     ~12%   
4,4,4,5,5,5                  141    4617      ~3%   
4,4,4,4,4,9                  141   18054     ~34%   
4,4,4,4,5,5                  139   12891      ~9%   
4,5,5,5,5,5                  137     136      ~0%   
4,4,4,4,4,5                  137   31577     ~32%   
4,4,4,4,4,4                  136   52346    ~100%   
5,5,5,5,5,5                  131       8      ~0%   
1,9,13,13,13,13               63     124      ~4%   
1,9,9,9,13,13                 59     444      ~0%   
1,5,13,13,13,13               59     256      ~0%   
1,5,5,13,13,13                59      76      ~0%   
1,4,13,13,13,13               57     327      ~0%   
1,9,9,13,13,13                57     105      ~0%   
1,4,4,13,13,13                57      58      ~0%   
1,5,5,9,9,13                  55     106      ~0%   
1,9,9,9,9,9                   55     517      ~0%   
1,5,9,9,13,13                 55     846      ~4%   
1,13,13,13,13,13              55     163      ~0%   
1,5,5,9,13,13                 55     325      ~0%   
1,4,9,9,13,13                 53     810      ~0%   
1,4,4,9,13,13                 53      71      ~0%   
1,9,9,9,9,13                  53      46      ~0%   
1,4,4,9,9,13                  53      68      ~1%   
1,5,9,9,9,9                   51     337     ~13%   
1,5,5,5,13,13                 51     312      ~0%   
1,5,5,9,9,9                   51     235      ~0%   
1,5,5,5,5,13                  51      10      ~0%   
1,4,4,9,9,9                   49      85      ~0%   
1,4,5,5,13,13                 49     451      ~0%   
1,4,4,5,5,13                  49      15      ~0%   
1,4,9,9,9,9                   49     478     ~11%   
1,4,4,5,13,13                 49      33      ~0%   
1,5,5,5,9,9                   47     409      ~0%   
1,5,5,5,5,9                   47      54      ~0%   
1,4,4,4,13,13                 47      49     ~11%   
1,4,5,5,9,9                   45     698      ~1%   
1,4,4,5,9,9                   45      69      ~0%   
1,4,4,5,5,9                   45      40      ~0%   
1,5,5,5,5,5                   43      81      ~0%   
1,4,4,4,9,9                   43     118     ~27%   
1,4,5,5,5,5                   41     293     ~12%   
1,4,4,5,5,5                   41      25      ~0%   
1,4,4,4,5,5                   39     164      ~1%   
1,4,4,4,4,5                   39       8      ~0%   
1,4,4,4,4,4                   38      51      ~4%   
1,1,1,13,13,13                13     132     ~19%   
1,1,13,13,13,13               13      30      ~0%   
1,1,1,9,9,9                    9     178      ~0%   
1,1,9,9,9,9                    9      28      ~0%   
1,1,1,5,5,5                    5      65      ~0%   
1,1,5,5,5,5                    5       8      ~0%   
1,1,1,4,4,4                    4       4      ~0%   
1,1,1,1,1,1                    1       8      ~4%   

record 183 label: 9,9,9,13,13,13
highest ceiling found: 171 in cell 5,5,9,13,13,13
