=== t=0 gate: offcenter_count must reproduce concentric counts ===
  723 record: total=723 by_depth={1: 210, 2: 216, 3: 164, 4: 96, 5: 36, 6: 1} (3.1s)  PASS
  seed 2228: total=623 by_depth={1: 112, 2: 208, 3: 164, 4: 102, 5: 36, 6: 1} (4.3s)  PASS
  seed 42: total=531 by_depth={1: 74, 2: 164, 3: 156, 4: 100, 5: 36, 6: 1} (4.5s)  PASS
  seed 777: total=575 by_depth={1: 92, 2: 184, 3: 160, 4: 102, 5: 36, 6: 1} (4.7s)  PASS
=== GATE RESULT: ALL PASS ===

=== baseline ===
baseline t=0: total=723  by_depth={0: 1, 1: 210, 2: 216, 3: 164, 4: 96, 5: 36, 6: 1}  translations=['(0,0,0)', '(0,0,0)', '(0,0,0)', '(0,0,0)', '(0,0,0)', '(0,0,0)']  (3.3s)

=== (i) one cube at a time, along each axis ===
cube0 axis0 t=-1/2: total=604  by_depth={0: 1, 1: 157, 2: 190, 3: 140, 4: 86, 5: 30, 6: 1}  translations=['(-1/2,0,0)', '(0,0,0)', '(0,0,0)', '(0,0,0)', '(0,0,0)', '(0,0,0)']  (4.1s)
cube0 axis0 t=-1/4: total=683  by_depth={0: 1, 1: 176, 2: 209, 3: 160, 4: 101, 5: 36, 6: 1}  translations=['(-1/4,0,0)', '(0,0,0)', '(0,0,0)', '(0,0,0)', '(0,0,0)', '(0,0,0)']  (3.5s)
cube0 axis0 t=-1/8: total=704  by_depth={0: 1, 1: 186, 2: 218, 3: 162, 4: 101, 5: 36, 6: 1}  translations=['(-1/8,0,0)', '(0,0,0)', '(0,0,0)', '(0,0,0)', '(0,0,0)', '(0,0,0)']  (3.6s)
cube0 axis0 t=1/8: total=704  by_depth={0: 1, 1: 186, 2: 218, 3: 162, 4: 101, 5: 36, 6: 1}  translations=['(1/8,0,0)', '(0,0,0)', '(0,0,0)', '(0,0,0)', '(0,0,0)', '(0,0,0)']  (5.1s)
cube0 axis0 t=1/4: total=683  by_depth={0: 1, 1: 176, 2: 209, 3: 160, 4: 101, 5: 36, 6: 1}  translations=['(1/4,0,0)', '(0,0,0)', '(0,0,0)', '(0,0,0)', '(0,0,0)', '(0,0,0)']  (3.5s)
cube0 axis0 t=1/2: total=604  by_depth={0: 1, 1: 157, 2: 190, 3: 140, 4: 86, 5: 30, 6: 1}  translations=['(1/2,0,0)', '(0,0,0)', '(0,0,0)', '(0,0,0)', '(0,0,0)', '(0,0,0)']  (3.8s)
cube0 axis1 t=-1/2: total=601  by_depth={0: 1, 1: 157, 2: 189, 3: 142, 4: 84, 5: 28, 6: 1}  translations=['(0,-1/2,0)', '(0,0,0)', '(0,0,0)', '(0,0,0)', '(0,0,0)', '(0,0,0)']  (3.6s)
cube0 axis1 t=-1/4: total=684  by_depth={0: 1, 1: 178, 2: 208, 3: 160, 4: 101, 5: 36, 6: 1}  translations=['(0,-1/4,0)', '(0,0,0)', '(0,0,0)', '(0,0,0)', '(0,0,0)', '(0,0,0)']  (3.5s)
cube0 axis1 t=-1/8: total=706  by_depth={0: 1, 1: 187, 2: 219, 3: 162, 4: 101, 5: 36, 6: 1}  translations=['(0,-1/8,0)', '(0,0,0)', '(0,0,0)', '(0,0,0)', '(0,0,0)', '(0,0,0)']  (3.6s)
cube0 axis1 t=1/8: total=706  by_depth={0: 1, 1: 187, 2: 219, 3: 162, 4: 101, 5: 36, 6: 1}  translations=['(0,1/8,0)', '(0,0,0)', '(0,0,0)', '(0,0,0)', '(0,0,0)', '(0,0,0)']  (3.6s)
cube0 axis1 t=1/4: total=684  by_depth={0: 1, 1: 178, 2: 208, 3: 160, 4: 101, 5: 36, 6: 1}  translations=['(0,1/4,0)', '(0,0,0)', '(0,0,0)', '(0,0,0)', '(0,0,0)', '(0,0,0)']  (3.6s)
cube0 axis1 t=1/2: total=601  by_depth={0: 1, 1: 157, 2: 189, 3: 142, 4: 84, 5: 28, 6: 1}  translations=['(0,1/2,0)', '(0,0,0)', '(0,0,0)', '(0,0,0)', '(0,0,0)', '(0,0,0)']  (3.9s)
cube0 axis2 t=-1/2: total=603  by_depth={0: 1, 1: 157, 2: 191, 3: 143, 4: 83, 5: 28, 6: 1}  translations=['(0,0,-1/2)', '(0,0,0)', '(0,0,0)', '(0,0,0)', '(0,0,0)', '(0,0,0)']  (3.9s)
cube0 axis2 t=-1/4: total=678  by_depth={0: 1, 1: 175, 2: 207, 3: 158, 4: 101, 5: 36, 6: 1}  translations=['(0,0,-1/4)', '(0,0,0)', '(0,0,0)', '(0,0,0)', '(0,0,0)', '(0,0,0)']  (3.4s)
cube0 axis2 t=-1/8: total=702  by_depth={0: 1, 1: 183, 2: 218, 3: 163, 4: 101, 5: 36, 6: 1}  translations=['(0,0,-1/8)', '(0,0,0)', '(0,0,0)', '(0,0,0)', '(0,0,0)', '(0,0,0)']  (3.9s)
cube0 axis2 t=1/8: total=702  by_depth={0: 1, 1: 183, 2: 218, 3: 163, 4: 101, 5: 36, 6: 1}  translations=['(0,0,1/8)', '(0,0,0)', '(0,0,0)', '(0,0,0)', '(0,0,0)', '(0,0,0)']  (3.8s)
cube0 axis2 t=1/4: total=678  by_depth={0: 1, 1: 175, 2: 207, 3: 158, 4: 101, 5: 36, 6: 1}  translations=['(0,0,1/4)', '(0,0,0)', '(0,0,0)', '(0,0,0)', '(0,0,0)', '(0,0,0)']  (3.9s)
cube0 axis2 t=1/2: total=603  by_depth={0: 1, 1: 157, 2: 191, 3: 143, 4: 83, 5: 28, 6: 1}  translations=['(0,0,1/2)', '(0,0,0)', '(0,0,0)', '(0,0,0)', '(0,0,0)', '(0,0,0)']  (3.6s)
cube1 axis0 t=-1/2: total=603  by_depth={0: 1, 1: 157, 2: 191, 3: 143, 4: 83, 5: 28, 6: 1}  translations=['(0,0,0)', '(-1/2,0,0)', '(0,0,0)', '(0,0,0)', '(0,0,0)', '(0,0,0)']  (4.3s)
cube1 axis0 t=-1/4: total=678  by_depth={0: 1, 1: 175, 2: 207, 3: 158, 4: 101, 5: 36, 6: 1}  translations=['(0,0,0)', '(-1/4,0,0)', '(0,0,0)', '(0,0,0)', '(0,0,0)', '(0,0,0)']  (4.3s)
cube1 axis0 t=-1/8: total=702  by_depth={0: 1, 1: 183, 2: 218, 3: 163, 4: 101, 5: 36, 6: 1}  translations=['(0,0,0)', '(-1/8,0,0)', '(0,0,0)', '(0,0,0)', '(0,0,0)', '(0,0,0)']  (4.1s)
cube1 axis0 t=1/8: total=702  by_depth={0: 1, 1: 183, 2: 218, 3: 163, 4: 101, 5: 36, 6: 1}  translations=['(0,0,0)', '(1/8,0,0)', '(0,0,0)', '(0,0,0)', '(0,0,0)', '(0,0,0)']  (3.9s)
cube1 axis0 t=1/4: total=678  by_depth={0: 1, 1: 175, 2: 207, 3: 158, 4: 101, 5: 36, 6: 1}  translations=['(0,0,0)', '(1/4,0,0)', '(0,0,0)', '(0,0,0)', '(0,0,0)', '(0,0,0)']  (3.7s)
cube1 axis0 t=1/2: total=603  by_depth={0: 1, 1: 157, 2: 191, 3: 143, 4: 83, 5: 28, 6: 1}  translations=['(0,0,0)', '(1/2,0,0)', '(0,0,0)', '(0,0,0)', '(0,0,0)', '(0,0,0)']  (4.2s)
cube1 axis1 t=-1/2: total=604  by_depth={0: 1, 1: 157, 2: 190, 3: 140, 4: 86, 5: 30, 6: 1}  translations=['(0,0,0)', '(0,-1/2,0)', '(0,0,0)', '(0,0,0)', '(0,0,0)', '(0,0,0)']  (4.5s)
cube1 axis1 t=-1/4: total=683  by_depth={0: 1, 1: 176, 2: 209, 3: 160, 4: 101, 5: 36, 6: 1}  translations=['(0,0,0)', '(0,-1/4,0)', '(0,0,0)', '(0,0,0)', '(0,0,0)', '(0,0,0)']  (3.8s)
cube1 axis1 t=-1/8: total=704  by_depth={0: 1, 1: 186, 2: 218, 3: 162, 4: 101, 5: 36, 6: 1}  translations=['(0,0,0)', '(0,-1/8,0)', '(0,0,0)', '(0,0,0)', '(0,0,0)', '(0,0,0)']  (4.0s)
cube1 axis1 t=1/8: total=704  by_depth={0: 1, 1: 186, 2: 218, 3: 162, 4: 101, 5: 36, 6: 1}  translations=['(0,0,0)', '(0,1/8,0)', '(0,0,0)', '(0,0,0)', '(0,0,0)', '(0,0,0)']  (3.4s)
cube1 axis1 t=1/4: total=683  by_depth={0: 1, 1: 176, 2: 209, 3: 160, 4: 101, 5: 36, 6: 1}  translations=['(0,0,0)', '(0,1/4,0)', '(0,0,0)', '(0,0,0)', '(0,0,0)', '(0,0,0)']  (3.9s)
cube1 axis1 t=1/2: total=604  by_depth={0: 1, 1: 157, 2: 190, 3: 140, 4: 86, 5: 30, 6: 1}  translations=['(0,0,0)', '(0,1/2,0)', '(0,0,0)', '(0,0,0)', '(0,0,0)', '(0,0,0)']  (3.6s)
cube1 axis2 t=-1/2: total=601  by_depth={0: 1, 1: 157, 2: 189, 3: 142, 4: 84, 5: 28, 6: 1}  translations=['(0,0,0)', '(0,0,-1/2)', '(0,0,0)', '(0,0,0)', '(0,0,0)', '(0,0,0)']  (3.4s)
cube1 axis2 t=-1/4: total=684  by_depth={0: 1, 1: 178, 2: 208, 3: 160, 4: 101, 5: 36, 6: 1}  translations=['(0,0,0)', '(0,0,-1/4)', '(0,0,0)', '(0,0,0)', '(0,0,0)', '(0,0,0)']  (3.3s)
cube1 axis2 t=-1/8: total=706  by_depth={0: 1, 1: 187, 2: 219, 3: 162, 4: 101, 5: 36, 6: 1}  translations=['(0,0,0)', '(0,0,-1/8)', '(0,0,0)', '(0,0,0)', '(0,0,0)', '(0,0,0)']  (3.3s)
cube1 axis2 t=1/8: total=706  by_depth={0: 1, 1: 187, 2: 219, 3: 162, 4: 101, 5: 36, 6: 1}  translations=['(0,0,0)', '(0,0,1/8)', '(0,0,0)', '(0,0,0)', '(0,0,0)', '(0,0,0)']  (3.5s)
cube1 axis2 t=1/4: total=684  by_depth={0: 1, 1: 178, 2: 208, 3: 160, 4: 101, 5: 36, 6: 1}  translations=['(0,0,0)', '(0,0,1/4)', '(0,0,0)', '(0,0,0)', '(0,0,0)', '(0,0,0)']  (3.4s)
cube1 axis2 t=1/2: total=601  by_depth={0: 1, 1: 157, 2: 189, 3: 142, 4: 84, 5: 28, 6: 1}  translations=['(0,0,0)', '(0,0,1/2)', '(0,0,0)', '(0,0,0)', '(0,0,0)', '(0,0,0)']  (3.3s)
cube2 axis0 t=-1/2: total=601  by_depth={0: 1, 1: 157, 2: 189, 3: 142, 4: 84, 5: 28, 6: 1}  translations=['(0,0,0)', '(0,0,0)', '(-1/2,0,0)', '(0,0,0)', '(0,0,0)', '(0,0,0)']  (3.4s)
cube2 axis0 t=-1/4: total=684  by_depth={0: 1, 1: 178, 2: 208, 3: 160, 4: 101, 5: 36, 6: 1}  translations=['(0,0,0)', '(0,0,0)', '(-1/4,0,0)', '(0,0,0)', '(0,0,0)', '(0,0,0)']  (3.2s)
cube2 axis0 t=-1/8: total=706  by_depth={0: 1, 1: 187, 2: 219, 3: 162, 4: 101, 5: 36, 6: 1}  translations=['(0,0,0)', '(0,0,0)', '(-1/8,0,0)', '(0,0,0)', '(0,0,0)', '(0,0,0)']  (3.3s)
cube2 axis0 t=1/8: total=706  by_depth={0: 1, 1: 187, 2: 219, 3: 162, 4: 101, 5: 36, 6: 1}  translations=['(0,0,0)', '(0,0,0)', '(1/8,0,0)', '(0,0,0)', '(0,0,0)', '(0,0,0)']  (3.2s)
cube2 axis0 t=1/4: total=684  by_depth={0: 1, 1: 178, 2: 208, 3: 160, 4: 101, 5: 36, 6: 1}  translations=['(0,0,0)', '(0,0,0)', '(1/4,0,0)', '(0,0,0)', '(0,0,0)', '(0,0,0)']  (3.5s)
cube2 axis0 t=1/2: total=601  by_depth={0: 1, 1: 157, 2: 189, 3: 142, 4: 84, 5: 28, 6: 1}  translations=['(0,0,0)', '(0,0,0)', '(1/2,0,0)', '(0,0,0)', '(0,0,0)', '(0,0,0)']  (3.5s)
cube2 axis1 t=-1/2: total=603  by_depth={0: 1, 1: 157, 2: 191, 3: 143, 4: 83, 5: 28, 6: 1}  translations=['(0,0,0)', '(0,0,0)', '(0,-1/2,0)', '(0,0,0)', '(0,0,0)', '(0,0,0)']  (3.7s)
cube2 axis1 t=-1/4: total=678  by_depth={0: 1, 1: 175, 2: 207, 3: 158, 4: 101, 5: 36, 6: 1}  translations=['(0,0,0)', '(0,0,0)', '(0,-1/4,0)', '(0,0,0)', '(0,0,0)', '(0,0,0)']  (3.6s)
cube2 axis1 t=-1/8: total=702  by_depth={0: 1, 1: 183, 2: 218, 3: 163, 4: 101, 5: 36, 6: 1}  translations=['(0,0,0)', '(0,0,0)', '(0,-1/8,0)', '(0,0,0)', '(0,0,0)', '(0,0,0)']  (3.6s)
cube2 axis1 t=1/8: total=702  by_depth={0: 1, 1: 183, 2: 218, 3: 163, 4: 101, 5: 36, 6: 1}  translations=['(0,0,0)', '(0,0,0)', '(0,1/8,0)', '(0,0,0)', '(0,0,0)', '(0,0,0)']  (3.5s)
cube2 axis1 t=1/4: total=678  by_depth={0: 1, 1: 175, 2: 207, 3: 158, 4: 101, 5: 36, 6: 1}  translations=['(0,0,0)', '(0,0,0)', '(0,1/4,0)', '(0,0,0)', '(0,0,0)', '(0,0,0)']  (3.6s)
cube2 axis1 t=1/2: total=603  by_depth={0: 1, 1: 157, 2: 191, 3: 143, 4: 83, 5: 28, 6: 1}  translations=['(0,0,0)', '(0,0,0)', '(0,1/2,0)', '(0,0,0)', '(0,0,0)', '(0,0,0)']  (3.8s)
cube2 axis2 t=-1/2: total=604  by_depth={0: 1, 1: 157, 2: 190, 3: 140, 4: 86, 5: 30, 6: 1}  translations=['(0,0,0)', '(0,0,0)', '(0,0,-1/2)', '(0,0,0)', '(0,0,0)', '(0,0,0)']  (3.8s)
cube2 axis2 t=-1/4: total=683  by_depth={0: 1, 1: 176, 2: 209, 3: 160, 4: 101, 5: 36, 6: 1}  translations=['(0,0,0)', '(0,0,0)', '(0,0,-1/4)', '(0,0,0)', '(0,0,0)', '(0,0,0)']  (3.8s)
cube2 axis2 t=-1/8: total=704  by_depth={0: 1, 1: 186, 2: 218, 3: 162, 4: 101, 5: 36, 6: 1}  translations=['(0,0,0)', '(0,0,0)', '(0,0,-1/8)', '(0,0,0)', '(0,0,0)', '(0,0,0)']  (3.8s)
cube2 axis2 t=1/8: total=704  by_depth={0: 1, 1: 186, 2: 218, 3: 162, 4: 101, 5: 36, 6: 1}  translations=['(0,0,0)', '(0,0,0)', '(0,0,1/8)', '(0,0,0)', '(0,0,0)', '(0,0,0)']  (4.0s)
cube2 axis2 t=1/4: total=683  by_depth={0: 1, 1: 176, 2: 209, 3: 160, 4: 101, 5: 36, 6: 1}  translations=['(0,0,0)', '(0,0,0)', '(0,0,1/4)', '(0,0,0)', '(0,0,0)', '(0,0,0)']  (3.7s)
cube2 axis2 t=1/2: total=604  by_depth={0: 1, 1: 157, 2: 190, 3: 140, 4: 86, 5: 30, 6: 1}  translations=['(0,0,0)', '(0,0,0)', '(0,0,1/2)', '(0,0,0)', '(0,0,0)', '(0,0,0)']  (3.9s)
cube3 axis0 t=-1/2: total=574  by_depth={0: 1, 1: 150, 2: 178, 3: 139, 4: 81, 5: 25, 6: 1}  translations=['(0,0,0)', '(0,0,0)', '(0,0,0)', '(-1/2,0,0)', '(0,0,0)', '(0,0,0)']  (4.2s)
cube3 axis0 t=-1/4: total=642  by_depth={0: 1, 1: 166, 2: 193, 3: 156, 4: 95, 5: 31, 6: 1}  translations=['(0,0,0)', '(0,0,0)', '(0,0,0)', '(-1/4,0,0)', '(0,0,0)', '(0,0,0)']  (4.0s)
cube3 axis0 t=-1/8: total=688  by_depth={0: 1, 1: 178, 2: 211, 3: 164, 4: 100, 5: 34, 6: 1}  translations=['(0,0,0)', '(0,0,0)', '(0,0,0)', '(-1/8,0,0)', '(0,0,0)', '(0,0,0)']  (3.8s)
cube3 axis0 t=1/8: total=688  by_depth={0: 1, 1: 178, 2: 211, 3: 164, 4: 100, 5: 34, 6: 1}  translations=['(0,0,0)', '(0,0,0)', '(0,0,0)', '(1/8,0,0)', '(0,0,0)', '(0,0,0)']  (4.6s)
cube3 axis0 t=1/4: total=642  by_depth={0: 1, 1: 166, 2: 193, 3: 156, 4: 95, 5: 31, 6: 1}  translations=['(0,0,0)', '(0,0,0)', '(0,0,0)', '(1/4,0,0)', '(0,0,0)', '(0,0,0)']  (4.3s)
cube3 axis0 t=1/2: total=574  by_depth={0: 1, 1: 150, 2: 178, 3: 139, 4: 81, 5: 25, 6: 1}  translations=['(0,0,0)', '(0,0,0)', '(0,0,0)', '(1/2,0,0)', '(0,0,0)', '(0,0,0)']  (4.2s)
cube3 axis1 t=-1/2: total=574  by_depth={0: 1, 1: 150, 2: 178, 3: 139, 4: 81, 5: 25, 6: 1}  translations=['(0,0,0)', '(0,0,0)', '(0,0,0)', '(0,-1/2,0)', '(0,0,0)', '(0,0,0)']  (4.0s)
cube3 axis1 t=-1/4: total=642  by_depth={0: 1, 1: 166, 2: 193, 3: 156, 4: 95, 5: 31, 6: 1}  translations=['(0,0,0)', '(0,0,0)', '(0,0,0)', '(0,-1/4,0)', '(0,0,0)', '(0,0,0)']  (4.2s)
cube3 axis1 t=-1/8: total=688  by_depth={0: 1, 1: 178, 2: 211, 3: 164, 4: 100, 5: 34, 6: 1}  translations=['(0,0,0)', '(0,0,0)', '(0,0,0)', '(0,-1/8,0)', '(0,0,0)', '(0,0,0)']  (4.0s)
cube3 axis1 t=1/8: total=688  by_depth={0: 1, 1: 178, 2: 211, 3: 164, 4: 100, 5: 34, 6: 1}  translations=['(0,0,0)', '(0,0,0)', '(0,0,0)', '(0,1/8,0)', '(0,0,0)', '(0,0,0)']  (4.2s)
cube3 axis1 t=1/4: total=642  by_depth={0: 1, 1: 166, 2: 193, 3: 156, 4: 95, 5: 31, 6: 1}  translations=['(0,0,0)', '(0,0,0)', '(0,0,0)', '(0,1/4,0)', '(0,0,0)', '(0,0,0)']  (4.2s)
cube3 axis1 t=1/2: total=574  by_depth={0: 1, 1: 150, 2: 178, 3: 139, 4: 81, 5: 25, 6: 1}  translations=['(0,0,0)', '(0,0,0)', '(0,0,0)', '(0,1/2,0)', '(0,0,0)', '(0,0,0)']  (4.5s)
cube3 axis2 t=-1/2: total=574  by_depth={0: 1, 1: 150, 2: 178, 3: 139, 4: 81, 5: 25, 6: 1}  translations=['(0,0,0)', '(0,0,0)', '(0,0,0)', '(0,0,-1/2)', '(0,0,0)', '(0,0,0)']  (4.3s)
cube3 axis2 t=-1/4: total=642  by_depth={0: 1, 1: 166, 2: 193, 3: 156, 4: 95, 5: 31, 6: 1}  translations=['(0,0,0)', '(0,0,0)', '(0,0,0)', '(0,0,-1/4)', '(0,0,0)', '(0,0,0)']  (4.1s)
cube3 axis2 t=-1/8: total=688  by_depth={0: 1, 1: 178, 2: 211, 3: 164, 4: 100, 5: 34, 6: 1}  translations=['(0,0,0)', '(0,0,0)', '(0,0,0)', '(0,0,-1/8)', '(0,0,0)', '(0,0,0)']  (4.2s)
cube3 axis2 t=1/8: total=688  by_depth={0: 1, 1: 178, 2: 211, 3: 164, 4: 100, 5: 34, 6: 1}  translations=['(0,0,0)', '(0,0,0)', '(0,0,0)', '(0,0,1/8)', '(0,0,0)', '(0,0,0)']  (4.1s)
cube3 axis2 t=1/4: total=642  by_depth={0: 1, 1: 166, 2: 193, 3: 156, 4: 95, 5: 31, 6: 1}  translations=['(0,0,0)', '(0,0,0)', '(0,0,0)', '(0,0,1/4)', '(0,0,0)', '(0,0,0)']  (5.0s)
cube3 axis2 t=1/2: total=574  by_depth={0: 1, 1: 150, 2: 178, 3: 139, 4: 81, 5: 25, 6: 1}  translations=['(0,0,0)', '(0,0,0)', '(0,0,0)', '(0,0,1/2)', '(0,0,0)', '(0,0,0)']  (4.5s)
cube4 axis0 t=-1/2: total=572  by_depth={0: 1, 1: 147, 2: 178, 3: 138, 4: 80, 5: 28, 6: 1}  translations=['(0,0,0)', '(0,0,0)', '(0,0,0)', '(0,0,0)', '(-1/2,0,0)', '(0,0,0)']  (4.3s)
cube4 axis0 t=-1/4: total=672  by_depth={0: 1, 1: 170, 2: 206, 3: 164, 4: 97, 5: 34, 6: 1}  translations=['(0,0,0)', '(0,0,0)', '(0,0,0)', '(0,0,0)', '(-1/4,0,0)', '(0,0,0)']  (4.1s)
cube4 axis0 t=-1/8: total=692  by_depth={0: 1, 1: 179, 2: 214, 3: 164, 4: 98, 5: 36, 6: 1}  translations=['(0,0,0)', '(0,0,0)', '(0,0,0)', '(0,0,0)', '(-1/8,0,0)', '(0,0,0)']  (4.1s)
cube4 axis0 t=1/8: total=692  by_depth={0: 1, 1: 179, 2: 214, 3: 164, 4: 98, 5: 36, 6: 1}  translations=['(0,0,0)', '(0,0,0)', '(0,0,0)', '(0,0,0)', '(1/8,0,0)', '(0,0,0)']  (4.3s)
cube4 axis0 t=1/4: total=672  by_depth={0: 1, 1: 170, 2: 206, 3: 164, 4: 97, 5: 34, 6: 1}  translations=['(0,0,0)', '(0,0,0)', '(0,0,0)', '(0,0,0)', '(1/4,0,0)', '(0,0,0)']  (4.1s)
cube4 axis0 t=1/2: total=572  by_depth={0: 1, 1: 147, 2: 178, 3: 138, 4: 80, 5: 28, 6: 1}  translations=['(0,0,0)', '(0,0,0)', '(0,0,0)', '(0,0,0)', '(1/2,0,0)', '(0,0,0)']  (4.3s)
cube4 axis1 t=-1/2: total=572  by_depth={0: 1, 1: 147, 2: 178, 3: 138, 4: 80, 5: 28, 6: 1}  translations=['(0,0,0)', '(0,0,0)', '(0,0,0)', '(0,0,0)', '(0,-1/2,0)', '(0,0,0)']  (4.6s)
cube4 axis1 t=-1/4: total=672  by_depth={0: 1, 1: 170, 2: 206, 3: 164, 4: 97, 5: 34, 6: 1}  translations=['(0,0,0)', '(0,0,0)', '(0,0,0)', '(0,0,0)', '(0,-1/4,0)', '(0,0,0)']  (4.6s)
cube4 axis1 t=-1/8: total=692  by_depth={0: 1, 1: 179, 2: 214, 3: 164, 4: 98, 5: 36, 6: 1}  translations=['(0,0,0)', '(0,0,0)', '(0,0,0)', '(0,0,0)', '(0,-1/8,0)', '(0,0,0)']  (4.5s)
cube4 axis1 t=1/8: total=692  by_depth={0: 1, 1: 179, 2: 214, 3: 164, 4: 98, 5: 36, 6: 1}  translations=['(0,0,0)', '(0,0,0)', '(0,0,0)', '(0,0,0)', '(0,1/8,0)', '(0,0,0)']  (4.5s)
cube4 axis1 t=1/4: total=672  by_depth={0: 1, 1: 170, 2: 206, 3: 164, 4: 97, 5: 34, 6: 1}  translations=['(0,0,0)', '(0,0,0)', '(0,0,0)', '(0,0,0)', '(0,1/4,0)', '(0,0,0)']  (4.7s)
cube4 axis1 t=1/2: total=572  by_depth={0: 1, 1: 147, 2: 178, 3: 138, 4: 80, 5: 28, 6: 1}  translations=['(0,0,0)', '(0,0,0)', '(0,0,0)', '(0,0,0)', '(0,1/2,0)', '(0,0,0)']  (5.8s)
cube4 axis2 t=-1/2: total=572  by_depth={0: 1, 1: 147, 2: 178, 3: 138, 4: 80, 5: 28, 6: 1}  translations=['(0,0,0)', '(0,0,0)', '(0,0,0)', '(0,0,0)', '(0,0,-1/2)', '(0,0,0)']  (5.9s)
cube4 axis2 t=-1/4: total=672  by_depth={0: 1, 1: 170, 2: 206, 3: 164, 4: 97, 5: 34, 6: 1}  translations=['(0,0,0)', '(0,0,0)', '(0,0,0)', '(0,0,0)', '(0,0,-1/4)', '(0,0,0)']  (5.2s)
cube4 axis2 t=-1/8: total=692  by_depth={0: 1, 1: 179, 2: 214, 3: 164, 4: 98, 5: 36, 6: 1}  translations=['(0,0,0)', '(0,0,0)', '(0,0,0)', '(0,0,0)', '(0,0,-1/8)', '(0,0,0)']  (5.6s)
cube4 axis2 t=1/8: total=692  by_depth={0: 1, 1: 179, 2: 214, 3: 164, 4: 98, 5: 36, 6: 1}  translations=['(0,0,0)', '(0,0,0)', '(0,0,0)', '(0,0,0)', '(0,0,1/8)', '(0,0,0)']  (5.0s)
cube4 axis2 t=1/4: total=672  by_depth={0: 1, 1: 170, 2: 206, 3: 164, 4: 97, 5: 34, 6: 1}  translations=['(0,0,0)', '(0,0,0)', '(0,0,0)', '(0,0,0)', '(0,0,1/4)', '(0,0,0)']  (5.1s)
cube4 axis2 t=1/2: total=572  by_depth={0: 1, 1: 147, 2: 178, 3: 138, 4: 80, 5: 28, 6: 1}  translations=['(0,0,0)', '(0,0,0)', '(0,0,0)', '(0,0,0)', '(0,0,1/2)', '(0,0,0)']  (5.8s)
cube5 axis0 t=-1/2: total=571  by_depth={0: 1, 1: 165, 2: 178, 3: 125, 4: 76, 5: 26, 6: 1}  translations=['(0,0,0)', '(0,0,0)', '(0,0,0)', '(0,0,0)', '(0,0,0)', '(-1/2,0,0)']  (5.6s)
cube5 axis0 t=-1/4: total=650  by_depth={0: 1, 1: 183, 2: 199, 3: 147, 4: 89, 5: 31, 6: 1}  translations=['(0,0,0)', '(0,0,0)', '(0,0,0)', '(0,0,0)', '(0,0,0)', '(-1/4,0,0)']  (2.3s)
cube5 axis0 t=-1/8: total=698  by_depth={0: 1, 1: 195, 2: 211, 3: 163, 4: 95, 5: 33, 6: 1}  translations=['(0,0,0)', '(0,0,0)', '(0,0,0)', '(0,0,0)', '(0,0,0)', '(-1/8,0,0)']  (2.0s)
cube5 axis0 t=1/8: total=698  by_depth={0: 1, 1: 195, 2: 211, 3: 163, 4: 95, 5: 33, 6: 1}  translations=['(0,0,0)', '(0,0,0)', '(0,0,0)', '(0,0,0)', '(0,0,0)', '(1/8,0,0)']  (2.0s)
cube5 axis0 t=1/4: total=650  by_depth={0: 1, 1: 183, 2: 199, 3: 147, 4: 89, 5: 31, 6: 1}  translations=['(0,0,0)', '(0,0,0)', '(0,0,0)', '(0,0,0)', '(0,0,0)', '(1/4,0,0)']  (2.0s)
cube5 axis0 t=1/2: total=571  by_depth={0: 1, 1: 165, 2: 178, 3: 125, 4: 76, 5: 26, 6: 1}  translations=['(0,0,0)', '(0,0,0)', '(0,0,0)', '(0,0,0)', '(0,0,0)', '(1/2,0,0)']  (2.1s)
cube5 axis1 t=-1/2: total=571  by_depth={0: 1, 1: 165, 2: 178, 3: 125, 4: 76, 5: 26, 6: 1}  translations=['(0,0,0)', '(0,0,0)', '(0,0,0)', '(0,0,0)', '(0,0,0)', '(0,-1/2,0)']  (2.1s)
cube5 axis1 t=-1/4: total=650  by_depth={0: 1, 1: 183, 2: 199, 3: 147, 4: 89, 5: 31, 6: 1}  translations=['(0,0,0)', '(0,0,0)', '(0,0,0)', '(0,0,0)', '(0,0,0)', '(0,-1/4,0)']  (2.1s)
cube5 axis1 t=-1/8: total=698  by_depth={0: 1, 1: 195, 2: 211, 3: 163, 4: 95, 5: 33, 6: 1}  translations=['(0,0,0)', '(0,0,0)', '(0,0,0)', '(0,0,0)', '(0,0,0)', '(0,-1/8,0)']  (2.1s)
cube5 axis1 t=1/8: total=698  by_depth={0: 1, 1: 195, 2: 211, 3: 163, 4: 95, 5: 33, 6: 1}  translations=['(0,0,0)', '(0,0,0)', '(0,0,0)', '(0,0,0)', '(0,0,0)', '(0,1/8,0)']  (2.0s)
cube5 axis1 t=1/4: total=650  by_depth={0: 1, 1: 183, 2: 199, 3: 147, 4: 89, 5: 31, 6: 1}  translations=['(0,0,0)', '(0,0,0)', '(0,0,0)', '(0,0,0)', '(0,0,0)', '(0,1/4,0)']  (2.0s)
cube5 axis1 t=1/2: total=571  by_depth={0: 1, 1: 165, 2: 178, 3: 125, 4: 76, 5: 26, 6: 1}  translations=['(0,0,0)', '(0,0,0)', '(0,0,0)', '(0,0,0)', '(0,0,0)', '(0,1/2,0)']  (2.1s)
cube5 axis2 t=-1/2: total=571  by_depth={0: 1, 1: 165, 2: 178, 3: 125, 4: 76, 5: 26, 6: 1}  translations=['(0,0,0)', '(0,0,0)', '(0,0,0)', '(0,0,0)', '(0,0,0)', '(0,0,-1/2)']  (2.1s)
cube5 axis2 t=-1/4: total=650  by_depth={0: 1, 1: 183, 2: 199, 3: 147, 4: 89, 5: 31, 6: 1}  translations=['(0,0,0)', '(0,0,0)', '(0,0,0)', '(0,0,0)', '(0,0,0)', '(0,0,-1/4)']  (2.1s)
cube5 axis2 t=-1/8: total=698  by_depth={0: 1, 1: 195, 2: 211, 3: 163, 4: 95, 5: 33, 6: 1}  translations=['(0,0,0)', '(0,0,0)', '(0,0,0)', '(0,0,0)', '(0,0,0)', '(0,0,-1/8)']  (2.2s)
cube5 axis2 t=1/8: total=698  by_depth={0: 1, 1: 195, 2: 211, 3: 163, 4: 95, 5: 33, 6: 1}  translations=['(0,0,0)', '(0,0,0)', '(0,0,0)', '(0,0,0)', '(0,0,0)', '(0,0,1/8)']  (2.1s)
cube5 axis2 t=1/4: total=650  by_depth={0: 1, 1: 183, 2: 199, 3: 147, 4: 89, 5: 31, 6: 1}  translations=['(0,0,0)', '(0,0,0)', '(0,0,0)', '(0,0,0)', '(0,0,0)', '(0,0,1/4)']  (2.2s)
cube5 axis2 t=1/2: total=571  by_depth={0: 1, 1: 165, 2: 178, 3: 125, 4: 76, 5: 26, 6: 1}  translations=['(0,0,0)', '(0,0,0)', '(0,0,0)', '(0,0,0)', '(0,0,0)', '(0,0,1/2)']  (2.1s)

=== (iii) shared (1,1,1) axis: translate cubes along (1,1,1)/sqrt3 ===
(1,1,1)-axis all6 t=-1/2: total=723  by_depth={0: 1, 1: 210, 2: 216, 3: 164, 4: 96, 5: 36, 6: 1}  translations=['(-1/2,-1/2,-1/2)', '(-1/2,-1/2,-1/2)', '(-1/2,-1/2,-1/2)', '(-1/2,-1/2,-1/2)', '(-1/2,-1/2,-1/2)', '(-1/2,-1/2,-1/2)']  (2.2s)
(1,1,1)-axis first3 t=-1/2: total=312  by_depth={0: 1, 1: 72, 2: 90, 3: 74, 4: 54, 5: 21, 6: 1}  translations=['(-1/2,-1/2,-1/2)', '(-1/2,-1/2,-1/2)', '(-1/2,-1/2,-1/2)', '(0,0,0)', '(0,0,0)', '(0,0,0)']  (2.3s)
(1,1,1)-axis last3 t=-1/2: total=312  by_depth={0: 1, 1: 72, 2: 90, 3: 74, 4: 54, 5: 21, 6: 1}  translations=['(0,0,0)', '(0,0,0)', '(0,0,0)', '(-1/2,-1/2,-1/2)', '(-1/2,-1/2,-1/2)', '(-1/2,-1/2,-1/2)']  (2.4s)
(1,1,1)-axis all6 t=-1/4: total=723  by_depth={0: 1, 1: 210, 2: 216, 3: 164, 4: 96, 5: 36, 6: 1}  translations=['(-1/4,-1/4,-1/4)', '(-1/4,-1/4,-1/4)', '(-1/4,-1/4,-1/4)', '(-1/4,-1/4,-1/4)', '(-1/4,-1/4,-1/4)', '(-1/4,-1/4,-1/4)']  (2.3s)
(1,1,1)-axis first3 t=-1/4: total=544  by_depth={0: 1, 1: 105, 2: 156, 3: 150, 4: 99, 5: 33, 6: 1}  translations=['(-1/4,-1/4,-1/4)', '(-1/4,-1/4,-1/4)', '(-1/4,-1/4,-1/4)', '(0,0,0)', '(0,0,0)', '(0,0,0)']  (2.2s)
(1,1,1)-axis last3 t=-1/4: total=544  by_depth={0: 1, 1: 105, 2: 156, 3: 150, 4: 99, 5: 33, 6: 1}  translations=['(0,0,0)', '(0,0,0)', '(0,0,0)', '(-1/4,-1/4,-1/4)', '(-1/4,-1/4,-1/4)', '(-1/4,-1/4,-1/4)']  (2.3s)
(1,1,1)-axis all6 t=-1/8: total=723  by_depth={0: 1, 1: 210, 2: 216, 3: 164, 4: 96, 5: 36, 6: 1}  translations=['(-1/8,-1/8,-1/8)', '(-1/8,-1/8,-1/8)', '(-1/8,-1/8,-1/8)', '(-1/8,-1/8,-1/8)', '(-1/8,-1/8,-1/8)', '(-1/8,-1/8,-1/8)']  (2.1s)
(1,1,1)-axis first3 t=-1/8: total=645  by_depth={0: 1, 1: 141, 2: 201, 3: 164, 4: 102, 5: 36, 6: 1}  translations=['(-1/8,-1/8,-1/8)', '(-1/8,-1/8,-1/8)', '(-1/8,-1/8,-1/8)', '(0,0,0)', '(0,0,0)', '(0,0,0)']  (2.3s)
(1,1,1)-axis last3 t=-1/8: total=645  by_depth={0: 1, 1: 141, 2: 201, 3: 164, 4: 102, 5: 36, 6: 1}  translations=['(0,0,0)', '(0,0,0)', '(0,0,0)', '(-1/8,-1/8,-1/8)', '(-1/8,-1/8,-1/8)', '(-1/8,-1/8,-1/8)']  (2.5s)
(1,1,1)-axis all6 t=1/8: total=723  by_depth={0: 1, 1: 210, 2: 216, 3: 164, 4: 96, 5: 36, 6: 1}  translations=['(1/8,1/8,1/8)', '(1/8,1/8,1/8)', '(1/8,1/8,1/8)', '(1/8,1/8,1/8)', '(1/8,1/8,1/8)', '(1/8,1/8,1/8)']  (2.4s)
(1,1,1)-axis first3 t=1/8: total=645  by_depth={0: 1, 1: 141, 2: 201, 3: 164, 4: 102, 5: 36, 6: 1}  translations=['(1/8,1/8,1/8)', '(1/8,1/8,1/8)', '(1/8,1/8,1/8)', '(0,0,0)', '(0,0,0)', '(0,0,0)']  (2.8s)
(1,1,1)-axis last3 t=1/8: total=645  by_depth={0: 1, 1: 141, 2: 201, 3: 164, 4: 102, 5: 36, 6: 1}  translations=['(0,0,0)', '(0,0,0)', '(0,0,0)', '(1/8,1/8,1/8)', '(1/8,1/8,1/8)', '(1/8,1/8,1/8)']  (3.0s)
(1,1,1)-axis all6 t=1/4: total=723  by_depth={0: 1, 1: 210, 2: 216, 3: 164, 4: 96, 5: 36, 6: 1}  translations=['(1/4,1/4,1/4)', '(1/4,1/4,1/4)', '(1/4,1/4,1/4)', '(1/4,1/4,1/4)', '(1/4,1/4,1/4)', '(1/4,1/4,1/4)']  (2.3s)
(1,1,1)-axis first3 t=1/4: total=544  by_depth={0: 1, 1: 105, 2: 156, 3: 150, 4: 99, 5: 33, 6: 1}  translations=['(1/4,1/4,1/4)', '(1/4,1/4,1/4)', '(1/4,1/4,1/4)', '(0,0,0)', '(0,0,0)', '(0,0,0)']  (2.3s)
(1,1,1)-axis last3 t=1/4: total=544  by_depth={0: 1, 1: 105, 2: 156, 3: 150, 4: 99, 5: 33, 6: 1}  translations=['(0,0,0)', '(0,0,0)', '(0,0,0)', '(1/4,1/4,1/4)', '(1/4,1/4,1/4)', '(1/4,1/4,1/4)']  (2.4s)
(1,1,1)-axis all6 t=1/2: total=723  by_depth={0: 1, 1: 210, 2: 216, 3: 164, 4: 96, 5: 36, 6: 1}  translations=['(1/2,1/2,1/2)', '(1/2,1/2,1/2)', '(1/2,1/2,1/2)', '(1/2,1/2,1/2)', '(1/2,1/2,1/2)', '(1/2,1/2,1/2)']  (2.3s)
(1,1,1)-axis first3 t=1/2: total=312  by_depth={0: 1, 1: 72, 2: 90, 3: 74, 4: 54, 5: 21, 6: 1}  translations=['(1/2,1/2,1/2)', '(1/2,1/2,1/2)', '(1/2,1/2,1/2)', '(0,0,0)', '(0,0,0)', '(0,0,0)']  (2.4s)
(1,1,1)-axis last3 t=1/2: total=312  by_depth={0: 1, 1: 72, 2: 90, 3: 74, 4: 54, 5: 21, 6: 1}  translations=['(0,0,0)', '(0,0,0)', '(0,0,0)', '(1/2,1/2,1/2)', '(1/2,1/2,1/2)', '(1/2,1/2,1/2)']  (2.3s)

=== (ii) random small translation sets ===
random#0: total=159  by_depth={0: 1, 1: 26, 2: 41, 3: 47, 4: 33, 5: 11, 6: 1}  translations=['(-1/4,-1/8,0)', '(-1/4,-1/8,1/2)', '(1/4,1/4,1/4)', '(0,0,0)', '(1/2,-1/2,-1/8)', '(1/4,0,-1/2)']  (2.5s)
random#1: total=236  by_depth={0: 1, 1: 36, 2: 71, 3: 70, 4: 46, 5: 12, 6: 1}  translations=['(-1/4,-1/4,1/2)', '(0,0,1/2)', '(-1/8,-1/8,0)', '(-1/4,1/2,1/4)', '(1/8,-1/4,0)', '(0,-1/8,-1/4)']  (2.5s)
random#2: total=299  by_depth={0: 1, 1: 51, 2: 93, 3: 83, 4: 52, 5: 19, 6: 1}  translations=['(-1/8,-1/8,0)', '(-1/4,0,-1/8)', '(1/8,1/8,1/4)', '(-1/4,-1/8,-1/4)', '(-1/2,1/4,-1/4)', '(0,1/4,1/8)']  (2.6s)
random#3: total=259  by_depth={0: 1, 1: 37, 2: 79, 3: 79, 4: 47, 5: 16, 6: 1}  translations=['(1/4,-1/4,-1/8)', '(0,-1/8,1/4)', '(0,0,1/8)', '(1/4,-1/4,-1/2)', '(1/4,1/4,-1/2)', '(1/2,-1/8,1/8)']  (2.7s)
random#4: total=260  by_depth={0: 1, 1: 38, 2: 72, 3: 73, 4: 54, 5: 22, 6: 1}  translations=['(-1/4,-1/2,0)', '(-1/4,1/8,1/8)', '(1/2,1/4,1/8)', '(1/4,1/4,-1/8)', '(1/8,-1/4,0)', '(-1/4,-1/2,1/8)']  (2.5s)
random#5: total=194  by_depth={0: 1, 1: 31, 2: 55, 3: 57, 4: 39, 5: 11, 6: 1}  translations=['(1/8,1/4,1/8)', '(-1/2,-1/2,0)', '(0,-1/4,1/2)', '(0,1/2,-1/4)', '(1/4,0,0)', '(-1/4,0,1/4)']  (3.8s)
random#6: total=185  by_depth={0: 1, 1: 33, 2: 51, 3: 53, 4: 35, 5: 12, 6: 1}  translations=['(-1/4,-1/4,1/2)', '(-1/2,-1/2,-1/8)', '(-1/2,-1/8,1/4)', '(1/4,-1/8,-1/2)', '(-1/2,-1/4,1/4)', '(0,-1/4,-1/4)']  (2.6s)
random#7: total=208  by_depth={0: 1, 1: 34, 2: 60, 3: 61, 4: 39, 5: 13, 6: 1}  translations=['(0,1/2,-1/4)', '(1/4,1/8,-1/8)', '(0,1/4,1/8)', '(1/4,-1/2,1/8)', '(-1/4,-1/8,1/8)', '(1/2,-1/8,1/8)']  (2.5s)
random#8: total=174  by_depth={0: 1, 1: 35, 2: 57, 3: 44, 4: 27, 5: 10, 6: 1}  translations=['(-1/2,-1/8,1/2)', '(1/8,-1/4,0)', '(-1/2,0,1/4)', '(-1/8,1/4,-1/4)', '(-1/8,1/4,1/2)', '(-1/8,1/2,-1/8)']  (2.5s)
random#9: total=193  by_depth={0: 1, 1: 33, 2: 57, 3: 55, 4: 35, 5: 12, 6: 1}  translations=['(-1/8,1/8,-1/8)', '(1/2,1/8,1/4)', '(1/2,-1/4,-1/8)', '(0,-1/4,0)', '(-1/2,1/8,0)', '(0,1/4,-1/4)']  (2.6s)
random#10: total=212  by_depth={0: 1, 1: 31, 2: 65, 3: 65, 4: 37, 5: 13, 6: 1}  translations=['(1/4,0,-1/4)', '(-1/4,1/4,-1/4)', '(1/4,1/4,1/4)', '(-1/8,1/8,0)', '(-1/8,-1/2,1/4)', '(1/8,0,-1/2)']  (2.5s)
random#11: total=359  by_depth={0: 1, 1: 52, 2: 106, 3: 110, 4: 69, 5: 21, 6: 1}  translations=['(-1/4,1/4,-1/8)', '(-1/2,1/4,-1/8)', '(-1/2,0,-1/8)', '(0,1/4,1/2)', '(-1/2,1/4,1/8)', '(-1/8,1/8,-1/8)']  (2.5s)
random#12: total=122  by_depth={0: 1, 1: 17, 2: 34, 3: 38, 4: 24, 5: 8, 6: 1}  translations=['(1/4,-1/8,-1/2)', '(0,-1/4,1/4)', '(-1/2,1/8,1/4)', '(0,-1/2,1/4)', '(1/4,1/2,1/2)', '(-1/2,0,-1/2)']  (2.5s)
random#13: total=372  by_depth={0: 1, 1: 59, 2: 112, 3: 105, 4: 71, 5: 24, 6: 1}  translations=['(1/8,1/4,0)', '(-1/8,1/8,-1/4)', '(0,0,-1/8)', '(-1/4,1/8,-1/4)', '(0,-1/4,-1/4)', '(1/8,1/2,-1/8)']  (2.6s)
random#14: total=191  by_depth={0: 1, 1: 26, 2: 52, 3: 58, 4: 39, 5: 15, 6: 1}  translations=['(0,1/2,1/2)', '(0,-1/8,-1/4)', '(-1/4,0,1/8)', '(-1/2,0,1/2)', '(-1/8,0,-1/8)', '(1/2,0,1/2)']  (2.6s)
random#15: total=366  by_depth={0: 1, 1: 53, 2: 114, 3: 109, 4: 68, 5: 21, 6: 1}  translations=['(-1/4,0,1/4)', '(1/4,1/8,1/4)', '(0,0,1/8)', '(0,-1/8,0)', '(-1/8,0,0)', '(1/2,1/8,1/8)']  (2.6s)
random#16: total=220  by_depth={0: 1, 1: 30, 2: 69, 3: 67, 4: 39, 5: 14, 6: 1}  translations=['(1/2,1/2,1/8)', '(1/8,1/8,-1/4)', '(-1/4,-1/8,1/8)', '(0,1/8,1/8)', '(1/8,0,-1/4)', '(-1/2,1/4,1/2)']  (2.7s)
random#17: total=274  by_depth={0: 1, 1: 39, 2: 85, 3: 81, 4: 51, 5: 17, 6: 1}  translations=['(-1/8,1/4,1/4)', '(1/8,1/4,1/2)', '(0,-1/8,0)', '(-1/4,1/2,1/2)', '(1/8,0,-1/4)', '(0,-1/4,0)']  (2.6s)
random#18: total=167  by_depth={0: 1, 1: 26, 2: 45, 3: 52, 4: 33, 5: 10, 6: 1}  translations=['(0,-1/2,1/8)', '(1/4,-1/8,-1/2)', '(0,-1/2,-1/4)', '(1/2,1/8,1/2)', '(0,-1/8,-1/2)', '(-1/2,1/4,-1/4)']  (2.5s)
random#19: total=196  by_depth={0: 1, 1: 31, 2: 57, 3: 57, 4: 37, 5: 13, 6: 1}  translations=['(1/2,1/8,1/8)', '(-1/4,-1/4,0)', '(0,-1/8,-1/2)', '(-1/4,1/2,-1/4)', '(0,1/8,0)', '(0,-1/2,-1/8)']  (3.4s)
random#20: total=229  by_depth={0: 1, 1: 35, 2: 72, 3: 66, 4: 41, 5: 14, 6: 1}  translations=['(-1/4,-1/4,-1/4)', '(1/4,1/2,-1/8)', '(0,1/4,0)', '(-1/4,1/2,-1/8)', '(-1/4,1/4,1/4)', '(1/2,1/4,-1/4)']  (2.9s)
random#21: total=185  by_depth={0: 1, 1: 30, 2: 57, 3: 55, 4: 31, 5: 11, 6: 1}  translations=['(-1/4,0,-1/4)', '(1/2,1/2,-1/2)', '(1/2,1/4,1/8)', '(-1/8,-1/8,0)', '(-1/2,-1/4,-1/4)', '(-1/2,1/8,-1/2)']  (2.7s)
random#22: total=324  by_depth={0: 1, 1: 53, 2: 98, 3: 93, 4: 59, 5: 20, 6: 1}  translations=['(-1/4,-1/8,-1/8)', '(-1/2,-1/2,1/4)', '(-1/8,0,-1/8)', '(-1/2,1/4,-1/8)', '(0,0,-1/8)', '(-1/4,-1/4,-1/8)']  (2.5s)
random#23: total=225  by_depth={0: 1, 1: 39, 2: 70, 3: 59, 4: 41, 5: 15, 6: 1}  translations=['(-1/2,0,0)', '(1/2,-1/8,-1/8)', '(-1/4,-1/2,0)', '(1/8,-1/4,1/8)', '(-1/4,1/8,1/4)', '(-1/2,1/4,1/4)']  (2.5s)
random#24: total=184  by_depth={0: 1, 1: 33, 2: 59, 3: 50, 4: 30, 5: 11, 6: 1}  translations=['(1/2,0,1/4)', '(1/4,1/4,1/8)', '(-1/4,-1/8,0)', '(-1/2,1/2,-1/8)', '(-1/8,-1/8,0)', '(-1/8,1/4,1/2)']  (2.6s)
random#25: total=170  by_depth={0: 1, 1: 23, 2: 48, 3: 49, 4: 36, 5: 13, 6: 1}  translations=['(-1/8,1/8,-1/8)', '(-1/4,-1/2,-1/2)', '(1/2,-1/4,-1/4)', '(-1/4,-1/2,0)', '(1/4,0,0)', '(-1/2,-1/2,-1/2)']  (2.7s)
random#26: total=150  by_depth={0: 1, 1: 20, 2: 40, 3: 43, 4: 32, 5: 14, 6: 1}  translations=['(-1/4,-1/4,1/8)', '(1/4,1/2,-1/8)', '(-1/8,-1/8,1/2)', '(1/8,1/2,-1/4)', '(-1/2,0,-1/2)', '(1/4,0,-1/4)']  (2.9s)
random#27: total=232  by_depth={0: 1, 1: 35, 2: 69, 3: 70, 4: 45, 5: 12, 6: 1}  translations=['(-1/4,-1/4,0)', '(0,-1/4,0)', '(-1/4,1/2,-1/8)', '(1/8,-1/4,1/4)', '(0,1/8,1/8)', '(1/2,-1/4,0)']  (2.9s)
random#28: total=207  by_depth={0: 1, 1: 31, 2: 59, 3: 61, 4: 40, 5: 15, 6: 1}  translations=['(-1/8,-1/8,1/4)', '(-1/8,-1/4,1/2)', '(1/4,-1/2,1/8)', '(1/4,1/4,-1/8)', '(1/2,-1/8,1/8)', '(1/2,1/8,-1/2)']  (2.9s)
random#29: total=207  by_depth={0: 1, 1: 35, 2: 67, 3: 55, 4: 34, 5: 15, 6: 1}  translations=['(1/2,1/8,1/2)', '(1/2,0,-1/8)', '(1/2,1/2,-1/8)', '(0,1/4,1/8)', '(0,-1/8,1/4)', '(1/4,1/4,-1/4)']  (2.7s)
random#30: total=186  by_depth={0: 1, 1: 34, 2: 55, 3: 52, 4: 32, 5: 12, 6: 1}  translations=['(-1/4,1/4,0)', '(-1/8,1/4,1/4)', '(1/4,1/8,1/2)', '(-1/4,-1/4,0)', '(1/2,-1/2,-1/2)', '(1/8,-1/4,1/8)']  (2.7s)
random#31: total=194  by_depth={0: 1, 1: 30, 2: 61, 3: 56, 4: 34, 5: 12, 6: 1}  translations=['(-1/2,-1/8,1/4)', '(1/2,1/2,0)', '(-1/4,1/4,1/4)', '(1/4,0,-1/2)', '(0,0,1/4)', '(-1/4,1/8,0)']  (2.7s)
random#32: total=269  by_depth={0: 1, 1: 43, 2: 88, 3: 78, 4: 45, 5: 14, 6: 1}  translations=['(0,-1/8,-1/4)', '(-1/4,1/8,1/4)', '(-1/8,-1/8,-1/4)', '(-1/8,-1/4,0)', '(0,-1/2,1/8)', '(-1/2,-1/2,-1/8)']  (2.8s)
random#33: total=158  by_depth={0: 1, 1: 34, 2: 53, 3: 38, 4: 23, 5: 9, 6: 1}  translations=['(-1/2,-1/4,-1/2)', '(1/2,1/2,1/4)', '(1/4,0,-1/4)', '(1/4,1/2,1/4)', '(-1/2,-1/4,-1/2)', '(1/2,-1/2,-1/2)']  (2.7s)
random#34: total=276  by_depth={0: 1, 1: 44, 2: 85, 3: 81, 4: 49, 5: 16, 6: 1}  translations=['(-1/4,-1/8,1/2)', '(0,-1/4,-1/8)', '(0,1/4,1/8)', '(1/4,1/4,1/4)', '(1/8,0,1/2)', '(-1/4,1/4,1/4)']  (2.6s)
random#35: total=182  by_depth={0: 1, 1: 28, 2: 59, 3: 52, 4: 31, 5: 11, 6: 1}  translations=['(-1/8,1/8,-1/8)', '(1/8,1/2,1/4)', '(1/4,1/2,1/4)', '(1/8,-1/8,-1/4)', '(1/2,-1/4,1/8)', '(-1/2,-1/2,-1/8)']  (3.0s)
random#36: total=251  by_depth={0: 1, 1: 40, 2: 72, 3: 71, 4: 51, 5: 16, 6: 1}  translations=['(-1/2,0,1/8)', '(1/8,0,-1/2)', '(0,1/8,-1/8)', '(-1/2,-1/8,1/8)', '(0,1/8,1/8)', '(1/4,1/4,1/8)']  (2.9s)
random#37: total=271  by_depth={0: 1, 1: 44, 2: 86, 3: 78, 4: 46, 5: 16, 6: 1}  translations=['(0,-1/8,-1/2)', '(-1/4,0,1/8)', '(-1/2,1/8,-1/8)', '(-1/2,1/4,1/8)', '(-1/8,-1/4,1/8)', '(-1/8,-1/8,1/4)']  (2.7s)
random#38: total=103  by_depth={0: 1, 1: 19, 2: 31, 3: 30, 4: 17, 5: 5, 6: 1}  translations=['(1/2,1/2,-1/2)', '(1/8,-1/8,-1/4)', '(1/8,1/8,-1/2)', '(0,-1/4,1/2)', '(-1/2,1/8,-1/2)', '(-1/2,-1/4,1/2)']  (2.8s)
random#39: total=194  by_depth={0: 1, 1: 28, 2: 54, 3: 56, 4: 41, 5: 14, 6: 1}  translations=['(1/4,1/2,1/4)', '(1/4,1/2,0)', '(-1/4,-1/4,-1/4)', '(-1/8,1/8,-1/8)', '(-1/8,-1/2,0)', '(1/4,-1/8,-1/4)']  (2.7s)

wrote offcenter_report.md and offcenter_experiment_log.jsonl

FINAL: t=0 gate PASS; best off-center total = 723 (does not beat 723)
