 V (deepest level graph)   W1 (tagged triples)     W0  agree
                      44                    44     84     OK   1,0,0,0;0,5,3,2;1,-4,-1,1;1,1,-1,-4
                      44                    36     40 *** NO ***   1,0,0,0;76,86,80,-95;113,-103,44,-53;98,-87,
                      44                    44     60     OK   1,0,0,0;-6,-9,-16,-20;27,28,-6,6;27,14,-12,5
                      44                    44     68     OK   1,0,0,0;-13,-6,24,16;18,6,-30,19;-15,12,23,-
                      44                    44     72     OK   1,0,0,0;-2,30,-21,-21;16,-10,-20,-14;11,14,9
                      44                    44     60     OK   1,0,0,0;-27,-23,20,7;-28,-3,25,-12;23,17,-17
                      44                    44     68     OK   1,0,0,0;16,-7,16,0;-22,5,12,-29;-23,-24,28,-
                      44                    44     64     OK   1,0,0,0;14,27,-19,-27;-13,-10,-16,9;-29,8,6,
                      44                    40     64 *** NO ***   1,0,0,0;-3,26,20,24;-27,-11,-5,-21;-24,12,-2
                      44                    40     48 *** NO ***   1,0,0,0;-29,12,12,1;25,-5,-16,-29;-25,-22,-2
                      44                    44     68     OK   1,0,0,0;30,16,-5,-3;4,17,-13,4;-29,26,-30,11
                      44                    44     56     OK   1,0,0,0;-1,-10,-19,-22;21,-26,15,-28;16,25,1
                      44                    40     52 *** NO ***   1,0,0,0;24,18,23,-24;12,15,-22,27;26,-4,11,1
                      44                    44     68     OK   1,0,0,0;17,-25,8,3;-4,8,24,-24;30,-15,-16,-3
                      44                    44     64     OK   1,0,0,0;-7,16,-1,13;16,-4,20,-2;-25,12,-13,4
                      44                    44     72     OK   1,0,0,0;-17,29,13,-15;-13,-6,27,15;-10,21,29

IDENTIFICATION FAILS on 4 -- oq32_form.py's restatement is VOID
n=4 record 183   1,0,0,0;0,5,3,2;1,-4,-1,1;1,1,-1,-4
  d1=92  level-1 graph V=150 E=240 c=1   W0=84 W1=44
  vertices by (bodies on, degree): {(2, 2): 24, (2, 4): 36, (2, 6): 6, (3, 3): 84}
  on >=3 bodies : 84      on exactly 2 : 66      total 150
  W0 == (vertices on >=3 bodies at level 1)?  84 vs 84  YES

deep c=2 witness   1,0,0,0;76,86,80,-95;113,-103,44,-53;98,-87,23,53
  d1=22  level-1 graph V=116 E=136 c=1   W0=40 W1=36
  vertices by (bodies on, degree): {(2, 2): 76, (3, 3): 40}
  on >=3 bodies : 40      on exactly 2 : 76      total 116
  W0 == (vertices on >=3 bodies at level 1)?  40 vs 40  YES

worst step failure   1,0,0,0;1,2,3,2;-3,1,1,1;2,-1,1,0
  d1=68  level-1 graph V=104 E=170 c=1   W0=48 W1=28
  vertices by (bodies on, degree): {(2, 2): 26, (2, 4): 16, (2, 6): 6, (3, 3): 44, (3, 6): 4, (4, 4): 8}
  on >=3 bodies : 56      on exactly 2 : 48      total 104
  W0 == (vertices on >=3 bodies at level 1)?  48 vs 56  NO

re-test of  W1 >= 2(d3-2)  and  W0 <= 84,  split by SIMPLICITY
class           n  step fails  concl fails  max W0  worst step
SIMPLE        211           2            0      84          -4
coincident     36          15            0      80         -16
