/Users/dmi/cube-compounds/src/plateau_solve.py:242: SyntaxWarning: "\ " is an invalid escape sequence. Such sequences will not work in the future. Did you mean "\\ "? A raw string is also an option.
  start from all of T \ {w}, and while the null space is orthogonal to grad_w, drop the
n=6  ambient 15 | record 727 | distinct tight walls 27 | rank 14 | old-premise dimension 1
   wall  1/27 cubes=[0, 1]       kept  7/26  UNDECIDED    {'neg': 703, 'pos': 699}
   wall  2/27 cubes=[0, 1, 5]    kept  7/26  UNDECIDED    {'neg': 709, 'pos': 709}
   wall  3/27 cubes=[0, 1, 5]    kept  7/26  UNDECIDED    {'neg': 709, 'pos': 705}
   wall  4/27 cubes=[0, 2]       kept 18/26  UNDECIDED    {'neg': 715, 'pos': 707}
   wall  5/27 cubes=[0, 3]       kept 21/26  UNDECIDED    {'neg': 721, 'pos': 715}
   wall  6/27 cubes=[0, 4]       kept  6/26  UNDECIDED    {'neg': 701, 'pos': 705}
   wall  7/27 cubes=[0, 4]       kept  6/26  UNDECIDED    {'neg': 701, 'pos': 705}
   wall  8/27 cubes=[0, 4]       kept  6/26  UNDECIDED    {'neg': 701, 'pos': 705}
   wall  9/27 cubes=[0, 5]       kept  2/26  UNDECIDED    {'neg': 709, 'pos': 705}
   wall 10/27 cubes=[0, 1, 5]    kept  2/26  UNDECIDED    {'neg': 709, 'pos': 705}
   wall 11/27 cubes=[0, 1, 5]    kept  1/26  UNDECIDED    {'neg': 715, 'pos': 719}
   wall 12/27 cubes=[1, 2]       kept 18/26  UNDECIDED    {'neg': 719, 'pos': 723}
   wall 13/27 cubes=[1, 3]       kept 20/26  UNDECIDED    {'neg': 721, 'pos': 717}
   wall 14/27 cubes=[1, 4]       kept 14/26  UNDECIDED    {'neg': 685, 'pos': 685}
   wall 15/27 cubes=[1, 4]       kept 14/26  UNDECIDED    {'neg': 685, 'pos': 685}
   wall 16/27 cubes=[1, 4]       kept 14/26  UNDECIDED    {'neg': 685, 'pos': 685}
   wall 17/27 cubes=[1, 5]       kept  2/26  UNDECIDED    {'neg': 709, 'pos': 705}
   wall 18/27 cubes=[2, 3]       kept 20/26  UNDECIDED    {'neg': 721, 'pos': 717}
   wall 19/27 cubes=[2, 4]       kept 18/26  UNDECIDED    {'neg': 711, 'pos': 707}
   wall 20/27 cubes=[2, 4]       kept 18/26  UNDECIDED    {'neg': 711, 'pos': 707}
   wall 21/27 cubes=[2, 4]       kept 18/26  UNDECIDED    {'neg': 711, 'pos': 707}
   wall 22/27 cubes=[3, 4]       kept 18/26  UNDECIDED    {'neg': 711, 'pos': 707}
   wall 23/27 cubes=[3, 4]       kept 13/26  UNDECIDED    {'neg': 691, 'pos': 687}
   wall 24/27 cubes=[3, 4]       kept 18/26  UNDECIDED    {'neg': 711, 'pos': 707}
   wall 25/27 cubes=[3, 5]       kept 26/26  UNDECIDED    {'neg': 685, 'pos': 685}
   wall 26/27 cubes=[0, 1, 5]    kept  2/26  UNDECIDED    {'neg': 709, 'pos': 705}
   wall 27/27 cubes=[0, 1, 5]    kept  2/26  UNDECIDED    {'neg': 709, 'pos': 705}
n=6 -> {"n": 6, "ambient": 15, "record": 727, "tight_walls": 27, "rank_all_tight": 14, "old_premise_dimension": 1, "lineality_holds_record": [false], "walls_the_plateau_provably_leaves": 0, "undecided": 27, "unevaluable": 0, "independent_holding_directions": 0, "generic_combination_holds": null, "plateau_dimension_lower_bound": 0, "seconds": 1361.9}
n=7  ambient 18 | record 1217 | distinct tight walls 51 | rank 16 | old-premise dimension 2
   wall  1/51 cubes=[0, 1]       kept  7/50  UNDECIDED    {'neg': 1193, 'pos': 1189}
   wall  2/51 cubes=[0, 1, 5]    kept  7/50  UNDECIDED    {'neg': 1199, 'pos': 1199}
   wall  3/51 cubes=[0, 1, 5]    kept  7/50  UNDECIDED    {'neg': 1199, 'pos': 1195}
   wall  4/51 cubes=[0, 2]       kept 18/50  UNDECIDED    {'neg': 1207, 'pos': 1195}
   wall  5/51 cubes=[0, 3]       kept 30/50  UNDECIDED    {'neg': 1211, 'pos': 1207}
   wall  6/51 cubes=[0, 4]       kept  6/50  UNDECIDED    {'neg': 1189, 'pos': 1193}
   wall  7/51 cubes=[0, 4]       kept  6/50  UNDECIDED    {'neg': 1189, 'pos': 1193}
   wall  8/51 cubes=[0, 4]       kept  6/50  UNDECIDED    {'neg': 1189, 'pos': 1193}
   wall  9/51 cubes=[0, 5]       kept  2/50  UNDECIDED    {'neg': 1199, 'pos': 1195}
   wall 10/51 cubes=[0, 1, 5]    kept  2/50  UNDECIDED    {'neg': 1199, 'pos': 1195}
   wall 11/51 cubes=[0, 1, 5]    kept  1/50  UNDECIDED    {'neg': 1205, 'pos': 1209}
   wall 12/51 cubes=[1, 2]       kept 18/50  UNDECIDED    {'neg': 1207, 'pos': 1215}
   wall 13/51 cubes=[1, 3]       kept 29/50  UNDECIDED    {'neg': 1211, 'pos': 1207}
   wall 14/51 cubes=[1, 4]       kept 14/50  UNDECIDED    {'neg': 1163, 'pos': 1163}
   wall 15/51 cubes=[1, 4]       kept 14/50  UNDECIDED    {'neg': 1159, 'pos': 1167}
   wall 16/51 cubes=[1, 4]       kept 14/50  UNDECIDED    {'neg': 1159, 'pos': 1167}
   wall 17/51 cubes=[1, 5]       kept  2/50  UNDECIDED    {'neg': 1199, 'pos': 1195}
   wall 18/51 cubes=[2, 3]       kept 29/50  UNDECIDED    {'neg': 1211, 'pos': 1207}
   wall 19/51 cubes=[2, 4]       kept 18/50  UNDECIDED    {'neg': 1199, 'pos': 1195}
   wall 20/51 cubes=[2, 4]       kept 18/50  UNDECIDED    {'neg': 1199, 'pos': 1195}
   wall 21/51 cubes=[2, 4]       kept 18/50  UNDECIDED    {'neg': 1199, 'pos': 1195}
   wall 22/51 cubes=[2, 4, 6]    kept 23/50  UNDECIDED    {'neg': 1163, 'pos': 1163}
   wall 23/51 cubes=[2, 4, 6]    kept 22/50  UNDECIDED    {'neg': 1163, 'pos': 1163}
   wall 24/51 cubes=[2, 4, 6]    kept 22/50  UNDECIDED    {'neg': 1163, 'pos': 1163}
   wall 25/51 cubes=[2, 4, 6]    kept 22/50  UNDECIDED    {'neg': 1163, 'pos': 1163}
   wall 26/51 cubes=[2, 4, 6]    kept 21/50  UNDECIDED    {'neg': 1167, 'pos': 1163}
   wall 27/51 cubes=[2, 4, 6]    kept 22/50  UNDECIDED    {'neg': 1163, 'pos': 1163}
   wall 28/51 cubes=[2, 6]       kept 22/50  UNDECIDED    {'neg': 1163, 'pos': 1163}
   wall 29/51 cubes=[2, 6]       kept 22/50  UNDECIDED    {'neg': 1163, 'pos': 1163}
   wall 30/51 cubes=[2, 6]       kept 22/50  UNDECIDED    {'neg': 1163, 'pos': 1163}
   wall 31/51 cubes=[3, 4]       kept 18/50  UNDECIDED    {'neg': 1199, 'pos': 1195}
   wall 32/51 cubes=[3, 4]       kept 13/50  UNDECIDED    {'neg': 1183, 'pos': 1175}
   wall 33/51 cubes=[3, 4]       kept 18/50  UNDECIDED    {'neg': 1199, 'pos': 1195}
   wall 34/51 cubes=[3, 5]       kept 50/50  UNDECIDED    {'neg': 1211, 'pos': 1211}
   wall 35/51 cubes=[2, 4, 6]    kept 22/50  UNDECIDED    {'neg': 1163, 'pos': 1163}
   wall 36/51 cubes=[2, 4, 6]    kept 22/50  UNDECIDED    {'neg': 1163, 'pos': 1163}
   wall 37/51 cubes=[2, 4, 6]    kept 21/50  UNDECIDED    {'neg': 1167, 'pos': 1163}
   wall 38/51 cubes=[2, 4, 6]    kept 22/50  UNDECIDED    {'neg': 1163, 'pos': 1163}
   wall 39/51 cubes=[2, 4, 6]    kept 21/50  UNDECIDED    {'neg': 1167, 'pos': 1163}
   wall 40/51 cubes=[2, 4, 6]    kept 22/50  UNDECIDED    {'neg': 1163, 'pos': 1163}
   wall 41/51 cubes=[4, 6]       kept 22/50  UNDECIDED    {'neg': 1163, 'pos': 1163}
   wall 42/51 cubes=[4, 6]       kept 22/50  UNDECIDED    {'neg': 1163, 'pos': 1163}
   wall 43/51 cubes=[4, 6]       kept 22/50  UNDECIDED    {'neg': 1163, 'pos': 1163}
   wall 44/51 cubes=[0, 1, 5]    kept  2/50  UNDECIDED    {'neg': 1199, 'pos': 1195}
   wall 45/51 cubes=[0, 1, 5]    kept  2/50  UNDECIDED    {'neg': 1199, 'pos': 1195}
   wall 46/51 cubes=[2, 4, 6]    kept 22/50  UNDECIDED    {'neg': 1163, 'pos': 1163}
   wall 47/51 cubes=[2, 4, 6]    kept 22/50  UNDECIDED    {'neg': 1163, 'pos': 1163}
   wall 48/51 cubes=[2, 4, 6]    kept 22/50  UNDECIDED    {'neg': 1163, 'pos': 1163}
   wall 49/51 cubes=[2, 4, 6]    kept 22/50  UNDECIDED    {'neg': 1163, 'pos': 1163}
   wall 50/51 cubes=[2, 4, 6]    kept 22/50  UNDECIDED    {'neg': 1163, 'pos': 1163}
   wall 51/51 cubes=[2, 4, 6]    kept 22/50  UNDECIDED    {'neg': 1163, 'pos': 1163}
n=7 -> {"n": 7, "ambient": 18, "record": 1217, "tight_walls": 51, "rank_all_tight": 16, "old_premise_dimension": 2, "lineality_holds_record": [true, false], "walls_the_plateau_provably_leaves": 0, "undecided": 51, "unevaluable": 0, "independent_holding_directions": 0, "generic_combination_holds": null, "plateau_dimension_lower_bound": 0, "seconds": 7858.3}
n=8  ambient 21 | record 1895 | distinct tight walls 75 | rank 18 | old-premise dimension 3
   wall  1/75 cubes=[0, 1]       kept  7/74  UNDECIDED    {'neg': 1871, 'pos': 1867}
   wall  2/75 cubes=[0, 1, 5]    kept  7/74  UNDECIDED    {'neg': 1877, 'pos': 1877}
   wall  3/75 cubes=[0, 1, 5]    kept  7/74  UNDECIDED    {'neg': 1877, 'pos': 1873}
   wall  4/75 cubes=[0, 2]       kept 18/74  UNDECIDED    {'neg': 1887, 'pos': 1871}
   wall  5/75 cubes=[0, 3]       kept 30/74  UNDECIDED    {'neg': 1891, 'pos': 1883}
   wall  6/75 cubes=[0, 4]       kept  6/74  UNDECIDED    {'neg': 1865, 'pos': 1869}
   wall  7/75 cubes=[0, 4]       kept  6/74  UNDECIDED    {'neg': 1865, 'pos': 1869}
   wall  8/75 cubes=[0, 4]       kept  6/74  UNDECIDED    {'neg': 1865, 'pos': 1869}
   wall  9/75 cubes=[0, 5]       kept  2/74  UNDECIDED    {'neg': 1877, 'pos': 1873}
   wall 10/75 cubes=[0, 1, 5]    kept  2/74  UNDECIDED    {'neg': 1877, 'pos': 1873}
   wall 11/75 cubes=[0, 1, 5]    kept  1/74  UNDECIDED    {'neg': 1883, 'pos': 1887}
   wall 12/75 cubes=[1, 2]       kept 18/74  UNDECIDED    {'neg': 1885, 'pos': 1893}
   wall 13/75 cubes=[1, 3]       kept 29/74  UNDECIDED    {'neg': 1891, 'pos': 1883}
   wall 14/75 cubes=[1, 4]       kept 14/74  UNDECIDED    {'neg': 1829, 'pos': 1829}
   wall 15/75 cubes=[1, 4]       kept 14/74  UNDECIDED    {'neg': 1829, 'pos': 1829}
   wall 16/75 cubes=[1, 4]       kept 14/74  UNDECIDED    {'neg': 1829, 'pos': 1829}
   wall 17/75 cubes=[1, 5]       kept  2/74  UNDECIDED    {'neg': 1877, 'pos': 1873}
   wall 18/75 cubes=[2, 3]       kept 29/74  UNDECIDED    {'neg': 1891, 'pos': 1883}
   wall 19/75 cubes=[2, 4]       kept 18/74  UNDECIDED    {'neg': 1879, 'pos': 1871}
   wall 20/75 cubes=[2, 4]       kept 18/74  UNDECIDED    {'neg': 1879, 'pos': 1871}
   wall 21/75 cubes=[2, 4]       kept 18/74  UNDECIDED    {'neg': 1879, 'pos': 1871}
   wall 22/75 cubes=[2, 4, 6]    kept 23/74  UNDECIDED    {'neg': 1829, 'pos': 1829}
   wall 23/75 cubes=[2, 4, 6]    kept 22/74  UNDECIDED    {'neg': 1829, 'pos': 1829}
   wall 24/75 cubes=[2, 4, 6]    kept 22/74  UNDECIDED    {'neg': 1829, 'pos': 1829}
   wall 25/75 cubes=[2, 4, 6]    kept 22/74  UNDECIDED    {'neg': 1829, 'pos': 1829}
   wall 26/75 cubes=[2, 4, 6]    kept 21/74  UNDECIDED    {'neg': 1833, 'pos': 1829}
   wall 27/75 cubes=[2, 4, 6]    kept 22/74  UNDECIDED    {'neg': 1829, 'pos': 1829}
   wall 28/75 cubes=[2, 6]       kept 22/74  UNDECIDED    {'neg': 1829, 'pos': 1829}
   wall 29/75 cubes=[2, 6]       kept 22/74  UNDECIDED    {'neg': 1829, 'pos': 1829}
   wall 30/75 cubes=[2, 6]       kept 22/74  UNDECIDED    {'neg': 1829, 'pos': 1829}
   wall 31/75 cubes=[3, 4]       kept 18/74  UNDECIDED    {'neg': 1879, 'pos': 1871}
   wall 32/75 cubes=[3, 4]       kept 13/74  UNDECIDED    {'neg': 1863, 'pos': 1851}
   wall 33/75 cubes=[3, 4]       kept 18/74  UNDECIDED    {'neg': 1879, 'pos': 1871}
   wall 34/75 cubes=[3, 4, 7]    kept 34/74  UNDECIDED    {'neg': 1831, 'pos': 1831}
   wall 35/75 cubes=[3, 4, 7]    kept 35/74  UNDECIDED    {'neg': 1831, 'pos': 1831}
   wall 36/75 cubes=[3, 4, 7]    kept 33/74  UNDECIDED    {'neg': 1831, 'pos': 1831}
   wall 37/75 cubes=[3, 4, 7]    kept 34/74  UNDECIDED    {'neg': 1831, 'pos': 1831}
   wall 38/75 cubes=[3, 4, 7]    kept 34/74  UNDECIDED    {'neg': 1831, 'pos': 1831}
   wall 39/75 cubes=[3, 4, 7]    kept 34/74  UNDECIDED    {'neg': 1831, 'pos': 1831}
   wall 40/75 cubes=[3, 5]       kept 74/74  UNDECIDED    {'neg': 1889, 'pos': 1889}
   wall 41/75 cubes=[3, 7]       kept 34/74  UNDECIDED    {'neg': 1831, 'pos': 1831}
   wall 42/75 cubes=[3, 7]       kept 34/74  UNDECIDED    {'neg': 1831, 'pos': 1831}
   wall 43/75 cubes=[3, 7]       kept 34/74  UNDECIDED    {'neg': 1831, 'pos': 1831}
   wall 44/75 cubes=[2, 4, 6]    kept 22/74  UNDECIDED    {'neg': 1829, 'pos': 1829}
   wall 45/75 cubes=[2, 4, 6]    kept 22/74  UNDECIDED    {'neg': 1829, 'pos': 1829}
   wall 46/75 cubes=[2, 4, 6]    kept 21/74  UNDECIDED    {'neg': 1833, 'pos': 1829}
   wall 47/75 cubes=[2, 4, 6]    kept 22/74  UNDECIDED    {'neg': 1829, 'pos': 1829}
   wall 48/75 cubes=[2, 4, 6]    kept 21/74  UNDECIDED    {'neg': 1833, 'pos': 1829}
   wall 49/75 cubes=[2, 4, 6]    kept 22/74  UNDECIDED    {'neg': 1829, 'pos': 1829}
   wall 50/75 cubes=[3, 4, 7]    kept 34/74  UNDECIDED    {'neg': 1831, 'pos': 1831}
   wall 51/75 cubes=[3, 4, 7]    kept 34/74  UNDECIDED    {'neg': 1831, 'pos': 1831}
   wall 52/75 cubes=[3, 4, 7]    kept 33/74  UNDECIDED    {'neg': 1831, 'pos': 1831}
   wall 53/75 cubes=[3, 4, 7]    kept 34/74  UNDECIDED    {'neg': 1831, 'pos': 1831}
   wall 54/75 cubes=[3, 4, 7]    kept 33/74  UNDECIDED    {'neg': 1831, 'pos': 1831}
   wall 55/75 cubes=[3, 4, 7]    kept 34/74  UNDECIDED    {'neg': 1831, 'pos': 1831}
   wall 56/75 cubes=[4, 6]       kept 22/74  UNDECIDED    {'neg': 1829, 'pos': 1829}
   wall 57/75 cubes=[4, 6]       kept 22/74  UNDECIDED    {'neg': 1829, 'pos': 1829}
   wall 58/75 cubes=[4, 6]       kept 22/74  UNDECIDED    {'neg': 1829, 'pos': 1829}
   wall 59/75 cubes=[4, 7]       kept 34/74  UNDECIDED    {'neg': 1831, 'pos': 1831}
   wall 60/75 cubes=[4, 7]       kept 34/74  UNDECIDED    {'neg': 1831, 'pos': 1831}
   wall 61/75 cubes=[4, 7]       kept 34/74  UNDECIDED    {'neg': 1831, 'pos': 1831}
   wall 62/75 cubes=[0, 1, 5]    kept  2/74  UNDECIDED    {'neg': 1877, 'pos': 1873}
   wall 63/75 cubes=[0, 1, 5]    kept  2/74  UNDECIDED    {'neg': 1877, 'pos': 1873}
   wall 64/75 cubes=[2, 4, 6]    kept 22/74  UNDECIDED    {'neg': 1829, 'pos': 1829}
   wall 65/75 cubes=[2, 4, 6]    kept 22/74  UNDECIDED    {'neg': 1829, 'pos': 1829}
   wall 66/75 cubes=[2, 4, 6]    kept 22/74  UNDECIDED    {'neg': 1829, 'pos': 1829}
   wall 67/75 cubes=[2, 4, 6]    kept 22/74  UNDECIDED    {'neg': 1829, 'pos': 1829}
   wall 68/75 cubes=[2, 4, 6]    kept 22/74  UNDECIDED    {'neg': 1829, 'pos': 1829}
   wall 69/75 cubes=[2, 4, 6]    kept 22/74  UNDECIDED    {'neg': 1829, 'pos': 1829}
   wall 70/75 cubes=[3, 4, 7]    kept 34/74  UNDECIDED    {'neg': 1831, 'pos': 1831}
   wall 71/75 cubes=[3, 4, 7]    kept 34/74  UNDECIDED    {'neg': 1831, 'pos': 1831}
   wall 72/75 cubes=[3, 4, 7]    kept 34/74  UNDECIDED    {'neg': 1831, 'pos': 1831}
   wall 73/75 cubes=[3, 4, 7]    kept 34/74  UNDECIDED    {'neg': 1831, 'pos': 1831}
   wall 74/75 cubes=[3, 4, 7]    kept 34/74  UNDECIDED    {'neg': 1831, 'pos': 1831}
   wall 75/75 cubes=[3, 4, 7]    kept 34/74  UNDECIDED    {'neg': 1831, 'pos': 1831}
n=8 -> {"n": 8, "ambient": 21, "record": 1895, "tight_walls": 75, "rank_all_tight": 18, "old_premise_dimension": 3, "lineality_holds_record": [true, false, true], "walls_the_plateau_provably_leaves": 0, "undecided": 75, "unevaluable": 0, "independent_holding_directions": 0, "generic_combination_holds": null, "plateau_dimension_lower_bound": 0, "seconds": 19990.1}
written data/plateau_solve.json
