    t    n=9   n=10   in continuum / good base
  -24   2775   3913    --        
  -21   2775   3913    --        
  -18   2775   3913    --        
  -15   2775   3913    --        
  -12   2779   3917    --        
   -9   2779   3917    --        
   -6   2783   3921    --        
   -3   2783   3921    --        
    0   2787   3925    in  good  << n=9 CONTINUUM edge << n=10 REGION edge
    3   2787   3925    in  good  
    6   2787   3921    in        << n=10 REGION edge
    9   2787   3921    in        
   12   2787   3921    in        
   15   2787   3921    in        
   18   2787   3921    in        
   21   2787   3921    in        
   24   2787   3921    in        
   27   2783   3917    --        << n=9 CONTINUUM edge
   30   2783   3917    --        
   33   2783   3917    --        
   36   2783   3917    --        
   39   2783   3917    --        
   42   2783   3917    --        
   45   2783   3917    --        
   48   2783   3917    --        

the n=9 continuum is the wider bracket; the 3925 base region sits inside it.
