=== STAGE 1: n=6 from 393, wide-height menu (the killed job)
extend best: [727, 723, 723, 723, 723, 723, 723, 723, 723, 723]
climbed 727
climbed 723
climbed 723
climbed 723
climbed 723
BEST 727 4,1,1,-1;3,3,7,3;5,-1,-5,-5;2,1,1,1;1,1,1,1;7,14,1,-5
=== STAGE 2: n=5 from the 183 record, wide-height menu
extend best: [393, 393, 393, 393, 393, 393, 393, 393, 393, 393]
climbed 393
climbed 393
climbed 393
climbed 393
climbed 393
BEST 393 1,0,0,0;0,5,3,2;1,-4,-1,1;1,1,-1,-4;1,-2,-1,-1
=== STAGE 3: n=4 from the best rational 63-triple, wide-height menu
extend best: [183, 183, 183, 183, 183, 179, 179, 179, 179, 179]
climbed 183
climbed 183
climbed 183
climbed 183
climbed 183
BEST 183 1,0,0,0;1,-4,-1,1;1,1,-1,-4;3,-5,2,0
