=== n=7 from 723 variant sixth cube 11,11,10,11
extend best: [1209, 1209, 1209, 1209, 1209, 1205, 1205, 1205, 1205, 1205]
climbed 1209
climbed 1209
climbed 1209
climbed 1209
BEST 1209 4,1,1,-1;3,3,7,3;5,-1,-5,-5;2,1,1,1;1,1,1,1;11,11,10,11;13,6,6,6
=== n=7 from 723 variant sixth cube 3,-4,-3,3
extend best: [1205, 1205, 1205, 1203, 1201, 1201, 1201, 1201, 1201, 1201]
climbed 1205
climbed 1209
climbed 1205
climbed 1211
BEST 1211 4,1,1,-1;3,3,7,3;5,-1,-5,-5;2,1,1,1;1,1,1,1;3,-4,-3,3;40,12,11,-8
=== n=7 from 723 variant sixth cube 5,-5,5,4
extend best: [1207, 1205, 1205, 1205, 1205, 1205, 1205, 1205, 1203, 1201]
climbed 1207
climbed 1207
climbed 1211
climbed 1205
BEST 1211 4,1,1,-1;3,3,7,3;5,-1,-5,-5;2,1,1,1;1,1,1,1;5,-5,5,4;191,-174,417,-148
=== n=6 from 393, wide-height menu
