record family: 22 angles x 4 diagonal triples = 42592 configurations
(angles cannot be sorted-reduced: permuting them reassigns which axis gets which)
    151  diag ((1, 1, 1), (1, 1, -1), (1, -1, 1))  t ['-4', '-4', '-4']
    153  diag ((1, 1, 1), (1, 1, -1), (1, -1, 1))  t ['-4', '-4', '-3']
    157  diag ((1, 1, 1), (1, 1, -1), (1, -1, 1))  t ['-4', '-4', '-2']
    161  diag ((1, 1, 1), (1, 1, -1), (1, -1, 1))  t ['-4', '-4', '-3/2']
    163  diag ((1, 1, 1), (1, 1, -1), (1, -1, 1))  t ['-4', '-3', '-3/2']
    165  diag ((1, 1, 1), (1, 1, -1), (1, -1, 1))  t ['-4', '-3', '-4/3']
    167  diag ((1, 1, 1), (1, 1, -1), (1, -1, 1))  t ['-4', '-3/2', '1/4']
    171  diag ((1, 1, 1), (1, 1, -1), (1, -1, 1))  t ['-4', '-1/2', '1/4']
    173  diag ((1, 1, 1), (1, 1, -1), (1, -1, 1))  t ['-4', '1/4', '-1/2']
    175  diag ((1, 1, 1), (1, 1, -1), (1, -1, 1))  t ['-3', '-1/2', '1/4']
    179  diag ((1, 1, 1), (1, 1, -1), (1, -1, 1))  t ['-3', '1/4', '1/4']
    183  diag ((1, 1, 1), (1, 1, -1), (1, -1, 1))  t ['-1/4', '1/4', '1/4']

evaluated 42576 ; reaching >=183: 8
best 183
1,0,0,0;4,-1,-1,-1;4,1,1,-1;4,1,-1,1
   183  ((1, 1, 1), (1, 1, -1), (1, -1, 1))  ('1/4', '-1/4', '-1/4')
   183  ((1, 1, 1), (1, 1, -1), (1, -1, 1))  ('-1/4', '1/4', '1/4')
   183  ((1, 1, 1), (1, 1, -1), (1, -1, -1))  ('1/4', '-1/4', '1/4')
   183  ((1, 1, 1), (1, 1, -1), (1, -1, -1))  ('-1/4', '1/4', '-1/4')
   183  ((1, 1, 1), (1, -1, 1), (1, -1, -1))  ('1/4', '-1/4', '1/4')
   183  ((1, 1, 1), (1, -1, 1), (1, -1, -1))  ('-1/4', '1/4', '-1/4')
   183  ((1, 1, -1), (1, -1, 1), (1, -1, -1))  ('1/4', '1/4', '-1/4')
   183  ((1, 1, -1), (1, -1, 1), (1, -1, -1))  ('-1/4', '-1/4', '1/4')
