=== n=4 count 119  height 44462 (this climb DIED here)
   simplified to height 2697 (16x), count 119
   boundary crossing -> 123  (ABOVE 119)
   rays: 24 of 24 crossed, 0 found no wall within t<=8, 0 UNEVALUABLE  (after bisection: 0 back at count, 0 unevaluable)
   FACET CENSUS of this region: 5 distinct walls
      cubes [1, 2, 3]        at 2.2195e-05   count outside 123
      cubes [0, 1, 2]        at 9.9876e-05   count outside 115
      cubes [0, 1, 3]        at 0.00011097   count outside 115
      cubes [1]              at 0.00011097   count outside 123
      cubes [0, 1]           at 0.00017756   count outside 111
   NEW RECORD 123  height 11266  gate: both engines + 3 rotations agree
   1,0,0,0;256,90,89,11;256,-35,-508,86;256,3083,-11266,1789
   boundary crossing -> 127  (ABOVE 123)
   rays: 24 of 24 crossed, 0 found no wall within t<=8, 0 UNEVALUABLE  (after bisection: 0 back at count, 0 unevaluable)
   FACET CENSUS of this region: 4 distinct walls
      cubes [0, 1, 3]        at 7.628e-06   count outside 127
      cubes [0, 1, 2]        at 9.5351e-06   count outside 127
      cubes [1, 2, 3]        at 3.4066e-05   count outside 119
      cubes [1, 3]           at 6.5532e-05   count outside 127
   NEW RECORD 127  height 5633  gate: both engines + 3 rotations agree
   1,0,0,0;128,45,44,7;128,-17,-255,42;128,1542,-5633,894
   boundary crossing -> 131  (ABOVE 127)
   rays: 24 of 24 crossed, 0 found no wall within t<=8, 0 UNEVALUABLE  (after bisection: 0 back at count, 0 unevaluable)
   FACET CENSUS of this region: 5 distinct walls
      cubes [0, 1, 3]        at 1.1355e-05   count outside 123
      cubes [1, 2, 3]        at 1.7163e-05   count outside 123
      cubes [1, 3]           at 6.3105e-05   count outside 123
      cubes [1]              at 0.00014927   count outside 123
      cubes [0, 1, 2]        at 0.00016608   count outside 131
   NEW RECORD 131  height 11225  gate: both engines + 3 rotations agree
   1,0,0,0;256,95,84,14;256,-31,-500,101;256,3093,-11225,1796
   rays: 24 of 24 crossed, 0 found no wall within t<=8, 0 UNEVALUABLE  (after bisection: 0 back at count, 0 unevaluable)
   FACET CENSUS of this region: 3 distinct walls
      cubes [0, 1, 3]        at 5.6549e-06   count outside 127
      cubes [0, 1, 2]        at 1.218e-05   count outside 127
      cubes [1, 2, 3]        at 3.6126e-05   count outside 127
   no crossing above the record; region is locally maximal OVER THE DIRECTIONS WALKED (not a proof — see facets.py for the saturation curve and vertex probes)
   RESUMED CLIMB: 119 -> 131
=== n=5 count 278  height 65468 (this climb DIED here)
   simplified to height 25840 (3x), count 278
   rays: 24 of 24 crossed, 0 found no wall within t<=8, 0 UNEVALUABLE  (after bisection: 0 back at count, 0 unevaluable)
   FACET CENSUS of this region: 1 distinct walls
      cubes [0]              at 7.5585e-08   count outside 270
   no crossing above the record; region is locally maximal OVER THE DIRECTIONS WALKED (not a proof — see facets.py for the saturation curve and vertex probes)
   RESUMED CLIMB: 278 -> 278
=== n=4 count 137  height 2375689 (this climb DIED here)
   simplified to height 12126 (196x), count 137
   rays: 24 of 24 crossed, 0 found no wall within t<=8, 0 UNEVALUABLE  (after bisection: 0 back at count, 0 unevaluable)
   FACET CENSUS of this region: 2 distinct walls
      cubes [0]              at 1.3563e-05   count outside 128
      cubes [0, 1]           at 1.3563e-05   count outside 131
   no crossing above the record; region is locally maximal OVER THE DIRECTIONS WALKED (not a proof — see facets.py for the saturation curve and vertex probes)
   RESUMED CLIMB: 137 -> 137
=== n=4 count 113  height 9405804 (this climb DIED here)
   simplified to height 9405804 (1x), count 113
   rays: 24 of 24 crossed, 0 found no wall within t<=8, 0 UNEVALUABLE  (after bisection: 0 back at count, 0 unevaluable)
   FACET CENSUS of this region: 1 distinct walls
      cubes [0, 2]           at 2.1263e-07   count outside 111
   no crossing above the record; region is locally maximal OVER THE DIRECTIONS WALKED (not a proof — see facets.py for the saturation curve and vertex probes)
   RESUMED CLIMB: 113 -> 113
