393: 18 walls, rank 11 of 12 | Zaslavsky bound 218,588
393-chambers: 18 walls, rank 11, ambient 12 -- Zaslavsky/Buck chamber bound 218588
   restart: 0 candidates already checkpointed in ckpt_393
   4 workers forked
   [chamber-stage 9/18] tested=614 remaining=184 elapsed=0s rate=5399.7/s
   [chamber-stage 10/18] tested=998 remaining=568 elapsed=0s rate=5545.2/s
   [chamber-stage 10/18] tested=1198 remaining=368 elapsed=0s rate=4881.4/s
   [chamber-stage 10/18] tested=1398 remaining=168 elapsed=0s rate=5571.8/s
   [chamber-stage 11/18] tested=1766 remaining=1336 elapsed=1s rate=2972.1/s
   [chamber-stage 11/18] tested=1966 remaining=1136 elapsed=1s rate=3279.9/s
   [chamber-stage 11/18] tested=2166 remaining=936 elapsed=1s rate=3583.7/s
   [chamber-stage 11/18] tested=2366 remaining=736 elapsed=1s rate=3882.5/s
   [chamber-stage 11/18] tested=2566 remaining=536 elapsed=1s rate=4176.7/s
   [chamber-stage 11/18] tested=2766 remaining=336 elapsed=1s rate=4463.7/s
   [chamber-stage 11/18] tested=2966 remaining=136 elapsed=1s rate=4751.0/s
   [chamber-stage 12/18] tested=3302 remaining=2104 elapsed=1s rate=3392.3/s
   [chamber-stage 12/18] tested=3502 remaining=1904 elapsed=1s rate=2995.0/s
   [chamber-stage 12/18] tested=3702 remaining=1704 elapsed=1s rate=3151.8/s
   [chamber-stage 12/18] tested=3902 remaining=1504 elapsed=1s rate=3307.2/s
   [chamber-stage 12/18] tested=4102 remaining=1304 elapsed=1s rate=3460.9/s
   [chamber-stage 12/18] tested=4302 remaining=1104 elapsed=1s rate=3613.5/s
   [chamber-stage 12/18] tested=4502 remaining=904 elapsed=1s rate=3764.9/s
   [chamber-stage 12/18] tested=4702 remaining=704 elapsed=1s rate=3915.0/s
   [chamber-stage 12/18] tested=4902 remaining=504 elapsed=1s rate=4063.7/s
   [chamber-stage 12/18] tested=5102 remaining=304 elapsed=1s rate=4211.3/s
   [chamber-stage 12/18] tested=5302 remaining=104 elapsed=1s rate=4358.8/s
   [chamber-stage 13/18] tested=5606 remaining=4408 elapsed=2s rate=3406.8/s
   [chamber-stage 13/18] tested=5806 remaining=4208 elapsed=2s rate=2695.4/s
   [chamber-stage 13/18] tested=6006 remaining=4008 elapsed=3s rate=2208.7/s
   [chamber-stage 13/18] tested=6206 remaining=3808 elapsed=3s rate=2139.9/s
   [chamber-stage 13/18] tested=6406 remaining=3608 elapsed=3s rate=2202.6/s
   [chamber-stage 13/18] tested=6606 remaining=3408 elapsed=3s rate=2267.2/s
   [chamber-stage 13/18] tested=6806 remaining=3208 elapsed=3s rate=2331.6/s
   [chamber-stage 13/18] tested=7006 remaining=3008 elapsed=3s rate=2395.7/s
   [chamber-stage 13/18] tested=7206 remaining=2808 elapsed=3s rate=2459.7/s
   [chamber-stage 13/18] tested=7406 remaining=2608 elapsed=3s rate=2522.9/s
   [chamber-stage 13/18] tested=7606 remaining=2408 elapsed=3s rate=2585.8/s
   [chamber-stage 13/18] tested=7806 remaining=2208 elapsed=3s rate=2648.1/s
   [chamber-stage 13/18] tested=8006 remaining=2008 elapsed=3s rate=2710.4/s
   [chamber-stage 13/18] tested=8206 remaining=1808 elapsed=3s rate=2772.9/s
   [chamber-stage 13/18] tested=8406 remaining=1608 elapsed=3s rate=2835.2/s
   [chamber-stage 13/18] tested=8606 remaining=1408 elapsed=3s rate=2897.2/s
   [chamber-stage 13/18] tested=8806 remaining=1208 elapsed=3s rate=2959.1/s
   [chamber-stage 13/18] tested=9006 remaining=1008 elapsed=3s rate=3018.7/s
   [chamber-stage 13/18] tested=9206 remaining=808 elapsed=3s rate=3080.1/s
   [chamber-stage 13/18] tested=9406 remaining=608 elapsed=3s rate=3141.2/s
   [chamber-stage 13/18] tested=9606 remaining=408 elapsed=3s rate=3201.8/s
   [chamber-stage 13/18] tested=9806 remaining=208 elapsed=3s rate=3262.9/s
   [chamber-stage 13/18] tested=10006 remaining=8 elapsed=3s rate=3323.8/s
   [chamber-stage 14/18] tested=10057 remaining=9173 elapsed=38s rate=267.0/s
   [chamber-stage 14/18] tested=10057 remaining=9173 elapsed=68s rate=148.6/s
   [chamber-stage 14/18] tested=10057 remaining=9173 elapsed=98s rate=102.9/s
   [chamber-stage 14/18] tested=10057 remaining=9173 elapsed=128s rate=78.7/s
   [chamber-stage 14/18] tested=10057 remaining=9173 elapsed=158s rate=63.8/s
   [chamber-stage 14/18] tested=10057 remaining=9173 elapsed=188s rate=53.6/s
   [chamber-stage 14/18] tested=10057 remaining=9173 elapsed=218s rate=46.2/s
   [chamber-stage 14/18] tested=10057 remaining=9173 elapsed=248s rate=40.6/s
   [chamber-stage 14/18] tested=10057 remaining=9173 elapsed=278s rate=36.2/s
   [chamber-stage 14/18] tested=10057 remaining=9173 elapsed=308s rate=32.7/s
   [chamber-stage 14/18] tested=10057 remaining=9173 elapsed=338s rate=29.8/s
   [chamber-stage 14/18] tested=10057 remaining=9173 elapsed=368s rate=27.3/s
   [chamber-stage 14/18] tested=10057 remaining=9173 elapsed=398s rate=25.3/s
   [chamber-stage 14/18] tested=10057 remaining=9173 elapsed=428s rate=23.5/s
   [chamber-stage 14/18] tested=10057 remaining=9173 elapsed=458s rate=22.0/s
   [chamber-stage 14/18] tested=10057 remaining=9173 elapsed=488s rate=20.6/s
   [chamber-stage 14/18] tested=10057 remaining=9173 elapsed=518s rate=19.4/s
   [chamber-stage 14/18] tested=10057 remaining=9173 elapsed=548s rate=18.4/s
   [chamber-stage 14/18] tested=10057 remaining=9173 elapsed=578s rate=17.4/s
   [chamber-stage 14/18] tested=10057 remaining=9173 elapsed=608s rate=16.5/s
   [chamber-stage 14/18] tested=10057 remaining=9173 elapsed=638s rate=15.8/s
   [chamber-stage 14/18] tested=10057 remaining=9173 elapsed=668s rate=15.1/s
   [chamber-stage 14/18] tested=10057 remaining=9173 elapsed=698s rate=14.4/s
   [chamber-stage 14/18] tested=10057 remaining=9173 elapsed=728s rate=13.8/s
   [chamber-stage 14/18] tested=10057 remaining=9173 elapsed=758s rate=13.3/s
   [chamber-stage 14/18] tested=10057 remaining=9173 elapsed=788s rate=12.8/s
   [chamber-stage 14/18] tested=10057 remaining=9173 elapsed=818s rate=12.3/s
   [chamber-stage 14/18] tested=10057 remaining=9173 elapsed=848s rate=11.9/s
   [chamber-stage 14/18] tested=10057 remaining=9173 elapsed=878s rate=11.4/s
   [chamber-stage 14/18] tested=10057 remaining=9173 elapsed=908s rate=11.1/s
