727: 27 walls, rank 14 of 15 | Zaslavsky bound 77,509,464
extrapolated actual 14M-36M chambers; this run may not finish, and that is expected -- partial output is the deliverable
budget control file: ckpt_727/BUDGET (edit it to extend; re-read each stage)
727-chambers: 27 walls, rank 14, ambient 15 -- Zaslavsky/Buck chamber bound 77509464
   restart: 155297 candidates already checkpointed in ckpt_727
   4 workers forked
   [chamber-stage 1/27] all 2 candidates already checkpointed -- nothing to recompute
   [chamber-stage 2/27] all 4 candidates already checkpointed -- nothing to recompute
   [chamber-stage 3/27] all 8 candidates already checkpointed -- nothing to recompute
   [chamber-stage 4/27] all 16 candidates already checkpointed -- nothing to recompute
   [chamber-stage 5/27] all 32 candidates already checkpointed -- nothing to recompute
   [chamber-stage 6/27] all 64 candidates already checkpointed -- nothing to recompute
   [chamber-stage 7/27] all 128 candidates already checkpointed -- nothing to recompute
   [chamber-stage 8/27] all 256 candidates already checkpointed -- nothing to recompute
   [chamber-stage 9/27] all 384 candidates already checkpointed -- nothing to recompute
   [chamber-stage 10/27] all 672 candidates already checkpointed -- nothing to recompute
   [chamber-stage 11/27] all 960 candidates already checkpointed -- nothing to recompute
   [chamber-stage 12/27] all 1344 candidates already checkpointed -- nothing to recompute
   [chamber-stage 13/27] all 2688 candidates already checkpointed -- nothing to recompute
   [chamber-stage 14/27] all 5376 candidates already checkpointed -- nothing to recompute
   [chamber-stage 15/27] all 10752 candidates already checkpointed -- nothing to recompute
   [chamber-stage 16/27] all 21504 candidates already checkpointed -- nothing to recompute
   [chamber-stage 17/27] all 32256 candidates already checkpointed -- nothing to recompute
   [chamber-stage 18/27] all 46080 candidates already checkpointed -- nothing to recompute
   [chamber-stage 19/27] tested=155497 remaining=59189 elapsed=23s rate=6767.4/s
   [chamber-stage 19/27] tested=155697 remaining=58989 elapsed=24s rate=6585.2/s
   [chamber-stage 19/27] tested=155897 remaining=58789 elapsed=25s rate=6338.4/s
   [chamber-stage 19/27] tested=156097 remaining=58589 elapsed=26s rate=6113.0/s
   [chamber-stage 19/27] tested=156297 remaining=58389 elapsed=26s rate=5979.2/s
   [chamber-stage 19/27] tested=156497 remaining=58189 elapsed=27s rate=5797.1/s
   [chamber-stage 19/27] tested=156697 remaining=57989 elapsed=28s rate=5614.9/s
   [chamber-stage 19/27] tested=156897 remaining=57789 elapsed=29s rate=5461.1/s
   [chamber-stage 19/27] tested=157097 remaining=57589 elapsed=30s rate=5281.0/s
   [chamber-stage 19/27] tested=157297 remaining=57389 elapsed=31s rate=5122.0/s
   [chamber-stage 19/27] tested=157497 remaining=57189 elapsed=31s rate=5072.0/s
   [chamber-stage 19/27] tested=157697 remaining=56989 elapsed=31s rate=5055.6/s
   [chamber-stage 19/27] tested=157897 remaining=56789 elapsed=31s rate=5037.8/s
   [chamber-stage 19/27] tested=158097 remaining=56589 elapsed=31s rate=5023.0/s
   [chamber-stage 19/27] tested=158297 remaining=56389 elapsed=32s rate=4998.6/s
   [chamber-stage 19/27] tested=158497 remaining=56189 elapsed=32s rate=4965.8/s
   [chamber-stage 19/27] tested=158697 remaining=55989 elapsed=32s rate=4937.7/s
   [chamber-stage 19/27] tested=158897 remaining=55789 elapsed=32s rate=4907.6/s
   [chamber-stage 19/27] tested=159097 remaining=55589 elapsed=33s rate=4890.4/s
   [chamber-stage 19/27] tested=159297 remaining=55389 elapsed=33s rate=4843.3/s
   [chamber-stage 19/27] tested=159497 remaining=55189 elapsed=33s rate=4796.5/s
   [chamber-stage 19/27] tested=159697 remaining=54989 elapsed=34s rate=4765.0/s
   [chamber-stage 19/27] tested=159897 remaining=54789 elapsed=34s rate=4732.9/s
   [chamber-stage 19/27] tested=160097 remaining=54589 elapsed=34s rate=4704.3/s
   [chamber-stage 19/27] tested=160297 remaining=54389 elapsed=34s rate=4687.7/s
   [chamber-stage 19/27] tested=160497 remaining=54189 elapsed=34s rate=4675.4/s
   [chamber-stage 19/27] tested=160697 remaining=53989 elapsed=34s rate=4660.1/s
   [chamber-stage 19/27] tested=160897 remaining=53789 elapsed=35s rate=4644.9/s
   [chamber-stage 19/27] tested=161097 remaining=53589 elapsed=35s rate=4630.8/s
   [chamber-stage 19/27] tested=161297 remaining=53389 elapsed=35s rate=4604.1/s
   [chamber-stage 19/27] tested=161497 remaining=53189 elapsed=35s rate=4579.9/s
   [chamber-stage 19/27] tested=161697 remaining=52989 elapsed=36s rate=4548.6/s
   [chamber-stage 19/27] tested=161897 remaining=52789 elapsed=36s rate=4525.2/s
   [chamber-stage 19/27] tested=162097 remaining=52589 elapsed=36s rate=4500.3/s
   [chamber-stage 19/27] tested=162297 remaining=52389 elapsed=36s rate=4473.1/s
   [chamber-stage 19/27] tested=162497 remaining=52189 elapsed=37s rate=4448.5/s
   [chamber-stage 19/27] tested=162697 remaining=51989 elapsed=37s rate=4419.3/s
   [chamber-stage 19/27] tested=162897 remaining=51789 elapsed=37s rate=4394.7/s
   [chamber-stage 19/27] tested=163097 remaining=51589 elapsed=37s rate=4376.8/s
   [chamber-stage 19/27] tested=163297 remaining=51389 elapsed=37s rate=4364.5/s
   [chamber-stage 19/27] tested=163497 remaining=51189 elapsed=38s rate=4353.4/s
   [chamber-stage 19/27] tested=163697 remaining=50989 elapsed=38s rate=4337.8/s
   [chamber-stage 19/27] tested=163897 remaining=50789 elapsed=38s rate=4325.5/s
   [chamber-stage 19/27] tested=164097 remaining=50589 elapsed=38s rate=4313.2/s
   [chamber-stage 19/27] tested=164297 remaining=50389 elapsed=38s rate=4298.8/s
   [chamber-stage 19/27] tested=164497 remaining=50189 elapsed=38s rate=4275.9/s
   [chamber-stage 19/27] tested=164697 remaining=49989 elapsed=39s rate=4253.8/s
   [chamber-stage 19/27] tested=164897 remaining=49789 elapsed=39s rate=4232.2/s
   [chamber-stage 19/27] tested=165097 remaining=49589 elapsed=39s rate=4209.2/s
   [chamber-stage 19/27] tested=165297 remaining=49389 elapsed=39s rate=4186.3/s
   [chamber-stage 19/27] tested=165497 remaining=49189 elapsed=40s rate=4164.6/s
   [chamber-stage 19/27] tested=165697 remaining=48989 elapsed=40s rate=4146.4/s
   [chamber-stage 19/27] tested=165897 remaining=48789 elapsed=40s rate=4119.1/s
   [chamber-stage 19/27] tested=166097 remaining=48589 elapsed=41s rate=4093.8/s
   [chamber-stage 19/27] tested=166297 remaining=48389 elapsed=41s rate=4096.8/s
   [chamber-stage 19/27] tested=166497 remaining=48189 elapsed=41s rate=4051.6/s
   [chamber-stage 19/27] tested=166697 remaining=47989 elapsed=42s rate=4015.5/s
   [chamber-stage 19/27] tested=166897 remaining=47789 elapsed=42s rate=3988.7/s
   [chamber-stage 19/27] tested=167097 remaining=47589 elapsed=42s rate=3963.8/s
   [chamber-stage 19/27] tested=167297 remaining=47389 elapsed=42s rate=3941.0/s
   [chamber-stage 19/27] tested=167497 remaining=47189 elapsed=43s rate=3925.6/s
   [chamber-stage 19/27] tested=167697 remaining=46989 elapsed=43s rate=3916.9/s
   [chamber-stage 19/27] tested=167897 remaining=46789 elapsed=43s rate=3907.9/s
   [chamber-stage 19/27] tested=168097 remaining=46589 elapsed=43s rate=3899.7/s
   [chamber-stage 19/27] tested=168297 remaining=46389 elapsed=43s rate=3884.2/s
   [chamber-stage 19/27] tested=168497 remaining=46189 elapsed=44s rate=3872.1/s
   [chamber-stage 19/27] tested=168697 remaining=45989 elapsed=44s rate=3861.2/s
   [chamber-stage 19/27] tested=168897 remaining=45789 elapsed=44s rate=3850.4/s
   [chamber-stage 19/27] tested=169097 remaining=45589 elapsed=44s rate=3830.8/s
   [chamber-stage 19/27] tested=169297 remaining=45389 elapsed=44s rate=3815.8/s
   [chamber-stage 19/27] tested=169497 remaining=45189 elapsed=45s rate=3800.5/s
   [chamber-stage 19/27] tested=169697 remaining=44989 elapsed=45s rate=3783.5/s
   [chamber-stage 19/27] tested=169897 remaining=44789 elapsed=45s rate=3764.9/s
   [chamber-stage 19/27] tested=170097 remaining=44589 elapsed=45s rate=3748.5/s
   [chamber-stage 19/27] tested=170297 remaining=44389 elapsed=46s rate=3733.5/s
   [chamber-stage 19/27] tested=170497 remaining=44189 elapsed=46s rate=3711.1/s
   [chamber-stage 19/27] tested=170697 remaining=43989 elapsed=46s rate=3689.0/s
   [chamber-stage 19/27] tested=170897 remaining=43789 elapsed=47s rate=3670.2/s
   [chamber-stage 19/27] tested=171097 remaining=43589 elapsed=47s rate=3653.2/s
   [chamber-stage 19/27] tested=171297 remaining=43389 elapsed=47s rate=3625.6/s
   [chamber-stage 19/27] tested=171497 remaining=43189 elapsed=48s rate=3597.6/s
   [chamber-stage 19/27] tested=171697 remaining=42989 elapsed=48s rate=3575.4/s
   [chamber-stage 19/27] tested=171897 remaining=42789 elapsed=48s rate=3553.9/s
   [chamber-stage 19/27] tested=172097 remaining=42589 elapsed=49s rate=3540.7/s
   [chamber-stage 19/27] tested=172297 remaining=42389 elapsed=49s rate=3532.3/s
   [chamber-stage 19/27] tested=172497 remaining=42189 elapsed=49s rate=3524.0/s
   [chamber-stage 19/27] tested=172697 remaining=41989 elapsed=49s rate=3516.7/s
   [chamber-stage 19/27] tested=172897 remaining=41789 elapsed=49s rate=3506.1/s
   [chamber-stage 19/27] tested=173097 remaining=41589 elapsed=49s rate=3498.6/s
   [chamber-stage 19/27] tested=173297 remaining=41389 elapsed=50s rate=3490.3/s
   [chamber-stage 19/27] tested=173497 remaining=41189 elapsed=50s rate=3480.5/s
   [chamber-stage 19/27] tested=173697 remaining=40989 elapsed=50s rate=3450.7/s
   [chamber-stage 19/27] tested=173897 remaining=40789 elapsed=51s rate=3435.2/s
   [chamber-stage 19/27] tested=174097 remaining=40589 elapsed=51s rate=3419.8/s
   [chamber-stage 19/27] tested=174297 remaining=40389 elapsed=51s rate=3403.8/s
   [chamber-stage 19/27] tested=174497 remaining=40189 elapsed=52s rate=3387.2/s
   [chamber-stage 19/27] tested=174697 remaining=39989 elapsed=52s rate=3372.5/s
   [chamber-stage 19/27] tested=174897 remaining=39789 elapsed=52s rate=3364.6/s
   [chamber-stage 19/27] tested=175097 remaining=39589 elapsed=52s rate=3345.6/s
   [chamber-stage 19/27] tested=175297 remaining=39389 elapsed=53s rate=3325.4/s
   [chamber-stage 19/27] tested=175497 remaining=39189 elapsed=53s rate=3309.4/s
   [chamber-stage 19/27] tested=175697 remaining=38989 elapsed=53s rate=3294.7/s
   [chamber-stage 19/27] tested=175897 remaining=38789 elapsed=54s rate=3269.3/s
   [chamber-stage 19/27] tested=176097 remaining=38589 elapsed=54s rate=3246.3/s
   [chamber-stage 19/27] tested=176297 remaining=38389 elapsed=55s rate=3230.0/s
   [chamber-stage 19/27] tested=176497 remaining=38189 elapsed=55s rate=3216.3/s
   [chamber-stage 19/27] tested=176697 remaining=37989 elapsed=55s rate=3203.0/s
   [chamber-stage 19/27] tested=176897 remaining=37789 elapsed=55s rate=3195.5/s
   [chamber-stage 19/27] tested=177097 remaining=37589 elapsed=56s rate=3188.6/s
   [chamber-stage 19/27] tested=177297 remaining=37389 elapsed=56s rate=3182.1/s
   [chamber-stage 19/27] tested=177497 remaining=37189 elapsed=56s rate=3172.5/s
   [chamber-stage 19/27] tested=177697 remaining=36989 elapsed=56s rate=3161.8/s
   [chamber-stage 19/27] tested=177897 remaining=36789 elapsed=56s rate=3152.7/s
   [chamber-stage 19/27] tested=178097 remaining=36589 elapsed=57s rate=3147.1/s
   [chamber-stage 19/27] tested=178297 remaining=36389 elapsed=57s rate=3128.9/s
   [chamber-stage 19/27] tested=178497 remaining=36189 elapsed=57s rate=3113.5/s
   [chamber-stage 19/27] tested=178697 remaining=35989 elapsed=58s rate=3096.2/s
   [chamber-stage 19/27] tested=178897 remaining=35789 elapsed=58s rate=3078.2/s
   [chamber-stage 19/27] tested=179097 remaining=35589 elapsed=59s rate=3054.3/s
   [chamber-stage 19/27] tested=179297 remaining=35389 elapsed=59s rate=3039.2/s
   [chamber-stage 19/27] tested=179497 remaining=35189 elapsed=59s rate=3026.7/s
   [chamber-stage 19/27] tested=179697 remaining=34989 elapsed=60s rate=3007.1/s
   [chamber-stage 19/27] tested=179897 remaining=34789 elapsed=60s rate=2985.4/s
   [chamber-stage 19/27] tested=180097 remaining=34589 elapsed=61s rate=2970.8/s
   [chamber-stage 19/27] tested=180297 remaining=34389 elapsed=61s rate=2950.4/s
   [chamber-stage 19/27] tested=180497 remaining=34189 elapsed=62s rate=2926.1/s
   [chamber-stage 19/27] tested=180697 remaining=33989 elapsed=62s rate=2909.6/s
   [chamber-stage 19/27] tested=180897 remaining=33789 elapsed=63s rate=2890.2/s
   [chamber-stage 19/27] tested=181097 remaining=33589 elapsed=63s rate=2874.0/s
   [chamber-stage 19/27] tested=181297 remaining=33389 elapsed=63s rate=2864.2/s
   [chamber-stage 19/27] tested=181497 remaining=33189 elapsed=63s rate=2858.3/s
   [chamber-stage 19/27] tested=181697 remaining=32989 elapsed=64s rate=2852.5/s
   [chamber-stage 19/27] tested=181897 remaining=32789 elapsed=64s rate=2846.6/s
   [chamber-stage 19/27] tested=182097 remaining=32589 elapsed=64s rate=2848.0/s
   [chamber-stage 19/27] tested=182297 remaining=32389 elapsed=64s rate=2850.7/s
   [chamber-stage 19/27] tested=182497 remaining=32189 elapsed=64s rate=2853.4/s
   [chamber-stage 19/27] tested=182697 remaining=31989 elapsed=64s rate=2856.0/s
   [chamber-stage 19/27] tested=182897 remaining=31789 elapsed=64s rate=2858.6/s
   [chamber-stage 19/27] tested=183097 remaining=31589 elapsed=64s rate=2861.3/s
   [chamber-stage 19/27] tested=183297 remaining=31389 elapsed=64s rate=2863.9/s
   [chamber-stage 19/27] tested=183497 remaining=31189 elapsed=64s rate=2866.6/s
   [chamber-stage 19/27] tested=183697 remaining=30989 elapsed=64s rate=2869.4/s
   [chamber-stage 19/27] tested=183897 remaining=30789 elapsed=64s rate=2871.8/s
   [chamber-stage 19/27] tested=184097 remaining=30589 elapsed=64s rate=2874.4/s
   [chamber-stage 19/27] tested=184297 remaining=30389 elapsed=64s rate=2877.1/s
   [chamber-stage 19/27] tested=184497 remaining=30189 elapsed=64s rate=2879.7/s
   [chamber-stage 19/27] tested=184697 remaining=29989 elapsed=64s rate=2882.3/s
   [chamber-stage 19/27] tested=184897 remaining=29789 elapsed=64s rate=2885.0/s
   [chamber-stage 19/27] tested=185097 remaining=29589 elapsed=64s rate=2887.6/s
   [chamber-stage 19/27] tested=185297 remaining=29389 elapsed=64s rate=2890.4/s
   [chamber-stage 19/27] tested=185497 remaining=29189 elapsed=64s rate=2893.1/s
   [chamber-stage 19/27] tested=185697 remaining=28989 elapsed=64s rate=2895.8/s
   [chamber-stage 19/27] tested=185897 remaining=28789 elapsed=64s rate=2898.3/s
   [chamber-stage 19/27] tested=186097 remaining=28589 elapsed=64s rate=2900.0/s
   [chamber-stage 19/27] tested=186297 remaining=28389 elapsed=64s rate=2902.5/s
   [chamber-stage 19/27] tested=186497 remaining=28189 elapsed=64s rate=2904.8/s
   [chamber-stage 19/27] tested=186697 remaining=27989 elapsed=64s rate=2907.3/s
   [chamber-stage 19/27] tested=186897 remaining=27789 elapsed=64s rate=2910.0/s
   [chamber-stage 19/27] tested=187097 remaining=27589 elapsed=64s rate=2912.3/s
   [chamber-stage 19/27] tested=187297 remaining=27389 elapsed=64s rate=2914.9/s
   [chamber-stage 19/27] tested=187497 remaining=27189 elapsed=64s rate=2916.9/s
   [chamber-stage 19/27] tested=187697 remaining=26989 elapsed=64s rate=2918.7/s
   [chamber-stage 19/27] tested=187897 remaining=26789 elapsed=64s rate=2921.1/s
   [chamber-stage 19/27] tested=188097 remaining=26589 elapsed=64s rate=2923.7/s
   [chamber-stage 19/27] tested=188297 remaining=26389 elapsed=64s rate=2926.4/s
   [chamber-stage 19/27] tested=188497 remaining=26189 elapsed=64s rate=2928.9/s
   [chamber-stage 19/27] tested=188697 remaining=25989 elapsed=64s rate=2931.3/s
   [chamber-stage 19/27] tested=188897 remaining=25789 elapsed=64s rate=2933.8/s
   [chamber-stage 19/27] tested=189097 remaining=25589 elapsed=64s rate=2936.2/s
   [chamber-stage 19/27] tested=189297 remaining=25389 elapsed=64s rate=2938.7/s
   [chamber-stage 19/27] tested=189497 remaining=25189 elapsed=64s rate=2941.1/s
   [chamber-stage 19/27] tested=189697 remaining=24989 elapsed=64s rate=2943.5/s
   [chamber-stage 19/27] tested=189897 remaining=24789 elapsed=64s rate=2946.0/s
   [chamber-stage 19/27] tested=190097 remaining=24589 elapsed=64s rate=2948.1/s
   [chamber-stage 19/27] tested=190297 remaining=24389 elapsed=65s rate=2950.3/s
   [chamber-stage 19/27] tested=190497 remaining=24189 elapsed=65s rate=2952.8/s
   [chamber-stage 19/27] tested=190697 remaining=23989 elapsed=65s rate=2955.0/s
   [chamber-stage 19/27] tested=190897 remaining=23789 elapsed=65s rate=2957.5/s
   [chamber-stage 19/27] tested=191097 remaining=23589 elapsed=65s rate=2959.8/s
   [chamber-stage 19/27] tested=191297 remaining=23389 elapsed=65s rate=2961.9/s
   [chamber-stage 19/27] tested=191497 remaining=23189 elapsed=65s rate=2964.1/s
   [chamber-stage 19/27] tested=191697 remaining=22989 elapsed=65s rate=2966.3/s
   [chamber-stage 19/27] tested=191897 remaining=22789 elapsed=65s rate=2967.8/s
   [chamber-stage 19/27] tested=192097 remaining=22589 elapsed=65s rate=2970.0/s
   [chamber-stage 19/27] tested=192297 remaining=22389 elapsed=65s rate=2972.1/s
   [chamber-stage 19/27] tested=192497 remaining=22189 elapsed=65s rate=2974.5/s
   [chamber-stage 19/27] tested=192697 remaining=21989 elapsed=65s rate=2976.3/s
   [chamber-stage 19/27] tested=192897 remaining=21789 elapsed=65s rate=2978.8/s
   [chamber-stage 19/27] tested=193097 remaining=21589 elapsed=65s rate=2981.0/s
   [chamber-stage 19/27] tested=193297 remaining=21389 elapsed=65s rate=2983.5/s
   [chamber-stage 19/27] tested=193497 remaining=21189 elapsed=65s rate=2985.7/s
   [chamber-stage 19/27] tested=193697 remaining=20989 elapsed=65s rate=2988.1/s
   [chamber-stage 19/27] tested=193897 remaining=20789 elapsed=65s rate=2990.5/s
   [chamber-stage 19/27] tested=194097 remaining=20589 elapsed=65s rate=2992.7/s
   [chamber-stage 19/27] tested=194297 remaining=20389 elapsed=65s rate=2995.3/s
   [chamber-stage 19/27] tested=194497 remaining=20189 elapsed=65s rate=2997.1/s
   [chamber-stage 19/27] tested=194697 remaining=19989 elapsed=65s rate=2999.5/s
   [chamber-stage 19/27] tested=194897 remaining=19789 elapsed=65s rate=3002.0/s
   [chamber-stage 19/27] tested=195097 remaining=19589 elapsed=65s rate=3004.2/s
   [chamber-stage 19/27] tested=195297 remaining=19389 elapsed=65s rate=3006.7/s
   [chamber-stage 19/27] tested=195497 remaining=19189 elapsed=65s rate=3008.8/s
   [chamber-stage 19/27] tested=195697 remaining=18989 elapsed=65s rate=3011.0/s
   [chamber-stage 19/27] tested=195897 remaining=18789 elapsed=65s rate=3013.6/s
   [chamber-stage 19/27] tested=196097 remaining=18589 elapsed=65s rate=3016.2/s
   [chamber-stage 19/27] tested=196297 remaining=18389 elapsed=65s rate=3018.9/s
   [chamber-stage 19/27] tested=196497 remaining=18189 elapsed=65s rate=3020.8/s
   [chamber-stage 19/27] tested=196697 remaining=17989 elapsed=65s rate=3023.1/s
   [chamber-stage 19/27] tested=196897 remaining=17789 elapsed=65s rate=3025.7/s
   [chamber-stage 19/27] tested=197097 remaining=17589 elapsed=65s rate=3027.5/s
   [chamber-stage 19/27] tested=197297 remaining=17389 elapsed=65s rate=3030.1/s
   [chamber-stage 19/27] tested=197497 remaining=17189 elapsed=65s rate=3032.6/s
   [chamber-stage 19/27] tested=197697 remaining=16989 elapsed=65s rate=3032.9/s
   [chamber-stage 19/27] tested=197897 remaining=16789 elapsed=65s rate=3035.3/s
   [chamber-stage 19/27] tested=198097 remaining=16589 elapsed=65s rate=3037.8/s
   [chamber-stage 19/27] tested=198297 remaining=16389 elapsed=65s rate=3040.2/s
   [chamber-stage 19/27] tested=198497 remaining=16189 elapsed=65s rate=3042.7/s
   [chamber-stage 19/27] tested=198697 remaining=15989 elapsed=65s rate=3045.1/s
   [chamber-stage 19/27] tested=198897 remaining=15789 elapsed=65s rate=3047.5/s
   [chamber-stage 19/27] tested=199097 remaining=15589 elapsed=65s rate=3049.8/s
   [chamber-stage 19/27] tested=199297 remaining=15389 elapsed=65s rate=3052.3/s
   [chamber-stage 19/27] tested=199497 remaining=15189 elapsed=65s rate=3054.8/s
   [chamber-stage 19/27] tested=199697 remaining=14989 elapsed=65s rate=3057.4/s
   [chamber-stage 19/27] tested=199897 remaining=14789 elapsed=65s rate=3059.8/s
   [chamber-stage 19/27] tested=200097 remaining=14589 elapsed=65s rate=3062.5/s
   [chamber-stage 19/27] tested=200297 remaining=14389 elapsed=65s rate=3065.1/s
   [chamber-stage 19/27] tested=200497 remaining=14189 elapsed=65s rate=3067.4/s
   [chamber-stage 19/27] tested=200697 remaining=13989 elapsed=65s rate=3070.1/s
   [chamber-stage 19/27] tested=200897 remaining=13789 elapsed=65s rate=3072.5/s
   [chamber-stage 19/27] tested=201097 remaining=13589 elapsed=65s rate=3074.7/s
   [chamber-stage 19/27] tested=201297 remaining=13389 elapsed=65s rate=3077.0/s
   [chamber-stage 19/27] tested=201497 remaining=13189 elapsed=65s rate=3079.4/s
   [chamber-stage 19/27] tested=201697 remaining=12989 elapsed=65s rate=3081.4/s
   [chamber-stage 19/27] tested=201897 remaining=12789 elapsed=65s rate=3083.5/s
   [chamber-stage 19/27] tested=202097 remaining=12589 elapsed=65s rate=3085.9/s
   [chamber-stage 19/27] tested=202297 remaining=12389 elapsed=66s rate=3088.1/s
   [chamber-stage 19/27] tested=202497 remaining=12189 elapsed=66s rate=3090.1/s
   [chamber-stage 19/27] tested=202697 remaining=11989 elapsed=66s rate=3092.4/s
   [chamber-stage 19/27] tested=202897 remaining=11789 elapsed=66s rate=3094.5/s
   [chamber-stage 19/27] tested=203097 remaining=11589 elapsed=66s rate=3097.2/s
   [chamber-stage 19/27] tested=203297 remaining=11389 elapsed=66s rate=3099.7/s
   [chamber-stage 19/27] tested=203497 remaining=11189 elapsed=66s rate=3101.9/s
   [chamber-stage 19/27] tested=203697 remaining=10989 elapsed=66s rate=3104.3/s
   [chamber-stage 19/27] tested=203897 remaining=10789 elapsed=66s rate=3106.7/s
   [chamber-stage 19/27] tested=204097 remaining=10589 elapsed=66s rate=3109.3/s
   [chamber-stage 19/27] tested=204297 remaining=10389 elapsed=66s rate=3111.5/s
   [chamber-stage 19/27] tested=204497 remaining=10189 elapsed=66s rate=3113.9/s
   [chamber-stage 19/27] tested=204697 remaining=9989 elapsed=66s rate=3116.5/s
   [chamber-stage 19/27] tested=204897 remaining=9789 elapsed=66s rate=3118.7/s
   [chamber-stage 19/27] tested=205097 remaining=9589 elapsed=66s rate=3121.0/s
   [chamber-stage 19/27] tested=205297 remaining=9389 elapsed=66s rate=3123.5/s
   [chamber-stage 19/27] tested=205497 remaining=9189 elapsed=66s rate=3126.0/s
   [chamber-stage 19/27] tested=205697 remaining=8989 elapsed=66s rate=3128.1/s
   [chamber-stage 19/27] tested=205897 remaining=8789 elapsed=66s rate=3130.3/s
   [chamber-stage 19/27] tested=206097 remaining=8589 elapsed=66s rate=3132.8/s
   [chamber-stage 19/27] tested=206297 remaining=8389 elapsed=66s rate=3135.1/s
   [chamber-stage 19/27] tested=206497 remaining=8189 elapsed=66s rate=3137.3/s
   [chamber-stage 19/27] tested=206697 remaining=7989 elapsed=66s rate=3133.4/s
   [chamber-stage 19/27] tested=206897 remaining=7789 elapsed=66s rate=3136.0/s
   [chamber-stage 19/27] tested=207097 remaining=7589 elapsed=66s rate=3138.6/s
   [chamber-stage 19/27] tested=207297 remaining=7389 elapsed=66s rate=3141.0/s
   [chamber-stage 19/27] tested=207497 remaining=7189 elapsed=66s rate=3143.6/s
   [chamber-stage 19/27] tested=207697 remaining=6989 elapsed=66s rate=3146.1/s
   [chamber-stage 19/27] tested=207897 remaining=6789 elapsed=66s rate=3148.7/s
   [chamber-stage 19/27] tested=208097 remaining=6589 elapsed=66s rate=3151.2/s
   [chamber-stage 19/27] tested=208297 remaining=6389 elapsed=66s rate=3153.8/s
   [chamber-stage 19/27] tested=208497 remaining=6189 elapsed=66s rate=3156.4/s
   [chamber-stage 19/27] tested=208697 remaining=5989 elapsed=66s rate=3158.8/s
   [chamber-stage 19/27] tested=208897 remaining=5789 elapsed=66s rate=3161.5/s
   [chamber-stage 19/27] tested=209097 remaining=5589 elapsed=66s rate=3164.0/s
   [chamber-stage 19/27] tested=209297 remaining=5389 elapsed=66s rate=3166.4/s
   [chamber-stage 19/27] tested=209497 remaining=5189 elapsed=66s rate=3169.0/s
   [chamber-stage 19/27] tested=209697 remaining=4989 elapsed=66s rate=3171.4/s
   [chamber-stage 19/27] tested=209897 remaining=4789 elapsed=66s rate=3173.6/s
   [chamber-stage 19/27] tested=210097 remaining=4589 elapsed=66s rate=3175.9/s
   [chamber-stage 19/27] tested=210297 remaining=4389 elapsed=66s rate=3178.1/s
   [chamber-stage 19/27] tested=210497 remaining=4189 elapsed=66s rate=3180.6/s
   [chamber-stage 19/27] tested=210697 remaining=3989 elapsed=66s rate=3183.0/s
   [chamber-stage 19/27] tested=210897 remaining=3789 elapsed=66s rate=3185.5/s
   [chamber-stage 19/27] tested=211097 remaining=3589 elapsed=66s rate=3187.9/s
   [chamber-stage 19/27] tested=211297 remaining=3389 elapsed=66s rate=3190.4/s
   [chamber-stage 19/27] tested=211497 remaining=3189 elapsed=66s rate=3193.0/s
   [chamber-stage 19/27] tested=211697 remaining=2989 elapsed=66s rate=3195.4/s
   [chamber-stage 19/27] tested=211897 remaining=2789 elapsed=66s rate=3198.0/s
   [chamber-stage 19/27] tested=212097 remaining=2589 elapsed=66s rate=3200.5/s
   [chamber-stage 19/27] tested=212297 remaining=2389 elapsed=66s rate=3203.0/s
   [chamber-stage 19/27] tested=212497 remaining=2189 elapsed=66s rate=3205.6/s
   [chamber-stage 19/27] tested=212697 remaining=1989 elapsed=66s rate=3208.2/s
   [chamber-stage 19/27] tested=212897 remaining=1789 elapsed=66s rate=3210.7/s
   [chamber-stage 19/27] tested=213097 remaining=1589 elapsed=66s rate=3213.2/s
   [chamber-stage 19/27] tested=213297 remaining=1389 elapsed=66s rate=3215.8/s
   [chamber-stage 19/27] tested=213497 remaining=1189 elapsed=66s rate=3218.3/s
   [chamber-stage 19/27] tested=213697 remaining=989 elapsed=66s rate=3220.6/s
   [chamber-stage 19/27] tested=213897 remaining=789 elapsed=66s rate=3223.2/s
   [chamber-stage 19/27] tested=214097 remaining=589 elapsed=66s rate=3225.7/s
   [chamber-stage 19/27] tested=214297 remaining=389 elapsed=66s rate=3228.3/s
   [chamber-stage 19/27] tested=214497 remaining=189 elapsed=66s rate=3230.9/s
