727: 27 walls, rank 14 of 15 | Zaslavsky bound 77,509,464
extrapolated actual 14M-36M chambers; this run may not finish, and that is expected -- partial output is the deliverable
727-chambers: 27 walls, rank 14, ambient 15 -- Zaslavsky/Buck chamber bound 77509464
   restart: 0 candidates already checkpointed in ckpt_727
   4 workers forked
   [chamber-stage 8/27] tested=454 remaining=56 elapsed=0s rate=2744.1/s
   [chamber-stage 9/27] tested=710 remaining=184 elapsed=0s rate=2638.6/s
   [chamber-stage 10/27] tested=1094 remaining=472 elapsed=0s rate=2237.1/s
   [chamber-stage 10/27] tested=1294 remaining=272 elapsed=0s rate=2610.2/s
   [chamber-stage 10/27] tested=1494 remaining=72 elapsed=1s rate=2974.9/s
   [chamber-stage 11/27] tested=1766 remaining=760 elapsed=1s rate=2296.1/s
   [chamber-stage 11/27] tested=1966 remaining=560 elapsed=1s rate=1898.5/s
   [chamber-stage 11/27] tested=2166 remaining=360 elapsed=1s rate=2077.1/s
   [chamber-stage 11/27] tested=2366 remaining=160 elapsed=1s rate=2256.4/s
   [chamber-stage 12/27] tested=2726 remaining=1144 elapsed=1s rate=2071.5/s
   [chamber-stage 12/27] tested=2926 remaining=944 elapsed=2s rate=1711.4/s
   [chamber-stage 12/27] tested=3126 remaining=744 elapsed=2s rate=1820.6/s
   [chamber-stage 12/27] tested=3326 remaining=544 elapsed=2s rate=1927.9/s
   [chamber-stage 12/27] tested=3526 remaining=344 elapsed=2s rate=2035.2/s
   [chamber-stage 12/27] tested=3726 remaining=144 elapsed=2s rate=2140.8/s
   [chamber-stage 13/27] tested=4070 remaining=2488 elapsed=2s rate=2085.9/s
   [chamber-stage 13/27] tested=4270 remaining=2288 elapsed=2s rate=2046.9/s
   [chamber-stage 13/27] tested=4470 remaining=2088 elapsed=2s rate=1852.3/s
   [chamber-stage 13/27] tested=4670 remaining=1888 elapsed=3s rate=1762.9/s
   [chamber-stage 13/27] tested=4870 remaining=1688 elapsed=3s rate=1654.9/s
   [chamber-stage 13/27] tested=5070 remaining=1488 elapsed=3s rate=1591.6/s
   [chamber-stage 13/27] tested=5270 remaining=1288 elapsed=3s rate=1645.7/s
   [chamber-stage 13/27] tested=5470 remaining=1088 elapsed=3s rate=1703.6/s
   [chamber-stage 13/27] tested=5670 remaining=888 elapsed=3s rate=1761.7/s
   [chamber-stage 13/27] tested=5870 remaining=688 elapsed=3s rate=1819.1/s
   [chamber-stage 13/27] tested=6070 remaining=488 elapsed=3s rate=1876.9/s
   [chamber-stage 13/27] tested=6270 remaining=288 elapsed=3s rate=1932.6/s
   [chamber-stage 13/27] tested=6470 remaining=88 elapsed=3s rate=1990.3/s
   [chamber-stage 14/27] tested=6758 remaining=5176 elapsed=3s rate=1934.1/s
   [chamber-stage 14/27] tested=6958 remaining=4976 elapsed=4s rate=1819.8/s
   [chamber-stage 14/27] tested=7158 remaining=4776 elapsed=4s rate=1720.4/s
   [chamber-stage 14/27] tested=7358 remaining=4576 elapsed=5s rate=1616.5/s
   [chamber-stage 14/27] tested=7558 remaining=4376 elapsed=5s rate=1528.7/s
   [chamber-stage 14/27] tested=7758 remaining=4176 elapsed=5s rate=1453.7/s
   [chamber-stage 14/27] tested=7958 remaining=3976 elapsed=6s rate=1393.8/s
   [chamber-stage 14/27] tested=8158 remaining=3776 elapsed=6s rate=1349.0/s
   [chamber-stage 14/27] tested=8358 remaining=3576 elapsed=6s rate=1304.0/s
   [chamber-stage 14/27] tested=8558 remaining=3376 elapsed=6s rate=1325.5/s
   [chamber-stage 14/27] tested=8758 remaining=3176 elapsed=6s rate=1354.8/s
   [chamber-stage 14/27] tested=8958 remaining=2976 elapsed=6s rate=1383.4/s
   [chamber-stage 14/27] tested=9158 remaining=2776 elapsed=6s rate=1411.2/s
   [chamber-stage 14/27] tested=9358 remaining=2576 elapsed=7s rate=1434.9/s
   [chamber-stage 14/27] tested=9558 remaining=2376 elapsed=7s rate=1463.6/s
   [chamber-stage 14/27] tested=9758 remaining=2176 elapsed=7s rate=1492.7/s
   [chamber-stage 14/27] tested=9958 remaining=1976 elapsed=7s rate=1521.3/s
   [chamber-stage 14/27] tested=10158 remaining=1776 elapsed=7s rate=1549.8/s
   [chamber-stage 14/27] tested=10358 remaining=1576 elapsed=7s rate=1578.5/s
   [chamber-stage 14/27] tested=10558 remaining=1376 elapsed=7s rate=1607.3/s
   [chamber-stage 14/27] tested=10758 remaining=1176 elapsed=7s rate=1635.9/s
   [chamber-stage 14/27] tested=10958 remaining=976 elapsed=7s rate=1664.3/s
   [chamber-stage 14/27] tested=11158 remaining=776 elapsed=7s rate=1692.9/s
   [chamber-stage 14/27] tested=11358 remaining=576 elapsed=7s rate=1721.4/s
   [chamber-stage 14/27] tested=11558 remaining=376 elapsed=7s rate=1749.9/s
   [chamber-stage 14/27] tested=11758 remaining=176 elapsed=7s rate=1778.3/s
   [chamber-stage 15/27] tested=12134 remaining=10552 elapsed=7s rate=1714.4/s
   [chamber-stage 15/27] tested=12334 remaining=10352 elapsed=8s rate=1627.4/s
   [chamber-stage 15/27] tested=12534 remaining=10152 elapsed=8s rate=1568.6/s
   [chamber-stage 15/27] tested=12734 remaining=9952 elapsed=8s rate=1519.8/s
   [chamber-stage 15/27] tested=12934 remaining=9752 elapsed=9s rate=1467.2/s
   [chamber-stage 15/27] tested=13134 remaining=9552 elapsed=9s rate=1404.3/s
   [chamber-stage 15/27] tested=13334 remaining=9352 elapsed=10s rate=1347.2/s
   [chamber-stage 15/27] tested=13534 remaining=9152 elapsed=10s rate=1296.2/s
   [chamber-stage 15/27] tested=13734 remaining=8952 elapsed=11s rate=1265.3/s
   [chamber-stage 15/27] tested=13934 remaining=8752 elapsed=11s rate=1225.8/s
   [chamber-stage 15/27] tested=14134 remaining=8552 elapsed=12s rate=1184.7/s
   [chamber-stage 15/27] tested=14334 remaining=8352 elapsed=12s rate=1148.5/s
   [chamber-stage 15/27] tested=14534 remaining=8152 elapsed=13s rate=1117.0/s
   [chamber-stage 15/27] tested=14734 remaining=7952 elapsed=13s rate=1099.7/s
   [chamber-stage 15/27] tested=14934 remaining=7752 elapsed=14s rate=1077.2/s
   [chamber-stage 15/27] tested=15134 remaining=7552 elapsed=14s rate=1067.1/s
   [chamber-stage 15/27] tested=15334 remaining=7352 elapsed=14s rate=1080.3/s
   [chamber-stage 15/27] tested=15534 remaining=7152 elapsed=14s rate=1093.5/s
   [chamber-stage 15/27] tested=15734 remaining=6952 elapsed=14s rate=1106.9/s
   [chamber-stage 15/27] tested=15934 remaining=6752 elapsed=14s rate=1120.3/s
   [chamber-stage 15/27] tested=16134 remaining=6552 elapsed=14s rate=1133.8/s
   [chamber-stage 15/27] tested=16334 remaining=6352 elapsed=14s rate=1147.2/s
   [chamber-stage 15/27] tested=16534 remaining=6152 elapsed=14s rate=1160.5/s
   [chamber-stage 15/27] tested=16734 remaining=5952 elapsed=14s rate=1173.9/s
   [chamber-stage 15/27] tested=16934 remaining=5752 elapsed=14s rate=1187.3/s
   [chamber-stage 15/27] tested=17134 remaining=5552 elapsed=14s rate=1200.8/s
   [chamber-stage 15/27] tested=17334 remaining=5352 elapsed=14s rate=1214.1/s
   [chamber-stage 15/27] tested=17534 remaining=5152 elapsed=14s rate=1227.5/s
   [chamber-stage 15/27] tested=17734 remaining=4952 elapsed=14s rate=1240.9/s
   [chamber-stage 15/27] tested=17934 remaining=4752 elapsed=14s rate=1254.3/s
   [chamber-stage 15/27] tested=18134 remaining=4552 elapsed=14s rate=1267.6/s
   [chamber-stage 15/27] tested=18334 remaining=4352 elapsed=14s rate=1279.4/s
   [chamber-stage 15/27] tested=18534 remaining=4152 elapsed=14s rate=1292.7/s
   [chamber-stage 15/27] tested=18734 remaining=3952 elapsed=14s rate=1305.9/s
   [chamber-stage 15/27] tested=18934 remaining=3752 elapsed=14s rate=1319.2/s
   [chamber-stage 15/27] tested=19134 remaining=3552 elapsed=14s rate=1332.4/s
   [chamber-stage 15/27] tested=19334 remaining=3352 elapsed=14s rate=1345.7/s
   [chamber-stage 15/27] tested=19534 remaining=3152 elapsed=14s rate=1358.9/s
   [chamber-stage 15/27] tested=19734 remaining=2952 elapsed=14s rate=1372.2/s
   [chamber-stage 15/27] tested=19934 remaining=2752 elapsed=14s rate=1385.4/s
   [chamber-stage 15/27] tested=20134 remaining=2552 elapsed=14s rate=1398.6/s
   [chamber-stage 15/27] tested=20334 remaining=2352 elapsed=14s rate=1411.8/s
   [chamber-stage 15/27] tested=20534 remaining=2152 elapsed=14s rate=1424.9/s
   [chamber-stage 15/27] tested=20734 remaining=1952 elapsed=14s rate=1438.1/s
   [chamber-stage 15/27] tested=20934 remaining=1752 elapsed=14s rate=1451.2/s
   [chamber-stage 15/27] tested=21134 remaining=1552 elapsed=14s rate=1464.3/s
   [chamber-stage 15/27] tested=21334 remaining=1352 elapsed=14s rate=1476.7/s
   [chamber-stage 15/27] tested=21534 remaining=1152 elapsed=14s rate=1489.8/s
   [chamber-stage 15/27] tested=21734 remaining=952 elapsed=14s rate=1502.8/s
   [chamber-stage 15/27] tested=21934 remaining=752 elapsed=14s rate=1515.7/s
   [chamber-stage 15/27] tested=22134 remaining=552 elapsed=14s rate=1528.8/s
   [chamber-stage 15/27] tested=22334 remaining=352 elapsed=14s rate=1541.8/s
   [chamber-stage 15/27] tested=22534 remaining=152 elapsed=14s rate=1554.8/s
   [chamber-stage 16/27] tested=22886 remaining=21304 elapsed=15s rate=1528.5/s
   [chamber-stage 16/27] tested=23086 remaining=21104 elapsed=16s rate=1474.3/s
   [chamber-stage 16/27] tested=23286 remaining=20904 elapsed=16s rate=1417.0/s
   [chamber-stage 16/27] tested=23486 remaining=20704 elapsed=17s rate=1367.7/s
   [chamber-stage 16/27] tested=23686 remaining=20504 elapsed=18s rate=1322.7/s
   [chamber-stage 16/27] tested=23886 remaining=20304 elapsed=18s rate=1297.6/s
   [chamber-stage 16/27] tested=24086 remaining=20104 elapsed=19s rate=1269.8/s
   [chamber-stage 16/27] tested=24286 remaining=19904 elapsed=20s rate=1238.7/s
   [chamber-stage 16/27] tested=24486 remaining=19704 elapsed=20s rate=1206.4/s
   [chamber-stage 16/27] tested=24686 remaining=19504 elapsed=21s rate=1176.8/s
   [chamber-stage 16/27] tested=24886 remaining=19304 elapsed=22s rate=1151.8/s
   [chamber-stage 16/27] tested=25086 remaining=19104 elapsed=22s rate=1132.8/s
   [chamber-stage 16/27] tested=25286 remaining=18904 elapsed=23s rate=1109.4/s
   [chamber-stage 16/27] tested=25486 remaining=18704 elapsed=24s rate=1079.8/s
   [chamber-stage 16/27] tested=25686 remaining=18504 elapsed=24s rate=1067.0/s
   [chamber-stage 16/27] tested=25886 remaining=18304 elapsed=25s rate=1055.4/s
   [chamber-stage 16/27] tested=26086 remaining=18104 elapsed=25s rate=1042.1/s
   [chamber-stage 16/27] tested=26286 remaining=17904 elapsed=26s rate=1021.2/s
   [chamber-stage 16/27] tested=26486 remaining=17704 elapsed=26s rate=1006.2/s
   [chamber-stage 16/27] tested=26686 remaining=17504 elapsed=27s rate=985.8/s
   [chamber-stage 16/27] tested=26886 remaining=17304 elapsed=28s rate=966.7/s
   [chamber-stage 16/27] tested=27086 remaining=17104 elapsed=28s rate=952.5/s
   [chamber-stage 16/27] tested=27286 remaining=16904 elapsed=29s rate=939.8/s
   [chamber-stage 16/27] tested=27486 remaining=16704 elapsed=29s rate=934.0/s
   [chamber-stage 16/27] tested=27686 remaining=16504 elapsed=30s rate=924.5/s
   [chamber-stage 16/27] tested=27886 remaining=16304 elapsed=31s rate=913.5/s
   [chamber-stage 16/27] tested=28086 remaining=16104 elapsed=31s rate=907.2/s
   [chamber-stage 16/27] tested=28286 remaining=15904 elapsed=32s rate=895.1/s
   [chamber-stage 16/27] tested=28486 remaining=15704 elapsed=32s rate=882.2/s
   [chamber-stage 16/27] tested=28686 remaining=15504 elapsed=33s rate=878.1/s
   [chamber-stage 16/27] tested=28886 remaining=15304 elapsed=33s rate=866.8/s
   [chamber-stage 16/27] tested=29086 remaining=15104 elapsed=34s rate=858.0/s
   [chamber-stage 16/27] tested=29286 remaining=14904 elapsed=34s rate=863.7/s
   [chamber-stage 16/27] tested=29486 remaining=14704 elapsed=34s rate=869.5/s
   [chamber-stage 16/27] tested=29686 remaining=14504 elapsed=34s rate=875.2/s
   [chamber-stage 16/27] tested=29886 remaining=14304 elapsed=34s rate=881.0/s
   [chamber-stage 16/27] tested=30086 remaining=14104 elapsed=34s rate=886.7/s
   [chamber-stage 16/27] tested=30286 remaining=13904 elapsed=34s rate=892.5/s
   [chamber-stage 16/27] tested=30486 remaining=13704 elapsed=34s rate=898.2/s
   [chamber-stage 16/27] tested=30686 remaining=13504 elapsed=34s rate=904.0/s
   [chamber-stage 16/27] tested=30886 remaining=13304 elapsed=34s rate=909.7/s
   [chamber-stage 16/27] tested=31086 remaining=13104 elapsed=34s rate=915.3/s
   [chamber-stage 16/27] tested=31286 remaining=12904 elapsed=34s rate=921.0/s
   [chamber-stage 16/27] tested=31486 remaining=12704 elapsed=34s rate=926.7/s
   [chamber-stage 16/27] tested=31686 remaining=12504 elapsed=34s rate=932.4/s
   [chamber-stage 16/27] tested=31886 remaining=12304 elapsed=34s rate=938.1/s
   [chamber-stage 16/27] tested=32086 remaining=12104 elapsed=34s rate=943.8/s
   [chamber-stage 16/27] tested=32286 remaining=11904 elapsed=34s rate=949.5/s
   [chamber-stage 16/27] tested=32486 remaining=11704 elapsed=34s rate=955.2/s
   [chamber-stage 16/27] tested=32686 remaining=11504 elapsed=34s rate=960.9/s
   [chamber-stage 16/27] tested=32886 remaining=11304 elapsed=34s rate=966.6/s
   [chamber-stage 16/27] tested=33086 remaining=11104 elapsed=34s rate=972.3/s
   [chamber-stage 16/27] tested=33286 remaining=10904 elapsed=34s rate=978.0/s
   [chamber-stage 16/27] tested=33486 remaining=10704 elapsed=34s rate=983.7/s
   [chamber-stage 16/27] tested=33686 remaining=10504 elapsed=34s rate=989.4/s
   [chamber-stage 16/27] tested=33886 remaining=10304 elapsed=34s rate=995.0/s
   [chamber-stage 16/27] tested=34086 remaining=10104 elapsed=34s rate=1000.7/s
   [chamber-stage 16/27] tested=34286 remaining=9904 elapsed=34s rate=1006.3/s
   [chamber-stage 16/27] tested=34486 remaining=9704 elapsed=34s rate=1012.0/s
   [chamber-stage 16/27] tested=34686 remaining=9504 elapsed=34s rate=1017.7/s
   [chamber-stage 16/27] tested=34886 remaining=9304 elapsed=34s rate=1023.3/s
   [chamber-stage 16/27] tested=35086 remaining=9104 elapsed=34s rate=1029.0/s
   [chamber-stage 16/27] tested=35286 remaining=8904 elapsed=34s rate=1034.7/s
   [chamber-stage 16/27] tested=35486 remaining=8704 elapsed=34s rate=1040.3/s
   [chamber-stage 16/27] tested=35686 remaining=8504 elapsed=34s rate=1046.0/s
   [chamber-stage 16/27] tested=35886 remaining=8304 elapsed=34s rate=1051.7/s
   [chamber-stage 16/27] tested=36086 remaining=8104 elapsed=34s rate=1057.4/s
   [chamber-stage 16/27] tested=36286 remaining=7904 elapsed=34s rate=1063.0/s
   [chamber-stage 16/27] tested=36486 remaining=7704 elapsed=34s rate=1068.7/s
   [chamber-stage 16/27] tested=36686 remaining=7504 elapsed=34s rate=1074.4/s
   [chamber-stage 16/27] tested=36886 remaining=7304 elapsed=34s rate=1080.0/s
   [chamber-stage 16/27] tested=37086 remaining=7104 elapsed=34s rate=1085.7/s
   [chamber-stage 16/27] tested=37286 remaining=6904 elapsed=34s rate=1091.4/s
   [chamber-stage 16/27] tested=37486 remaining=6704 elapsed=34s rate=1097.1/s
   [chamber-stage 16/27] tested=37686 remaining=6504 elapsed=34s rate=1102.7/s
   [chamber-stage 16/27] tested=37886 remaining=6304 elapsed=34s rate=1108.4/s
   [chamber-stage 16/27] tested=38086 remaining=6104 elapsed=34s rate=1114.1/s
   [chamber-stage 16/27] tested=38286 remaining=5904 elapsed=34s rate=1119.7/s
   [chamber-stage 16/27] tested=38486 remaining=5704 elapsed=34s rate=1125.4/s
   [chamber-stage 16/27] tested=38686 remaining=5504 elapsed=34s rate=1131.0/s
   [chamber-stage 16/27] tested=38886 remaining=5304 elapsed=34s rate=1136.7/s
   [chamber-stage 16/27] tested=39086 remaining=5104 elapsed=34s rate=1142.4/s
   [chamber-stage 16/27] tested=39286 remaining=4904 elapsed=34s rate=1148.0/s
   [chamber-stage 16/27] tested=39486 remaining=4704 elapsed=34s rate=1153.6/s
   [chamber-stage 16/27] tested=39686 remaining=4504 elapsed=34s rate=1159.3/s
   [chamber-stage 16/27] tested=39886 remaining=4304 elapsed=34s rate=1164.9/s
   [chamber-stage 16/27] tested=40086 remaining=4104 elapsed=34s rate=1170.5/s
   [chamber-stage 16/27] tested=40286 remaining=3904 elapsed=34s rate=1176.2/s
   [chamber-stage 16/27] tested=40486 remaining=3704 elapsed=34s rate=1181.8/s
   [chamber-stage 16/27] tested=40686 remaining=3504 elapsed=34s rate=1187.5/s
   [chamber-stage 16/27] tested=40886 remaining=3304 elapsed=34s rate=1193.2/s
   [chamber-stage 16/27] tested=41086 remaining=3104 elapsed=34s rate=1198.8/s
   [chamber-stage 16/27] tested=41286 remaining=2904 elapsed=34s rate=1204.4/s
   [chamber-stage 16/27] tested=41486 remaining=2704 elapsed=34s rate=1210.1/s
   [chamber-stage 16/27] tested=41686 remaining=2504 elapsed=34s rate=1215.6/s
   [chamber-stage 16/27] tested=41886 remaining=2304 elapsed=34s rate=1221.2/s
   [chamber-stage 16/27] tested=42086 remaining=2104 elapsed=34s rate=1225.8/s
   [chamber-stage 16/27] tested=42286 remaining=1904 elapsed=34s rate=1231.4/s
   [chamber-stage 16/27] tested=42486 remaining=1704 elapsed=34s rate=1237.0/s
   [chamber-stage 16/27] tested=42686 remaining=1504 elapsed=34s rate=1242.6/s
   [chamber-stage 16/27] tested=42886 remaining=1304 elapsed=34s rate=1248.2/s
   [chamber-stage 16/27] tested=43086 remaining=1104 elapsed=34s rate=1253.8/s
   [chamber-stage 16/27] tested=43286 remaining=904 elapsed=34s rate=1259.4/s
   [chamber-stage 16/27] tested=43486 remaining=704 elapsed=34s rate=1264.9/s
   [chamber-stage 16/27] tested=43686 remaining=504 elapsed=34s rate=1270.5/s
   [chamber-stage 16/27] tested=43886 remaining=304 elapsed=34s rate=1276.0/s
   [chamber-stage 16/27] tested=44086 remaining=104 elapsed=34s rate=1281.6/s
   [chamber-stage 17/27] tested=44390 remaining=32056 elapsed=35s rate=1274.4/s
   [chamber-stage 17/27] tested=44590 remaining=31856 elapsed=36s rate=1248.4/s
   [chamber-stage 17/27] tested=44790 remaining=31656 elapsed=36s rate=1232.2/s
   [chamber-stage 17/27] tested=44990 remaining=31456 elapsed=37s rate=1204.9/s
   [chamber-stage 17/27] tested=45190 remaining=31256 elapsed=38s rate=1192.7/s
   [chamber-stage 17/27] tested=45390 remaining=31056 elapsed=39s rate=1168.0/s
   [chamber-stage 17/27] tested=45590 remaining=30856 elapsed=40s rate=1153.7/s
   [chamber-stage 17/27] tested=45790 remaining=30656 elapsed=40s rate=1134.1/s
   [chamber-stage 17/27] tested=45990 remaining=30456 elapsed=41s rate=1121.8/s
   [chamber-stage 17/27] tested=46190 remaining=30256 elapsed=41s rate=1113.9/s
   [chamber-stage 17/27] tested=46390 remaining=30056 elapsed=42s rate=1098.0/s
   [chamber-stage 17/27] tested=46590 remaining=29856 elapsed=43s rate=1088.1/s
   [chamber-stage 17/27] tested=46790 remaining=29656 elapsed=44s rate=1062.2/s
   [chamber-stage 17/27] tested=46990 remaining=29456 elapsed=45s rate=1042.8/s
   [chamber-stage 17/27] tested=47190 remaining=29256 elapsed=46s rate=1026.1/s
   [chamber-stage 17/27] tested=47390 remaining=29056 elapsed=47s rate=1013.6/s
   [chamber-stage 17/27] tested=47590 remaining=28856 elapsed=47s rate=1003.3/s
   [chamber-stage 17/27] tested=47790 remaining=28656 elapsed=48s rate=988.4/s
   [chamber-stage 17/27] tested=47990 remaining=28456 elapsed=49s rate=982.2/s
   [chamber-stage 17/27] tested=48190 remaining=28256 elapsed=50s rate=971.5/s
   [chamber-stage 17/27] tested=48390 remaining=28056 elapsed=50s rate=964.8/s
   [chamber-stage 17/27] tested=48590 remaining=27856 elapsed=51s rate=955.2/s
   [chamber-stage 17/27] tested=48790 remaining=27656 elapsed=52s rate=944.5/s
   [chamber-stage 17/27] tested=48990 remaining=27456 elapsed=52s rate=939.3/s
   [chamber-stage 17/27] tested=49190 remaining=27256 elapsed=53s rate=928.0/s
   [chamber-stage 17/27] tested=49390 remaining=27056 elapsed=53s rate=923.8/s
   [chamber-stage 17/27] tested=49590 remaining=26856 elapsed=54s rate=915.6/s
   [chamber-stage 17/27] tested=49790 remaining=26656 elapsed=55s rate=911.0/s
   [chamber-stage 17/27] tested=49990 remaining=26456 elapsed=55s rate=905.9/s
   [chamber-stage 17/27] tested=50190 remaining=26256 elapsed=56s rate=902.8/s
   [chamber-stage 17/27] tested=50390 remaining=26056 elapsed=56s rate=900.1/s
   [chamber-stage 17/27] tested=50590 remaining=25856 elapsed=56s rate=896.5/s
   [chamber-stage 17/27] tested=50790 remaining=25656 elapsed=57s rate=892.5/s
   [chamber-stage 17/27] tested=50990 remaining=25456 elapsed=58s rate=885.1/s
   [chamber-stage 17/27] tested=51190 remaining=25256 elapsed=58s rate=883.2/s
   [chamber-stage 17/27] tested=51390 remaining=25056 elapsed=59s rate=875.4/s
   [chamber-stage 17/27] tested=51590 remaining=24856 elapsed=59s rate=869.7/s
   [chamber-stage 17/27] tested=51790 remaining=24656 elapsed=60s rate=860.2/s
   [chamber-stage 17/27] tested=51990 remaining=24456 elapsed=61s rate=853.7/s
   [chamber-stage 17/27] tested=52190 remaining=24256 elapsed=62s rate=847.2/s
   [chamber-stage 17/27] tested=52390 remaining=24056 elapsed=62s rate=838.9/s
   [chamber-stage 17/27] tested=52590 remaining=23856 elapsed=63s rate=834.8/s
   [chamber-stage 17/27] tested=52790 remaining=23656 elapsed=64s rate=828.1/s
   [chamber-stage 17/27] tested=52990 remaining=23456 elapsed=64s rate=824.4/s
   [chamber-stage 17/27] tested=53190 remaining=23256 elapsed=65s rate=818.4/s
   [chamber-stage 17/27] tested=53390 remaining=23056 elapsed=66s rate=814.8/s
   [chamber-stage 17/27] tested=53590 remaining=22856 elapsed=66s rate=808.9/s
   [chamber-stage 17/27] tested=53790 remaining=22656 elapsed=67s rate=805.3/s
   [chamber-stage 17/27] tested=53990 remaining=22456 elapsed=68s rate=798.5/s
   [chamber-stage 17/27] tested=54190 remaining=22256 elapsed=68s rate=795.3/s
   [chamber-stage 17/27] tested=54390 remaining=22056 elapsed=69s rate=788.4/s
   [chamber-stage 17/27] tested=54590 remaining=21856 elapsed=70s rate=783.8/s
   [chamber-stage 17/27] tested=54790 remaining=21656 elapsed=70s rate=778.0/s
   [chamber-stage 17/27] tested=54990 remaining=21456 elapsed=71s rate=772.1/s
   [chamber-stage 17/27] tested=55190 remaining=21256 elapsed=72s rate=768.1/s
   [chamber-stage 17/27] tested=55390 remaining=21056 elapsed=73s rate=761.7/s
   [chamber-stage 17/27] tested=55590 remaining=20856 elapsed=73s rate=761.1/s
   [chamber-stage 17/27] tested=55790 remaining=20656 elapsed=73s rate=763.8/s
   [chamber-stage 17/27] tested=55990 remaining=20456 elapsed=73s rate=766.4/s
   [chamber-stage 17/27] tested=56190 remaining=20256 elapsed=73s rate=769.1/s
   [chamber-stage 17/27] tested=56390 remaining=20056 elapsed=73s rate=771.8/s
   [chamber-stage 17/27] tested=56590 remaining=19856 elapsed=73s rate=774.5/s
   [chamber-stage 17/27] tested=56790 remaining=19656 elapsed=73s rate=777.2/s
   [chamber-stage 17/27] tested=56990 remaining=19456 elapsed=73s rate=779.8/s
   [chamber-stage 17/27] tested=57190 remaining=19256 elapsed=73s rate=782.5/s
   [chamber-stage 17/27] tested=57390 remaining=19056 elapsed=73s rate=785.2/s
   [chamber-stage 17/27] tested=57590 remaining=18856 elapsed=73s rate=787.9/s
   [chamber-stage 17/27] tested=57790 remaining=18656 elapsed=73s rate=790.5/s
   [chamber-stage 17/27] tested=57990 remaining=18456 elapsed=73s rate=793.2/s
   [chamber-stage 17/27] tested=58190 remaining=18256 elapsed=73s rate=795.9/s
   [chamber-stage 17/27] tested=58390 remaining=18056 elapsed=73s rate=798.6/s
   [chamber-stage 17/27] tested=58590 remaining=17856 elapsed=73s rate=801.2/s
   [chamber-stage 17/27] tested=58790 remaining=17656 elapsed=73s rate=803.9/s
   [chamber-stage 17/27] tested=58990 remaining=17456 elapsed=73s rate=806.6/s
   [chamber-stage 17/27] tested=59190 remaining=17256 elapsed=73s rate=809.3/s
   [chamber-stage 17/27] tested=59390 remaining=17056 elapsed=73s rate=811.9/s
   [chamber-stage 17/27] tested=59590 remaining=16856 elapsed=73s rate=814.6/s
   [chamber-stage 17/27] tested=59790 remaining=16656 elapsed=73s rate=817.3/s
   [chamber-stage 17/27] tested=59990 remaining=16456 elapsed=73s rate=820.0/s
   [chamber-stage 17/27] tested=60190 remaining=16256 elapsed=73s rate=822.6/s
   [chamber-stage 17/27] tested=60390 remaining=16056 elapsed=73s rate=825.3/s
   [chamber-stage 17/27] tested=60590 remaining=15856 elapsed=73s rate=828.0/s
   [chamber-stage 17/27] tested=60790 remaining=15656 elapsed=73s rate=830.7/s
   [chamber-stage 17/27] tested=60990 remaining=15456 elapsed=73s rate=833.4/s
   [chamber-stage 17/27] tested=61190 remaining=15256 elapsed=73s rate=836.0/s
   [chamber-stage 17/27] tested=61390 remaining=15056 elapsed=73s rate=838.7/s
   [chamber-stage 17/27] tested=61590 remaining=14856 elapsed=73s rate=841.4/s
   [chamber-stage 17/27] tested=61790 remaining=14656 elapsed=73s rate=844.0/s
   [chamber-stage 17/27] tested=61990 remaining=14456 elapsed=73s rate=846.7/s
   [chamber-stage 17/27] tested=62190 remaining=14256 elapsed=73s rate=849.4/s
   [chamber-stage 17/27] tested=62390 remaining=14056 elapsed=73s rate=852.0/s
   [chamber-stage 17/27] tested=62590 remaining=13856 elapsed=73s rate=854.7/s
   [chamber-stage 17/27] tested=62790 remaining=13656 elapsed=73s rate=857.3/s
   [chamber-stage 17/27] tested=62990 remaining=13456 elapsed=73s rate=860.0/s
   [chamber-stage 17/27] tested=63190 remaining=13256 elapsed=73s rate=862.7/s
   [chamber-stage 17/27] tested=63390 remaining=13056 elapsed=73s rate=865.3/s
   [chamber-stage 17/27] tested=63590 remaining=12856 elapsed=73s rate=868.0/s
   [chamber-stage 17/27] tested=63790 remaining=12656 elapsed=73s rate=870.7/s
   [chamber-stage 17/27] tested=63990 remaining=12456 elapsed=73s rate=873.3/s
   [chamber-stage 17/27] tested=64190 remaining=12256 elapsed=73s rate=876.0/s
   [chamber-stage 17/27] tested=64390 remaining=12056 elapsed=73s rate=878.7/s
   [chamber-stage 17/27] tested=64590 remaining=11856 elapsed=73s rate=881.3/s
   [chamber-stage 17/27] tested=64790 remaining=11656 elapsed=73s rate=884.0/s
   [chamber-stage 17/27] tested=64990 remaining=11456 elapsed=73s rate=886.6/s
   [chamber-stage 17/27] tested=65190 remaining=11256 elapsed=73s rate=889.3/s
   [chamber-stage 17/27] tested=65390 remaining=11056 elapsed=73s rate=892.0/s
   [chamber-stage 17/27] tested=65590 remaining=10856 elapsed=73s rate=894.6/s
   [chamber-stage 17/27] tested=65790 remaining=10656 elapsed=73s rate=897.3/s
   [chamber-stage 17/27] tested=65990 remaining=10456 elapsed=73s rate=899.9/s
   [chamber-stage 17/27] tested=66190 remaining=10256 elapsed=73s rate=902.6/s
   [chamber-stage 17/27] tested=66390 remaining=10056 elapsed=73s rate=905.2/s
   [chamber-stage 17/27] tested=66590 remaining=9856 elapsed=73s rate=907.9/s
   [chamber-stage 17/27] tested=66790 remaining=9656 elapsed=73s rate=910.6/s
   [chamber-stage 17/27] tested=66990 remaining=9456 elapsed=73s rate=913.2/s
   [chamber-stage 17/27] tested=67190 remaining=9256 elapsed=73s rate=915.9/s
   [chamber-stage 17/27] tested=67390 remaining=9056 elapsed=73s rate=918.5/s
   [chamber-stage 17/27] tested=67590 remaining=8856 elapsed=73s rate=921.2/s
   [chamber-stage 17/27] tested=67790 remaining=8656 elapsed=73s rate=923.9/s
   [chamber-stage 17/27] tested=67990 remaining=8456 elapsed=73s rate=926.5/s
   [chamber-stage 17/27] tested=68190 remaining=8256 elapsed=73s rate=929.2/s
   [chamber-stage 17/27] tested=68390 remaining=8056 elapsed=73s rate=931.8/s
   [chamber-stage 17/27] tested=68590 remaining=7856 elapsed=73s rate=934.5/s
   [chamber-stage 17/27] tested=68790 remaining=7656 elapsed=73s rate=937.1/s
   [chamber-stage 17/27] tested=68990 remaining=7456 elapsed=73s rate=939.8/s
   [chamber-stage 17/27] tested=69190 remaining=7256 elapsed=73s rate=942.5/s
   [chamber-stage 17/27] tested=69390 remaining=7056 elapsed=73s rate=945.1/s
   [chamber-stage 17/27] tested=69590 remaining=6856 elapsed=73s rate=947.8/s
   [chamber-stage 17/27] tested=69790 remaining=6656 elapsed=73s rate=950.4/s
   [chamber-stage 17/27] tested=69990 remaining=6456 elapsed=73s rate=953.1/s
   [chamber-stage 17/27] tested=70190 remaining=6256 elapsed=73s rate=955.7/s
   [chamber-stage 17/27] tested=70390 remaining=6056 elapsed=73s rate=958.4/s
   [chamber-stage 17/27] tested=70590 remaining=5856 elapsed=73s rate=961.0/s
   [chamber-stage 17/27] tested=70790 remaining=5656 elapsed=73s rate=963.7/s
   [chamber-stage 17/27] tested=70990 remaining=5456 elapsed=73s rate=966.3/s
   [chamber-stage 17/27] tested=71190 remaining=5256 elapsed=73s rate=969.0/s
   [chamber-stage 17/27] tested=71390 remaining=5056 elapsed=73s rate=971.6/s
   [chamber-stage 17/27] tested=71590 remaining=4856 elapsed=73s rate=974.3/s
   [chamber-stage 17/27] tested=71790 remaining=4656 elapsed=73s rate=976.9/s
   [chamber-stage 17/27] tested=71990 remaining=4456 elapsed=73s rate=979.6/s
   [chamber-stage 17/27] tested=72190 remaining=4256 elapsed=73s rate=982.2/s
   [chamber-stage 17/27] tested=72390 remaining=4056 elapsed=74s rate=984.9/s
   [chamber-stage 17/27] tested=72590 remaining=3856 elapsed=74s rate=987.5/s
   [chamber-stage 17/27] tested=72790 remaining=3656 elapsed=74s rate=990.2/s
   [chamber-stage 17/27] tested=72990 remaining=3456 elapsed=74s rate=992.8/s
   [chamber-stage 17/27] tested=73190 remaining=3256 elapsed=74s rate=995.5/s
   [chamber-stage 17/27] tested=73390 remaining=3056 elapsed=74s rate=998.1/s
   [chamber-stage 17/27] tested=73590 remaining=2856 elapsed=74s rate=1000.7/s
   [chamber-stage 17/27] tested=73790 remaining=2656 elapsed=74s rate=1003.4/s
   [chamber-stage 17/27] tested=73990 remaining=2456 elapsed=74s rate=1006.0/s
   [chamber-stage 17/27] tested=74190 remaining=2256 elapsed=74s rate=1008.7/s
   [chamber-stage 17/27] tested=74390 remaining=2056 elapsed=74s rate=1011.3/s
   [chamber-stage 17/27] tested=74590 remaining=1856 elapsed=74s rate=1014.0/s
   [chamber-stage 17/27] tested=74790 remaining=1656 elapsed=74s rate=1016.6/s
   [chamber-stage 17/27] tested=74990 remaining=1456 elapsed=74s rate=1019.3/s
   [chamber-stage 17/27] tested=75190 remaining=1256 elapsed=74s rate=1021.9/s
   [chamber-stage 17/27] tested=75390 remaining=1056 elapsed=74s rate=1024.5/s
   [chamber-stage 17/27] tested=75590 remaining=856 elapsed=74s rate=1027.1/s
   [chamber-stage 17/27] tested=75790 remaining=656 elapsed=74s rate=1029.8/s
   [chamber-stage 17/27] tested=75990 remaining=456 elapsed=74s rate=1032.4/s
   [chamber-stage 17/27] tested=76190 remaining=256 elapsed=74s rate=1035.1/s
   [chamber-stage 17/27] tested=76390 remaining=56 elapsed=74s rate=1037.7/s
   [chamber-stage 18/27] tested=76646 remaining=45880 elapsed=90s rate=848.1/s
   [chamber-stage 18/27] tested=76846 remaining=45680 elapsed=91s rate=846.9/s
   [chamber-stage 18/27] tested=77046 remaining=45480 elapsed=91s rate=842.4/s
   [chamber-stage 18/27] tested=77246 remaining=45280 elapsed=92s rate=838.9/s
   [chamber-stage 18/27] tested=77446 remaining=45080 elapsed=93s rate=835.3/s
   [chamber-stage 18/27] tested=77646 remaining=44880 elapsed=94s rate=830.0/s
   [chamber-stage 18/27] tested=77846 remaining=44680 elapsed=94s rate=826.1/s
   [chamber-stage 18/27] tested=78046 remaining=44480 elapsed=95s rate=821.6/s
   [chamber-stage 18/27] tested=78246 remaining=44280 elapsed=96s rate=816.4/s
   [chamber-stage 18/27] tested=78446 remaining=44080 elapsed=97s rate=812.9/s
   [chamber-stage 18/27] tested=78646 remaining=43880 elapsed=97s rate=807.1/s
   [chamber-stage 18/27] tested=78846 remaining=43680 elapsed=98s rate=802.8/s
   [chamber-stage 18/27] tested=79046 remaining=43480 elapsed=99s rate=800.5/s
   [chamber-stage 18/27] tested=79246 remaining=43280 elapsed=100s rate=796.4/s
   [chamber-stage 18/27] tested=79446 remaining=43080 elapsed=100s rate=791.9/s
   [chamber-stage 18/27] tested=79646 remaining=42880 elapsed=101s rate=788.8/s
   [chamber-stage 18/27] tested=79846 remaining=42680 elapsed=102s rate=786.4/s
   [chamber-stage 18/27] tested=80046 remaining=42480 elapsed=102s rate=785.1/s
   [chamber-stage 18/27] tested=80246 remaining=42280 elapsed=102s rate=783.2/s
   [chamber-stage 18/27] tested=80446 remaining=42080 elapsed=103s rate=781.3/s
   [chamber-stage 18/27] tested=80646 remaining=41880 elapsed=104s rate=778.9/s
   [chamber-stage 18/27] tested=80846 remaining=41680 elapsed=104s rate=774.0/s
   [chamber-stage 18/27] tested=81046 remaining=41480 elapsed=105s rate=768.6/s
   [chamber-stage 18/27] tested=81246 remaining=41280 elapsed=106s rate=766.8/s
   [chamber-stage 18/27] tested=81446 remaining=41080 elapsed=107s rate=763.0/s
   [chamber-stage 18/27] tested=81646 remaining=40880 elapsed=108s rate=759.0/s
   [chamber-stage 18/27] tested=81846 remaining=40680 elapsed=108s rate=757.0/s
   [chamber-stage 18/27] tested=82046 remaining=40480 elapsed=109s rate=754.1/s
   [chamber-stage 18/27] tested=82246 remaining=40280 elapsed=110s rate=750.2/s
   [chamber-stage 18/27] tested=82446 remaining=40080 elapsed=110s rate=749.3/s
   [chamber-stage 18/27] tested=82646 remaining=39880 elapsed=111s rate=747.7/s
   [chamber-stage 18/27] tested=82846 remaining=39680 elapsed=111s rate=745.3/s
   [chamber-stage 18/27] tested=83046 remaining=39480 elapsed=111s rate=745.3/s
   [chamber-stage 18/27] tested=83246 remaining=39280 elapsed=111s rate=747.0/s
   [chamber-stage 18/27] tested=83446 remaining=39080 elapsed=112s rate=745.5/s
   [chamber-stage 18/27] tested=83646 remaining=38880 elapsed=112s rate=744.4/s
   [chamber-stage 18/27] tested=83846 remaining=38680 elapsed=113s rate=741.2/s
   [chamber-stage 18/27] tested=84046 remaining=38480 elapsed=114s rate=738.9/s
   [chamber-stage 18/27] tested=84246 remaining=38280 elapsed=115s rate=735.3/s
   [chamber-stage 18/27] tested=84446 remaining=38080 elapsed=115s rate=734.4/s
   [chamber-stage 18/27] tested=84646 remaining=37880 elapsed=116s rate=732.5/s
   [chamber-stage 18/27] tested=84846 remaining=37680 elapsed=116s rate=729.5/s
   [chamber-stage 18/27] tested=85046 remaining=37480 elapsed=117s rate=726.9/s
   [chamber-stage 18/27] tested=85246 remaining=37280 elapsed=118s rate=724.8/s
   [chamber-stage 18/27] tested=85446 remaining=37080 elapsed=118s rate=723.6/s
   [chamber-stage 18/27] tested=85646 remaining=36880 elapsed=119s rate=720.3/s
   [chamber-stage 18/27] tested=85846 remaining=36680 elapsed=120s rate=716.9/s
   [chamber-stage 18/27] tested=86046 remaining=36480 elapsed=120s rate=715.6/s
   [chamber-stage 18/27] tested=86246 remaining=36280 elapsed=121s rate=714.5/s
   [chamber-stage 18/27] tested=86446 remaining=36080 elapsed=121s rate=711.8/s
   [chamber-stage 18/27] tested=86646 remaining=35880 elapsed=122s rate=707.4/s
   [chamber-stage 18/27] tested=86846 remaining=35680 elapsed=123s rate=705.3/s
   [chamber-stage 18/27] tested=87046 remaining=35480 elapsed=124s rate=702.7/s
   [chamber-stage 18/27] tested=87246 remaining=35280 elapsed=125s rate=699.3/s
   [chamber-stage 18/27] tested=87446 remaining=35080 elapsed=126s rate=696.6/s
   [chamber-stage 18/27] tested=87646 remaining=34880 elapsed=126s rate=696.3/s
   [chamber-stage 18/27] tested=87846 remaining=34680 elapsed=126s rate=697.6/s
   [chamber-stage 18/27] tested=88046 remaining=34480 elapsed=126s rate=697.3/s
   [chamber-stage 18/27] tested=88246 remaining=34280 elapsed=127s rate=696.9/s
   [chamber-stage 18/27] tested=88446 remaining=34080 elapsed=127s rate=696.8/s
   [chamber-stage 18/27] tested=88646 remaining=33880 elapsed=127s rate=695.4/s
   [chamber-stage 18/27] tested=88846 remaining=33680 elapsed=129s rate=691.4/s
   [chamber-stage 18/27] tested=89046 remaining=33480 elapsed=129s rate=690.4/s
   [chamber-stage 18/27] tested=89246 remaining=33280 elapsed=129s rate=689.5/s
   [chamber-stage 18/27] tested=89446 remaining=33080 elapsed=130s rate=689.2/s
   [chamber-stage 18/27] tested=89646 remaining=32880 elapsed=130s rate=689.7/s
   [chamber-stage 18/27] tested=89846 remaining=32680 elapsed=130s rate=690.6/s
   [chamber-stage 18/27] tested=90046 remaining=32480 elapsed=130s rate=692.1/s
   [chamber-stage 18/27] tested=90246 remaining=32280 elapsed=130s rate=693.6/s
   [chamber-stage 18/27] tested=90446 remaining=32080 elapsed=130s rate=695.1/s
   [chamber-stage 18/27] tested=90646 remaining=31880 elapsed=130s rate=696.6/s
   [chamber-stage 18/27] tested=90846 remaining=31680 elapsed=130s rate=698.1/s
   [chamber-stage 18/27] tested=91046 remaining=31480 elapsed=130s rate=699.6/s
   [chamber-stage 18/27] tested=91246 remaining=31280 elapsed=130s rate=701.0/s
   [chamber-stage 18/27] tested=91446 remaining=31080 elapsed=130s rate=702.0/s
   [chamber-stage 18/27] tested=91646 remaining=30880 elapsed=130s rate=703.5/s
   [chamber-stage 18/27] tested=91846 remaining=30680 elapsed=130s rate=705.0/s
   [chamber-stage 18/27] tested=92046 remaining=30480 elapsed=130s rate=706.5/s
   [chamber-stage 18/27] tested=92246 remaining=30280 elapsed=130s rate=708.0/s
   [chamber-stage 18/27] tested=92446 remaining=30080 elapsed=130s rate=709.5/s
   [chamber-stage 18/27] tested=92646 remaining=29880 elapsed=130s rate=711.0/s
   [chamber-stage 18/27] tested=92846 remaining=29680 elapsed=130s rate=712.5/s
   [chamber-stage 18/27] tested=93046 remaining=29480 elapsed=130s rate=714.0/s
   [chamber-stage 18/27] tested=93246 remaining=29280 elapsed=130s rate=715.5/s
   [chamber-stage 18/27] tested=93446 remaining=29080 elapsed=130s rate=717.0/s
   [chamber-stage 18/27] tested=93646 remaining=28880 elapsed=130s rate=718.5/s
   [chamber-stage 18/27] tested=93846 remaining=28680 elapsed=130s rate=720.0/s
   [chamber-stage 18/27] tested=94046 remaining=28480 elapsed=130s rate=721.5/s
   [chamber-stage 18/27] tested=94246 remaining=28280 elapsed=130s rate=723.0/s
   [chamber-stage 18/27] tested=94446 remaining=28080 elapsed=130s rate=724.5/s
   [chamber-stage 18/27] tested=94646 remaining=27880 elapsed=130s rate=726.0/s
   [chamber-stage 18/27] tested=94846 remaining=27680 elapsed=130s rate=727.5/s
   [chamber-stage 18/27] tested=95046 remaining=27480 elapsed=130s rate=729.0/s
   [chamber-stage 18/27] tested=95246 remaining=27280 elapsed=130s rate=730.5/s
   [chamber-stage 18/27] tested=95446 remaining=27080 elapsed=130s rate=732.0/s
   [chamber-stage 18/27] tested=95646 remaining=26880 elapsed=130s rate=733.5/s
   [chamber-stage 18/27] tested=95846 remaining=26680 elapsed=130s rate=735.0/s
   [chamber-stage 18/27] tested=96046 remaining=26480 elapsed=130s rate=736.5/s
   [chamber-stage 18/27] tested=96246 remaining=26280 elapsed=130s rate=738.0/s
   [chamber-stage 18/27] tested=96446 remaining=26080 elapsed=130s rate=739.5/s
   [chamber-stage 18/27] tested=96646 remaining=25880 elapsed=130s rate=741.0/s
   [chamber-stage 18/27] tested=96846 remaining=25680 elapsed=130s rate=742.4/s
   [chamber-stage 18/27] tested=97046 remaining=25480 elapsed=130s rate=743.9/s
   [chamber-stage 18/27] tested=97246 remaining=25280 elapsed=130s rate=745.4/s
   [chamber-stage 18/27] tested=97446 remaining=25080 elapsed=130s rate=746.9/s
   [chamber-stage 18/27] tested=97646 remaining=24880 elapsed=130s rate=748.4/s
   [chamber-stage 18/27] tested=97846 remaining=24680 elapsed=130s rate=749.9/s
   [chamber-stage 18/27] tested=98046 remaining=24480 elapsed=130s rate=751.4/s
   [chamber-stage 18/27] tested=98246 remaining=24280 elapsed=130s rate=752.9/s
   [chamber-stage 18/27] tested=98446 remaining=24080 elapsed=130s rate=754.4/s
   [chamber-stage 18/27] tested=98646 remaining=23880 elapsed=131s rate=755.9/s
   [chamber-stage 18/27] tested=98846 remaining=23680 elapsed=131s rate=757.4/s
   [chamber-stage 18/27] tested=99046 remaining=23480 elapsed=131s rate=758.9/s
   [chamber-stage 18/27] tested=99246 remaining=23280 elapsed=131s rate=760.4/s
   [chamber-stage 18/27] tested=99446 remaining=23080 elapsed=131s rate=761.9/s
   [chamber-stage 18/27] tested=99646 remaining=22880 elapsed=131s rate=763.4/s
   [chamber-stage 18/27] tested=99846 remaining=22680 elapsed=131s rate=764.9/s
   [chamber-stage 18/27] tested=100046 remaining=22480 elapsed=131s rate=766.4/s
   [chamber-stage 18/27] tested=100246 remaining=22280 elapsed=131s rate=767.8/s
   [chamber-stage 18/27] tested=100446 remaining=22080 elapsed=131s rate=769.3/s
   [chamber-stage 18/27] tested=100646 remaining=21880 elapsed=131s rate=770.8/s
   [chamber-stage 18/27] tested=100846 remaining=21680 elapsed=131s rate=772.3/s
   [chamber-stage 18/27] tested=101046 remaining=21480 elapsed=131s rate=773.8/s
   [chamber-stage 18/27] tested=101246 remaining=21280 elapsed=131s rate=775.3/s
   [chamber-stage 18/27] tested=101446 remaining=21080 elapsed=131s rate=776.7/s
   [chamber-stage 18/27] tested=101646 remaining=20880 elapsed=131s rate=778.2/s
   [chamber-stage 18/27] tested=101846 remaining=20680 elapsed=131s rate=779.7/s
   [chamber-stage 18/27] tested=102046 remaining=20480 elapsed=131s rate=781.2/s
   [chamber-stage 18/27] tested=102246 remaining=20280 elapsed=131s rate=782.7/s
   [chamber-stage 18/27] tested=102446 remaining=20080 elapsed=131s rate=784.2/s
   [chamber-stage 18/27] tested=102646 remaining=19880 elapsed=131s rate=785.7/s
   [chamber-stage 18/27] tested=102846 remaining=19680 elapsed=131s rate=787.2/s
   [chamber-stage 18/27] tested=103046 remaining=19480 elapsed=131s rate=788.7/s
   [chamber-stage 18/27] tested=103246 remaining=19280 elapsed=131s rate=790.2/s
   [chamber-stage 18/27] tested=103446 remaining=19080 elapsed=131s rate=791.6/s
   [chamber-stage 18/27] tested=103646 remaining=18880 elapsed=131s rate=793.1/s
   [chamber-stage 18/27] tested=103846 remaining=18680 elapsed=131s rate=794.6/s
   [chamber-stage 18/27] tested=104046 remaining=18480 elapsed=131s rate=796.1/s
   [chamber-stage 18/27] tested=104246 remaining=18280 elapsed=131s rate=797.6/s
   [chamber-stage 18/27] tested=104446 remaining=18080 elapsed=131s rate=799.1/s
   [chamber-stage 18/27] tested=104646 remaining=17880 elapsed=131s rate=800.6/s
   [chamber-stage 18/27] tested=104846 remaining=17680 elapsed=131s rate=802.1/s
   [chamber-stage 18/27] tested=105046 remaining=17480 elapsed=131s rate=803.6/s
   [chamber-stage 18/27] tested=105246 remaining=17280 elapsed=131s rate=805.1/s
   [chamber-stage 18/27] tested=105446 remaining=17080 elapsed=131s rate=806.6/s
   [chamber-stage 18/27] tested=105646 remaining=16880 elapsed=131s rate=808.1/s
   [chamber-stage 18/27] tested=105846 remaining=16680 elapsed=131s rate=809.5/s
   [chamber-stage 18/27] tested=106046 remaining=16480 elapsed=131s rate=811.0/s
   [chamber-stage 18/27] tested=106246 remaining=16280 elapsed=131s rate=812.5/s
   [chamber-stage 18/27] tested=106446 remaining=16080 elapsed=131s rate=814.0/s
   [chamber-stage 18/27] tested=106646 remaining=15880 elapsed=131s rate=815.5/s
   [chamber-stage 18/27] tested=106846 remaining=15680 elapsed=131s rate=817.0/s
   [chamber-stage 18/27] tested=107046 remaining=15480 elapsed=131s rate=818.5/s
   [chamber-stage 18/27] tested=107246 remaining=15280 elapsed=131s rate=820.0/s
   [chamber-stage 18/27] tested=107446 remaining=15080 elapsed=131s rate=821.5/s
   [chamber-stage 18/27] tested=107646 remaining=14880 elapsed=131s rate=823.0/s
   [chamber-stage 18/27] tested=107846 remaining=14680 elapsed=131s rate=824.4/s
   [chamber-stage 18/27] tested=108046 remaining=14480 elapsed=131s rate=825.9/s
   [chamber-stage 18/27] tested=108246 remaining=14280 elapsed=131s rate=827.4/s
   [chamber-stage 18/27] tested=108446 remaining=14080 elapsed=131s rate=828.9/s
   [chamber-stage 18/27] tested=108646 remaining=13880 elapsed=131s rate=830.4/s
   [chamber-stage 18/27] tested=108846 remaining=13680 elapsed=131s rate=831.9/s
   [chamber-stage 18/27] tested=109046 remaining=13480 elapsed=131s rate=833.4/s
   [chamber-stage 18/27] tested=109246 remaining=13280 elapsed=131s rate=834.9/s
   [chamber-stage 18/27] tested=109446 remaining=13080 elapsed=131s rate=836.4/s
   [chamber-stage 18/27] tested=109646 remaining=12880 elapsed=131s rate=837.9/s
   [chamber-stage 18/27] tested=109846 remaining=12680 elapsed=131s rate=839.3/s
   [chamber-stage 18/27] tested=110046 remaining=12480 elapsed=131s rate=840.8/s
   [chamber-stage 18/27] tested=110246 remaining=12280 elapsed=131s rate=842.3/s
   [chamber-stage 18/27] tested=110446 remaining=12080 elapsed=131s rate=843.8/s
   [chamber-stage 18/27] tested=110646 remaining=11880 elapsed=131s rate=845.3/s
   [chamber-stage 18/27] tested=110846 remaining=11680 elapsed=131s rate=846.8/s
   [chamber-stage 18/27] tested=111046 remaining=11480 elapsed=131s rate=848.3/s
   [chamber-stage 18/27] tested=111246 remaining=11280 elapsed=131s rate=849.8/s
   [chamber-stage 18/27] tested=111446 remaining=11080 elapsed=131s rate=851.3/s
   [chamber-stage 18/27] tested=111646 remaining=10880 elapsed=131s rate=852.8/s
   [chamber-stage 18/27] tested=111846 remaining=10680 elapsed=131s rate=854.2/s
   [chamber-stage 18/27] tested=112046 remaining=10480 elapsed=131s rate=855.7/s
   [chamber-stage 18/27] tested=112246 remaining=10280 elapsed=131s rate=857.2/s
   [chamber-stage 18/27] tested=112446 remaining=10080 elapsed=131s rate=858.7/s
   [chamber-stage 18/27] tested=112646 remaining=9880 elapsed=131s rate=860.2/s
   [chamber-stage 18/27] tested=112846 remaining=9680 elapsed=131s rate=861.7/s
   [chamber-stage 18/27] tested=113046 remaining=9480 elapsed=131s rate=863.2/s
   [chamber-stage 18/27] tested=113246 remaining=9280 elapsed=131s rate=864.7/s
   [chamber-stage 18/27] tested=113446 remaining=9080 elapsed=131s rate=866.2/s
   [chamber-stage 18/27] tested=113646 remaining=8880 elapsed=131s rate=867.6/s
   [chamber-stage 18/27] tested=113846 remaining=8680 elapsed=131s rate=869.1/s
   [chamber-stage 18/27] tested=114046 remaining=8480 elapsed=131s rate=870.6/s
   [chamber-stage 18/27] tested=114246 remaining=8280 elapsed=131s rate=872.1/s
   [chamber-stage 18/27] tested=114446 remaining=8080 elapsed=131s rate=873.6/s
   [chamber-stage 18/27] tested=114646 remaining=7880 elapsed=131s rate=875.1/s
   [chamber-stage 18/27] tested=114846 remaining=7680 elapsed=131s rate=876.6/s
   [chamber-stage 18/27] tested=115046 remaining=7480 elapsed=131s rate=878.0/s
   [chamber-stage 18/27] tested=115246 remaining=7280 elapsed=131s rate=879.5/s
   [chamber-stage 18/27] tested=115446 remaining=7080 elapsed=131s rate=881.0/s
   [chamber-stage 18/27] tested=115646 remaining=6880 elapsed=131s rate=882.5/s
   [chamber-stage 18/27] tested=115846 remaining=6680 elapsed=131s rate=884.0/s
   [chamber-stage 18/27] tested=116046 remaining=6480 elapsed=131s rate=885.5/s
   [chamber-stage 18/27] tested=116246 remaining=6280 elapsed=131s rate=887.0/s
   [chamber-stage 18/27] tested=116446 remaining=6080 elapsed=131s rate=888.4/s
   [chamber-stage 18/27] tested=116646 remaining=5880 elapsed=131s rate=889.9/s
   [chamber-stage 18/27] tested=116846 remaining=5680 elapsed=131s rate=891.4/s
   [chamber-stage 18/27] tested=117046 remaining=5480 elapsed=131s rate=892.9/s
   [chamber-stage 18/27] tested=117246 remaining=5280 elapsed=131s rate=894.4/s
   [chamber-stage 18/27] tested=117446 remaining=5080 elapsed=131s rate=895.9/s
   [chamber-stage 18/27] tested=117646 remaining=4880 elapsed=131s rate=897.3/s
   [chamber-stage 18/27] tested=117846 remaining=4680 elapsed=131s rate=898.8/s
   [chamber-stage 18/27] tested=118046 remaining=4480 elapsed=131s rate=900.3/s
   [chamber-stage 18/27] tested=118246 remaining=4280 elapsed=131s rate=901.8/s
   [chamber-stage 18/27] tested=118446 remaining=4080 elapsed=131s rate=903.3/s
   [chamber-stage 18/27] tested=118646 remaining=3880 elapsed=131s rate=904.7/s
   [chamber-stage 18/27] tested=118846 remaining=3680 elapsed=131s rate=906.2/s
   [chamber-stage 18/27] tested=119046 remaining=3480 elapsed=131s rate=907.7/s
   [chamber-stage 18/27] tested=119246 remaining=3280 elapsed=131s rate=909.2/s
   [chamber-stage 18/27] tested=119446 remaining=3080 elapsed=131s rate=910.7/s
   [chamber-stage 18/27] tested=119646 remaining=2880 elapsed=131s rate=912.1/s
   [chamber-stage 18/27] tested=119846 remaining=2680 elapsed=131s rate=913.6/s
   [chamber-stage 18/27] tested=120046 remaining=2480 elapsed=131s rate=915.1/s
   [chamber-stage 18/27] tested=120246 remaining=2280 elapsed=131s rate=916.6/s
   [chamber-stage 18/27] tested=120446 remaining=2080 elapsed=131s rate=918.1/s
   [chamber-stage 18/27] tested=120646 remaining=1880 elapsed=131s rate=919.6/s
   [chamber-stage 18/27] tested=120846 remaining=1680 elapsed=131s rate=921.0/s
   [chamber-stage 18/27] tested=121046 remaining=1480 elapsed=131s rate=922.5/s
   [chamber-stage 18/27] tested=121246 remaining=1280 elapsed=131s rate=924.0/s
   [chamber-stage 18/27] tested=121446 remaining=1080 elapsed=131s rate=925.4/s
   [chamber-stage 18/27] tested=121646 remaining=880 elapsed=131s rate=926.9/s
   [chamber-stage 18/27] tested=121846 remaining=680 elapsed=131s rate=928.4/s
   [chamber-stage 18/27] tested=122046 remaining=480 elapsed=131s rate=929.8/s
   [chamber-stage 18/27] tested=122246 remaining=280 elapsed=131s rate=931.3/s
   [chamber-stage 18/27] tested=122446 remaining=80 elapsed=131s rate=932.8/s
