rows k2, cols k1, step 4;  # = 3917,  . = 3913,  o = other,  ? = unevaluated
        0  1  2  3  4  5  6  7  8  9  0  1  2  3  4  5  6  7  8  9  0  1  2  3  4  5
  -40   o  o  o  o  o  o  o  o  o  o  o  o  o  o  o  .  .  .  .  .  .  .  .  .  .  o
  -36   o  o  o  o  o  o  o  o  o  o  o  o  o  o  .  .  .  .  .  .  .  .  .  .  .  o
  -32   .  o  o  o  o  o  o  o  o  o  o  o  o  o  .  .  .  .  .  .  .  .  .  .  o  o
  -28   o  .  .  o  o  o  .  o  o  o  o  o  o  .  .  .  .  .  .  .  o  .  .  .  o  o
  -24   o  o  .  .  .  .  o  o  o  o  o  o  o  .  .  .  .  .  .  .  .  o  .  o  o  o
  -20   o  o  .  .  .  #  .  .  o  o  o  o  .  .  .  .  .  .  .  .  .  .  o  o  o  o
  -16   o  o  o  .  .  .  .  .  .  .  .  o  .  .  .  .  .  .  .  .  .  .  .  o  o  o
  -12   o  o  o  o  #  .  .  .  .  .  .  #  #  .  .  .  .  .  .  .  .  .  o  o  o  o
   -8   o  o  o  o  .  .  .  .  .  .  .  #  #  #  #  #  .  .  .  .  .  .  o  o  o  o
   -4   o  o  o  .  o  .  .  .  .  .  .  #  #  #  #  #  #  #  .  .  .  o  o  o  o  o
    0   o  o  o  .  o  .  .  .  .  .  #  #  #  #  #  #  #  #  #  #  #  o  o  o  o  o
    4   o  o  o  o  o  o  .  .  .  .  #  #  #  #  #  #  #  #  #  #  .  .  .  o  o  o
    8   o  o  .  o  o  o  o  .  .  #  #  #  #  #  #  #  #  #  #  #  .  .  .  .  .  .
   12   o  o  o  o  o  o  o  .  .  #  #  #  #  #  #  #  #  #  #  #  .  .  .  .  .  .
   16   o  .  o  o  o  o  o  o  #  #  #  #  #  #  #  #  #  #  #  .  .  .  .  .  .  .
   20   o  o  o  o  o  o  o  o  .  #  #  #  #  #  #  #  #  #  #  .  .  .  .  .  .  .
   24   .  o  o  o  o  o  o  .  .  #  #  #  #  #  #  #  #  #  .  .  .  .  .  .  .  .
   28   o  o  o  o  o  o  o  .  .  .  #  #  #  #  #  #  #  #  .  .  .  .  .  .  .  .
   32   o  o  o  o  o  o  .  .  .  .  .  #  #  #  #  #  #  .  .  .  .  .  .  .  .  .
   36   o  o  o  o  o  o  .  .  .  .  .  #  #  #  #  #  #  .  .  .  .  .  .  .  .  .
   40   o  o  o  o  o  .  .  .  .  .  .  .  #  #  #  #  #  .  .  .  .  .  .  .  .  .
   44   o  o  o  o  o  .  .  .  .  .  .  .  .  #  #  #  .  .  .  .  .  .  .  .  .  .
   48   o  o  o  o  .  .  .  .  .  .  .  .  .  #  #  #  .  .  .  .  .  .  .  .  .  .
   52   o  o  o  o  .  .  .  .  .  .  .  .  .  .  #  .  .  .  .  .  .  .  .  .  .  .
   56   o  o  o  o  .  .  .  .  .  .  .  .  .  .  .  .  .  .  .  .  .  .  .  .  .  .
   60   o  o  o  .  .  .  .  .  .  .  .  .  .  .  o  .  .  .  .  .  .  .  .  .  .  .

3917 at 121 of 676 points
   k1 range -24..40, k2 range -20..52
   max count on the plane: 3917
