183 class 1 (canonical)    (rotated by (2, 1, 0, 0) to clear half-turns)
183 class 1 (canonical)    count 183 | 108 tight | lineality 1 of 9 | setup 0s
      244 polynomials built (seed sized per chart)
                             second-order variety: empty, 0 directions -> ISOLATED
183 class 2 (wide climb)   (rotated by (2, 1, 0, 0) to clear half-turns)
183 class 2 (wide climb)   count 183 | 108 tight | lineality 1 of 9 | setup 0s
      244 polynomials built (seed sized per chart)
                             second-order variety: empty, 0 directions -> ISOLATED
393 n=5      count 393 | 168 tight | LINEALITY 1 of 12 | setup 0s
      740 polynomials built (seed sized per chart)
                second-order: empty, 0 directions -> ISOLATED
727 n=6      count 727 | 216 tight | LINEALITY 1 of 15 | setup 0s
      960 polynomials built (seed sized per chart)
                second-order: empty, 0 directions -> ISOLATED
1217 n=7     count 1217 | 300 tight | LINEALITY 2 of 18 | setup 0s
      1548 polynomials built (seed sized per chart)
                second-order: nonempty, 1 directions -> NOT isolated
1895 n=8     count 1895 | 384 tight | LINEALITY 3 of 21 | setup 0s
      2134 polynomials built (seed sized per chart)
                second-order: nonempty, 2 directions -> NOT isolated
