n=7 1217 lower end: base has 822 triple points, 540 crossing lines; 1196 W4 + 2801 W3 crossings on the line, 23 inside (-0.09375, -0.04296875)
   W3 s = -0.093256196301   count below/at/above: None / None / None
   W4 s = -0.092105263158   count below/at/above: 1213 / 1209 / 1213
   W3 s = -0.091121017574   count below/at/above: None / None / None
   W4 s = -0.090937476744   count below/at/above: None / None / None
   W3 s = -0.090511244738   count below/at/above: None / None / None
   W3 s = -0.089435680593   count below/at/above: None / None / None
   W4 s = -0.080109716095   count below/at/above: None / 1211 / None
   W3 s = -0.077298467395   count below/at/above: None / None / None
   W3 s = -0.076486589432   count below/at/above: None / None / None
   W3 s = -0.074974437173   count below/at/above: None / None / None
   W3 s = -0.070871378433   count below/at/above: None / None / None
   W3 s = -0.068352776266   count below/at/above: None / None / None
   W3 s = -0.068335546415   count below/at/above: None / None / None
   W4 s = -0.066472062046   count below/at/above: None / None / None
   W3 s = -0.064136803122   count below/at/above: None / None / None
   W3 s = -0.061820650985   count below/at/above: None / None / None
   W4 s = -0.060559900872   count below/at/above: None / None / None
   W3 s = -0.059083070572   count below/at/above: None / None / None
   W3 s = -0.051305182149   count below/at/above: None / None / None
   W3 s = -0.048281569889   count below/at/above: None / None / None
   W4 s = -0.045258752093   count below/at/above: None / None / None
   W3 s = -0.044169980663   count below/at/above: None / None / None
   W3 s = -0.043398725159   count below/at/above: None / None / None
n=7 1217 upper end: base has 822 triple points, 540 crossing lines; 1196 W4 + 2801 W3 crossings on the line, 5 inside (-0.00390625, 0.00390625)
   W3 s = -0.003438414601   count below/at/above: None / None / None
   W3 s = -0.002693145518   count below/at/above: None / None / None
   W3 s = -0.001892706269   count below/at/above: None / None / None
   W3 s = 0.001126514840   count below/at/above: None / None / None
   W4 s = 0.002550224044   count below/at/above: None / None / None
