n=10 record 3925, steering cube 9: count 3925, preserving rank 5, ambient 27, height 113786
   cube 9 occupies coordinates [24, 25, 26]; the tangent basis has rank 2 there (3 needed to steer it freely)
   its Cayley coords now: ['-9061/88787', '74275/88787', '113786/88787']
   d=109  cube 9 -> (109, -11, 91, 140) (height 140), configuration height 1849  [61.5x smaller]
   BEST height 1849 (was 113786): gate both engines + 3 rotations agree
   4,1,1,-1;3,3,7,3;5,-1,-5,-5;2,1,1,1;1,1,1,1;7,14,1,-5;4,-3,-4,-4;168,-168,168,-415;1824,1824,1849,1824;109,-11,91,140
n=10 record 3925, steering cube 8: count 3925, preserving rank 3, ambient 27, height 1849
   cube 8 occupies coordinates [21, 22, 23]; the tangent basis has rank 1 there (3 needed to steer it freely)
   its Cayley coords now: ['1', '1849/1824', '1']
   d=69   cube 8 -> (69, 69, 70, 69) (height 70), configuration height 415  [4.5x smaller]
   BEST height 415 (was 1849): gate both engines + 3 rotations agree
   4,1,1,-1;3,3,7,3;5,-1,-5,-5;2,1,1,1;1,1,1,1;7,14,1,-5;4,-3,-4,-4;168,-168,168,-415;69,69,70,69;109,-11,91,140
n=10 record 3925, steering cube 7: count 3925, preserving rank 3, ambient 27, height 415
   cube 7 occupies coordinates [18, 19, 20]; the tangent basis has rank 1 there (3 needed to steer it freely)
   its Cayley coords now: ['-1', '1', '-415/168']
   d=9    cube 7 -> (9, -9, 9, -22) (height 22), configuration height 140  [3.0x smaller]
   BEST height 140 (was 415): gate both engines + 3 rotations agree
   4,1,1,-1;3,3,7,3;5,-1,-5,-5;2,1,1,1;1,1,1,1;7,14,1,-5;4,-3,-4,-4;9,-9,9,-22;69,69,70,69;109,-11,91,140

FINAL: height 140
4,1,1,-1;3,3,7,3;5,-1,-5,-5;2,1,1,1;1,1,1,1;7,14,1,-5;4,-3,-4,-4;9,-9,9,-22;69,69,70,69;109,-11,91,140
