=== GATES (must pass before trusting anything below) ===
  GATE1 (D2-cluster+free+aligned): total=717 (want 717) PASS
  GATE2 (C3+C3 on (1,1,1)):        total=699 (want 699) PASS
  BOTH GATES PASS.


########## PART A: rational families never re-swept full-quat ##########
  C4:4+free2       best= 683 evals=1704 restarts=40+120expl climb_r=2x10 (full-quat core+free, C4 about (0,0,1))
  C4:4+2          SKIPPED (no orbit-2 locus found by battery)
  D4:4+free2       best= 683 evals=1557 restarts=40+120expl climb_r=2x10 (full-quat core+free)
  D4:2+2+2         best=  -1 evals=0 restarts=40+120expl climb_r=2x10 (three D4 orbit-2 blocks)
  D6:6             best= 553 evals=93 restarts=50+19expl climb_r=2x12 (single D6 orbit-6)
  D6:4+2           best= 493 evals=128 restarts=30+72expl climb_r=2x10 (two D6 orbits, 4+2)
  D3:3+free3       best= 681 evals=1551 restarts=40+150expl climb_r=2x8 (D3 orbit-3 core + 3 full-quat free)
  T:4+free2(reconfirm) best= 717 evals=807 restarts=40+120expl climb_r=2x10 (re-run via generic block framework, fresh full-quat free)
  D3:3+3(reconfirm) best= 657 evals=328 restarts=20+150expl climb_r=2x8 (two D3 orbit-3 blocks, reconfirm)

########## PART B: shared-axis intersection families ##########
  C2+C4 on (0,0,1) best= 623 evals=1063 restarts=50+100expl climb_r=2x10 (shared face axis, partition 2+4)
  C3+C3 on (1,1,1) best= 705 evals=503 restarts=50+3expl climb_r=2x12 (shared body-diagonal, partition 3+3, GATED at 699)
  C2x3 on (1,1,1)  best= 645 evals=1141 restarts=50+27expl climb_r=2x10 (three C2 orbits, all about (1,1,1))
  C2x3 on (1,1,0)  best= 605 evals=721 restarts=50+8expl climb_r=2x10 (three C2 orbits, all about (1,1,0))
  C3+C2+free on (1,1,1) best= 681 evals=2335 restarts=50+24expl climb_r=2x10 (shared body-diagonal, partition 3+2+1)
  D2-cluster+free+aligned best= 717 evals=1013 restarts=50+121expl climb_r=2x10 (717 template: D2 orbit4 core + free + explicit-aligned anchor start; GATED at 717)
  C2core2+free4 on (1,1,1) best= 671 evals=1850 restarts=50+150expl climb_r=2x8 (core+free template, core size 2)
  C2core2+free4 on (0,0,1) best= 703 evals=2420 restarts=50+150expl climb_r=2x8 (core+free template, core size 2)
  C2core2+free4 on (1,1,0) best= 689 evals=2814 restarts=50+150expl climb_r=2x8 (core+free template, core size 2)
    *** RECORD>699: C3core3+free3 on (1,1,1) total=723  seeds=[[4, 1, 1, -1], [2, 1, 1, 1], [1, 1, 1, 1], [5, 2, 2, 2]]
    *** RECORD>699: C3core3+free3 on (1,1,1) total=723  seeds=[[4, 1, 1, -1], [2, 1, 1, 1], [-1, 1, 1, 1], [5, 2, 2, 2]]
    *** RECORD>699: C3core3+free3 on (1,1,1) total=723  seeds=[[4, 1, 1, -1], [2, 1, 1, 1], [1, -1, 1, 1], [5, 2, 2, 2]]
    *** RECORD>699: C3core3+free3 on (1,1,1) total=723  seeds=[[4, 1, 1, -1], [2, 1, 1, 1], [1, 1, -1, 1], [5, 2, 2, 2]]
    *** RECORD>699: C3core3+free3 on (1,1,1) total=723  seeds=[[4, 1, 1, -1], [2, 1, 1, 1], [1, 1, 1, -1], [5, 2, 2, 2]]
    *** RECORD>699: C3core3+free3 on (1,1,1) total=723  seeds=[[4, 1, 1, -1], [2, 1, 1, 1], [5, 2, 2, 2], [1, 1, 1, 1]]
    *** RECORD>699: C3core3+free3 on (1,1,1) total=723  seeds=[[4, 1, 1, -1], [2, 1, 1, 1], [5, 2, 2, 2], [-1, 1, 1, 1]]
    *** RECORD>699: C3core3+free3 on (1,1,1) total=723  seeds=[[4, 1, 1, -1], [2, 1, 1, 1], [5, 2, 2, 2], [1, -1, 1, 1]]
    *** RECORD>699: C3core3+free3 on (1,1,1) total=723  seeds=[[4, 1, 1, -1], [2, 1, 1, 1], [5, 2, 2, 2], [1, 1, -1, 1]]
    *** RECORD>699: C3core3+free3 on (1,1,1) total=723  seeds=[[4, 1, 1, -1], [2, 1, 1, 1], [5, 2, 2, 2], [1, 1, 1, -1]]
    *** RECORD>699: C3core3+free3 on (1,1,1) total=723  seeds=[[4, 1, 1, -1], [5, 2, 2, 2], [2, 1, 1, 1], [1, 1, 1, 1]]
    *** RECORD>699: C3core3+free3 on (1,1,1) total=723  seeds=[[4, 1, 1, -1], [5, 2, 2, 2], [2, 1, 1, 1], [-1, 1, 1, 1]]
    *** RECORD>699: C3core3+free3 on (1,1,1) total=723  seeds=[[4, 1, 1, -1], [5, 2, 2, 2], [2, 1, 1, 1], [1, -1, 1, 1]]
    *** RECORD>699: C3core3+free3 on (1,1,1) total=723  seeds=[[4, 1, 1, -1], [5, 2, 2, 2], [2, 1, 1, 1], [1, 1, -1, 1]]
    *** RECORD>699: C3core3+free3 on (1,1,1) total=723  seeds=[[4, 1, 1, -1], [5, 2, 2, 2], [2, 1, 1, 1], [1, 1, 1, -1]]
  C3core3+free3 on (1,1,1) best= 723 evals=3223 restarts=50+150expl climb_r=2x8 (core+free template, core size 3)
  C2(001)+C3(111)+free1 [T-generating] best= 613 evals=1452 restarts=50+36expl climb_r=2x10 (DIFFERENT axes -- <C2,C3> generates T; compare vs T:4+free2 forced-full-orbit)

Total wall time: 3347s
Report -> ~/carroll/symmetry_search3_report.md
