two-axis ensemble, 30000 random configurations, n=4
(one axis reaches 161 with depth-2 at 56; the record is 183 with depth-2 at its cap 66)
   total  129  depth-1  42  depth-2  62   axes (0, 1, 1)/(3, -3, 2)
   total  137  depth-1  54  depth-2  58   axes (0, 1, -3)/(1, -3, -1)
   total  141  depth-1  56  depth-2  60   axes (3, -2, -2)/(2, -2, -3)
   total  145  depth-1  60  depth-2  60   axes (3, 0, 2)/(3, -1, 0)
   *** depth-2 AT CAP 66 with depth-1  46 (total 137)
   total  155  depth-1  64  depth-2  66   axes (0, 3, -1)/(2, -2, 3)
   *** depth-2 AT CAP 66 with depth-1  64 (total 155)
   total  161  depth-1  74  depth-2  62   axes (2, 3, 0)/(3, 3, -2)
   *** depth-2 AT CAP 66 with depth-1  68 (total 159)
   *** depth-2 AT CAP 66 with depth-1  70 (total 161)
   total  163  depth-1  72  depth-2  66   axes (1, -1, 1)/(1, 1, -1)
   *** depth-2 AT CAP 66 with depth-1  72 (total 163)
   total  165  depth-1  74  depth-2  66   axes (1, 1, -1)/(0, 1, 2)
   *** depth-2 AT CAP 66 with depth-1  74 (total 165)
   total  169  depth-1  80  depth-2  64   axes (1, -3, 3)/(2, -2, 3)
   *** depth-2 AT CAP 66 with depth-1  76 (total 167)
   *** depth-2 AT CAP 66 with depth-1  78 (total 169)

BEST total 169
1,0,0,0;7,-2,2,-3;2,2,-2,3;3,10,-10,15
BEST with depth-2 at its cap: depth-1 78, total 169
1,0,0,0;4,1,1,-1;3,1,3,-3;8,-5,-5,5
