PREDICTION from the conjectured cap:  V3(level) = (24l-12)n - 4l^2,  l = n-ell
(generic: c=1 and every level vertex is a simple triple point, so d = V3/2 + 2)

n=4
   ell   l     predicted   max seen      matched
   1     3           204         80        0/30 
   2     2           128        124        0/30 
   3     1            44         44       25/30 

n=5
   ell   l     predicted   max seen      matched
   1     4           356        140        0/30 
   2     3           264        248        0/30 
   3     2           164        164       11/30 
   4     1            56         56       26/30 

n=6
   ell   l     predicted   max seen      matched
   1     5           548        200        0/30 
   2     4           440        388        0/30 
   3     3           324        324        2/30 
   4     2           200        200       27/30 
   5     1            68         68       30/30 <-- EXACT

n=7
   ell   l     predicted   max seen      matched
   1     6           780        260        0/30 
   2     5           656        552        0/30 
   3     4           524        520        0/30 
   4     3           384        384       19/30 
   5     2           236        236       30/30 <-- EXACT
   6     1            80         80       30/30 <-- EXACT

