67 octahedral    60 tight labels  (n=3)
67 golden        72 tight labels  (n=3)
183 class 1     108 tight labels  (n=4)
183 class 2     108 tight labels  (n=4)
393             168 tight labels  (n=5)
727             216 tight labels  (n=6)

               67 octahedral  67 golden      183 class 1    183 class 2    393            727          
67 octahedral  60/60          60/60          48/60          48/60          36/60          36/60        
67 golden      60/72          72/72          60/72          60/72          36/72          36/72        
183 class 1    48/108         60/108         108/108        88/108         56/108         56/108       
183 class 2    48/108         60/108         88/108         108/108        48/108         48/108       
393            36/168         36/168         56/168         48/168         168/168        168/168      
727            36/216         36/216         56/216         48/216         168/216        216/216      
canonical 183: 108 wall labels
36 distinct retained configurations
   peak 175: 108 labels, overlap with the 183 wall set  92
   peak 175: 100 labels, overlap with the 183 wall set  92
   peak 175: 100 labels, overlap with the 183 wall set  86
   peak 183: 108 labels, overlap with the 183 wall set  92
   peak 177:  96 labels, overlap with the 183 wall set  84
   peak 179: 108 labels, overlap with the 183 wall set 100
   peak 183: 108 labels, overlap with the 183 wall set  96
   peak 175:  88 labels, overlap with the 183 wall set  80
   peak 179: 108 labels, overlap with the 183 wall set 104
   peak 183: 108 labels, overlap with the 183 wall set  96
   peak 179: 108 labels, overlap with the 183 wall set  96
   peak 179: 108 labels, overlap with the 183 wall set  96
   peak 183: 108 labels, overlap with the 183 wall set 100
   peak 179: 108 labels, overlap with the 183 wall set  96
   peak 175:  84 labels, overlap with the 183 wall set  72
   peak 175:  88 labels, overlap with the 183 wall set  84
   peak 175: 100 labels, overlap with the 183 wall set  94
   peak 179: 108 labels, overlap with the 183 wall set  92
   peak 179: 108 labels, overlap with the 183 wall set  96
   peak 179: 108 labels, overlap with the 183 wall set  92
   peak 179:  96 labels, overlap with the 183 wall set  88
   peak 175: 100 labels, overlap with the 183 wall set  86
   peak 175: 108 labels, overlap with the 183 wall set  96
   peak 175:  88 labels, overlap with the 183 wall set  82
   peak 175: 100 labels, overlap with the 183 wall set  92
   peak 175:  88 labels, overlap with the 183 wall set  78
   peak 179: 108 labels, overlap with the 183 wall set  96
   peak 175:  84 labels, overlap with the 183 wall set  76
   peak 177:  96 labels, overlap with the 183 wall set  84
   peak 175: 100 labels, overlap with the 183 wall set  90
   peak 183: 108 labels, overlap with the 183 wall set  96
   peak 175: 100 labels, overlap with the 183 wall set  90
   peak 175: 100 labels, overlap with the 183 wall set  88
   peak 179: 108 labels, overlap with the 183 wall set  96
   peak 183: 108 labels, overlap with the 183 wall set  92
   peak 175: 100 labels, overlap with the 183 wall set  88

peak | configs | mean labels | mean overlap with 183 | overlap as %% of 108
 175 |    17   |     96.2    |         86.2          |   79.8%
 177 |     2   |     96.0    |         84.0          |   77.8%
 179 |    11   |    106.9    |         95.6          |   88.6%
 183 |     6   |    108.0    |         95.3          |   88.3%
