seed 1000 step    0  margin  19  budget  44  c2 2  d2 47  [(1, 0, 0, 0), (18, 2, -2, 0), (45, 34, 5, 54), (78, 23, -32, -9)]
seed 2001 step    0  margin  15  budget  48  c2 2  d2 51  [(1, 0, 0, 0), (20, -1, -1, 1), (54, -6, -43, -66), (90, 36, -30, 14)]
seed 2000 step    0  margin  17  budget  46  c2 2  d2 49  [(1, 0, 0, 0), (20, -1, -1, 1), (54, -6, -42, -67), (90, 37, -29, 13)]
seed 1001 step    3  margin  21  budget  42  c2 2  d2 45  [(1, 0, 0, 0), (18, 2, -2, 0), (45, 34, 6, 54), (79, 23, -31, -10)]
seed 2000 step    4  margin  15  budget  48  c2 2  d2 51  [(1, 0, 0, 0), (20, -1, -1, 1), (52, -8, -43, -66), (90, 37, -29, 13)]
seed 2000 step    5  margin  13  budget  50  c2 2  d2 53  [(1, 0, 0, 0), (20, -1, -1, 1), (52, -8, -43, -66), (91, 38, -30, 14)]
seed 1000 step    6  margin  17  budget  46  c2 2  d2 49  [(1, 0, 0, 0), (19, 2, -1, -1), (45, 34, 5, 54), (78, 23, -32, -9)]
seed 2001 step    7  margin  13  budget  50  c2 2  d2 53  [(1, 0, 0, 0), (20, -1, -1, 1), (53, -4, -43, -64), (90, 36, -30, 14)]
seed 1001 step    8  margin  17  budget  46  c2 2  d2 49  [(1, 0, 0, 0), (17, 2, -2, -1), (45, 34, 5, 54), (79, 23, -31, -10)]
seed 0 step    8  margin  11  budget  52  c2 2  d2 55  [(1, 0, 0, 0), (10, 1, 2, 0), (113, 42, -40, -3), (107, 41, -40, -2)]
seed 1001 step   19  margin  13  budget  50  c2 2  d2 53  [(1, 0, 0, 0), (23, 3, -4, -2), (45, 34, 5, 54), (79, 23, -31, -10)]
seed 3001 step   20  margin   7  budget  56  c2 2  d2 59  [(1, 0, 0, 0), (12, -1, -1, -1), (109, 52, -28, 30), (53, 5, -41, -47)]
seed 2001 step   22  margin  11  budget  52  c2 2  d2 55  [(1, 0, 0, 0), (19, -3, -2, 0), (55, -2, -46, -67), (90, 36, -30, 14)]
seed 2000 step   30  margin   9  budget  54  c2 2  d2 57  [(1, 0, 0, 0), (21, -2, 0, 1), (51, -10, -46, -67), (91, 38, -30, 14)]
seed 3000 step   32  margin  13  budget  50  c2 2  d2 53  [(1, 0, 0, 0), (13, -1, 1, -1), (109, 52, -28, 30), (52, 6, -39, -46)]
seed 1 step   45  margin  11  budget  52  c2 2  d2 55  [(1, 0, 0, 0), (10, 1, 2, 0), (112, 43, -41, -4), (110, 44, -36, -2)]
seed 2000 step   47  margin   7  budget  56  c2 2  d2 59  [(1, 0, 0, 0), (21, -2, 0, 1), (51, -10, -46, -67), (93, 38, -27, 15)]
seed 1001 step   48  margin  11  budget  52  c2 2  d2 55  [(1, 0, 0, 0), (23, 3, -4, -2), (43, 35, 4, 55), (78, 24, -30, -9)]
seed 1 step  104  margin   9  budget  54  c2 2  d2 57  [(1, 0, 0, 0), (10, 1, 2, 0), (110, 43, -39, -5), (107, 47, -32, -2)]
seed 1000 step  108  margin  15  budget  48  c2 2  d2 51  [(1, 0, 0, 0), (20, 2, -1, -1), (47, 34, 5, 54), (85, 25, -30, -10)]
seed 1000 step  232  margin  13  budget  50  c2 2  d2 53  [(1, 0, 0, 0), (21, 1, 0, -2), (52, 33, 4, 54), (97, 27, -29, -11)]
seed 1000 step  307  margin  11  budget  52  c2 2  d2 55  [(1, 0, 0, 0), (22, 0, 1, -2), (50, 36, 2, 55), (97, 29, -35, -13)]
seed 1000 step  320  margin   9  budget  54  c2 2  d2 57  [(1, 0, 0, 0), (22, 0, 1, -2), (48, 38, 4, 54), (98, 30, -34, -14)]
seed 1001 step  382  margin   9  budget  54  c2 2  d2 57  [(1, 0, 0, 0), (23, 3, -5, -4), (43, 37, 5, 57), (75, 21, -33, -11)]
seed 1000 step  386  margin   7  budget  56  c2 2  d2 59  [(1, 0, 0, 0), (22, 2, 3, -1), (50, 40, 5, 52), (96, 26, -30, -16)]
seed 2001 step  387  margin   9  budget  54  c2 2  d2 57  [(1, 0, 0, 0), (20, -3, -3, -2), (50, -2, -43, -66), (91, 37, -32, 11)]
seed 1001 step  419  margin   7  budget  56  c2 2  d2 59  [(1, 0, 0, 0), (17, 0, -13, -1), (44, 38, 6, 58), (75, 21, -33, -11)]
seed 3000 step  632  margin  11  budget  52  c2 2  d2 55  [(1, 0, 0, 0), (16, -1, 1, -1), (114, 52, -30, 34), (56, 5, -43, -50)]
seed 2001 step  663  margin   7  budget  56  c2 2  d2 59  [(1, 0, 0, 0), (20, -3, -3, -2), (48, -3, -42, -64), (90, 36, -32, 11)]
seed 3000 step  822  margin   7  budget  56  c2 2  d2 59  [(1, 0, 0, 0), (15, -1, -1, -2), (110, 45, -33, 35), (53, 6, -46, -48)]
seed 4001 step    4  margin  11  budget  52  c2 2  d2 55  [(1, 0, 0, 0), (10, 2, 1, -2), (86, 56, -7, 66), (98, 21, -54, -44)]
seed 4000 step    7  margin  11  budget  52  c2 2  d2 55  [(1, 0, 0, 0), (10, 2, 1, -2), (84, 54, -5, 66), (98, 24, -52, -42)]
seed 6001 step    4  margin  19  budget  44  c2 2  d2 47  [(1, 0, 0, 0), (16, 1, 1, 1), (32, 28, 4, 44), (110, 37, -44, -11)]
seed 6001 step    5  margin  17  budget  46  c2 2  d2 49  [(1, 0, 0, 0), (16, 1, 1, 1), (31, 29, 4, 45), (110, 37, -44, -11)]
seed 5001 step   18  margin  11  budget  52  c2 2  d2 55  [(1, 0, 0, 0), (17, -1, -1, 1), (110, 47, -32, 20), (98, 42, -30, 22)]
seed 6000 step    9  margin  17  budget  46  c2 2  d2 49  [(1, 0, 0, 0), (17, 2, 1, 1), (31, 28, 4, 43), (111, 37, -42, -13)]
seed 4000 step   26  margin   9  budget  54  c2 2  d2 57  [(1, 0, 0, 0), (10, 2, 1, -2), (80, 55, -5, 63), (94, 23, -50, -40)]
seed 6001 step   15  margin  13  budget  50  c2 2  d2 53  [(1, 0, 0, 0), (16, 1, 2, 1), (31, 29, 4, 45), (109, 38, -45, -11)]
seed 5000 step   27  margin  15  budget  48  c2 2  d2 51  [(1, 0, 0, 0), (17, -1, -1, 0), (109, 42, -34, 17), (92, 40, -28, 19)]
seed 5001 step   34  margin   9  budget  54  c2 2  d2 57  [(1, 0, 0, 0), (17, -1, -1, 1), (114, 43, -34, 19), (98, 42, -30, 22)]
seed 4001 step   52  margin   9  budget  54  c2 2  d2 57  [(1, 0, 0, 0), (10, 2, 1, -2), (84, 56, -13, 66), (99, 23, -53, -42)]
seed 6001 step   43  margin  11  budget  52  c2 2  d2 55  [(1, 0, 0, 0), (16, 1, 2, 1), (30, 28, 4, 44), (109, 38, -45, -11)]
seed 6000 step   60  margin  15  budget  48  c2 2  d2 51  [(1, 0, 0, 0), (16, 1, 2, 0), (32, 29, 4, 44), (115, 35, -41, -11)]
seed 5001 step   71  margin   7  budget  56  c2 2  d2 59  [(1, 0, 0, 0), (17, -1, -1, 1), (114, 44, -35, 24), (91, 40, -28, 22)]
seed 5000 step   75  margin  13  budget  50  c2 2  d2 53  [(1, 0, 0, 0), (18, 0, -1, 1), (109, 38, -36, 12), (89, 43, -28, 15)]
seed 4000 step  119  margin   7  budget  56  c2 2  d2 59  [(1, 0, 0, 0), (8, 1, 1, -2), (75, 54, -6, 63), (94, 24, -48, -40)]
seed 6000 step  117  margin  13  budget  50  c2 2  d2 53  [(1, 0, 0, 0), (16, 1, 2, 0), (34, 27, 3, 42), (113, 36, -42, -12)]
seed 6000 step  159  margin  11  budget  52  c2 2  d2 55  [(1, 0, 0, 0), (16, 1, 2, 0), (34, 28, 3, 43), (112, 38, -42, -11)]
seed 6001 step  162  margin   9  budget  54  c2 2  d2 57  [(1, 0, 0, 0), (16, 1, 2, 1), (31, 27, 4, 44), (108, 36, -46, -12)]
seed 4001 step  214  margin   7  budget  56  c2 2  d2 59  [(1, 0, 0, 0), (10, 2, 1, -2), (85, 56, -14, 66), (98, 26, -53, -40)]
seed 6000 step  215  margin   9  budget  54  c2 2  d2 57  [(1, 0, 0, 0), (15, 2, 2, 1), (33, 28, 3, 43), (116, 40, -42, -13)]
seed 5000 step  290  margin  11  budget  52  c2 2  d2 55  [(1, 0, 0, 0), (20, -1, -2, 1), (114, 37, -36, 15), (89, 36, -29, 19)]
seed 5000 step  320  margin   9  budget  54  c2 2  d2 57  [(1, 0, 0, 0), (19, -1, -1, 1), (116, 37, -36, 16), (89, 37, -28, 20)]
seed 6001 step  332  margin   7  budget  56  c2 2  d2 59  [(1, 0, 0, 0), (17, 1, 2, 1), (32, 29, 4, 45), (112, 38, -46, -13)]
seed 5000 step  401  margin   7  budget  56  c2 2  d2 59  [(1, 0, 0, 0), (19, -1, -1, 1), (110, 40, -37, 21), (90, 36, -29, 19)]
seed 6000 step  917  margin   7  budget  56  c2 2  d2 59  [(1, 0, 0, 0), (22, 1, 3, -1), (34, 25, 2, 39), (125, 38, -44, -16)]

per run: [11, 9, 7, 7, 7, 7, 7, 7, 7, 7, 7, 7, 7, 7, 7, 7]
LOWEST MARGIN 7 at [(1, 0, 0, 0), (22, 2, 3, -1), (50, 40, 5, 52), (96, 26, -30, -16)] ({'c2': 2, 'budget': 56, 'margin': 7, 'd2': 59})
moves: {'accepted': 2489, 'uphill': 0, 'lost_band': 17636, 'excluded': 490, 'unevaluated': 0, 'worse': 3385}
