room   32  base 453  classes ((0, 1), (0, 2))  (tri 156, four 96, patches 24, d4 cap 22)
room   32  base 453  classes ((0, 1), (2, 3))  (tri 156, four 96, patches 24, d4 cap 22)
room   36  base 449  classes ((0, 1, 2),)  (tri 150, four 96, patches 24, d4 cap 24)
room   48  base 437  classes ((0, 1), (0, 2), (0, 3))  (tri 144, four 84, patches 36, d4 cap 18)
room   48  base 437  classes ((0, 1), (0, 2), (1, 2))  (tri 144, four 84, patches 36, d4 cap 18)
room   48  base 437  classes ((0, 1), (0, 2), (1, 3))  (tri 144, four 84, patches 36, d4 cap 18)
room   48  base 437  classes ((0, 1), (0, 2), (3, 4))  (tri 144, four 84, patches 36, d4 cap 18)
room   52  base 433  classes ((0, 1), (0, 2, 3))  (tri 138, four 84, patches 36, d4 cap 20)
room   52  base 433  classes ((0, 1), (2, 3, 4))  (tri 138, four 84, patches 36, d4 cap 20)
room   58  base 427  classes ((0, 1, 2, 3),)  (tri 132, four 88, patches 30, d4 cap 22)
room   64  base 421  classes ((0, 1), (0, 2), (0, 3), (0, 4))  (tri 132, four 72, patches 48, d4 cap 14)
room   64  base 421  classes ((0, 1), (0, 2), (0, 3), (1, 2))  (tri 132, four 72, patches 48, d4 cap 14)
room   64  base 421  classes ((0, 1), (0, 2), (0, 3), (1, 4))  (tri 132, four 72, patches 48, d4 cap 14)
room   64  base 421  classes ((0, 1), (0, 2), (1, 2), (3, 4))  (tri 132, four 72, patches 48, d4 cap 14)
room   64  base 421  classes ((0, 1), (0, 2), (1, 3), (2, 3))  (tri 132, four 72, patches 48, d4 cap 14)
room   64  base 421  classes ((0, 1), (0, 2), (1, 3), (2, 4))  (tri 132, four 72, patches 48, d4 cap 14)
room   68  base 417  classes ((0, 1), (0, 2), (0, 3, 4))  (tri 126, four 72, patches 48, d4 cap 16)
room   68  base 417  classes ((0, 1), (0, 2), (1, 2, 3))  (tri 126, four 72, patches 48, d4 cap 16)
room   68  base 417  classes ((0, 1), (0, 2), (1, 3, 4))  (tri 126, four 72, patches 48, d4 cap 16)
room   68  base 417  classes ((0, 1), (0, 2, 3), (2, 4))  (tri 126, four 72, patches 48, d4 cap 16)
room   72  base 413  classes ((0, 1, 2), (0, 3, 4))  (tri 120, four 72, patches 48, d4 cap 18)
room   74  base 411  classes ((0, 1), (0, 2, 3, 4))  (tri 120, four 76, patches 42, d4 cap 18)
room   80  base 405  classes ((0, 1), (0, 2), (0, 3), (0, 4), (1, 2))  (tri 120, four 60, patches 60, d4 cap 10)
room   80  base 405  classes ((0, 1), (0, 2), (0, 3), (1, 2), (1, 3))  (tri 120, four 60, patches 60, d4 cap 10)
room   80  base 405  classes ((0, 1), (0, 2), (0, 3), (1, 2), (1, 4))  (tri 120, four 60, patches 60, d4 cap 10)
room   80  base 405  classes ((0, 1), (0, 2), (0, 3), (1, 2), (3, 4))  (tri 120, four 60, patches 60, d4 cap 10)
room   80  base 405  classes ((0, 1), (0, 2), (0, 3), (1, 4), (2, 4))  (tri 120, four 60, patches 60, d4 cap 10)
room   80  base 405  classes ((0, 1), (0, 2), (1, 3), (2, 4), (3, 4))  (tri 120, four 60, patches 60, d4 cap 10)
room   80  base 405  classes ((0, 1, 2, 3, 4),)  (tri 120, four 80, patches 30, d4 cap 20)
room   84  base 401  classes ((0, 1), (0, 2), (0, 3), (1, 2, 3))  (tri 114, four 60, patches 60, d4 cap 12)
room   84  base 401  classes ((0, 1), (0, 2), (0, 3), (1, 2, 4))  (tri 114, four 60, patches 60, d4 cap 12)
room   84  base 401  classes ((0, 1), (0, 2), (0, 3, 4), (1, 2))  (tri 114, four 60, patches 60, d4 cap 12)
room   84  base 401  classes ((0, 1), (0, 2), (0, 3, 4), (1, 3))  (tri 114, four 60, patches 60, d4 cap 12)
room   84  base 401  classes ((0, 1), (0, 2), (1, 2, 3), (3, 4))  (tri 114, four 60, patches 60, d4 cap 12)
room   84  base 401  classes ((0, 1), (0, 2), (1, 3), (2, 3, 4))  (tri 114, four 60, patches 60, d4 cap 12)
room   88  base 397  classes ((0, 1), (0, 2, 3), (1, 2, 4))  (tri 108, four 60, patches 60, d4 cap 14)
room   90  base 395  classes ((0, 1), (0, 2), (1, 2, 3, 4))  (tri 108, four 64, patches 54, d4 cap 14)
room  100  base 385  classes ((0, 1), (0, 2), (0, 3), (0, 4), (1, 2, 3))  (tri 102, four 48, patches 72, d4 cap 8)
room  100  base 385  classes ((0, 1), (0, 2), (0, 3), (1, 2), (1, 3, 4))  (tri 102, four 48, patches 72, d4 cap 8)
room  100  base 385  classes ((0, 1), (0, 2), (0, 3), (1, 2, 3), (1, 4))  (tri 102, four 48, patches 72, d4 cap 8)
room  100  base 385  classes ((0, 1), (0, 2), (0, 3), (1, 2, 4), (3, 4))  (tri 102, four 48, patches 72, d4 cap 8)
room  100  base 385  classes ((0, 1), (0, 2), (0, 3, 4), (1, 3), (2, 3))  (tri 102, four 48, patches 72, d4 cap 8)
room  100  base 385  classes ((0, 1), (0, 2), (0, 3, 4), (1, 3), (2, 4))  (tri 102, four 48, patches 72, d4 cap 8)
room  104  base 381  classes ((0, 1), (0, 2), (0, 3, 4), (1, 2, 3))  (tri 96, four 48, patches 72, d4 cap 10)
room  104  base 381  classes ((0, 1), (0, 2, 3), (1, 2, 4), (3, 4))  (tri 96, four 48, patches 72, d4 cap 10)
room  106  base 379  classes ((0, 1), (0, 2), (0, 3), (1, 2, 3, 4))  (tri 96, four 52, patches 66, d4 cap 10)
room  120  base 365  classes ((0, 1), (0, 2), (0, 3, 4), (1, 2, 3), (1, 4))  (tri 84, four 36, patches 84, d4 cap 6)
room  122  base 363  classes ((0, 1), (0, 2), (0, 3), (0, 4), (1, 2, 3, 4))  (tri 84, four 40, patches 78, d4 cap 6)
48 structures; minimum room 32
