cycle4  seed 1  evaluated 1423  best x 20  per-cube [24, 24, 24, 24] a [2, 2, 2, 2] total 169  hits 0  envelope [(0, 20), (1, 24), (2, 24), (3, 26)]
cycle4  seed 0  evaluated 1431  best x 20  per-cube [24, 24, 24, 24] a [2, 2, 2, 2] total 169  hits 0  envelope [(0, 20), (1, 24), (2, 24), (3, 26)]
cycle4  seed 2  evaluated 1429  best x 20  per-cube [24, 24, 24, 24] a [2, 2, 2, 2] total 169  hits 0  envelope [(0, 20), (1, 24), (2, 24), (3, 26)]
cycle4  seed 3  evaluated 1425  best x 20  per-cube [24, 24, 24, 24] a [2, 2, 2, 2] total 169  hits 0  envelope [(0, 20), (1, 24), (2, 24), (3, 26)]
record  seed 2  evaluated 1418  best x 20  per-cube [22, 22, 22, 26] a [1, 1, 1, 3] total 183  hits 0  envelope [(0, 20), (1, 22), (2, 26), (3, 26)]
record  seed 1  evaluated 1425  best x 20  per-cube [22, 22, 22, 26] a [1, 1, 1, 3] total 183  hits 0  envelope [(0, 20), (1, 22), (2, 26), (3, 26)]
record  seed 3  evaluated 1447  best x 20  per-cube [22, 22, 22, 26] a [1, 1, 1, 3] total 183  hits 0  envelope [(0, 20), (1, 22), (2, 26), (3, 26)]
record  seed 0  evaluated 1435  best x 20  per-cube [22, 22, 22, 26] a [1, 1, 1, 3] total 183  hits 0  envelope [(0, 20), (1, 22), (2, 26), (3, 26)]
n3sub   seed 1  evaluated 1431  best x 20  per-cube [24, 20, 22, 16] a [2, 1, 1, 0] total 173  hits 0  envelope [(0, 20), (1, 22), (2, 24)]
n3sub   seed 2  evaluated 1459  best x 20  per-cube [24, 22, 20, 16] a [2, 1, 1, 0] total 173  hits 0  envelope [(0, 20), (1, 24), (2, 26), (3, 26)]
n3sub   seed 0  evaluated 1491  best x 20  per-cube [24, 22, 20, 16] a [2, 1, 1, 0] total 173  hits 0  envelope [(0, 20), (1, 24), (2, 24)]
n3sub   seed 3  evaluated 1491  best x 20  per-cube [20, 22, 22, 18] a [1, 1, 1, 1] total 173  hits 0  envelope [(0, 20), (1, 22), (2, 22), (3, 22)]
random  seed 2  evaluated 1486  best x 20  per-cube [18, 20, 22, 18] a [0, 1, 1, 0] total 165  hits 0  envelope [(0, 24), (1, 24), (2, 24)]
random  seed 0  evaluated 1462  best x 20  per-cube [18, 20, 20, 18] a [0, 1, 0, 1] total 165  hits 0  envelope [(0, 22), (1, 24), (2, 24)]
random  seed 1  evaluated 1499  best x 20  per-cube [14, 16, 18, 20] a [0, 0, 0, 0] total 159  hits 0  envelope [(0, 20)]
random  seed 3  evaluated 1500  best x 20  per-cube [20, 20, 22, 16] a [1, 1, 1, 1] total 169  hits 0  envelope [(0, 20), (1, 24), (2, 24)]
sphere_count agrees on per-cube d1 for 16 of 16 run-bests
best d1 per run (engine): [68, 76, 78, 78, 82, 82, 82, 82, 92, 92, 92, 92, 96, 96, 96, 96]
engine hits (d1 >= 97): 0; confirmed by sphere_count: 0
envelope, max per-cube d1 by a_i (engine): [(0, 24), (1, 24), (2, 26), (3, 26)]
