328812 configurations, 173 classes: full slack negative in 0 classes; reduced R negative in 62
on the R < 0 configurations, the excess Δ′ − rhs > 0 sits at these direction types (c, W block sizes, tied-block side behaviour), excess: count
    (1, (3,), ('switch',)) 1 8196
    (1, (3,), ('switch',)) 2 6478
    (2, (3,), ('switch',)) 3 5938
    (1, (4,), ('both',)) 3 5276
    (1, (3, 1), ('switch',)) 1 3476
    (2, (3,), ('switch',)) 6 3265
    (0, (4,), ('switch',)) 1 3256
    (0, (4,), ('both',)) 1 3037
    (1, (4,), ('switch',)) 5 3018
    (1, (4,), ('both',)) 9 2939
    (1, (1, 3), ('switch',)) 3 2850
    (0, (4,), ('both',)) 3 2378
    (1, (4,), ('switch',)) 4 2264
    (1, (3, 1), ('switch',)) 2 2048
    (0, (1, 4), ('both',)) 3 1969
    (1, (1, 3), ('switch',)) 6 1774
    (0, (4, 1), ('switch',)) 1 1521
    (0, (1, 4), ('both',)) 9 1304
    (0, (4, 1), ('both',)) 1 1303
    (0, (5,), ('both',)) 7 1134
    (0, (5,), ('both',)) 4 1073
    (0, (5,), ('switch',)) 5 640
    (0, (1, 4), ('switch',)) 5 621
    (0, (1, 3), ('switch',)) 2 599
    (0, (4, 1), ('both',)) 3 518
    (0, (2, 3), ('both', 'switch')) 3 461
    (0, (1, 3, 1), ('switch',)) 1 421
    (0, (1, 4), ('switch',)) 4 419
    (0, (5,), ('switch',)) 4 392
    (0, (2, 3), ('both', 'switch')) 6 275
    (0, (1, 3, 1), ('switch',)) 2 251
    (0, (1, 1, 3), ('switch',)) 6 90
    (0, (1, 1, 3), ('switch',)) 3 79
    (0, (1, 3), ('switch',)) 1 27
    (0, (2, 3), ('cross', 'switch')) 6 1
    (0, (2, 3), ('one side', 'switch')) 6 1
