R′ (ends + pair switches) on 78847 configurations, 170 classes: negative in 40 classes
    (5, 0, '[3, 2], sharers owning more: 0/5') -14
    (5, 0, '[3, 2, 2], sharers owning more: 2/5') -12
    (4, 1, '[3, 2], sharers owning more: 1/4') -10
    (4, 1, '[2, 2], sharers owning more: 0/4') -10
    (5, 0, '[3, 3], sharers owning more: 2/5') -10
    (5, 0, '[4, 2], sharers owning more: 2/5') -10
    (5, 0, '[4, 2], sharers owning more: 1/5') -10
    (5, 0, '[3, 3], sharers owning more: 1/5') -10
    (4, 1, '[3, 2], sharers owning more: 2/4') -8
    (4, 1, '[4], sharers owning more: 1/4') -8
    (5, 0, '[3, 2], sharers owning more: 1/5') -8
    (5, 0, '[4], sharers owning more: 0/4') -8
    (5, 0, '[3, 3], sharers owning more: 3/5') -8
    (5, 0, '[5], sharers owning more: 1/5') -8
    (4, 1, '[3], sharers owning more: 0/3') -6
    (5, 0, '[3, 2, 2], sharers owning more: 3/5') -6
    (3, 2, '[3], sharers owning more: 1/3') -6
    (5, 0, '[4], sharers owning more: 1/4') -6
    (4, 1, '[2, 2, 2], sharers owning more: 2/4') -6
    (4, 1, '[4], sharers owning more: 2/4') -6
    (5, 0, '[2, 2, 2], sharers owning more: 1/5') -6
    (5, 0, '[5], sharers owning more: 2/5') -6
    (4, 1, '[2, 2, 2], sharers owning more: 1/4') -6
    (5, 0, '[3, 2], sharers owning more: 2/4') -4
    (4, 1, '[3], sharers owning more: 1/3') -4
    (3, 2, '[2, 2], sharers owning more: 1/3') -4
    (5, 0, '[3, 2], sharers owning more: 2/5') -4
    (5, 0, '[3], sharers owning more: 0/3') -4
    (5, 0, '[3, 2], sharers owning more: 1/4') -4
    (4, 1, '[3, 2], sharers owning more: 3/4') -2
    (3, 1, '[3], sharers owning more: 1/3') -2
    (5, 0, '[4, 2], sharers owning more: 3/5') -2
    (4, 0, '[4], sharers owning more: 1/4') -2
    (4, 0, '[3, 2], sharers owning more: 2/4') -2
    (4, 0, '[2, 2], sharers owning more: 0/4') -2
    (4, 0, '[3], sharers owning more: 0/3') -2
    (4, 1, '[2, 2], sharers owning more: 1/4') -2
    (3, 2, '[3], sharers owning more: 2/3') -2
    (4, 0, '[3, 2], sharers owning more: 1/4') -2
    (5, 0, '[2, 2, 2, 2], sharers owning more: 3/5') -2
   example {'pts': {0: ['1045/3', '680/3'], 2: ['1045/3'], 3: ['1045/3'], 4: ['680/3']}, 'C': [1], 'R': -10, 'e_plus_sigma': {1: 2, 2: 2}, 'Kstar': 7, 'sig': (4, 1, '[3, 2], sharers owning more: 1/4')}
   example {'pts': {0: ['254/3', '260'], 1: ['260'], 2: ['260'], 3: ['167/3'], 4: ['254/3', '710/3']}, 'C': [], 'R': -2, 'e_plus_sigma': {3: 2, 4: 4, 1: 3, 2: 4}, 'Kstar': 11, 'sig': (5, 0, '[3, 2], sharers owning more: 2/4')}
   example {'pts': {0: ['188'], 1: ['188'], 2: ['188'], 4: ['341', '118']}, 'C': [3], 'R': -6, 'e_plus_sigma': {1: 2, 3: 2}, 'Kstar': 7, 'sig': (4, 1, '[3], sharers owning more: 0/3')}
   example {'pts': {1: ['567/2', '611/4'], 2: ['611/4'], 3: ['611/4', '37/4'], 4: ['567/2', '139']}, 'C': [0], 'R': -2, 'e_plus_sigma': {2: 4, 1: 4, 3: 3}, 'Kstar': 11, 'sig': (4, 1, '[3, 2], sharers owning more: 3/4')}
   example {'pts': {0: ['239/2'], 1: ['239/2'], 2: ['239/2', '352'], 4: ['316', '139']}, 'C': [3], 'R': -4, 'e_plus_sigma': {1: 2, 2: 2, 3: 3}, 'Kstar': 10, 'sig': (4, 1, '[3], sharers owning more: 1/3')}
   example {'pts': {0: ['598/3'], 2: ['598/3'], 3: ['598/3', '68']}, 'C': [4], 'R': -2, 'e_plus_sigma': {2: 2}, 'Kstar': 3, 'sig': (3, 1, '[3], sharers owning more: 1/3')}
