realisable configurations: 71573; R′ < 0 in 5249
(dimension, cubes owning an unshared point): R′<0 count / all
    (0, 0) 0 / 3755
    (0, 1) 112 / 552
    (1, 0) 870 / 1590
    (1, 1) 2503 / 11103
    (1, 2) 267 / 6643
    (1, 3) 0 / 62
    (2, 0) 22 / 22
    (2, 1) 740 / 3481
    (2, 2) 695 / 18960
    (2, 3) 0 / 5436
    (2, 4) 0 / 110
    (3, 1) 0 / 31
    (3, 2) 40 / 1825
    (3, 3) 0 / 11509
    (3, 4) 0 / 2111
    (3, 5) 0 / 33
    (4, 3) 0 / 282
    (4, 4) 0 / 3386
    (4, 5) 0 / 304
    (5, 5) 0 / 378
