reduced inequality R(P) >= 0 on 105049 configurations (all sharing patterns), 170 classes; negative in 58
    (4, 1, '[2, 2, 2], sharers owning more: 2/4') -18
    (4, 1, '[2, 2], sharers owning more: 0/4') -18
    (5, 0, '[2, 2, 2], sharers owning more: 1/5') -18
    (4, 1, '[2, 2, 2], sharers owning more: 1/4') -18
    (5, 0, '[2, 2, 2, 2], sharers owning more: 3/5') -18
    (5, 0, '[3, 2, 2], sharers owning more: 2/5') -16
    (4, 1, '[2, 2, 2, 2], sharers owning more: 4/4') -16
    (5, 0, '[3, 2], sharers owning more: 0/5') -14
    (5, 0, '[3, 3], sharers owning more: 1/5') -14
    (3, 2, '[2, 2], sharers owning more: 1/3') -12
    (5, 0, '[4, 2], sharers owning more: 2/5') -10
    (4, 1, '[3, 2], sharers owning more: 1/4') -10
    (5, 0, '[3, 3], sharers owning more: 2/5') -10
    (5, 0, '[4, 2], sharers owning more: 1/5') -10
    (4, 1, '[3, 2], sharers owning more: 2/4') -8
    (5, 0, '[3, 2, 2], sharers owning more: 3/5') -8
    (4, 1, '[4], sharers owning more: 1/4') -8
    (5, 0, '[4], sharers owning more: 0/4') -8
    (5, 0, '[3, 2], sharers owning more: 1/5') -8
    (5, 0, '[5], sharers owning more: 1/5') -8
    (5, 0, '[3, 3], sharers owning more: 3/5') -8
    (4, 1, '[2, 2, 2], sharers owning more: 3/4') -6
    (4, 0, '[2, 2], sharers owning more: 0/4') -6
    (5, 0, '[4], sharers owning more: 1/4') -6
    (4, 1, '[2, 2], sharers owning more: 1/4') -6
    (4, 1, '[3], sharers owning more: 0/3') -6
    (3, 2, '[3], sharers owning more: 1/3') -6
    (4, 0, '[2, 2, 2], sharers owning more: 2/4') -6
    (5, 0, '[2, 2], sharers owning more: 0/4') -6
    (4, 1, '[4], sharers owning more: 2/4') -6
    (5, 0, '[2, 2, 2], sharers owning more: 2/5') -6
    (5, 0, '[5], sharers owning more: 2/5') -6
    (4, 0, '[2, 2, 2], sharers owning more: 1/4') -6
    (5, 0, '[3, 2], sharers owning more: 2/4') -4
    (3, 2, '[2, 2], sharers owning more: 2/3') -4
    (4, 1, '[3], sharers owning more: 1/3') -4
    (4, 1, '[2, 2], sharers owning more: 1/3') -4
    (4, 1, '[2, 2], sharers owning more: 2/4') -4
    (3, 1, '[2, 2], sharers owning more: 1/3') -4
    (5, 0, '[3], sharers owning more: 0/3') -4
   example {'pts': {0: ['48', '173'], 2: ['48', '664/3'], 4: ['664/3']}, 'C': [1], 'R': -2, 'e': {1: 3, 2: 2}, 'Kstar': 3, 'sig': (3, 1, '[2, 2], sharers owning more: 2/3')}
   example {'pts': {0: ['152'], 1: ['152', '272'], 2: ['1051/3'], 3: ['272', '349/3'], 4: ['152']}, 'C': [], 'R': -2, 'e': {1: 2, 2: 4, 3: 4, 4: 3}, 'Kstar': 11, 'sig': (5, 0, '[3, 2], sharers owning more: 2/4')}
   example {'pts': {2: ['731/3', '262/3'], 3: ['731/3', '296/3'], 4: ['262/3']}, 'C': [0, 1], 'R': -4, 'e': {1: 3, 2: 2}, 'Kstar': 9, 'sig': (3, 2, '[2, 2], sharers owning more: 2/3')}
   example {'pts': {0: ['407/2', '129/2'], 1: ['129/2'], 2: ['1069/4'], 3: ['407/2', '1415/4'], 4: ['129/2']}, 'C': [], 'R': -2, 'e': {1: 2, 2: 4, 3: 4, 4: 3}, 'Kstar': 11, 'sig': (5, 0, '[3, 2], sharers owning more: 2/4')}
   example {'pts': {0: ['313'], 1: ['313', '130'], 2: ['130', '287'], 4: ['130']}, 'C': [3], 'R': -6, 'e': {1: 3, 2: 2, 3: 2}, 'Kstar': 9, 'sig': (4, 1, '[3, 2], sharers owning more: 2/4')}
   example {'pts': {2: ['613/4', '565/2'], 3: ['613/4'], 4: ['565/2', '315/2']}, 'C': [0], 'R': -2, 'e': {1: 3, 2: 2}, 'Kstar': 3, 'sig': (3, 1, '[2, 2], sharers owning more: 2/3')}
