Check 1′ with switches, any side ties, t=2 c=0: 11 triples, min 0, failures 0
Check 1′ with switches, any side ties, t=2 c=1: 11 triples, min 0, failures 0
Check 1′ with switches, any side ties, t=2 c=2: 11 triples, min 0, failures 0
Check 1′ with switches, any side ties, t=2 c=3: 11 triples, min 0, failures 0
Check 1′ with switches, any side ties, t=3 c=0: 229 triples, min 0, failures 0
Check 1′ with switches, any side ties, t=3 c=1: 229 triples, min -1, failures 6
    {'W': [[1, 2, 3]], 'L': [[1], [2, 3]], 'R': [[1, 2, 3]], 'delta': 1, 'rhs': 2}
    {'W': [[1, 2, 3]], 'L': [[2], [1, 3]], 'R': [[1, 2, 3]], 'delta': 1, 'rhs': 2}
    {'W': [[1, 2, 3]], 'L': [[3], [1, 2]], 'R': [[1, 2, 3]], 'delta': 1, 'rhs': 2}
Check 1′ with switches, any side ties, t=3 c=2: 229 triples, min -1, failures 6
    {'W': [[2, 3, 4]], 'L': [[2], [3, 4]], 'R': [[2, 3, 4]], 'delta': 5, 'rhs': 6}
    {'W': [[2, 3, 4]], 'L': [[3], [2, 4]], 'R': [[2, 3, 4]], 'delta': 5, 'rhs': 6}
    {'W': [[2, 3, 4]], 'L': [[4], [2, 3]], 'R': [[2, 3, 4]], 'delta': 5, 'rhs': 6}
Check 1′ with switches, any side ties, t=4 c=0: 7811 triples, min -2, failures 10
    {'W': [[0], [1, 2, 3]], 'L': [[0], [1], [2, 3]], 'R': [[0], [1, 2, 3]], 'delta': 1, 'rhs': 2}
    {'W': [[0], [1, 2, 3]], 'L': [[0], [2], [1, 3]], 'R': [[0], [1, 2, 3]], 'delta': 1, 'rhs': 2}
    {'W': [[0], [1, 2, 3]], 'L': [[0], [3], [1, 2]], 'R': [[0], [1, 2, 3]], 'delta': 1, 'rhs': 2}
Check 1′ with switches, any side ties, t=4 c=1: 7811 triples, min -4, failures 10
    {'W': [[1], [2, 3, 4]], 'L': [[1], [2], [3, 4]], 'R': [[1], [2, 3, 4]], 'delta': 5, 'rhs': 6}
    {'W': [[1], [2, 3, 4]], 'L': [[1], [3], [2, 4]], 'R': [[1], [2, 3, 4]], 'delta': 5, 'rhs': 6}
    {'W': [[1], [2, 3, 4]], 'L': [[1], [4], [2, 3]], 'R': [[1], [2, 3, 4]], 'delta': 5, 'rhs': 6}
Check 1′ with switches, any side ties, t=5 c=0: 399061 triples, min -6, failures 10
    {'W': [[0], [1], [2, 3, 4]], 'L': [[0], [1], [2], [3, 4]], 'R': [[0], [1], [2, 3, 4]], 'delta': 5, 'rhs': 6}
    {'W': [[0], [1], [2, 3, 4]], 'L': [[0], [1], [3], [2, 4]], 'R': [[0], [1], [2, 3, 4]], 'delta': 5, 'rhs': 6}
    {'W': [[0], [1], [2, 3, 4]], 'L': [[0], [1], [4], [2, 3]], 'R': [[0], [1], [2, 3, 4]], 'delta': 5, 'rhs': 6}
