{'excess_0': 36948, 'low_end_deg_<=2': 23305, 'low_end_deg_>=3': 13643, 'low_end_off_G': 5356, 'low_end_unrealisable_structure': 130, 'not_low_end': 191116}
   ab                       deg<=2  2759
   ab ac                    deg<=2  207
   ab ac                    deg>=3  652
   ab ac bd                 deg>=3  143
   ab ac cd                 deg>=3  130
   ab acd                   deg<=2  298
   ab ad                    deg<=2  206
   ab ad                    deg>=3  703
   ab ad bc                 deg>=3  144
   ab ad cd                 deg>=3  154
   ab bc                    deg<=2  199
   ab bc                    deg>=3  699
   ab bc cd                 deg>=3  125
   ab bcd                   deg<=2  276
   ab bd                    deg<=2  203
   ab bd                    deg>=3  705
   ab bd cd                 deg>=3  148
   ab cd                    deg<=2  215
   ab cd                    deg>=3  1284
   abc ad                   deg<=2  279
   abc bd                   deg<=2  283
   abc cd                   deg<=2  308
   abd ac                   deg<=2  258
   abd bc                   deg<=2  305
   abd cd                   deg<=2  276
   ac                       deg<=2  2810
   ac ad                    deg<=2  208
   ac ad                    deg>=3  691
   ac ad bc                 deg>=3  157
   ac ad bd                 deg>=3  160
   ac bc                    deg<=2  225
   ac bc                    deg>=3  667
   ac bc bd                 deg>=3  126
   ac bcd                   deg<=2  321
   ac bd                    deg<=2  233
   ac bd                    deg>=3  1241
   ac bd cd                 deg>=3  150
   ac cd                    deg<=2  202
   ac cd                    deg>=3  608
   acd bc                   deg<=2  302
   acd bd                   deg<=2  299
   ad                       deg<=2  2761
   ad bc                    deg<=2  239
   ad bc                    deg>=3  1290
   ad bc bd                 deg>=3  131
   ad bc cd                 deg>=3  129
   ad bcd                   deg<=2  256
   ad bd                    deg<=2  206
   ad bd                    deg>=3  656
   ad cd                    deg<=2  229
   ad cd                    deg>=3  707
   bc                       deg<=2  2809
   bc bd                    deg<=2  215
   bc bd                    deg>=3  656
   bc cd                    deg<=2  214
   bc cd                    deg>=3  682
   bd                       deg<=2  2719
   bd cd                    deg<=2  212
   bd cd                    deg>=3  705
   cd                       deg<=2  2773
control (low-end vertices of degree >= 3 occur): True
