seed 104 step 1 total 113 [(1, 0, 0, 0), (5, 0, 0, -10), (-4, -5, 0, -5), (-4, 7, 7, 0)]
seed 105 step 2 total 117 [(1, 0, 0, 0), (6, 0, 0, -2), (6, -7, 4, 7), (3, 1, 5, 1)]
seed 102 step 3 total 135 [(1, 0, 0, 0), (7, 0, 0, 5), (1, -4, -1, 1), (1, 1, -1, -4)]
seed 106 step 5 total 115 [(1, 0, 0, 0), (2, 0, 0, -3), (-7, 6, -1, 0), (1, 4, 6, 4)]
seed 103 step 7 total 127 [(1, 0, 0, 0), (7, 0, 0, 4), (1, -4, -1, 1), (1, 1, -1, -4)]
seed 100 step 16 total 125 [(1, 0, 0, 0), (2, 0, 0, 1), (1, -4, -1, 1), (0, 2, -1, -3)]
seed 107 step 9 total 111 [(1, 0, 0, 0), (5, 0, 0, 1), (-4, -6, -6, -6), (5, 5, 2, -1)]
seed 106 step 8 total 123 [(1, 0, 0, 0), (2, 0, 0, -3), (-3, 6, -1, 3), (1, 4, 6, 4)]
seed 100 step 19 total 133 [(1, 0, 0, 0), (-1, 0, 0, 4), (1, -4, -1, 1), (0, 2, -1, -3)]
seed 107 step 11 total 117 [(1, 0, 0, 0), (5, 0, 0, 1), (-4, -6, -6, -6), (4, 4, 2, 0)]
seed 105 step 14 total 119 [(1, 0, 0, 0), (6, 0, 0, -2), (6, -7, 3, 8), (1, 1, 7, -1)]
seed 105 step 17 total 123 [(1, 0, 0, 0), (5, 0, 0, -2), (6, -7, 3, 8), (1, 1, 7, -1)]
seed 105 step 18 total 127 [(1, 0, 0, 0), (4, 0, 0, -2), (6, -7, 3, 8), (1, 1, 7, -1)]
seed 107 step 20 total 119 [(1, 0, 0, 0), (4, 0, 0, 1), (-4, -6, -6, -6), (4, 4, 2, 0)]
seed 103 step 29 total 131 [(1, 0, 0, 0), (8, 0, 0, 6), (1, -4, 1, -1), (1, 1, -1, -4)]
seed 107 step 25 total 123 [(1, 0, 0, 0), (4, 0, 0, 1), (-4, -6, -6, -6), (3, 4, 3, 1)]
seed 101 step 31 total 129 [(1, 0, 0, 0), (2, 0, 0, -1), (0, -2, 1, 3), (1, 1, -1, -4)]
seed 104 step 32 total 117 [(1, 0, 0, 0), (5, 0, 0, -10), (-4, -4, 1, -5), (-4, 7, 7, 0)]
seed 104 step 34 total 119 [(1, 0, 0, 0), (3, 0, 0, -7), (-4, -4, 1, -5), (-4, 7, 7, 0)]
seed 105 step 38 total 129 [(1, 0, 0, 0), (4, 0, 0, -2), (6, -7, 7, 11), (1, 1, 7, -1)]
seed 106 step 39 total 125 [(1, 0, 0, 0), (8, 0, 0, -3), (-2, 8, -2, 2), (0, 3, 7, 5)]
seed 107 step 35 total 127 [(1, 0, 0, 0), (4, 0, 0, 1), (-5, -8, -5, -5), (3, 4, 3, 1)]
seed 106 step 41 total 127 [(1, 0, 0, 0), (7, 0, 0, -4), (-2, 8, -2, 2), (0, 3, 7, 5)]
seed 101 step 48 total 133 [(1, 0, 0, 0), (6, 0, 0, -5), (0, -2, 1, 3), (1, 1, -1, -4)]
seed 101 step 54 total 135 [(1, 0, 0, 0), (7, 0, 0, -5), (0, -2, 1, 3), (1, 1, -1, -4)]
seed 104 step 55 total 121 [(1, 0, 0, 0), (4, 0, 0, -6), (-4, -4, 1, -5), (-5, 5, 9, 0)]
seed 106 step 60 total 129 [(1, 0, 0, 0), (1, 0, 0, -6), (-2, 8, -2, 2), (0, 3, 7, 5)]
seed 105 step 88 total 131 [(1, 0, 0, 0), (4, 0, 0, -1), (7, -6, 7, 12), (1, 1, 7, -1)]
seed 104 step 99 total 123 [(1, 0, 0, 0), (6, 0, 0, -10), (-4, -4, 1, -5), (-5, 4, 9, 0)]
seed 106 step 104 total 133 [(1, 0, 0, 0), (1, 0, 0, -5), (-2, 8, -2, 2), (0, 2, 6, 4)]
seed 107 step 137 total 131 [(1, 0, 0, 0), (4, 0, 0, 2), (-5, -8, -5, -5), (2, 2, 4, 2)]
seed 104 step 145 total 125 [(1, 0, 0, 0), (6, 0, 0, -10), (-4, -4, 1, -5), (-5, 5, 8, 2)]
seed 106 step 229 total 135 [(1, 0, 0, 0), (1, 0, 0, -6), (-2, 8, -2, 2), (0, 2, 6, 4)]
seed 104 step 171 total 127 [(1, 0, 0, 0), (6, 0, 0, -10), (-4, -4, 1, -5), (-5, 5, 8, 5)]
seed 105 step 197 total 133 [(1, 0, 0, 0), (-5, 0, 0, -2), (7, -6, 7, 12), (1, 1, 7, -1)]
seed 104 step 195 total 129 [(1, 0, 0, 0), (6, 0, 0, -10), (-3, -3, 0, -4), (-5, 5, 8, 5)]
seed 103 step 263 total 135 [(1, 0, 0, 0), (24, 0, 0, 27), (1, -4, 1, -1), (1, -1, 1, -5)]
seed 107 step 288 total 133 [(1, 0, 0, 0), (14, 0, 0, 15), (-5, -10, -5, -5), (3, 3, 3, 2)]
seed 100 step 335 total 135 [(1, 0, 0, 0), (-1, 0, 0, 6), (0, -4, 1, 3), (0, 2, -1, -3)]
seed 107 step 366 total 135 [(1, 0, 0, 0), (23, 0, 0, 26), (-5, -10, -5, -5), (4, 4, 4, 2)]
seed 104 step 479 total 131 [(1, 0, 0, 0), (6, 0, 0, -10), (-3, -3, -3, -6), (-5, 5, 8, 5)]
seed 104 step 483 total 133 [(1, 0, 0, 0), (6, 0, 0, -8), (-3, -3, -3, -6), (-5, 5, 8, 5)]
seed 105 step 2030 total 135 [(1, 0, 0, 0), (-13, 0, 0, -6), (6, -7, 7, 12), (1, 1, 7, -1)]
seed 105 step 2043 total 137 [(1, 0, 0, 0), (-13, 0, 0, -5), (6, -7, 7, 12), (1, 1, 7, -1)]
seed 104 step 1817 total 135 [(1, 0, 0, 0), (16, 0, 0, -17), (3, 3, 3, -6), (-6, 6, 14, 6)]
seed 108 step 1 total 105 [(1, 0, 0, 0), (9, 0, 0, -3), (1, -5, -7, -6), (-5, 3, 1, 5)]
seed 108 step 3 total 111 [(1, 0, 0, 0), (9, 0, 0, -3), (0, -6, -8, -5), (-5, 3, 1, 5)]
seed 108 step 15 total 113 [(1, 0, 0, 0), (12, 0, 0, -4), (-2, -8, -8, -6), (-5, 3, 1, 5)]
seed 108 step 18 total 121 [(1, 0, 0, 0), (12, 0, 0, -4), (-2, -8, -8, -6), (-7, 4, 2, 4)]
seed 108 step 122 total 123 [(1, 0, 0, 0), (12, 0, 0, -4), (-4, -10, -4, -6), (-6, 4, 2, 4)]
seed 108 step 124 total 125 [(1, 0, 0, 0), (16, 0, 0, -7), (-4, -10, -4, -6), (-6, 4, 2, 4)]
seed 108 step 151 total 131 [(1, 0, 0, 0), (20, 0, 0, -10), (-4, -10, -4, -6), (-6, 4, 2, 4)]
seed 109 step 9 total 105 [(1, 0, 0, 0), (11, 0, 0, -6), (5, 0, -3, -7), (-6, 7, -2, -4)]
seed 109 step 16 total 107 [(1, 0, 0, 0), (11, 0, 0, -7), (7, -1, -1, -5), (-9, 8, -5, -7)]
seed 110 step 18 total 123 [(1, 0, 0, 0), (6, 0, 0, 1), (3, 3, -3, -5), (7, 1, 1, 0)]
seed 109 step 19 total 111 [(1, 0, 0, 0), (11, 0, 0, -7), (7, -1, -1, -5), (-9, 9, -5, -7)]
seed 109 step 32 total 115 [(1, 0, 0, 0), (11, 0, 0, -6), (7, -1, -1, -5), (-9, 9, -5, -7)]
seed 109 step 34 total 119 [(1, 0, 0, 0), (11, 0, 0, -6), (7, -1, -1, -5), (-10, 10, -7, -9)]
seed 109 step 44 total 121 [(1, 0, 0, 0), (12, 0, 0, -6), (7, -1, -1, -5), (-10, 10, -7, -9)]
seed 109 step 48 total 123 [(1, 0, 0, 0), (12, 0, 0, -6), (7, -1, -1, -5), (-10, 11, -7, -10)]
seed 111 step 1 total 39 [(1, 0, 0, 0), (7, 0, 0, -7), (5, 6, 5, -1), (-5, -4, -6, 1)]
seed 111 step 2 total 41 [(1, 0, 0, 0), (7, 0, 0, -7), (5, 6, 5, -1), (-6, -3, -6, 1)]
seed 111 step 3 total 45 [(1, 0, 0, 0), (7, 0, 0, -7), (5, 8, 4, 0), (-6, -3, -6, 1)]
seed 111 step 5 total 53 [(1, 0, 0, 0), (7, 0, 0, -7), (5, 9, 5, -1), (-5, -5, -5, 3)]
seed 111 step 6 total 119 [(1, 0, 0, 0), (5, 0, 0, -7), (5, 9, 5, -1), (-5, -5, -5, 3)]
seed 109 step 56 total 125 [(1, 0, 0, 0), (12, 0, 0, -6), (7, -1, -1, -5), (-10, 10, -7, -10)]
seed 109 step 59 total 129 [(1, 0, 0, 0), (12, 0, 0, -6), (8, -2, 0, -6), (-10, 10, -7, -10)]
seed 111 step 10 total 121 [(1, 0, 0, 0), (3, 0, 0, -11), (5, 9, 5, -1), (-5, -5, -5, 3)]
seed 110 step 74 total 131 [(1, 0, 0, 0), (5, 0, 0, 1), (3, 3, -3, -5), (5, 2, 3, 0)]
seed 110 step 84 total 133 [(1, 0, 0, 0), (6, 0, 0, 1), (3, 3, -3, -5), (5, 2, 3, 0)]
seed 111 step 26 total 123 [(1, 0, 0, 0), (5, 0, 0, -8), (5, 9, 5, 0), (-5, -5, -5, 3)]
seed 111 step 27 total 127 [(1, 0, 0, 0), (5, 0, 0, -8), (5, 9, 5, 0), (-5, -4, -4, 4)]
seed 109 step 93 total 131 [(1, 0, 0, 0), (15, 0, 0, -5), (8, -2, 0, -6), (-9, 9, -7, -9)]
seed 112 step 0 total 109 [(1, 0, 0, 0), (1, 0, 0, -2), (4, 4, 3, 4), (-4, -1, -6, 0)]
seed 112 step 9 total 117 [(1, 0, 0, 0), (1, 0, 0, -2), (7, 4, -2, 1), (-2, -2, -6, 2)]
seed 111 step 61 total 131 [(1, 0, 0, 0), (6, 0, 0, -9), (6, 9, 6, 0), (-4, -3, -3, 3)]
seed 113 step 0 total 105 [(1, 0, 0, 0), (5, 0, 0, -7), (-7, 4, -1, -1), (-7, -5, 7, -6)]
seed 112 step 24 total 125 [(1, 0, 0, 0), (4, 0, 0, 1), (7, 4, -2, 1), (-1, -2, -7, 2)]
seed 113 step 6 total 113 [(1, 0, 0, 0), (6, 0, 0, -9), (-7, 4, -1, -1), (-6, -5, 8, -6)]
seed 113 step 8 total 115 [(1, 0, 0, 0), (6, 0, 0, -9), (-7, 4, -1, -1), (-7, -4, 7, -7)]
seed 113 step 25 total 117 [(1, 0, 0, 0), (4, 0, 0, -8), (-6, 4, -1, 0), (-7, -4, 7, -7)]
seed 113 step 30 total 129 [(1, 0, 0, 0), (4, 0, 0, -8), (-10, 7, 0, -3), (-7, -4, 7, -7)]
seed 114 step 1 total 103 [(1, 0, 0, 0), (2, 0, 0, -9), (-4, -6, 2, 2), (3, 5, -6, 0)]
seed 114 step 4 total 111 [(1, 0, 0, 0), (6, 0, 0, -9), (-4, -6, 2, 2), (3, 5, -6, 0)]
seed 114 step 14 total 121 [(1, 0, 0, 0), (6, 0, 0, -9), (-4, -8, 2, 3), (3, 5, -6, 0)]
seed 114 step 23 total 125 [(1, 0, 0, 0), (2, 0, 0, -8), (-4, -8, 2, 3), (3, 5, -6, 0)]
seed 113 step 104 total 131 [(1, 0, 0, 0), (2, 0, 0, -4), (-12, 9, 0, -5), (-7, -4, 7, -7)]
seed 109 step 250 total 133 [(1, 0, 0, 0), (11, 0, 0, -2), (8, -2, 0, -6), (-9, 9, -9, -11)]
seed 115 step 0 total 111 [(1, 0, 0, 0), (9, 0, 0, -5), (-1, 7, -6, 0), (2, 3, -4, 6)]
seed 115 step 1 total 123 [(1, 0, 0, 0), (9, 0, 0, -5), (-1, 7, -6, 0), (2, 3, -3, 4)]
seed 115 step 4 total 125 [(1, 0, 0, 0), (10, 0, 0, -5), (-1, 7, -6, 0), (2, 3, -3, 4)]
seed 112 step 107 total 129 [(1, 0, 0, 0), (3, 0, 0, 5), (2, 1, -1, 1), (-1, -2, -7, 2)]
seed 111 step 215 total 133 [(1, 0, 0, 0), (13, 0, 0, -19), (7, 9, 6, 0), (-4, -3, -3, 3)]
seed 111 step 217 total 135 [(1, 0, 0, 0), (12, 0, 0, -18), (7, 9, 6, 0), (-4, -3, -3, 3)]
seed 115 step 43 total 127 [(1, 0, 0, 0), (10, 0, 0, -5), (0, 5, -4, 1), (2, 3, -3, 4)]
seed 115 step 84 total 129 [(1, 0, 0, 0), (10, 0, 0, -5), (0, 5, -4, 1), (3, 4, -3, 3)]
seed 112 step 143 total 133 [(1, 0, 0, 0), (3, 0, 0, 5), (1, 1, -1, 5), (-1, -2, -7, 2)]
seed 115 step 87 total 131 [(1, 0, 0, 0), (11, 0, 0, -4), (0, 5, -4, 1), (3, 4, -3, 3)]
seed 111 step 271 total 137 [(1, 0, 0, 0), (12, 0, 0, -15), (7, 9, 6, 0), (-4, -3, -3, 3)]
seed 113 step 375 total 133 [(1, 0, 0, 0), (-1, 0, 0, 2), (-10, 9, 0, -5), (-7, -4, 7, -7)]
seed 114 step 337 total 127 [(1, 0, 0, 0), (6, 0, 0, -8), (-5, -5, 1, 5), (3, 5, -6, 0)]
seed 114 step 395 total 129 [(1, 0, 0, 0), (10, 0, 0, -12), (-5, -5, 1, 5), (3, 5, -6, 0)]
seed 115 step 399 total 133 [(1, 0, 0, 0), (33, 0, 0, -13), (0, 6, -5, 1), (4, 5, -4, 4)]
seed 114 step 691 total 133 [(1, 0, 0, 0), (10, 0, 0, -12), (-5, -5, 1, 5), (3, 7, -4, 0)]
seed 114 step 760 total 135 [(1, 0, 0, 0), (10, 0, 0, -12), (-3, -5, 3, 3), (3, 7, -4, 0)]
seed 114 step 933 total 137 [(1, 0, 0, 0), (16, 0, 0, -24), (-3, -5, 3, 3), (2, 6, -3, 1)]
seed 110 step 2038 total 135 [(1, 0, 0, 0), (49, 0, 0, 1), (6, 11, 0, -5), (12, 0, 10, -2)]

best per run: [135, 135, 135, 135, 135, 137, 135, 135, 131, 133, 135, 137, 133, 133, 137, 133]
HIGHEST shared-plane count 137 at [(1, 0, 0, 0), (-13, 0, 0, -5), (6, -7, 7, 12), (1, 1, 7, -1)]; unevaluated moves 5
