seed 931 step 19 MV bound 67 [(1, 0, 0, 0), (8, 0, 0, -1), (0, -2, 1, 3), (2, 1, -1, -4)]
seed 930 step 32 MV bound 68 [(1, 0, 0, 0), (8, 0, 0, -6), (0, -2, 2, 3), (1, 1, -1, -4)]
seed 921 step 40 MV bound 67 [(1, 0, 0, 0), (1, 0, 0, 9), (0, -4, 1, 3), (-3, 4, 0, -5)]
seed 910 step 115 MV bound 69 [(1, 0, 0, 0), (10, 0, 0, -14), (12, 14, 8, -1), (-4, -3, -3, 3)]
seed 930 step 182 MV bound 69 [(1, 0, 0, 0), (7, 0, 0, -5), (-2, 0, 3, 3), (1, 1, -1, -4)]
seed 920 step 164 MV bound 67 [(1, 0, 0, 0), (-1, 0, 0, 19), (-1, -5, -4, 0), (-1, 1, -2, -1)]
seed 900 step 369 MV bound 69 [(1, 0, 0, 0), (16, 0, 0, -4), (-1, 9, -6, 2), (8, 1, -7, 0)]
seed 920 step 494 MV bound 69 [(1, 0, 0, 0), (-1, 0, 0, 39), (4, -5, -5, -5), (-3, 3, 1, -3)]
seed 931 step 622 MV bound 68 [(1, 0, 0, 0), (12, 0, 0, -4), (0, -4, 2, 6), (8, -5, 9, -11)]
seed 921 step 657 MV bound 69 [(1, 0, 0, 0), (-4, 0, 0, 32), (-5, 0, 1, 6), (-3, 5, 0, -6)]
seed 911 step 744 MV bound 69 [(1, 0, 0, 0), (33, 0, 0, -27), (11, 13, 9, 0), (-1, -3, -4, 0)]
seed 951 step 9 MV bound 67 [(1, 0, 0, 0), (13, 0, 0, -18), (3, 3, 3, -6), (-5, 5, 15, 5)]
seed 950 step 59 MV bound 67 [(1, 0, 0, 0), (13, 0, 0, -16), (3, 3, 3, -6), (-3, 4, 15, 3)]
seed 940 step 281 MV bound 67 [(1, 0, 0, 0), (14, 0, 0, 15), (0, -5, -2, 3), (1, 1, -1, -6)]
seed 960 step 13 MV bound 67 [(1, 0, 0, 0), (20, 0, 0, 24), (-8, -6, -1, -6), (4, 4, 4, 2)]
seed 951 step 72 MV bound 69 [(1, 0, 0, 0), (20, 0, 0, -27), (3, 3, 3, -6), (-6, 4, 13, 4)]
seed 970 step 9 MV bound 67 [(1, 0, 0, 0), (22, 0, 0, -27), (-3, -5, 3, 3), (2, 6, -3, 1)]
seed 961 step 39 MV bound 67 [(1, 0, 0, 0), (24, 0, 0, 28), (-5, -12, -5, -5), (4, 4, 4, 2)]
seed 960 step 77 MV bound 69 [(1, 0, 0, 0), (20, 0, 0, 15), (-10, -6, -1, -6), (4, 4, 4, 2)]
seed 941 step 266 MV bound 67 [(1, 0, 0, 0), (39, 0, 0, 27), (1, -4, 1, -1), (3, -1, 1, -6)]
seed 961 step 115 MV bound 69 [(1, 0, 0, 0), (35, 0, 0, 34), (-5, -12, -5, -5), (4, 4, 4, 3)]
seed 941 step 392 MV bound 69 [(1, 0, 0, 0), (42, 0, 0, 30), (1, -4, 1, -1), (-1, -4, 1, -2)]
seed 971 step 241 MV bound 67 [(1, 0, 0, 0), (23, 0, 0, -32), (-6, -11, 7, 7), (2, 5, -2, 1)]
seed 940 step 625 MV bound 69 [(1, 0, 0, 0), (43, 0, 0, 42), (3, -3, -3, 4), (1, 1, -1, -8)]
seed 950 step 509 MV bound 69 [(1, 0, 0, 0), (11, 0, 0, -15), (4, 4, 1, -7), (-3, 4, 16, 3)]
seed 971 step 1257 MV bound 69 [(1, 0, 0, 0), (65, 0, 0, -66), (-5, -7, 5, 5), (0, 9, -8, 1)]
seed 970 step 1416 MV bound 69 [(1, 0, 0, 0), (56, 0, 0, -43), (-3, 0, 3, 3), (0, 9, -6, 1)]

best per run: [69, 68, 69, 69, 69, 69, 69, 68, 69, 69, 69, 69, 69, 69, 69, 69]
HIGHEST MV bound on the shared-plane locus: 69 at [(1, 0, 0, 0), (16, 0, 0, -4), (-1, 9, -6, 2), (8, 1, -7, 0)]; unevaluated 0; route not refuted
