1 classes of sizes [3]; cubes in >= 2 classes: 0        best 247  depths [70, 88, 64, 24, 1]
2 classes of sizes [2, 2]; cubes in >= 2 classes: 0     best 241  depths [78, 84, 56, 22, 1]
2 classes of sizes [2, 2]; cubes in >= 2 classes: 1     best 239  depths [72, 86, 58, 22, 1]
3 classes of sizes [2, 2, 2]; cubes in >= 2 classes: 2  best 191  depths [66, 60, 46, 18, 1]
3 classes of sizes [2, 2, 2]; cubes in >= 2 classes: 1  best 191  depths [62, 64, 46, 18, 1]
2 classes of sizes [2, 3]; cubes in >= 2 classes: 1     best 191  depths [50, 68, 52, 20, 1]
1 classes of sizes [4]; cubes in >= 2 classes: 0        best 165  depths [38, 52, 52, 22, 1]
3 classes of sizes [2, 2, 3]; cubes in >= 2 classes: 2  best 153  depths [52, 50, 34, 16, 1]
2 classes of sizes [3, 3]; cubes in >= 2 classes: 1     best 139  depths [32, 48, 40, 18, 1]
2 classes of sizes [2, 4]; cubes in >= 2 classes: 1     best 133  depths [34, 38, 42, 18, 1]
recount 1 classes of sizes [3]; cubes in >= 2 classes: 0 engine 247, sphere_count 247 [70, 88, 64, 24, 1]
recount 2 classes of sizes [2, 2]; cubes in >= 2 classes: 0 engine 241, sphere_count 241 [78, 84, 56, 22, 1]
recount 2 classes of sizes [2, 2]; cubes in >= 2 classes: 1 engine 239, sphere_count 239 [72, 86, 58, 22, 1]
recount 3 classes of sizes [2, 2, 2]; cubes in >= 2 classes: 2 engine 191, sphere_count 191 [66, 60, 46, 18, 1]
recount 3 classes of sizes [2, 2, 2]; cubes in >= 2 classes: 1 engine 191, sphere_count 191 [62, 64, 46, 18, 1]
recount 2 classes of sizes [2, 3]; cubes in >= 2 classes: 1 engine 191, sphere_count 191 [50, 68, 52, 20, 1]
recount 1 classes of sizes [4]; cubes in >= 2 classes: 0 engine 165, sphere_count 165 [38, 52, 52, 22, 1]
recount 3 classes of sizes [2, 2, 3]; cubes in >= 2 classes: 2 engine 153, sphere_count 153 [52, 50, 34, 16, 1]
recount 2 classes of sizes [3, 3]; cubes in >= 2 classes: 1 engine 139, sphere_count 139 [32, 48, 40, 18, 1]
recount 2 classes of sizes [2, 4]; cubes in >= 2 classes: 1 engine 133, sphere_count 133 [34, 38, 42, 18, 1]
